------------------------------------------------------------
Server listening on UDP port 5001 with pid 1011
Receiving 1470 byte datagrams
UDP buffer size:  208 KByte (default)
------------------------------------------------------------
[  3] local 10.0.0.4 port 5001 connected with 10.0.0.2 port 59270
[ ID] Interval       Transfer     Bandwidth        Jitter   Lost/Total  Latency avg/min/max/stdev PPS
[  3] 0.00-5.00 sec  2.15 MBytes  3.60 Mbits/sec   0.695 ms 1016/ 2547 (40%) 25.818/ 8.361/58.174/ 6.325 ms  306 pps
[  3] 0.00-5.00 sec  1 datagrams received out-of-order
[  3] 5.00-10.00 sec  2.14 MBytes  3.58 Mbits/sec   0.754 ms 1029/ 2553 (40%) 24.265/15.484/63.864/ 4.888 ms  305 pps
[  3] 10.00-15.00 sec  2.16 MBytes  3.63 Mbits/sec   0.687 ms 1007/ 2550 (39%) 23.725/16.350/40.132/ 2.173 ms  309 pps
[  3] 15.00-20.00 sec  2.09 MBytes  3.50 Mbits/sec   0.745 ms 1064/ 2554 (42%) 23.516/13.775/61.307/ 2.457 ms  298 pps
[  3] 15.00-20.00 sec  5 datagrams received out-of-order
[  3] 20.00-25.00 sec  2.13 MBytes  3.57 Mbits/sec   0.849 ms 1030/ 2547 (40%) 23.333/17.535/30.285/ 0.856 ms  304 pps
[  3] 25.00-30.00 sec  2.08 MBytes  3.49 Mbits/sec   0.525 ms 1071/ 2554 (42%) 23.554/15.319/41.505/ 1.565 ms  296 pps
[  3] 30.00-35.00 sec  2.11 MBytes  3.54 Mbits/sec   0.859 ms 1045/ 2549 (41%) 23.979/12.938/45.624/ 2.669 ms  301 pps
[  3] 30.00-35.00 sec  5 datagrams received out-of-order
[  3] 35.00-40.00 sec  2.08 MBytes  3.48 Mbits/sec   0.909 ms 1070/ 2551 (42%) 28.913/16.843/96.925/13.721 ms  296 pps
[  3] 40.00-45.00 sec  2.02 MBytes  3.39 Mbits/sec   1.322 ms 1107/ 2550 (43%) 25.694/16.097/83.892/ 9.312 ms  289 pps
[  3] 45.00-50.00 sec  3.25 MBytes  5.44 Mbits/sec   0.411 ms  248/ 2563 (9.7%)  5.122/ 0.457/36.805/ 8.377 ms  463 pps
[  3] 45.00-50.00 sec  1 datagrams received out-of-order
[  3] 50.00-55.00 sec  3.58 MBytes  6.00 Mbits/sec   0.318 ms    0/ 2551 (0%)  1.170/ 0.350/14.287/ 1.381 ms  510 pps
[  3] 55.00-60.00 sec  3.58 MBytes  6.00 Mbits/sec   0.290 ms    0/ 2551 (0%)  1.312/ 0.340/21.338/ 1.867 ms  510 pps
[  3] 60.00-65.00 sec  3.57 MBytes  5.99 Mbits/sec   0.589 ms    4/ 2551 (0.16%)  1.497/ 0.392/20.466/ 2.290 ms  509 pps
[  3] 60.00-65.00 sec  3 datagrams received out-of-order
[  3] 65.00-70.00 sec  3.58 MBytes  6.00 Mbits/sec   0.405 ms    0/ 2551 (0%)  1.074/ 0.429/11.946/ 1.110 ms  510 pps
[  3] 70.00-75.00 sec  3.57 MBytes  6.00 Mbits/sec   0.909 ms    0/ 2549 (0%)  4.841/ 0.451/64.036/ 8.728 ms  510 pps
[  3] 75.00-80.00 sec  3.07 MBytes  5.15 Mbits/sec   1.037 ms  351/ 2541 (14%) 75.202/ 0.448/467.368/127.975 ms  438 pps
[  3] 80.00-85.00 sec  3.08 MBytes  5.17 Mbits/sec   0.858 ms  352/ 2552 (14%) 25.174/13.312/77.341/ 7.885 ms  440 pps
[  3] 85.00-90.00 sec  3.10 MBytes  5.20 Mbits/sec   0.643 ms  340/ 2552 (13%) 29.117/17.200/97.646/13.874 ms  442 pps
[  3] 90.00-95.00 sec  3.09 MBytes  5.18 Mbits/sec   0.905 ms  347/ 2550 (14%) 27.432/13.990/71.753/10.538 ms  441 pps
[  3] 95.00-100.00 sec  3.04 MBytes  5.11 Mbits/sec   0.751 ms  380/ 2551 (15%) 24.495/14.482/55.362/ 5.092 ms  434 pps
[  3] 100.00-105.00 sec  3.04 MBytes  5.10 Mbits/sec   1.074 ms  384/ 2551 (15%) 33.940/15.306/125.574/22.037 ms  433 pps
[  3] 105.00-110.00 sec  3.08 MBytes  5.16 Mbits/sec   0.915 ms  355/ 2551 (14%) 30.872/12.843/93.295/16.483 ms  439 pps
[  3] 105.00-110.00 sec  3 datagrams received out-of-order
[  3] 110.00-115.00 sec  3.06 MBytes  5.14 Mbits/sec   0.563 ms  367/ 2552 (14%) 24.110/14.743/64.665/ 6.267 ms  437 pps
[  3] 115.00-120.00 sec  3.05 MBytes  5.11 Mbits/sec   0.954 ms  376/ 2550 (15%) 24.673/12.396/66.829/ 6.453 ms  435 pps
[  3] 120.00-125.00 sec  3.03 MBytes  5.09 Mbits/sec   2.572 ms  356/ 2518 (14%) 29.336/15.068/87.390/12.699 ms  432 pps
[  3] 125.00-130.00 sec  3.15 MBytes  5.29 Mbits/sec   0.853 ms  335/ 2584 (13%) 35.829/12.646/129.440/25.538 ms  450 pps
[  3] 130.00-135.00 sec  3.10 MBytes  5.19 Mbits/sec   1.206 ms  342/ 2550 (13%) 35.394/17.461/127.148/24.144 ms  442 pps
[  3] 135.00-140.00 sec  3.07 MBytes  5.15 Mbits/sec   0.999 ms  363/ 2553 (14%) 24.443/12.652/60.462/ 6.046 ms  438 pps
[  3] 140.00-145.00 sec  3.06 MBytes  5.14 Mbits/sec   0.996 ms  364/ 2548 (14%) 24.832/13.543/74.872/ 7.586 ms  437 pps
[  3] 145.00-150.00 sec  3.03 MBytes  5.09 Mbits/sec   1.031 ms  391/ 2553 (15%) 24.867/14.018/59.325/ 6.204 ms  432 pps
[  3] 150.00-155.00 sec  3.03 MBytes  5.08 Mbits/sec   0.765 ms  391/ 2551 (15%) 40.042/12.484/255.104/47.617 ms  432 pps
[  3] 150.00-155.00 sec  1 datagrams received out-of-order
[  3] 155.00-160.00 sec  3.05 MBytes  5.12 Mbits/sec   1.316 ms  365/ 2540 (14%) 24.739/14.109/64.736/ 6.497 ms  435 pps
[  3] 160.00-165.00 sec  3.12 MBytes  5.24 Mbits/sec   0.956 ms  334/ 2562 (13%) 41.394/16.312/123.184/29.375 ms  446 pps
[  3] 165.00-170.00 sec  3.03 MBytes  5.08 Mbits/sec   1.444 ms  364/ 2524 (14%) 32.223/ 2.623/119.982/19.157 ms  432 pps
[  3] 170.00-175.00 sec  3.10 MBytes  5.20 Mbits/sec   0.908 ms  366/ 2577 (14%) 32.121/15.467/79.518/13.172 ms  442 pps
[  3] 175.00-180.00 sec  3.04 MBytes  5.10 Mbits/sec   1.024 ms  382/ 2551 (15%) 28.476/14.185/80.675/12.627 ms  434 pps
[  3] 180.00-185.00 sec  3.02 MBytes  5.06 Mbits/sec   0.840 ms  401/ 2552 (16%) 24.733/16.875/79.354/ 5.991 ms  430 pps
[  3] 180.00-185.00 sec  5 datagrams received out-of-order
[  3] 185.00-190.00 sec  3.04 MBytes  5.10 Mbits/sec   1.280 ms  374/ 2544 (15%) 59.237/14.844/191.760/40.530 ms  434 pps
[  3] 190.00-195.00 sec  3.00 MBytes  5.04 Mbits/sec   2.857 ms  362/ 2504 (14%) 29.341/16.673/137.028/14.794 ms  428 pps
[  3] 195.00-200.00 sec  3.05 MBytes  5.11 Mbits/sec   1.059 ms  432/ 2606 (17%) 42.051/11.805/245.878/51.246 ms  435 pps
[  3] 195.00-200.00 sec  3 datagrams received out-of-order
[  3] 200.00-205.00 sec  3.07 MBytes  5.15 Mbits/sec   0.879 ms  360/ 2551 (14%) 26.297/14.642/66.588/ 9.079 ms  438 pps
[  3] 205.00-210.00 sec  3.02 MBytes  5.07 Mbits/sec   0.847 ms  395/ 2550 (15%) 44.068/17.212/242.955/50.045 ms  431 pps
[  3] 210.00-215.00 sec  3.07 MBytes  5.14 Mbits/sec   1.342 ms  362/ 2549 (14%) 27.825/15.631/108.735/13.948 ms  437 pps
[  3] 215.00-220.00 sec  3.05 MBytes  5.11 Mbits/sec   1.326 ms  379/ 2552 (15%) 33.058/ 8.080/118.033/21.376 ms  434 pps
[  3] 220.00-225.00 sec  3.09 MBytes  5.19 Mbits/sec   0.691 ms  358/ 2564 (14%) 23.958/ 0.508/75.399/ 6.681 ms  442 pps
[  3] 225.00-230.00 sec  3.58 MBytes  6.00 Mbits/sec   0.623 ms    2/ 2551 (0.078%)  1.666/ 0.352/28.677/ 2.805 ms  510 pps
[  3] 225.00-230.00 sec  2 datagrams received out-of-order
[  3] 230.00-235.00 sec  3.58 MBytes  6.00 Mbits/sec   0.331 ms    0/ 2551 (0%)  1.615/ 0.389/31.266/ 2.599 ms  510 pps
[  3] 235.00-240.00 sec  3.58 MBytes  6.00 Mbits/sec   0.365 ms    0/ 2551 (0%)  1.298/ 0.419/22.579/ 1.832 ms  510 pps
[  3] 240.00-245.00 sec  3.57 MBytes  6.00 Mbits/sec   0.319 ms    2/ 2550 (0.078%)  1.611/ 0.374/19.642/ 2.278 ms  510 pps
[  3] 240.00-245.00 sec  2 datagrams received out-of-order
[  3] 245.00-250.00 sec  3.58 MBytes  6.00 Mbits/sec   0.279 ms    0/ 2552 (0%)  1.240/ 0.404/23.709/ 1.957 ms  510 pps
[  3] 250.00-255.00 sec  3.57 MBytes  6.00 Mbits/sec   0.364 ms    0/ 2550 (0%)  0.876/ 0.441/13.759/ 0.919 ms  510 pps
[  3] 255.00-260.00 sec  3.58 MBytes  6.00 Mbits/sec   0.083 ms    3/ 2552 (0.12%)  1.064/ 0.449/12.353/ 1.294 ms  510 pps
[  3] 255.00-260.00 sec  3 datagrams received out-of-order
[  3] 260.00-265.00 sec  3.58 MBytes  6.00 Mbits/sec   0.360 ms    0/ 2551 (0%)  0.865/ 0.433/12.456/ 0.777 ms  510 pps
[  3] 265.00-270.00 sec  3.58 MBytes  6.00 Mbits/sec   0.119 ms    0/ 2551 (0%)  1.426/ 0.257/35.268/ 3.143 ms  510 pps
[  3] 270.00-275.00 sec  3.58 MBytes  6.00 Mbits/sec   0.287 ms    0/ 2551 (0%)  1.155/ 0.446/14.470/ 1.622 ms  510 pps
[  3] 275.00-280.00 sec  3.58 MBytes  6.00 Mbits/sec   0.253 ms    0/ 2551 (0%)  1.404/ 0.374/19.002/ 2.208 ms  510 pps
[  3] 280.00-285.00 sec  3.58 MBytes  6.00 Mbits/sec   0.726 ms    0/ 2551 (0%)  1.140/ 0.400/12.421/ 1.391 ms  510 pps
[  3] 285.00-290.00 sec  3.57 MBytes  6.00 Mbits/sec   0.217 ms    0/ 2550 (0%)  1.447/ 0.440/21.941/ 2.442 ms  510 pps
[  3] 290.00-295.00 sec  3.58 MBytes  6.00 Mbits/sec   0.248 ms    0/ 2552 (0%)  1.302/ 0.429/17.993/ 1.880 ms  510 pps
[  3] 0.00-299.99 sec   186 MBytes  5.19 Mbits/sec   0.424 ms 20719/153063 (14%) 19.325/ 0.257/467.368/28.195 ms  441 pps
[  3] 0.00-299.99 sec  34 datagrams received out-of-order
