------------------------------------------------------------
Server listening on UDP port 5001 with pid 1023
Receiving 1470 byte datagrams
UDP buffer size:  208 KByte (default)
------------------------------------------------------------
[  3] local 10.0.0.6 port 5001 connected with 10.0.0.5 port 44280
[ ID] Interval       Transfer     Bandwidth        Jitter   Lost/Total  Latency avg/min/max/stdev PPS
[  3] 0.00-5.00 sec  3.59 MBytes  6.03 Mbits/sec   0.297 ms    9/ 2562 (0.35%)  1.949/ 0.046/54.138/ 5.105 ms  512 pps
[  3] 0.00-5.00 sec  9 datagrams received out-of-order
[  3] 5.00-10.00 sec  3.58 MBytes  6.00 Mbits/sec   0.444 ms    0/ 2551 (0%)  0.639/ 0.048/14.232/ 1.343 ms  510 pps
[  3] 10.00-15.00 sec  2.93 MBytes  4.91 Mbits/sec   0.627 ms  452/ 2540 (18%) 17.839/ 0.048/60.313/12.374 ms  418 pps
[  3] 15.00-20.00 sec  2.73 MBytes  4.58 Mbits/sec   0.729 ms  605/ 2551 (24%) 23.347/14.585/43.157/ 1.785 ms  389 pps
[  3] 15.00-20.00 sec  3 datagrams received out-of-order
[  3] 20.00-25.00 sec  2.71 MBytes  4.54 Mbits/sec   0.615 ms  623/ 2553 (24%) 23.928/15.379/55.049/ 3.779 ms  386 pps
[  3] 25.00-30.00 sec  3.16 MBytes  5.30 Mbits/sec   0.866 ms  294/ 2549 (12%) 24.765/10.738/89.692/ 9.047 ms  452 pps
[  3] 30.00-35.00 sec  3.52 MBytes  5.90 Mbits/sec   0.750 ms   40/ 2550 (1.6%) 22.694/13.500/36.201/ 1.712 ms  502 pps
[  3] 30.00-35.00 sec  6 datagrams received out-of-order
[  3] 35.00-40.00 sec  3.48 MBytes  5.84 Mbits/sec   1.283 ms   53/ 2538 (2.1%) 40.625/19.498/131.902/26.305 ms  497 pps
[  3] 40.00-45.00 sec  3.22 MBytes  5.40 Mbits/sec   0.899 ms  277/ 2573 (11%) 80.802/ 2.610/448.308/115.569 ms  459 pps
[  3] 45.00-50.00 sec  3.57 MBytes  5.99 Mbits/sec   0.636 ms    8/ 2553 (0.31%) 14.730/ 0.048/71.104/10.424 ms  509 pps
[  3] 45.00-50.00 sec  5 datagrams received out-of-order
[  3] 50.00-55.00 sec  3.56 MBytes  5.97 Mbits/sec   0.888 ms   10/ 2547 (0.39%) 16.217/ 0.097/59.395/ 9.887 ms  507 pps
[  3] 55.00-60.00 sec  3.58 MBytes  6.00 Mbits/sec   0.623 ms    0/ 2552 (0%) 11.049/ 0.061/54.057/ 8.900 ms  511 pps
[  3] 60.00-65.00 sec  3.57 MBytes  5.98 Mbits/sec   0.694 ms    5/ 2548 (0.2%)  8.749/ 0.031/46.204/ 8.218 ms  508 pps
[  3] 60.00-65.00 sec  4 datagrams received out-of-order
[  3] 65.00-70.00 sec  3.58 MBytes  6.01 Mbits/sec   1.075 ms    1/ 2555 (0.039%) 14.737/ 0.051/76.357/14.838 ms  511 pps
[  3] 70.00-75.00 sec  3.57 MBytes  5.98 Mbits/sec   1.105 ms    7/ 2551 (0.27%) 12.957/ 0.053/72.365/16.454 ms  509 pps
[  3] 75.00-80.00 sec  3.57 MBytes  6.00 Mbits/sec   0.708 ms    0/ 2549 (0%)  7.372/ 0.051/42.489/ 6.953 ms  510 pps
[  3] 80.00-85.00 sec  3.57 MBytes  6.00 Mbits/sec   0.816 ms    6/ 2556 (0.23%)  8.517/ 0.053/60.404/ 8.949 ms  510 pps
[  3] 85.00-90.00 sec  3.51 MBytes  5.89 Mbits/sec   2.733 ms    4/ 2507 (0.16%) 14.485/ 0.058/87.647/16.864 ms  501 pps
[  3] 90.00-95.00 sec  3.62 MBytes  6.07 Mbits/sec   0.813 ms    8/ 2587 (0.31%) 23.071/ 0.075/92.153/18.956 ms  516 pps
[  3] 95.00-100.00 sec  3.57 MBytes  5.99 Mbits/sec   0.916 ms    7/ 2554 (0.27%) 18.332/ 0.054/82.771/15.750 ms  509 pps
[  3] 100.00-105.00 sec  3.58 MBytes  6.01 Mbits/sec   0.824 ms    0/ 2555 (0%) 10.417/ 0.052/37.507/ 7.095 ms  511 pps
[  3] 105.00-110.00 sec  3.57 MBytes  5.99 Mbits/sec   0.689 ms    3/ 2551 (0.12%)  9.044/ 0.050/78.960/11.729 ms  510 pps
[  3] 105.00-110.00 sec  6 datagrams received out-of-order
[  3] 110.00-115.00 sec  3.57 MBytes  5.99 Mbits/sec   1.113 ms    1/ 2549 (0.039%)  6.247/ 0.054/38.765/ 8.163 ms  510 pps
[  3] 115.00-120.00 sec  3.49 MBytes  5.86 Mbits/sec   0.841 ms   53/ 2543 (2.1%) 18.696/ 0.055/219.136/38.467 ms  498 pps
[  3] 120.00-125.00 sec  3.56 MBytes  5.97 Mbits/sec   1.362 ms    8/ 2548 (0.31%) 11.696/ 0.054/37.830/ 8.323 ms  508 pps
[  3] 125.00-130.00 sec  3.57 MBytes  6.00 Mbits/sec   1.226 ms   12/ 2561 (0.47%) 21.216/ 0.000/80.082/16.924 ms  510 pps
[  3] 130.00-135.00 sec  3.56 MBytes  5.97 Mbits/sec   0.909 ms    2/ 2541 (0.079%) 12.804/ 0.055/71.441/12.670 ms  508 pps
[  3] 135.00-140.00 sec  3.58 MBytes  6.01 Mbits/sec   1.170 ms    5/ 2562 (0.2%) 15.774/ 0.046/65.322/12.178 ms  511 pps
[  3] 135.00-140.00 sec  4 datagrams received out-of-order
[  3] 140.00-145.00 sec  3.57 MBytes  5.99 Mbits/sec   1.079 ms    0/ 2548 (0%)  9.420/ 0.053/47.481/10.677 ms  510 pps
[  3] 145.00-150.00 sec  3.58 MBytes  6.01 Mbits/sec   0.673 ms    1/ 2557 (0.039%)  7.196/ 0.057/35.674/ 6.055 ms  511 pps
[  3] 145.00-150.00 sec  1 datagrams received out-of-order
[  3] 150.00-155.00 sec  3.54 MBytes  5.94 Mbits/sec   1.493 ms    6/ 2530 (0.24%) 40.809/ 0.061/126.077/36.449 ms  505 pps
[  3] 150.00-155.00 sec  5 datagrams received out-of-order
[  3] 155.00-160.00 sec  3.51 MBytes  5.88 Mbits/sec   4.010 ms    5/ 2507 (0.2%) 16.418/ 0.057/136.020/12.874 ms  500 pps
[  3] 160.00-165.00 sec  3.63 MBytes  6.09 Mbits/sec   0.797 ms   23/ 2612 (0.88%) 24.249/ 0.065/197.295/40.445 ms  519 pps
[  3] 165.00-170.00 sec  3.56 MBytes  5.98 Mbits/sec   0.878 ms    2/ 2544 (0.079%)  8.211/ 0.054/59.962/11.600 ms  508 pps
[  3] 165.00-170.00 sec  2 datagrams received out-of-order
[  3] 170.00-175.00 sec  3.55 MBytes  5.95 Mbits/sec   0.914 ms   25/ 2555 (0.98%) 25.998/ 0.053/198.528/42.713 ms  506 pps
[  3] 175.00-180.00 sec  3.54 MBytes  5.93 Mbits/sec   1.189 ms   26/ 2549 (1%) 19.042/ 0.063/92.476/12.884 ms  505 pps
[  3] 180.00-185.00 sec  3.56 MBytes  5.98 Mbits/sec   1.131 ms   12/ 2554 (0.47%) 19.359/ 0.062/98.641/18.519 ms  508 pps
[  3] 180.00-185.00 sec  9 datagrams received out-of-order
[  3] 185.00-190.00 sec  3.57 MBytes  5.99 Mbits/sec   0.356 ms    9/ 2557 (0.35%)  8.902/ 0.000/56.962/ 9.543 ms  510 pps
[  3] 190.00-195.00 sec  3.58 MBytes  6.00 Mbits/sec   0.341 ms    0/ 2551 (0%)  1.142/ 0.034/31.732/ 2.994 ms  510 pps
[  3] 195.00-200.00 sec  3.57 MBytes  6.00 Mbits/sec   0.807 ms    2/ 2550 (0.078%)  1.033/-0.001/28.547/ 2.418 ms  510 pps
[  3] 195.00-200.00 sec  2 datagrams received out-of-order
[  3] 200.00-205.00 sec  3.58 MBytes  6.00 Mbits/sec   0.570 ms    0/ 2553 (0%)  0.712/ 0.054/21.378/ 1.456 ms  510 pps
[  3] 205.00-210.00 sec  3.58 MBytes  6.00 Mbits/sec   0.165 ms    0/ 2551 (0%)  0.940/ 0.049/16.872/ 1.909 ms  510 pps
[  3] 210.00-215.00 sec  3.58 MBytes  6.00 Mbits/sec   0.326 ms    0/ 2551 (0%)  0.722/ 0.057/22.382/ 1.738 ms  510 pps
[  3] 215.00-220.00 sec  3.58 MBytes  6.00 Mbits/sec   0.258 ms    0/ 2551 (0%)  0.433/ 0.055/11.360/ 0.782 ms  510 pps
[  3] 220.00-225.00 sec  3.57 MBytes  6.00 Mbits/sec   0.196 ms    0/ 2550 (0%)  0.557/ 0.052/10.713/ 1.006 ms  510 pps
[  3] 225.00-230.00 sec  3.58 MBytes  6.00 Mbits/sec   0.287 ms    0/ 2552 (0%)  0.446/ 0.022/10.690/ 0.707 ms  510 pps
[  3] 230.00-235.00 sec  3.58 MBytes  6.00 Mbits/sec   0.294 ms    0/ 2551 (0%)  0.908/ 0.007/34.063/ 2.929 ms  510 pps
[  3] 235.00-240.00 sec  3.58 MBytes  6.00 Mbits/sec   0.382 ms    0/ 2551 (0%)  0.682/ 0.052/17.964/ 1.515 ms  510 pps
[  3] 240.00-245.00 sec  3.57 MBytes  6.00 Mbits/sec   0.338 ms    1/ 2550 (0.039%)  0.927/ 0.051/18.226/ 1.935 ms  510 pps
[  3] 240.00-245.00 sec  1 datagrams received out-of-order
[  3] 245.00-250.00 sec  3.57 MBytes  5.99 Mbits/sec   0.616 ms    6/ 2552 (0.24%)  0.677/ 0.055/11.389/ 1.287 ms  509 pps
[  3] 250.00-255.00 sec  3.56 MBytes  5.97 Mbits/sec   0.367 ms   11/ 2551 (0.43%)  0.846/ 0.024/19.757/ 2.042 ms  508 pps
[  3] 255.00-260.00 sec  3.56 MBytes  5.97 Mbits/sec   0.625 ms   11/ 2551 (0.43%)  0.767/ 0.051/15.181/ 1.611 ms  508 pps
[  3] 260.00-265.00 sec  3.56 MBytes  5.97 Mbits/sec   0.603 ms   11/ 2551 (0.43%)  0.535/ 0.000/14.883/ 1.184 ms  508 pps
[  3] 265.00-270.00 sec  3.56 MBytes  5.97 Mbits/sec   0.237 ms   11/ 2550 (0.43%)  0.614/ 0.000/19.592/ 1.512 ms  508 pps
[  3] 270.00-275.00 sec  3.57 MBytes  5.98 Mbits/sec   0.320 ms    9/ 2552 (0.35%)  0.539/-0.001/15.530/ 1.124 ms  508 pps
[  3] 270.00-275.00 sec  2 datagrams received out-of-order
[  3] 275.00-280.00 sec  3.56 MBytes  5.98 Mbits/sec   0.205 ms   10/ 2551 (0.39%)  0.614/ 0.000/20.137/ 1.425 ms  508 pps
[  3] 280.00-285.00 sec  3.56 MBytes  5.97 Mbits/sec   0.276 ms   11/ 2551 (0.43%)  0.507/ 0.059/11.258/ 0.925 ms  508 pps
[  3] 285.00-290.00 sec  3.56 MBytes  5.97 Mbits/sec   0.855 ms   11/ 2550 (0.43%)  0.501/ 0.053/ 9.312/ 0.828 ms  508 pps
[  3] 290.00-295.00 sec  3.56 MBytes  5.98 Mbits/sec   0.394 ms   11/ 2552 (0.43%)  0.456/-0.001/ 7.919/ 0.636 ms  508 pps
[  3] 0.00-299.98 sec   211 MBytes  5.89 Mbits/sec   0.210 ms 2705/153063 (1.8%) 11.172/-0.001/448.308/23.791 ms  501 pps
[  3] 0.00-299.98 sec  59 datagrams received out-of-order
