------------------------------------------------------------
Server listening on UDP port 5001 with pid 993
Receiving 1470 byte datagrams
UDP buffer size:  208 KByte (default)
------------------------------------------------------------
[  3] local 10.0.0.10 port 5001 connected with 10.0.0.9 port 56878
[ ID] Interval       Transfer     Bandwidth        Jitter   Lost/Total  Latency avg/min/max/stdev PPS
[  3] 0.00-5.00 sec  5.35 MBytes  8.98 Mbits/sec   0.131 ms   21/ 3838 (0.55%)  4.701/ 0.033/77.835/12.448 ms  763 pps
[  3] 0.00-5.00 sec  7 datagrams received out-of-order
[  3] 5.00-10.00 sec  5.37 MBytes  9.00 Mbits/sec   0.206 ms    0/ 3827 (0%)  1.530/ 0.035/37.616/ 4.328 ms  765 pps
[  3] 10.00-15.00 sec  5.36 MBytes  9.00 Mbits/sec   0.115 ms    0/ 3826 (0%)  0.649/ 0.035/13.080/ 1.282 ms  765 pps
[  3] 15.00-20.00 sec  5.37 MBytes  9.00 Mbits/sec   0.326 ms    1/ 3827 (0.026%)  0.881/ 0.037/27.198/ 2.409 ms  765 pps
[  3] 15.00-20.00 sec  1 datagrams received out-of-order
[  3] 20.00-25.00 sec  5.36 MBytes  9.00 Mbits/sec   0.292 ms    0/ 3826 (0%)  1.179/ 0.038/33.000/ 3.586 ms  765 pps
[  3] 25.00-30.00 sec  5.37 MBytes  9.00 Mbits/sec   0.223 ms    0/ 3827 (0%)  0.593/ 0.034/18.583/ 1.424 ms  765 pps
[  3] 30.00-35.00 sec  5.36 MBytes  9.00 Mbits/sec   0.687 ms    0/ 3826 (0%)  0.440/ 0.035/12.235/ 0.820 ms  765 pps
[  3] 35.00-40.00 sec  5.37 MBytes  9.00 Mbits/sec   0.406 ms    0/ 3827 (0%)  0.535/ 0.033/15.139/ 1.150 ms  765 pps
[  3] 40.00-45.00 sec  5.37 MBytes  9.00 Mbits/sec   0.262 ms    0/ 3827 (0%)  0.508/ 0.000/12.995/ 0.988 ms  765 pps
[  3] 45.00-50.00 sec  5.36 MBytes  9.00 Mbits/sec   0.103 ms    1/ 3826 (0.026%)  0.474/ 0.026/17.561/ 1.153 ms  765 pps
[  3] 45.00-50.00 sec  1 datagrams received out-of-order
[  3] 50.00-55.00 sec  5.36 MBytes  9.00 Mbits/sec   0.177 ms    0/ 3826 (0%)  0.810/ 0.000/27.193/ 2.280 ms  765 pps
[  3] 55.00-60.00 sec  5.36 MBytes  9.00 Mbits/sec   0.192 ms    0/ 3826 (0%)  0.621/ 0.034/21.586/ 1.871 ms  765 pps
[  3] 60.00-65.00 sec  5.37 MBytes  9.00 Mbits/sec   0.215 ms    0/ 3828 (0%)  0.621/ 0.034/19.398/ 1.641 ms  765 pps
[  3] 65.00-70.00 sec  5.36 MBytes  9.00 Mbits/sec   0.156 ms    0/ 3826 (0%)  0.754/ 0.033/25.801/ 2.199 ms  765 pps
[  3] 70.00-75.00 sec  5.37 MBytes  9.00 Mbits/sec   0.120 ms    0/ 3827 (0%)  0.448/ 0.035/10.723/ 0.860 ms  765 pps
[  3] 75.00-80.00 sec  5.36 MBytes  9.00 Mbits/sec   0.623 ms    1/ 3826 (0.026%)  3.248/ 0.000/31.925/ 5.693 ms  765 pps
[  3] 75.00-80.00 sec  1 datagrams received out-of-order
[  3] 80.00-85.00 sec  5.36 MBytes  9.00 Mbits/sec   0.272 ms    2/ 3827 (0.052%)  1.762/ 0.032/41.212/ 5.006 ms  765 pps
[  3] 85.00-90.00 sec  5.36 MBytes  9.00 Mbits/sec   0.149 ms    0/ 3826 (0%)  0.738/ 0.008/16.083/ 1.836 ms  765 pps
[  3] 90.00-95.00 sec  5.36 MBytes  9.00 Mbits/sec   0.515 ms    1/ 3825 (0.026%)  0.472/ 0.034/18.436/ 0.904 ms  765 pps
[  3] 90.00-95.00 sec  1 datagrams received out-of-order
[  3] 95.00-100.00 sec  5.37 MBytes  9.00 Mbits/sec   0.310 ms    0/ 3828 (0%)  0.440/ 0.033/ 6.753/ 0.585 ms  766 pps
[  3] 100.00-105.00 sec  5.37 MBytes  9.00 Mbits/sec   0.270 ms    0/ 3827 (0%)  0.661/ 0.034/19.635/ 1.584 ms  765 pps
[  3] 105.00-110.00 sec  5.36 MBytes  9.00 Mbits/sec   0.801 ms    1/ 3826 (0.026%)  0.885/ 0.034/19.951/ 2.078 ms  765 pps
[  3] 105.00-110.00 sec  1 datagrams received out-of-order
[  3] 110.00-115.00 sec  5.34 MBytes  8.96 Mbits/sec   0.544 ms   19/ 3827 (0.5%)  5.766/ 0.034/58.240/10.811 ms  761 pps
[  3] 115.00-120.00 sec  5.36 MBytes  8.98 Mbits/sec   0.712 ms    7/ 3827 (0.18%)  2.808/ 0.033/50.435/ 7.766 ms  764 pps
[  3] 115.00-120.00 sec  4 datagrams received out-of-order
[  3] 120.00-125.00 sec  5.36 MBytes  9.00 Mbits/sec   0.355 ms    6/ 3826 (0.16%)  2.382/ 0.033/70.390/ 5.545 ms  765 pps
[  3] 120.00-125.00 sec  6 datagrams received out-of-order
[  3] 125.00-130.00 sec  5.36 MBytes  9.00 Mbits/sec   0.392 ms    0/ 3826 (0%)  0.656/ 0.010/15.154/ 1.519 ms  765 pps
[  3] 130.00-135.00 sec  5.37 MBytes  9.00 Mbits/sec   0.213 ms    0/ 3827 (0%)  1.331/ 0.000/29.626/ 3.355 ms  765 pps
[  3] 135.00-140.00 sec  5.32 MBytes  8.92 Mbits/sec   0.308 ms   32/ 3826 (0.84%)  7.746/ 0.031/377.783/25.333 ms  759 pps
[  3] 135.00-140.00 sec  29 datagrams received out-of-order
[  3] 140.00-145.00 sec  5.37 MBytes  9.00 Mbits/sec   0.407 ms    0/ 3827 (0%)  0.616/ 0.030/15.443/ 1.382 ms  765 pps
[  3] 145.00-150.00 sec  5.27 MBytes  8.84 Mbits/sec   0.524 ms   69/ 3826 (1.8%) 22.911/ 0.032/113.535/26.984 ms  751 pps
[  3] 150.00-155.00 sec  4.68 MBytes  7.84 Mbits/sec   0.365 ms  492/ 3827 (13%) 73.086/-0.001/708.575/115.284 ms  667 pps
[  3] 150.00-155.00 sec  32 datagrams received out-of-order
[  3] 155.00-160.00 sec  5.35 MBytes  8.98 Mbits/sec   0.287 ms    9/ 3826 (0.24%)  4.122/-0.001/53.598/ 8.256 ms  763 pps
[  3] 160.00-165.00 sec  5.35 MBytes  8.97 Mbits/sec   0.363 ms   12/ 3827 (0.31%)  7.858/ 0.033/66.693/12.288 ms  763 pps
[  3] 165.00-170.00 sec  5.37 MBytes  9.00 Mbits/sec   0.366 ms    4/ 3827 (0.1%)  5.487/ 0.031/43.508/ 8.984 ms  765 pps
[  3] 165.00-170.00 sec  4 datagrams received out-of-order
[  3] 170.00-175.00 sec  5.36 MBytes  9.00 Mbits/sec   0.340 ms    0/ 3826 (0%)  2.415/ 0.034/31.030/ 4.743 ms  765 pps
[  3] 175.00-180.00 sec  5.34 MBytes  8.95 Mbits/sec   0.713 ms   18/ 3825 (0.47%)  9.468/ 0.033/80.348/16.639 ms  761 pps
[  3] 180.00-185.00 sec  5.36 MBytes  8.99 Mbits/sec   0.419 ms    5/ 3828 (0.13%)  8.853/ 0.033/58.022/13.193 ms  765 pps
[  3] 180.00-185.00 sec  1 datagrams received out-of-order
[  3] 185.00-190.00 sec  5.37 MBytes  9.00 Mbits/sec   0.209 ms    0/ 3827 (0%)  3.393/ 0.031/46.652/ 7.970 ms  765 pps
[  3] 190.00-195.00 sec  5.36 MBytes  9.00 Mbits/sec   0.399 ms    0/ 3826 (0%)  3.831/ 0.031/49.014/ 7.901 ms  765 pps
[  3] 195.00-200.00 sec  5.33 MBytes  8.95 Mbits/sec   0.917 ms    2/ 3807 (0.053%)  7.351/-0.001/50.605/11.283 ms  761 pps
[  3] 200.00-205.00 sec  5.35 MBytes  8.98 Mbits/sec   0.429 ms   25/ 3844 (0.65%) 12.560/ 0.018/89.010/20.623 ms  764 pps
[  3] 205.00-210.00 sec  5.32 MBytes  8.93 Mbits/sec   0.803 ms   31/ 3827 (0.81%) 14.725/ 0.033/92.313/23.262 ms  759 pps
[  3] 210.00-215.00 sec  5.37 MBytes  9.00 Mbits/sec   0.889 ms    0/ 3827 (0%)  2.680/-0.001/37.349/ 5.790 ms  765 pps
[  3] 215.00-220.00 sec  5.35 MBytes  8.97 Mbits/sec   0.706 ms   10/ 3825 (0.26%)  3.390/ 0.033/57.899/ 8.674 ms  764 pps
[  3] 220.00-225.00 sec  5.37 MBytes  9.01 Mbits/sec   0.527 ms    0/ 3830 (0%)  2.916/ 0.031/33.896/ 5.607 ms  766 pps
[  3] 225.00-230.00 sec  5.08 MBytes  8.52 Mbits/sec   0.152 ms  174/ 3797 (4.6%) 25.658/ 0.033/517.899/75.231 ms  725 pps
[  3] 225.00-230.00 sec  70 datagrams received out-of-order
[  3] 230.00-235.00 sec  5.37 MBytes  9.02 Mbits/sec   0.901 ms    2/ 3835 (0.052%)  4.903/ 0.032/45.891/ 9.208 ms  767 pps
[  3] 230.00-235.00 sec  2 datagrams received out-of-order
[  3] 235.00-240.00 sec  5.38 MBytes  9.03 Mbits/sec   0.626 ms    3/ 3844 (0.078%) 15.372/ 0.033/69.559/19.978 ms  768 pps
[  3] 240.00-245.00 sec  5.29 MBytes  8.88 Mbits/sec   0.955 ms   27/ 3804 (0.71%)  9.414/ 0.033/83.228/16.067 ms  755 pps
[  3] 245.00-250.00 sec  5.36 MBytes  9.00 Mbits/sec   0.878 ms   11/ 3836 (0.29%) 12.563/ 0.033/55.069/12.862 ms  765 pps
[  3] 250.00-255.00 sec  5.39 MBytes  9.04 Mbits/sec   0.365 ms    1/ 3843 (0.026%)  6.752/ 0.033/44.370/10.911 ms  768 pps
[  3] 255.00-260.00 sec  5.36 MBytes  9.00 Mbits/sec   0.350 ms    0/ 3826 (0%)  2.122/ 0.033/30.090/ 4.101 ms  765 pps
[  3] 260.00-265.00 sec  5.29 MBytes  8.88 Mbits/sec   1.030 ms   43/ 3817 (1.1%) 35.227/ 0.036/148.376/37.911 ms  755 pps
[  3] 260.00-265.00 sec  7 datagrams received out-of-order
[  3] 265.00-270.00 sec  5.33 MBytes  8.94 Mbits/sec   1.234 ms    0/ 3800 (0%)  6.066/ 0.000/50.783/10.112 ms  760 pps
[  3] 270.00-275.00 sec  5.29 MBytes  8.87 Mbits/sec   0.811 ms   83/ 3853 (2.2%) 18.149/-0.001/191.291/39.181 ms  754 pps
[  3] 275.00-280.00 sec  5.38 MBytes  9.02 Mbits/sec   0.304 ms    4/ 3836 (0.1%)  4.200/ 0.032/63.544/ 8.170 ms  768 pps
[  3] 275.00-280.00 sec  4 datagrams received out-of-order
[  3] 280.00-285.00 sec  5.18 MBytes  8.70 Mbits/sec   0.341 ms  129/ 3827 (3.4%) 20.876/ 0.032/172.283/42.580 ms  739 pps
[  3] 285.00-290.00 sec  5.30 MBytes  8.89 Mbits/sec   1.253 ms   28/ 3809 (0.74%)  6.674/ 0.031/92.174/15.338 ms  756 pps
[  3] 290.00-295.00 sec  5.32 MBytes  8.93 Mbits/sec   0.311 ms   46/ 3842 (1.2%) 11.374/ 0.032/87.348/18.998 ms  759 pps
[  3] 290.00-295.00 sec  1 datagrams received out-of-order
[  3] 0.00-300.00 sec   320 MBytes  8.95 Mbits/sec   0.785 ms 1308/229593 (0.57%)  6.671/-0.001/708.575/23.965 ms  760 pps
[  3] 0.00-300.00 sec  172 datagrams received out-of-order
