Bandwidth      Lost      Total Datagrams       avglatntence       maxlatntence
6.03           9              2562                1.949    
6.00           0              2551                0.639    
4.91           452            2540                17.839   
4.58           605            2551                23.347              43.157   
4.54           623            2553                23.928              55.049   
5.30           294            2549                24.765              89.692   
5.90           40             2550                22.694              36.201   
5.84           53             2538                40.625              131.902  
5.40           277            2573                80.802   
5.99           8              2553                14.730   
5.97           10             2547                16.217   
6.00           0              2552                11.049   
5.98           5              2548                8.749    
6.01           1              2555                14.737   
5.98           7              2551                12.957   
6.00           0              2549                7.372    
6.00           6              2556                8.517    
5.89           4              2507                14.485   
6.07           8              2587                23.071   
5.99           7              2554                18.332   
6.01           0              2555                10.417   
5.99           3              2551                9.044    
5.99           1              2549                6.247    
5.86           53             2543                18.696   
5.97           8              2548                11.696   
6.00           12             2561                21.216   
5.97           2              2541                12.804   
6.01           5              2562                15.774   
5.99           0              2548                9.420    
6.01           1              2557                7.196    
5.94           6              2530                40.809   
5.88           5              2507                16.418   
6.09           23             2612                24.249   
5.98           2              2544                8.211    
5.95           25             2555                25.998   
5.93           26             2549                19.042   
5.98           12             2554                19.359   
5.99           9              2557                8.902    
6.00           0              2551                1.142    
6.00           2              2550                1.033               28.547   
6.00           0              2553                0.712    
6.00           0              2551                0.940    
6.00           0              2551                0.722    
6.00           0              2551                0.433    
6.00           0              2550                0.557    
6.00           0              2552                0.446    
6.00           0              2551                0.908    
6.00           0              2551                0.682    
6.00           1              2550                0.927    
5.99           6              2552                0.677    
5.97           11             2551                0.846    
5.97           11             2551                0.767    
5.97           11             2551                0.535    
5.97           11             2550                0.614    
5.98           9              2552                0.539               15.530   
5.98           10             2551                0.614    
5.97           11             2551                0.507    
5.97           11             2550                0.501    
5.98           11             2552                0.456                        
5.89           2705/15306      (1.8%)              m        
5.646667  	4.806667  	5.713333  	5.986667  	5.990000  	5.963333  	6.023333  	5.946667  	5.980000  	6.003333  	5.970000  	5.953333  	5.990000  	6.000000  	6.000000  	6.000000  	5.986667  	5.970000  	5.976667  	5.946667  	
 sum=686.860000 count=60.000000  11.447667