Bandwidth      Lost      Total Datagrams       avglatntence       maxlatntence
3.60           1016           2547                25.818   
3.58           1029           2553                24.265              63.864   
3.63           1007           2550                23.725              40.132   
3.50           1064           2554                23.516              61.307   
3.57           1030           2547                23.333              30.285   
3.49           1071           2554                23.554              41.505   
3.54           1045           2549                23.979              45.624   
3.48           1070           2551                28.913              96.925   
3.39           1107           2550                25.694              83.892   
5.44           248            2563                5.122    
6.00           0              2551                1.170    
6.00           0              2551                1.312    
5.99           4              2551                1.497    
6.00           0              2551                1.074    
6.00           0              2549                4.841    
5.15           351            2541                75.202   
5.17           352            2552                25.174              77.341   
5.20           340            2552                29.117              97.646   
5.18           347            2550                27.432              71.753   
5.11           380            2551                24.495              55.362   
5.10           384            2551                33.940              125.574  
5.16           355            2551                30.872              93.295   
5.14           367            2552                24.110              64.665   
5.11           376            2550                24.673              66.829   
5.09           356            2518                29.336              87.390   
5.29           335            2584                35.829              129.440  
5.19           342            2550                35.394              127.148  
5.15           363            2553                24.443              60.462   
5.14           364            2548                24.832              74.872   
5.09           391            2553                24.867              59.325   
5.08           391            2551                40.042              255.104  
5.12           365            2540                24.739              64.736   
5.24           334            2562                41.394              123.184  
5.08           364            2524                32.223   
5.20           366            2577                32.121              79.518   
5.10           382            2551                28.476              80.675   
5.06           401            2552                24.733              79.354   
5.10           374            2544                59.237              191.760  
5.04           362            2504                29.341              137.028  
5.11           432            2606                42.051              245.878  
5.15           360            2551                26.297              66.588   
5.07           395            2550                44.068              242.955  
5.14           362            2549                27.825              108.735  
5.11           379            2552                33.058   
5.19           358            2564                23.958   
6.00           2              2551                1.666    
6.00           0              2551                1.615    
6.00           0              2551                1.298    
6.00           2              2550                1.611    
6.00           0              2552                1.240    
6.00           0              2550                0.876    
6.00           3              2552                1.064    
6.00           0              2551                0.865    
6.00           0              2551                1.426    
6.00           0              2551                1.155    
6.00           0              2551                1.404    
6.00           0              2551                1.140    
6.00           0              2550                1.447    
6.00           0              2552                1.302    
5.19           20719/15306      (14%)               0.257               28.195   
3.603333  	3.520000  	3.470000  	5.813333  	5.996667  	5.173333  	5.130000  	5.136667  	5.190000  	5.126667  	5.146667  	5.126667  	5.066667  	5.110000  	5.146667  	6.000000  	6.000000  	6.000000  	6.000000  	5.730000  	
 sum=1235.458000 count=60.000000  20.590967