Bandwidth      Lost      Total Datagrams       avglatntence       maxlatntence
9.02           30             3864                7.440    
9.00           0              3827                2.151    
9.00           0              3826                1.063    
9.00           0              3826                1.318    
9.00           0              3827                1.484    
9.00           0              3827                1.033    
9.00           1              3826                0.804    
9.00           0              3827                0.984    
9.00           0              3826                0.898    
9.00           0              3827                0.795    
9.00           0              3826                1.419    
9.00           0              3827                1.048    
9.00           1              3827                1.015    
9.00           0              3826                1.126    
9.00           0              3826                0.823    
6.15           1194           3810                27.143   
6.13           1218           3826                25.274              64.259   
6.10           1232           3826                24.145              45.523   
6.21           1185           3826                23.608              33.839   
6.16           1211           3828                23.596              31.439   
6.23           1178           3827                23.948              42.791   
6.18           1200           3827                24.353              47.218   
6.23           1178           3827                31.825              110.319  
6.33           1134           3825                27.487              113.768  
5.44           1511           3822                37.163   
5.15           1641           3831                25.920              47.488   
5.16           1631           3825                27.123              63.680   
4.42           1949           3828                36.911   
3.81           2204           3825                25.385              44.005   
3.81           2198           3820                66.183              212.267  
4.92           1752           3844                187.547  
8.22           333            3829                23.447   
8.15           361            3826                29.667   
8.13           362            3819                25.805   
8.22           334            3829                20.441   
8.15           367            3832                34.388   
8.19           343            3826                29.368   
8.20           343            3829                19.309   
8.25           317            3823                20.586   
8.10           335            3779                27.815   
8.18           388            3865                41.216   
8.09           391            3830                37.181   
8.22           335            3832                21.203   
8.17           358            3832                21.376   
8.18           333            3812                19.863   
7.87           478            3825                49.141   
8.17           332            3806                21.738   
8.07           421            3854                44.670   
8.06           355            3783                32.532   
8.16           398            3869                33.900   
8.16           366            3834                25.492   
8.27           309            3824                20.444   
7.96           426            3809                74.550   
8.10           329            3772                28.288   
8.07           465            3895                40.241   
8.17           347            3820                21.651   
7.75           535            3832                42.610   
8.14           351            3812                27.849   
8.17           368            3841                40.151   
7.65           34364/22959      (15%)               0.318               46.151   
9.006667  	9.000000  	9.000000  	9.000000  	9.000000  	6.126667  	6.200000  	6.246667  	5.250000  	4.013333  	7.096667  	8.166667  	8.213333  	8.123333  	8.190000  	8.036667  	8.126667  	8.110000  	7.996667  	7.986667  	
 sum=1536.252000 count=60.000000  25.604200