Bandwidth      Lost      Total Datagrams       avglatntence       maxlatntence
8.98           21             3838                4.701    
9.00           0              3827                1.530    
9.00           0              3826                0.649    
9.00           1              3827                0.881    
9.00           0              3826                1.179    
9.00           0              3827                0.593    
9.00           0              3826                0.440    
9.00           0              3827                0.535    
9.00           0              3827                0.508    
9.00           1              3826                0.474    
9.00           0              3826                0.810    
9.00           0              3826                0.621    
9.00           0              3828                0.621    
9.00           0              3826                0.754    
9.00           0              3827                0.448    
9.00           1              3826                3.248    
9.00           2              3827                1.762    
9.00           0              3826                0.738    
9.00           1              3825                0.472    
9.00           0              3828                0.440    
9.00           0              3827                0.661    
9.00           1              3826                0.885    
8.96           19             3827                5.766    
8.98           7              3827                2.808    
9.00           6              3826                2.382    
9.00           0              3826                0.656    
9.00           0              3827                1.331    
8.92           32             3826                7.746    
9.00           0              3827                0.616    
8.84           69             3826                22.911   
7.84           492            3827                73.086              708.575  
8.98           9              3826                4.122               53.598   
8.97           12             3827                7.858    
9.00           4              3827                5.487    
9.00           0              3826                2.415    
8.95           18             3825                9.468    
8.99           5              3828                8.853    
9.00           0              3827                3.393    
9.00           0              3826                3.831    
8.95           2              3807                7.351               50.605   
8.98           25             3844                12.560   
8.93           31             3827                14.725   
9.00           0              3827                2.680               37.349   
8.97           10             3825                3.390    
9.01           0              3830                2.916    
8.52           174            3797                25.658   
9.02           2              3835                4.903    
9.03           3              3844                15.372   
8.88           27             3804                9.414    
9.00           11             3836                12.563   
9.04           1              3843                6.752    
9.00           0              3826                2.122    
8.88           43             3817                35.227   
8.94           0              3800                6.066    
8.87           83             3853                18.149              191.291  
9.02           4              3836                4.200    
8.70           129            3827                20.876   
8.89           28             3809                6.674    
8.93           46             3842                11.374   
8.95           1308/22959      (0.57%)             m        
8.993333  	9.000000  	9.000000  	9.000000  	9.000000  	9.000000  	9.000000  	8.980000  	9.000000  	8.920000  	8.596667  	8.983333  	8.996667  	8.953333  	8.993333  	8.856667  	8.973333  	8.940000  	8.863333  	8.923333  	
 sum=408.651000 count=60.000000  6.810850 