------------------------------------------------------------
Server listening on UDP port 5001 with pid 22308
Receiving 1470 byte datagrams
UDP buffer size:  208 KByte (default)
------------------------------------------------------------
[  3] local 10.0.0.9 port 5001 connected with 10.0.0.10 port 49605
[ ID] Interval       Transfer     Bandwidth        Jitter   Lost/Total  Latency avg/min/max/stdev PPS
[  3] 0.00-5.00 sec  4.78 MBytes  8.02 Mbits/sec   0.146 ms    1/ 3411 (0.029%)  1.182/ 0.000/22.294/ 2.683 ms  682 pps
[  3] 0.00-5.00 sec  1 datagrams received out-of-order
[  3] 5.00-10.00 sec  4.77 MBytes  8.00 Mbits/sec   0.337 ms    0/ 3401 (0%)  0.517/ 0.000/18.486/ 1.187 ms  680 pps
[  3] 10.00-15.00 sec  4.77 MBytes  8.00 Mbits/sec   0.229 ms    0/ 3400 (0%)  0.457/ 0.000/12.040/ 0.767 ms  680 pps
[  3] 15.00-20.00 sec  4.64 MBytes  7.78 Mbits/sec   1.029 ms   86/ 3394 (2.5%) 10.762/ 0.071/263.203/39.834 ms  662 pps
[  3] 15.00-20.00 sec  49 datagrams received out-of-order
[  3] 20.00-25.00 sec  4.78 MBytes  8.02 Mbits/sec   0.279 ms    0/ 3410 (0%)  0.603/-0.001/14.109/ 1.223 ms  682 pps
[  3] 25.00-30.00 sec  4.77 MBytes  8.00 Mbits/sec   0.175 ms    0/ 3402 (0%)  0.476/ 0.068/12.552/ 0.902 ms  680 pps
[  3] 30.00-35.00 sec  4.64 MBytes  7.79 Mbits/sec   0.520 ms   88/ 3401 (2.6%) 17.668/ 0.066/629.993/84.017 ms  663 pps
[  3] 30.00-35.00 sec  60 datagrams received out-of-order
[  3] 35.00-40.00 sec  4.77 MBytes  8.00 Mbits/sec   0.429 ms    0/ 3402 (0%)  0.877/ 0.070/22.773/ 2.014 ms  680 pps
[  3] 40.00-45.00 sec  4.76 MBytes  7.99 Mbits/sec   1.048 ms    0/ 3398 (0%)  1.539/ 0.051/28.805/ 3.104 ms  680 pps
[  3] 45.00-50.00 sec  3.27 MBytes  5.49 Mbits/sec   1.290 ms 1051/ 3387 (31%) 56.785/ 0.079/990.928/118.902 ms  467 pps
[  3] 45.00-50.00 sec  36 datagrams received out-of-order
[  3] 50.00-55.00 sec  3.30 MBytes  5.54 Mbits/sec   0.842 ms 1048/ 3403 (31%) 23.788/17.065/38.674/ 2.124 ms  471 pps
[  3] 50.00-55.00 sec  1 datagrams received out-of-order
[  3] 55.00-60.00 sec  3.20 MBytes  5.37 Mbits/sec   0.527 ms 1118/ 3401 (33%) 24.815/18.382/50.980/ 4.379 ms  457 pps
[  3] 60.00-65.00 sec  3.30 MBytes  5.53 Mbits/sec   0.443 ms 1051/ 3402 (31%) 24.518/19.650/88.829/ 5.638 ms  470 pps
[  3] 60.00-65.00 sec  13 datagrams received out-of-order
[  3] 65.00-70.00 sec  3.36 MBytes  5.64 Mbits/sec   0.848 ms 1002/ 3401 (29%) 23.921/20.456/50.235/ 3.084 ms  480 pps
[  3] 65.00-70.00 sec  1 datagrams received out-of-order
[  3] 70.00-75.00 sec  3.31 MBytes  5.56 Mbits/sec   0.835 ms 1043/ 3405 (31%) 24.342/17.030/44.338/ 3.103 ms  472 pps
[  3] 70.00-75.00 sec  1 datagrams received out-of-order
[  3] 75.00-80.00 sec  3.13 MBytes  5.25 Mbits/sec   0.737 ms 1166/ 3397 (34%) 57.185/13.721/819.439/137.380 ms  447 pps
[  3] 75.00-80.00 sec  97 datagrams received out-of-order
[  3] 80.00-85.00 sec  3.32 MBytes  5.57 Mbits/sec   0.605 ms 1036/ 3403 (30%) 24.820/13.786/61.767/ 4.797 ms  473 pps
[  3] 80.00-85.00 sec  1 datagrams received out-of-order
[  3] 85.00-90.00 sec  3.28 MBytes  5.51 Mbits/sec   0.799 ms 1059/ 3401 (31%) 23.727/19.947/39.970/ 2.106 ms  469 pps
[  3] 90.00-95.00 sec  3.34 MBytes  5.61 Mbits/sec   1.083 ms 1013/ 3399 (30%) 23.801/20.360/46.520/ 2.639 ms  477 pps
[  3] 90.00-95.00 sec  1 datagrams received out-of-order
[  3] 95.00-100.00 sec  3.28 MBytes  5.50 Mbits/sec   0.678 ms 1066/ 3404 (31%) 23.983/15.989/53.393/ 3.311 ms  467 pps
[  3] 100.00-105.00 sec  3.31 MBytes  5.56 Mbits/sec   0.640 ms 1038/ 3401 (31%) 23.716/18.648/38.124/ 1.936 ms  473 pps
[  3] 105.00-110.00 sec  3.28 MBytes  5.51 Mbits/sec   0.451 ms 1061/ 3402 (31%) 23.792/19.906/37.672/ 2.103 ms  468 pps
[  3] 105.00-110.00 sec  3 datagrams received out-of-order
[  3] 110.00-115.00 sec  3.29 MBytes  5.52 Mbits/sec   0.828 ms 1052/ 3400 (31%) 23.757/17.235/44.348/ 2.460 ms  470 pps
[  3] 115.00-120.00 sec  3.29 MBytes  5.52 Mbits/sec   0.892 ms 1055/ 3402 (31%) 24.356/19.399/55.016/ 4.237 ms  469 pps
[  3] 120.00-125.00 sec  3.33 MBytes  5.58 Mbits/sec   0.758 ms 1029/ 3402 (30%) 23.601/17.196/35.981/ 1.660 ms  475 pps
[  3] 125.00-130.00 sec  3.21 MBytes  5.39 Mbits/sec   2.629 ms 1089/ 3379 (32%) 23.878/19.021/55.806/ 2.400 ms  458 pps
[  3] 130.00-135.00 sec  3.16 MBytes  5.30 Mbits/sec   0.674 ms 1170/ 3423 (34%) 51.601/20.791/233.788/55.693 ms  451 pps
[  3] 135.00-140.00 sec  3.28 MBytes  5.50 Mbits/sec   0.760 ms 1062/ 3401 (31%) 23.803/18.560/40.504/ 2.446 ms  468 pps
[  3] 135.00-140.00 sec  3 datagrams received out-of-order
[  3] 140.00-145.00 sec  3.36 MBytes  5.64 Mbits/sec   0.632 ms 1005/ 3401 (30%) 23.373/18.403/37.180/ 1.538 ms  479 pps
[  3] 145.00-150.00 sec  3.34 MBytes  5.60 Mbits/sec   0.645 ms 1022/ 3401 (30%) 23.131/20.525/36.272/ 1.108 ms  476 pps
[  3] 150.00-155.00 sec  3.36 MBytes  5.63 Mbits/sec   0.933 ms 1008/ 3402 (30%) 23.325/19.337/41.026/ 1.859 ms  479 pps
[  3] 150.00-155.00 sec  1 datagrams received out-of-order
[  3] 155.00-160.00 sec  3.29 MBytes  5.52 Mbits/sec   0.755 ms 1052/ 3401 (31%) 23.462/19.735/43.579/ 2.610 ms  470 pps
[  3] 160.00-165.00 sec  3.22 MBytes  5.41 Mbits/sec   0.957 ms 1106/ 3405 (32%) 23.112/20.449/33.429/ 0.949 ms  459 pps
[  3] 165.00-170.00 sec  3.29 MBytes  5.52 Mbits/sec   0.813 ms 1050/ 3398 (31%) 23.295/15.612/37.854/ 1.736 ms  470 pps
[  3] 165.00-170.00 sec  1 datagrams received out-of-order
[  3] 170.00-175.00 sec  3.30 MBytes  5.53 Mbits/sec   0.924 ms 1051/ 3404 (31%) 23.132/19.665/33.670/ 0.936 ms  470 pps
[  3] 175.00-180.00 sec  3.33 MBytes  5.59 Mbits/sec   0.738 ms 1023/ 3399 (30%) 23.435/20.551/49.089/ 2.231 ms  476 pps
[  3] 180.00-185.00 sec  3.34 MBytes  5.60 Mbits/sec   0.723 ms 1021/ 3402 (30%) 23.108/20.747/36.390/ 0.978 ms  476 pps
[  3] 185.00-190.00 sec  3.25 MBytes  5.45 Mbits/sec   0.530 ms 1083/ 3402 (32%) 23.230/19.971/34.684/ 1.245 ms  464 pps
[  3] 190.00-195.00 sec  3.19 MBytes  5.36 Mbits/sec   0.733 ms 1122/ 3401 (33%) 23.099/20.809/34.351/ 0.902 ms  456 pps
[  3] 190.00-195.00 sec  1 datagrams received out-of-order
[  3] 195.00-200.00 sec  3.32 MBytes  5.57 Mbits/sec   0.757 ms 1034/ 3401 (30%) 23.090/19.190/33.314/ 1.016 ms  473 pps
[  3] 200.00-205.00 sec  3.38 MBytes  5.67 Mbits/sec   0.847 ms  992/ 3401 (29%) 23.068/19.533/35.469/ 0.937 ms  482 pps
[  3] 200.00-205.00 sec  2 datagrams received out-of-order
[  3] 205.00-210.00 sec  3.29 MBytes  5.51 Mbits/sec   0.926 ms 1058/ 3402 (31%) 23.254/20.903/43.089/ 1.669 ms  469 pps
[  3] 0.00-210.01 sec   151 MBytes  6.04 Mbits/sec   0.947 ms 35011/142859 (25%) 20.017/-0.001/990.928/34.691 ms  513 pps
[  3] 0.00-210.01 sec  272 datagrams received out-of-order
