------------------------------------------------------------
Server listening on UDP port 5001 with pid 29219
Receiving 1470 byte datagrams
UDP buffer size:  208 KByte (default)
------------------------------------------------------------
[  3] local 10.0.0.3 port 5001 connected with 10.0.0.1 port 55809
[ ID] Interval       Transfer     Bandwidth        Jitter   Lost/Total  Latency avg/min/max/stdev PPS
[  3] 0.00-5.00 sec  5.32 MBytes  8.92 Mbits/sec   0.326 ms  106/ 3898 (2.7%) 17.257/ 0.400/417.290/49.169 ms  758 pps
[  3] 0.00-5.00 sec  52 datagrams received out-of-order
[  3] 5.00-10.00 sec  5.37 MBytes  9.00 Mbits/sec   0.386 ms    0/ 3827 (0%)  1.274/ 0.393/21.849/ 1.889 ms  765 pps
[  3] 10.00-15.00 sec  5.37 MBytes  9.00 Mbits/sec   0.261 ms    0/ 3827 (0%)  1.275/ 0.387/21.161/ 2.013 ms  765 pps
[  3] 15.00-20.00 sec  5.36 MBytes  9.00 Mbits/sec   0.385 ms    0/ 3826 (0%)  1.356/ 0.390/28.162/ 2.441 ms  765 pps
[  3] 20.00-25.00 sec  5.36 MBytes  9.00 Mbits/sec   0.270 ms    0/ 3826 (0%)  1.336/ 0.388/13.973/ 1.513 ms  765 pps
[  3] 25.00-30.00 sec  5.37 MBytes  9.00 Mbits/sec   0.175 ms    0/ 3827 (0%)  1.009/ 0.316/11.130/ 1.017 ms  766 pps
[  3] 30.00-35.00 sec  5.36 MBytes  9.00 Mbits/sec   0.343 ms    3/ 3826 (0.078%)  0.992/ 0.388/14.804/ 0.978 ms  765 pps
[  3] 30.00-35.00 sec  3 datagrams received out-of-order
[  3] 35.00-40.00 sec  5.37 MBytes  9.00 Mbits/sec   0.334 ms    0/ 3827 (0%)  1.049/ 0.387/15.147/ 1.100 ms  765 pps
[  3] 40.00-45.00 sec  5.37 MBytes  9.00 Mbits/sec   0.252 ms    0/ 3827 (0%)  1.087/ 0.383/13.225/ 1.263 ms  765 pps
[  3] 45.00-50.00 sec  5.36 MBytes  9.00 Mbits/sec   0.479 ms   10/ 3826 (0.26%)  1.358/ 0.329/86.815/ 3.594 ms  765 pps
[  3] 45.00-50.00 sec  10 datagrams received out-of-order
[  3] 50.00-55.00 sec  5.37 MBytes  9.00 Mbits/sec   0.299 ms    0/ 3827 (0%)  1.205/ 0.300/17.394/ 1.550 ms  765 pps
[  3] 55.00-60.00 sec  5.37 MBytes  9.00 Mbits/sec   0.258 ms    0/ 3827 (0%)  2.662/ 0.386/39.286/ 5.326 ms  766 pps
[  3] 60.00-65.00 sec  5.36 MBytes  9.00 Mbits/sec   0.543 ms    0/ 3825 (0%)  1.230/ 0.389/18.998/ 1.536 ms  765 pps
[  3] 65.00-70.00 sec  5.37 MBytes  9.00 Mbits/sec   0.537 ms    0/ 3828 (0%)  1.917/ 0.390/29.061/ 3.311 ms  765 pps
[  3] 70.00-75.00 sec  5.36 MBytes  8.99 Mbits/sec   0.529 ms    0/ 3823 (0%)  1.445/ 0.306/27.167/ 2.483 ms  765 pps
[  3] 75.00-80.00 sec  3.58 MBytes  6.00 Mbits/sec   0.535 ms 1262/ 3813 (33%) 25.608/ 3.037/63.720/ 5.691 ms  510 pps
[  3] 75.00-80.00 sec  2 datagrams received out-of-order
[  3] 80.00-85.00 sec  3.51 MBytes  5.89 Mbits/sec   0.619 ms 1324/ 3828 (35%) 24.008/19.628/38.227/ 1.753 ms  500 pps
[  3] 80.00-85.00 sec  1 datagrams received out-of-order
[  3] 85.00-90.00 sec  3.43 MBytes  5.76 Mbits/sec   0.906 ms 1375/ 3825 (36%) 23.963/20.458/42.724/ 2.184 ms  490 pps
[  3] 90.00-95.00 sec  3.51 MBytes  5.89 Mbits/sec   0.712 ms 1321/ 3826 (35%) 24.237/16.180/97.463/ 4.894 ms  501 pps
[  3] 90.00-95.00 sec  12 datagrams received out-of-order
[  3] 95.00-100.00 sec  3.42 MBytes  5.74 Mbits/sec   0.709 ms 1388/ 3827 (36%) 24.080/20.880/46.521/ 2.366 ms  488 pps
[  3] 100.00-105.00 sec  3.52 MBytes  5.91 Mbits/sec   0.392 ms 1313/ 3826 (34%) 25.471/17.196/67.833/ 6.210 ms  503 pps
[  3] 105.00-110.00 sec  3.47 MBytes  5.82 Mbits/sec   0.603 ms 1350/ 3826 (35%) 26.359/14.798/170.252/13.296 ms  495 pps
[  3] 105.00-110.00 sec  21 datagrams received out-of-order
[  3] 110.00-115.00 sec  3.56 MBytes  5.97 Mbits/sec   0.518 ms 1287/ 3827 (34%) 31.292/19.512/106.247/15.954 ms  508 pps
[  3] 110.00-115.00 sec  1 datagrams received out-of-order
[  3] 115.00-120.00 sec  3.45 MBytes  5.79 Mbits/sec   0.590 ms 1364/ 3826 (36%) 24.326/15.087/41.160/ 2.445 ms  492 pps
[  3] 120.00-125.00 sec  3.18 MBytes  5.33 Mbits/sec   0.684 ms 1560/ 3825 (41%) 25.160/ 6.902/43.064/ 2.739 ms  453 pps
[  3] 120.00-125.00 sec  15 datagrams received out-of-order
[  3] 125.00-130.00 sec  3.03 MBytes  5.09 Mbits/sec   1.018 ms 1665/ 3829 (43%) 25.663/20.094/35.108/ 1.624 ms  432 pps
[  3] 130.00-135.00 sec  3.05 MBytes  5.11 Mbits/sec   1.029 ms 1651/ 3825 (43%) 25.778/20.573/43.561/ 2.186 ms  435 pps
[  3] 130.00-135.00 sec  1 datagrams received out-of-order
[  3] 135.00-140.00 sec  2.44 MBytes  4.10 Mbits/sec   0.929 ms 2085/ 3827 (54%) 72.709/ 3.847/954.120/149.990 ms  348 pps
[  3] 135.00-140.00 sec  78 datagrams received out-of-order
[  3] 140.00-145.00 sec  1.89 MBytes  3.17 Mbits/sec   0.840 ms 2479/ 3826 (65%) 25.727/18.557/45.228/ 2.781 ms  270 pps
[  3] 145.00-150.00 sec  1.88 MBytes  3.15 Mbits/sec   0.963 ms 2485/ 3825 (65%) 26.073/20.518/48.726/ 3.116 ms  268 pps
[  3] 150.00-155.00 sec  2.36 MBytes  3.96 Mbits/sec   0.977 ms 2146/ 3828 (56%) 34.236/ 2.259/382.389/27.561 ms  336 pps
[  3] 150.00-155.00 sec  44 datagrams received out-of-order
[  3] 155.00-160.00 sec  3.07 MBytes  5.16 Mbits/sec   0.539 ms 1634/ 3827 (43%) 28.232/22.664/67.571/ 7.585 ms  439 pps
[  3] 155.00-160.00 sec  1 datagrams received out-of-order
[  3] 160.00-165.00 sec  3.02 MBytes  5.07 Mbits/sec   0.623 ms 1671/ 3827 (44%) 27.222/22.909/65.191/ 5.808 ms  431 pps
[  3] 165.00-170.00 sec  2.70 MBytes  4.53 Mbits/sec   1.333 ms 1893/ 3817 (50%) 32.277/ 3.660/178.451/19.317 ms  385 pps
[  3] 165.00-170.00 sec  38 datagrams received out-of-order
[  3] 170.00-175.00 sec  1.90 MBytes  3.18 Mbits/sec   0.425 ms 2485/ 3838 (65%) 45.954/23.374/128.705/29.837 ms  271 pps
[  3] 175.00-180.00 sec  1.91 MBytes  3.20 Mbits/sec   1.587 ms 2372/ 3732 (64%) 53.545/17.395/196.505/45.232 ms  272 pps
[  3] 175.00-180.00 sec  1 datagrams received out-of-order
[  3] 180.00-185.00 sec  2.26 MBytes  3.78 Mbits/sec   1.974 ms 2305/ 3914 (59%) 56.897/ 2.547/357.038/45.368 ms  322 pps
[  3] 180.00-185.00 sec  18 datagrams received out-of-order
[  3] 185.00-190.00 sec  2.88 MBytes  4.83 Mbits/sec   1.319 ms 1775/ 3830 (46%) 64.387/22.134/283.393/63.877 ms  411 pps
[  3] 190.00-195.00 sec  2.89 MBytes  4.84 Mbits/sec   0.784 ms 1767/ 3826 (46%) 45.861/19.685/164.364/32.716 ms  412 pps
[  3] 195.00-200.00 sec  2.87 MBytes  4.81 Mbits/sec   0.502 ms 1785/ 3831 (47%) 49.943/ 3.124/218.427/37.015 ms  409 pps
[  3] 195.00-200.00 sec  71 datagrams received out-of-order
[  3] 200.00-205.00 sec  1.98 MBytes  3.31 Mbits/sec   1.030 ms 2413/ 3822 (63%) 30.934/20.713/101.252/12.421 ms  282 pps
[  3] 205.00-210.00 sec  1.98 MBytes  3.31 Mbits/sec   1.268 ms 2418/ 3827 (63%) 30.133/22.743/87.344/11.119 ms  282 pps
[  3] 210.00-215.00 sec  2.11 MBytes  3.55 Mbits/sec   0.782 ms 2320/ 3828 (61%) 39.309/ 4.262/207.415/27.315 ms  302 pps
[  3] 210.00-215.00 sec  26 datagrams received out-of-order
[  3] 215.00-220.00 sec  2.97 MBytes  4.98 Mbits/sec   1.236 ms 1706/ 3824 (45%) 58.507/23.465/245.301/61.309 ms  424 pps
[  3] 220.00-225.00 sec  3.01 MBytes  5.05 Mbits/sec   1.068 ms 1682/ 3829 (44%) 32.431/18.380/104.014/16.678 ms  429 pps
[  3] 220.00-225.00 sec  1 datagrams received out-of-order
[  3] 225.00-230.00 sec  3.01 MBytes  5.05 Mbits/sec   1.454 ms 1679/ 3825 (44%) 29.154/ 1.973/95.447/ 8.509 ms  429 pps
[  3] 225.00-230.00 sec  30 datagrams received out-of-order
[  3] 230.00-235.00 sec  1.89 MBytes  3.16 Mbits/sec   1.979 ms 2471/ 3816 (65%) 36.606/22.957/81.598/12.823 ms  269 pps
[  3] 230.00-235.00 sec  1 datagrams received out-of-order
[  3] 235.00-240.00 sec  2.00 MBytes  3.35 Mbits/sec   1.767 ms 2403/ 3828 (63%) 46.696/19.297/225.331/46.204 ms  285 pps
[  3] 240.00-245.00 sec  2.02 MBytes  3.38 Mbits/sec   0.840 ms 2398/ 3836 (63%) 39.353/ 7.126/144.188/26.756 ms  288 pps
[  3] 240.00-245.00 sec  32 datagrams received out-of-order
[  3] 245.00-250.00 sec  3.03 MBytes  5.09 Mbits/sec   1.763 ms 1665/ 3827 (44%) 29.639/ 8.582/81.770/ 7.458 ms  431 pps
[  3] 245.00-250.00 sec  8 datagrams received out-of-order
[  3] 250.00-255.00 sec  2.98 MBytes  5.00 Mbits/sec   1.274 ms 1684/ 3810 (44%) 46.903/16.024/170.249/33.735 ms  426 pps
[  3] 255.00-260.00 sec  3.08 MBytes  5.16 Mbits/sec   1.264 ms 1647/ 3842 (43%) 34.499/11.796/139.624/17.868 ms  439 pps
[  3] 255.00-260.00 sec  28 datagrams received out-of-order
[  3] 260.00-265.00 sec  2.07 MBytes  3.47 Mbits/sec   1.455 ms 2350/ 3827 (61%) 32.120/21.244/132.985/12.174 ms  296 pps
[  3] 260.00-265.00 sec  9 datagrams received out-of-order
[  3] 265.00-270.00 sec  1.84 MBytes  3.09 Mbits/sec   1.834 ms 2513/ 3825 (66%) 28.314/22.142/63.405/ 6.265 ms  262 pps
[  3] 270.00-275.00 sec  1.93 MBytes  3.23 Mbits/sec   1.438 ms 2453/ 3828 (64%) 31.344/ 5.134/119.021/17.016 ms  275 pps
[  3] 270.00-275.00 sec  10 datagrams received out-of-order
[  3] 275.00-280.00 sec  2.81 MBytes  4.72 Mbits/sec   0.995 ms 1822/ 3827 (48%) 33.393/21.572/166.311/16.569 ms  401 pps
[  3] 275.00-280.00 sec  6 datagrams received out-of-order
[  3] 280.00-285.00 sec  3.02 MBytes  5.07 Mbits/sec   0.738 ms 1672/ 3826 (44%) 28.159/20.837/61.234/ 6.405 ms  431 pps
[  3] 285.00-290.00 sec  3.05 MBytes  5.13 Mbits/sec   1.154 ms 1647/ 3826 (43%) 29.612/23.291/75.615/ 7.466 ms  436 pps
[  3] 290.00-295.00 sec  2.26 MBytes  3.79 Mbits/sec   2.188 ms 2211/ 3823 (58%) 51.091/ 9.072/231.312/44.503 ms  322 pps
[  3] 290.00-295.00 sec  28 datagrams received out-of-order
[  3] 295.00-300.00 sec  1.79 MBytes  3.00 Mbits/sec  15.476 ms 2504/ 3780 (66%) 32.434/23.091/252.240/18.494 ms  248 pps
[  3] 0.00-300.16 sec   202 MBytes  5.65 Mbits/sec  15.476 ms 85506/229594 (37%) 21.704/ 0.300/954.120/31.639 ms  480 pps
[  3] 0.00-300.16 sec  548 datagrams received out-of-order
