------------------------------------------------------------
Server listening on UDP port 5001 with pid 29245
Receiving 1470 byte datagrams
UDP buffer size:  208 KByte (default)
------------------------------------------------------------
[  3] local 10.0.0.4 port 5001 connected with 10.0.0.2 port 37938
[ ID] Interval       Transfer     Bandwidth        Jitter   Lost/Total  Latency avg/min/max/stdev PPS
[  3] 0.00-5.00 sec  2.22 MBytes  3.73 Mbits/sec   0.773 ms  965/ 2552 (38%) 24.618/14.797/56.439/ 4.374 ms  317 pps
[  3] 0.00-5.00 sec  2 datagrams received out-of-order
[  3] 5.00-10.00 sec  2.29 MBytes  3.84 Mbits/sec   0.998 ms  919/ 2551 (36%) 23.440/16.643/37.452/ 1.613 ms  326 pps
[  3] 10.00-15.00 sec  2.36 MBytes  3.95 Mbits/sec   0.599 ms  870/ 2550 (34%) 23.358/19.488/40.815/ 1.778 ms  336 pps
[  3] 15.00-20.00 sec  2.28 MBytes  3.83 Mbits/sec   0.837 ms  924/ 2551 (36%) 23.360/15.110/43.210/ 1.754 ms  325 pps
[  3] 15.00-20.00 sec  1 datagrams received out-of-order
[  3] 20.00-25.00 sec  2.38 MBytes  3.99 Mbits/sec   0.738 ms  856/ 2552 (34%) 23.404/18.307/42.390/ 1.743 ms  339 pps
[  3] 25.00-30.00 sec  2.27 MBytes  3.81 Mbits/sec   0.800 ms  930/ 2551 (36%) 24.042/19.765/64.909/ 4.486 ms  324 pps
[  3] 30.00-35.00 sec  2.32 MBytes  3.89 Mbits/sec   0.669 ms  896/ 2552 (35%) 23.888/12.991/53.489/ 4.160 ms  331 pps
[  3] 30.00-35.00 sec  4 datagrams received out-of-order
[  3] 35.00-40.00 sec  2.23 MBytes  3.74 Mbits/sec   0.835 ms  958/ 2550 (38%) 27.823/16.680/82.841/10.966 ms  318 pps
[  3] 40.00-45.00 sec  2.34 MBytes  3.93 Mbits/sec   0.928 ms  880/ 2552 (34%) 23.542/14.394/38.820/ 1.975 ms  334 pps
[  3] 45.00-50.00 sec  3.22 MBytes  5.40 Mbits/sec   0.475 ms  266/ 2560 (10%)  6.856/ 0.437/33.062/ 9.648 ms  459 pps
[  3] 45.00-50.00 sec  1 datagrams received out-of-order
[  3] 50.00-55.00 sec  3.58 MBytes  6.00 Mbits/sec   0.368 ms    0/ 2552 (0%)  1.024/ 0.424/10.597/ 0.846 ms  510 pps
[  3] 55.00-60.00 sec  3.58 MBytes  6.00 Mbits/sec   0.387 ms    0/ 2551 (0%)  1.030/ 0.440/12.435/ 0.916 ms  510 pps
[  3] 60.00-65.00 sec  3.58 MBytes  6.00 Mbits/sec   0.342 ms    4/ 2551 (0.16%)  6.035/ 0.317/100.698/16.511 ms  510 pps
[  3] 60.00-65.00 sec  4 datagrams received out-of-order
[  3] 65.00-70.00 sec  3.58 MBytes  6.00 Mbits/sec   0.454 ms    0/ 2551 (0%)  1.101/ 0.418/17.399/ 1.420 ms  510 pps
[  3] 70.00-75.00 sec  3.58 MBytes  6.00 Mbits/sec   0.332 ms    0/ 2551 (0%)  1.173/ 0.455/14.323/ 1.384 ms  510 pps
[  3] 75.00-80.00 sec  3.58 MBytes  6.00 Mbits/sec   0.272 ms    4/ 2551 (0.16%)  1.692/ 0.439/33.712/ 3.531 ms  510 pps
[  3] 75.00-80.00 sec  4 datagrams received out-of-order
[  3] 80.00-85.00 sec  3.58 MBytes  6.00 Mbits/sec   0.157 ms    0/ 2551 (0%)  1.465/ 0.441/23.578/ 2.735 ms  510 pps
[  3] 85.00-90.00 sec  3.58 MBytes  6.00 Mbits/sec   0.384 ms    0/ 2551 (0%)  1.241/ 0.299/18.013/ 1.575 ms  510 pps
[  3] 90.00-95.00 sec  3.58 MBytes  6.00 Mbits/sec   0.957 ms    2/ 2551 (0.078%)  1.640/ 0.445/26.795/ 2.739 ms  510 pps
[  3] 90.00-95.00 sec  2 datagrams received out-of-order
[  3] 95.00-100.00 sec  3.58 MBytes  6.00 Mbits/sec   0.217 ms    0/ 2551 (0%)  2.276/ 0.405/27.759/ 3.545 ms  510 pps
[  3] 100.00-105.00 sec  3.58 MBytes  6.00 Mbits/sec   1.457 ms    0/ 2552 (0%)  2.973/ 0.457/29.453/ 4.862 ms  510 pps
[  3] 105.00-110.00 sec  3.57 MBytes  5.99 Mbits/sec   1.472 ms    0/ 2548 (0%)  3.130/ 0.435/27.771/ 4.488 ms  510 pps
[  3] 110.00-115.00 sec  3.54 MBytes  5.94 Mbits/sec   0.784 ms   26/ 2553 (1%)  4.540/ 0.444/50.529/ 8.056 ms  505 pps
[  3] 115.00-120.00 sec  3.57 MBytes  5.99 Mbits/sec   0.362 ms    4/ 2552 (0.16%)  3.045/ 0.410/43.588/ 4.989 ms  510 pps
[  3] 120.00-125.00 sec  3.57 MBytes  6.00 Mbits/sec   0.188 ms    2/ 2551 (0.078%)  2.371/ 0.447/24.822/ 3.229 ms  510 pps
[  3] 120.00-125.00 sec  3 datagrams received out-of-order
[  3] 125.00-130.00 sec  3.57 MBytes  6.00 Mbits/sec   1.009 ms    0/ 2550 (0%)  1.737/ 0.432/18.192/ 2.267 ms  510 pps
[  3] 130.00-135.00 sec  3.58 MBytes  6.00 Mbits/sec   1.165 ms    0/ 2551 (0%)  1.758/ 0.456/24.347/ 2.733 ms  510 pps
[  3] 135.00-140.00 sec  3.58 MBytes  6.00 Mbits/sec   0.458 ms    0/ 2552 (0%)  2.425/ 0.449/38.025/ 4.297 ms  510 pps
[  3] 140.00-145.00 sec  3.56 MBytes  5.97 Mbits/sec   0.494 ms   13/ 2551 (0.51%)  2.678/ 0.426/45.136/ 4.869 ms  508 pps
[  3] 145.00-150.00 sec  3.58 MBytes  6.00 Mbits/sec   0.475 ms    0/ 2551 (0%)  1.639/ 0.439/23.626/ 2.406 ms  510 pps
[  3] 150.00-155.00 sec  3.58 MBytes  6.00 Mbits/sec   0.463 ms   22/ 2551 (0.86%)  2.483/ 0.437/103.891/ 8.894 ms  510 pps
[  3] 150.00-155.00 sec  22 datagrams received out-of-order
[  3] 155.00-160.00 sec  3.58 MBytes  6.00 Mbits/sec   1.465 ms    0/ 2551 (0%)  2.961/ 0.470/32.387/ 3.988 ms  510 pps
[  3] 160.00-165.00 sec  3.57 MBytes  6.00 Mbits/sec   1.334 ms    0/ 2549 (0%)  2.945/ 0.465/55.756/ 6.437 ms  510 pps
[  3] 165.00-170.00 sec  3.58 MBytes  6.00 Mbits/sec   0.531 ms    2/ 2553 (0.078%)  2.571/ 0.472/48.742/ 6.239 ms  511 pps
[  3] 165.00-170.00 sec  2 datagrams received out-of-order
[  3] 170.00-175.00 sec  3.58 MBytes  6.00 Mbits/sec   0.671 ms    0/ 2551 (0%)  1.933/ 0.427/23.517/ 2.573 ms  510 pps
[  3] 175.00-180.00 sec  3.57 MBytes  5.98 Mbits/sec   0.504 ms    8/ 2551 (0.31%)  2.538/ 0.344/31.838/ 3.790 ms  508 pps
[  3] 180.00-185.00 sec  3.58 MBytes  6.00 Mbits/sec   0.547 ms    3/ 2551 (0.12%)  2.069/ 0.357/38.963/ 3.501 ms  510 pps
[  3] 180.00-185.00 sec  3 datagrams received out-of-order
[  3] 185.00-190.00 sec  3.57 MBytes  6.00 Mbits/sec   0.807 ms    0/ 2550 (0%)  2.017/ 0.437/19.750/ 2.632 ms  510 pps
[  3] 190.00-195.00 sec  3.58 MBytes  6.00 Mbits/sec   0.825 ms    0/ 2552 (0%)  1.665/ 0.442/20.662/ 2.226 ms  510 pps
[  3] 195.00-200.00 sec  3.58 MBytes  6.00 Mbits/sec   0.572 ms    4/ 2551 (0.16%)  2.000/ 0.383/42.602/ 4.288 ms  510 pps
[  3] 195.00-200.00 sec  4 datagrams received out-of-order
[  3] 200.00-205.00 sec  3.58 MBytes  6.00 Mbits/sec   0.411 ms    0/ 2551 (0%)  1.933/ 0.433/23.927/ 2.902 ms  510 pps
[  3] 205.00-210.00 sec  3.58 MBytes  6.00 Mbits/sec   0.249 ms    0/ 2551 (0%)  1.500/ 0.440/23.058/ 2.047 ms  510 pps
[  3] 210.00-215.00 sec  3.58 MBytes  6.00 Mbits/sec   0.620 ms    2/ 2551 (0.078%)  1.870/ 0.427/21.771/ 2.656 ms  510 pps
[  3] 210.00-215.00 sec  2 datagrams received out-of-order
[  3] 215.00-220.00 sec  3.58 MBytes  6.00 Mbits/sec   1.049 ms    0/ 2551 (0%)  4.138/ 0.307/75.265/ 9.039 ms  510 pps
[  3] 220.00-225.00 sec  3.57 MBytes  6.00 Mbits/sec   0.444 ms    0/ 2550 (0%)  1.898/ 0.439/23.786/ 2.943 ms  510 pps
[  3] 225.00-230.00 sec  3.58 MBytes  6.00 Mbits/sec   0.441 ms    0/ 2552 (0%)  1.856/ 0.405/32.344/ 3.143 ms  510 pps
[  3] 230.00-235.00 sec  3.57 MBytes  6.00 Mbits/sec   0.398 ms    0/ 2550 (0%)  2.100/ 0.423/34.318/ 3.591 ms  510 pps
[  3] 235.00-240.00 sec  3.58 MBytes  6.00 Mbits/sec   0.261 ms    0/ 2551 (0%)  1.416/ 0.398/19.383/ 1.881 ms  510 pps
[  3] 240.00-245.00 sec  3.58 MBytes  6.00 Mbits/sec   0.364 ms    2/ 2551 (0.078%)  1.696/ 0.420/15.521/ 2.250 ms  510 pps
[  3] 240.00-245.00 sec  2 datagrams received out-of-order
[  3] 245.00-250.00 sec  3.58 MBytes  6.00 Mbits/sec   0.328 ms    0/ 2552 (0%)  1.686/ 0.399/24.886/ 2.746 ms  510 pps
[  3] 250.00-255.00 sec  3.57 MBytes  5.99 Mbits/sec   1.226 ms    0/ 2546 (0%)  1.493/ 0.416/19.983/ 2.094 ms  509 pps
[  3] 255.00-260.00 sec  3.58 MBytes  6.01 Mbits/sec   0.414 ms    3/ 2556 (0.12%)  1.480/ 0.413/17.102/ 1.912 ms  511 pps
[  3] 255.00-260.00 sec  3 datagrams received out-of-order
[  3] 260.00-265.00 sec  3.58 MBytes  6.00 Mbits/sec   0.342 ms    0/ 2551 (0%)  1.837/ 0.420/23.760/ 3.049 ms  510 pps
[  3] 265.00-270.00 sec  3.58 MBytes  6.00 Mbits/sec   0.277 ms    0/ 2551 (0%)  3.127/ 0.355/50.775/ 6.796 ms  510 pps
[  3] 270.00-275.00 sec  3.58 MBytes  6.00 Mbits/sec   0.371 ms    2/ 2551 (0.078%)  1.448/ 0.390/22.054/ 2.071 ms  510 pps
[  3] 270.00-275.00 sec  2 datagrams received out-of-order
[  3] 275.00-280.00 sec  3.58 MBytes  6.00 Mbits/sec   0.293 ms    0/ 2551 (0%)  1.542/ 0.421/22.248/ 2.163 ms  510 pps
[  3] 280.00-285.00 sec  3.58 MBytes  6.00 Mbits/sec   0.624 ms    0/ 2551 (0%)  1.381/ 0.393/18.168/ 1.846 ms  510 pps
[  3] 285.00-290.00 sec  3.58 MBytes  6.00 Mbits/sec   0.282 ms    1/ 2551 (0.039%)  1.488/ 0.344/24.961/ 2.656 ms  510 pps
[  3] 285.00-290.00 sec  1 datagrams received out-of-order
[  3] 290.00-295.00 sec  3.57 MBytes  6.00 Mbits/sec   0.548 ms    0/ 2550 (0%)  1.231/ 0.423/16.339/ 1.356 ms  510 pps
[  3] 0.00-299.98 sec   203 MBytes  5.67 Mbits/sec   0.356 ms 8517/153062 (5.6%)  4.421/ 0.299/103.891/ 8.172 ms  481 pps
[  3] 0.00-299.98 sec  62 datagrams received out-of-order
