------------------------------------------------------------
Server listening on UDP port 5001 with pid 22373
Receiving 1470 byte datagrams
UDP buffer size:  208 KByte (default)
------------------------------------------------------------
[  3] local 10.0.0.2 port 5001 connected with 10.0.0.3 port 40220
[ ID] Interval       Transfer     Bandwidth        Jitter   Lost/Total  Latency avg/min/max/stdev PPS
[  3] 0.00-5.00 sec  1.77 MBytes  2.97 Mbits/sec   1.035 ms 1297/ 2561 (51%) 35.271/11.300/320.388/43.327 ms  253 pps
[  3] 0.00-5.00 sec  11 datagrams received out-of-order
[  3] 5.00-10.00 sec  1.67 MBytes  2.80 Mbits/sec   1.095 ms 1359/ 2549 (53%) 23.774/15.556/37.985/ 1.915 ms  238 pps
[  3] 10.00-15.00 sec  1.66 MBytes  2.79 Mbits/sec   0.682 ms 1365/ 2552 (53%) 23.482/17.387/36.631/ 1.391 ms  237 pps
[  3] 15.00-20.00 sec  1.72 MBytes  2.89 Mbits/sec   0.898 ms 1321/ 2551 (52%) 40.962/ 0.499/694.614/77.548 ms  246 pps
[  3] 15.00-20.00 sec  28 datagrams received out-of-order
[  3] 20.00-25.00 sec  1.69 MBytes  2.83 Mbits/sec   0.931 ms 1350/ 2553 (53%) 24.302/20.277/44.409/ 2.880 ms  240 pps
[  3] 25.00-30.00 sec  1.75 MBytes  2.94 Mbits/sec   1.153 ms 1300/ 2551 (51%) 25.497/19.027/61.275/ 5.068 ms  250 pps
[  3] 25.00-30.00 sec  1 datagrams received out-of-order
[  3] 30.00-35.00 sec  3.11 MBytes  5.22 Mbits/sec   0.367 ms  342/ 2561 (13%) 52.671/ 0.079/556.530/97.501 ms  444 pps
[  3] 30.00-35.00 sec  59 datagrams received out-of-order
[  3] 35.00-40.00 sec  3.58 MBytes  6.00 Mbits/sec   0.467 ms    0/ 2551 (0%)  0.620/ 0.078/ 9.708/ 0.990 ms  510 pps
[  3] 40.00-45.00 sec  3.58 MBytes  6.00 Mbits/sec   0.159 ms    0/ 2551 (0%)  1.025/ 0.066/19.056/ 2.161 ms  510 pps
[  3] 45.00-50.00 sec  3.58 MBytes  6.00 Mbits/sec   0.227 ms   29/ 2551 (1.1%)  1.978/ 0.066/86.414/ 9.319 ms  510 pps
[  3] 45.00-50.00 sec  29 datagrams received out-of-order
[  3] 50.00-55.00 sec  3.58 MBytes  6.00 Mbits/sec   0.268 ms    0/ 2551 (0%)  0.731/ 0.075/24.324/ 1.856 ms  510 pps
[  3] 55.00-60.00 sec  3.58 MBytes  6.00 Mbits/sec   0.268 ms    0/ 2551 (0%)  0.798/ 0.064/12.355/ 1.515 ms  510 pps
[  3] 60.00-65.00 sec  3.58 MBytes  6.00 Mbits/sec   0.310 ms   23/ 2551 (0.9%)  5.460/ 0.076/379.560/27.823 ms  510 pps
[  3] 60.00-65.00 sec  23 datagrams received out-of-order
[  3] 65.00-70.00 sec  3.58 MBytes  6.00 Mbits/sec   0.279 ms    0/ 2551 (0%)  1.034/ 0.066/28.567/ 2.478 ms  510 pps
[  3] 70.00-75.00 sec  3.58 MBytes  6.00 Mbits/sec   0.295 ms    0/ 2551 (0%)  0.596/ 0.071/ 9.835/ 0.973 ms  510 pps
[  3] 75.00-80.00 sec  3.58 MBytes  6.00 Mbits/sec   0.253 ms    4/ 2551 (0.16%)  0.676/ 0.079/41.688/ 2.025 ms  510 pps
[  3] 75.00-80.00 sec  4 datagrams received out-of-order
[  3] 80.00-85.00 sec  3.58 MBytes  6.00 Mbits/sec   0.345 ms    0/ 2551 (0%)  0.685/ 0.065/17.216/ 1.387 ms  510 pps
[  3] 85.00-90.00 sec  3.58 MBytes  6.00 Mbits/sec   0.371 ms    0/ 2551 (0%)  0.665/ 0.077/14.315/ 1.296 ms  510 pps
[  3] 90.00-95.00 sec  3.58 MBytes  6.00 Mbits/sec   0.245 ms    0/ 2552 (0%)  0.656/ 0.068/13.193/ 1.221 ms  510 pps
[  3] 95.00-100.00 sec  3.58 MBytes  6.00 Mbits/sec   0.266 ms    0/ 2551 (0%)  0.632/ 0.000/13.298/ 1.182 ms  510 pps
[  3] 100.00-105.00 sec  3.58 MBytes  6.00 Mbits/sec   0.288 ms    0/ 2551 (0%)  0.849/ 0.074/26.766/ 2.290 ms  510 pps
[  3] 105.00-110.00 sec  3.57 MBytes  6.00 Mbits/sec   0.190 ms    5/ 2550 (0.2%)  0.655/ 0.072/61.764/ 2.128 ms  510 pps
[  3] 105.00-110.00 sec  5 datagrams received out-of-order
[  3] 110.00-115.00 sec  3.56 MBytes  5.98 Mbits/sec   1.236 ms    0/ 2541 (0%)  0.917/ 0.000/26.422/ 2.555 ms  508 pps
[  3] 115.00-120.00 sec  3.59 MBytes  6.03 Mbits/sec   0.184 ms    0/ 2562 (0%)  4.812/ 0.070/60.203/11.378 ms  512 pps
[  3] 120.00-125.00 sec  3.57 MBytes  6.00 Mbits/sec   0.220 ms   10/ 2550 (0.39%)  0.925/ 0.069/103.863/ 4.698 ms  510 pps
[  3] 120.00-125.00 sec  10 datagrams received out-of-order
[  3] 125.00-130.00 sec  3.58 MBytes  6.00 Mbits/sec   0.295 ms    0/ 2552 (0%)  0.474/ 0.087/11.052/ 0.674 ms  510 pps
[  3] 130.00-135.00 sec  3.58 MBytes  6.00 Mbits/sec   0.339 ms    0/ 2551 (0%)  0.395/ 0.000/ 9.423/ 0.633 ms  510 pps
[  3] 135.00-140.00 sec  3.58 MBytes  6.00 Mbits/sec   0.309 ms   10/ 2551 (0.39%)  0.753/ 0.077/105.192/ 4.633 ms  510 pps
[  3] 135.00-140.00 sec  10 datagrams received out-of-order
[  3] 140.00-145.00 sec  3.58 MBytes  6.00 Mbits/sec   0.236 ms    0/ 2551 (0%)  0.500/ 0.074/14.922/ 1.072 ms  510 pps
[  3] 145.00-150.00 sec  3.58 MBytes  6.00 Mbits/sec   0.318 ms    0/ 2551 (0%)  0.391/ 0.070/ 9.880/ 0.551 ms  510 pps
[  3] 150.00-155.00 sec  3.58 MBytes  6.00 Mbits/sec   0.301 ms    1/ 2551 (0.039%)  0.495/ 0.081/23.269/ 1.055 ms  510 pps
[  3] 150.00-155.00 sec  1 datagrams received out-of-order
[  3] 155.00-160.00 sec  3.57 MBytes  6.00 Mbits/sec   0.212 ms    0/ 2550 (0%)  0.405/ 0.068/10.619/ 0.580 ms  510 pps
[  3] 160.00-165.00 sec  3.58 MBytes  6.00 Mbits/sec   0.202 ms    0/ 2552 (0%)  0.552/ 0.078/25.040/ 1.490 ms  510 pps
[  3] 165.00-170.00 sec  3.58 MBytes  6.00 Mbits/sec   0.255 ms   10/ 2551 (0.39%)  0.659/ 0.069/59.595/ 3.693 ms  510 pps
[  3] 165.00-170.00 sec  10 datagrams received out-of-order
[  3] 170.00-175.00 sec  3.58 MBytes  6.00 Mbits/sec   0.142 ms    0/ 2551 (0%)  0.451/ 0.072/11.069/ 0.738 ms  510 pps
[  3] 175.00-180.00 sec  3.58 MBytes  6.00 Mbits/sec   0.101 ms    0/ 2551 (0%)  0.386/ 0.064/11.334/ 0.561 ms  510 pps
[  3] 180.00-185.00 sec  3.58 MBytes  6.00 Mbits/sec   0.528 ms   12/ 2551 (0.47%)  0.659/ 0.071/74.393/ 3.793 ms  510 pps
[  3] 180.00-185.00 sec  12 datagrams received out-of-order
[  3] 185.00-190.00 sec  3.58 MBytes  6.00 Mbits/sec   0.309 ms    0/ 2551 (0%)  0.356/ 0.082/ 7.617/ 0.391 ms  510 pps
[  3] 190.00-195.00 sec  3.57 MBytes  6.00 Mbits/sec   0.770 ms    0/ 2550 (0%)  0.444/ 0.002/15.596/ 0.864 ms  510 pps
[  3] 195.00-200.00 sec  3.58 MBytes  6.00 Mbits/sec   0.273 ms    2/ 2551 (0.078%)  0.403/ 0.090/ 6.216/ 0.426 ms  510 pps
[  3] 195.00-200.00 sec  2 datagrams received out-of-order
[  3] 200.00-205.00 sec  3.58 MBytes  6.00 Mbits/sec   0.174 ms    0/ 2552 (0%)  0.395/ 0.069/ 7.009/ 0.423 ms  511 pps
[  3] 205.00-210.00 sec  3.58 MBytes  6.00 Mbits/sec   0.164 ms    0/ 2551 (0%)  0.401/-0.001/ 8.045/ 0.416 ms  510 pps
[  3] 210.00-215.00 sec  3.58 MBytes  6.00 Mbits/sec   0.299 ms    0/ 2551 (0%)  0.389/ 0.088/ 6.192/ 0.380 ms  510 pps
[  3] 215.00-220.00 sec  3.58 MBytes  6.00 Mbits/sec   0.212 ms    0/ 2551 (0%)  0.420/ 0.009/11.247/ 0.575 ms  510 pps
[  3] 0.00-224.96 sec   149 MBytes  5.57 Mbits/sec   0.107 ms 8334/114797 (7.3%)  3.882/-0.001/694.614/20.549 ms  473 pps
[  3] 0.00-224.96 sec  205 datagrams received out-of-order
