------------------------------------------------------------
Server listening on UDP port 5001 with pid 22366
Receiving 1470 byte datagrams
UDP buffer size:  208 KByte (default)
------------------------------------------------------------
[  3] local 10.0.0.1 port 5001 connected with 10.0.0.4 port 47315
[ ID] Interval       Transfer     Bandwidth        Jitter   Lost/Total  Latency avg/min/max/stdev PPS
[  3] 0.00-5.00 sec  3.97 MBytes  6.66 Mbits/sec   1.110 ms 1011/ 3843 (26%) 32.740/20.539/330.305/37.423 ms  566 pps
[  3] 0.00-5.00 sec  12 datagrams received out-of-order
[  3] 5.00-10.00 sec  4.13 MBytes  6.92 Mbits/sec   0.876 ms  881/ 3824 (23%) 23.929/20.361/40.561/ 2.039 ms  589 pps
[  3] 10.00-15.00 sec  4.13 MBytes  6.93 Mbits/sec   0.748 ms  883/ 3828 (23%) 23.629/18.516/37.807/ 1.525 ms  589 pps
[  3] 15.00-20.00 sec  3.95 MBytes  6.63 Mbits/sec   0.858 ms 1011/ 3828 (26%) 39.960/ 0.620/709.254/69.238 ms  563 pps
[  3] 15.00-20.00 sec  45 datagrams received out-of-order
[  3] 20.00-25.00 sec  4.11 MBytes  6.89 Mbits/sec   0.740 ms  896/ 3827 (23%) 24.463/19.246/46.091/ 3.130 ms  586 pps
[  3] 20.00-25.00 sec  1 datagrams received out-of-order
[  3] 25.00-30.00 sec  4.04 MBytes  6.78 Mbits/sec   0.969 ms  944/ 3826 (25%) 25.794/18.528/63.884/ 5.274 ms  576 pps
[  3] 25.00-30.00 sec  1 datagrams received out-of-order
[  3] 30.00-35.00 sec  2.56 MBytes  4.29 Mbits/sec   1.020 ms 2001/ 3826 (52%) 124.735/20.867/1243.626/233.407 ms  365 pps
[  3] 30.00-35.00 sec  123 datagrams received out-of-order
[  3] 35.00-40.00 sec  2.49 MBytes  4.18 Mbits/sec   0.770 ms 2042/ 3821 (53%) 24.914/15.650/40.551/ 2.598 ms  356 pps
[  3] 40.00-45.00 sec  2.59 MBytes  4.35 Mbits/sec   0.708 ms 1985/ 3834 (52%) 26.625/17.372/53.353/ 5.498 ms  370 pps
[  3] 45.00-50.00 sec  2.51 MBytes  4.21 Mbits/sec   1.010 ms 2036/ 3825 (53%) 25.558/21.037/49.397/ 4.085 ms  358 pps
[  3] 45.00-50.00 sec  13 datagrams received out-of-order
[  3] 50.00-55.00 sec  2.43 MBytes  4.07 Mbits/sec   0.551 ms 2094/ 3826 (55%) 25.298/21.426/52.406/ 4.073 ms  346 pps
[  3] 55.00-60.00 sec  2.48 MBytes  4.17 Mbits/sec   0.778 ms 2055/ 3826 (54%) 25.685/19.437/45.161/ 3.688 ms  354 pps
[  3] 60.00-65.00 sec  2.71 MBytes  4.55 Mbits/sec   0.803 ms 1895/ 3828 (50%) 56.173/20.083/702.481/86.362 ms  387 pps
[  3] 60.00-65.00 sec  112 datagrams received out-of-order
[  3] 65.00-70.00 sec  2.48 MBytes  4.16 Mbits/sec   0.550 ms 2059/ 3826 (54%) 26.691/15.044/66.425/ 6.073 ms  353 pps
[  3] 70.00-75.00 sec  2.52 MBytes  4.22 Mbits/sec   0.669 ms 2030/ 3825 (53%) 24.815/21.742/42.254/ 2.495 ms  359 pps
[  3] 75.00-80.00 sec  2.44 MBytes  4.09 Mbits/sec   0.802 ms 2087/ 3828 (55%) 24.984/21.149/71.470/ 3.308 ms  348 pps
[  3] 75.00-80.00 sec  12 datagrams received out-of-order
[  3] 80.00-85.00 sec  2.52 MBytes  4.22 Mbits/sec   1.148 ms 2031/ 3827 (53%) 25.330/17.886/57.135/ 4.143 ms  359 pps
[  3] 85.00-90.00 sec  2.48 MBytes  4.16 Mbits/sec   1.125 ms 2057/ 3826 (54%) 24.830/19.988/41.629/ 2.449 ms  354 pps
[  3] 90.00-95.00 sec  2.51 MBytes  4.21 Mbits/sec   0.605 ms 2037/ 3828 (53%) 24.893/13.364/44.349/ 2.566 ms  358 pps
[  3] 90.00-95.00 sec  10 datagrams received out-of-order
[  3] 95.00-100.00 sec  2.51 MBytes  4.22 Mbits/sec   1.205 ms 2032/ 3825 (53%) 24.880/19.050/48.253/ 3.022 ms  359 pps
[  3] 100.00-105.00 sec  2.50 MBytes  4.19 Mbits/sec   1.086 ms 2046/ 3827 (53%) 26.563/22.014/55.924/ 6.401 ms  356 pps
[  3] 105.00-110.00 sec  2.48 MBytes  4.15 Mbits/sec   0.605 ms 2060/ 3826 (54%) 24.932/12.338/74.881/ 3.997 ms  353 pps
[  3] 105.00-110.00 sec  18 datagrams received out-of-order
[  3] 110.00-115.00 sec  2.54 MBytes  4.27 Mbits/sec   2.400 ms 1964/ 3779 (52%) 25.312/21.529/88.029/ 5.038 ms  363 pps
[  3] 115.00-120.00 sec  2.61 MBytes  4.37 Mbits/sec   0.529 ms 2015/ 3874 (52%) 65.129/21.018/272.691/67.831 ms  372 pps
[  3] 115.00-120.00 sec  1 datagrams received out-of-order
[  3] 120.00-125.00 sec  2.53 MBytes  4.25 Mbits/sec   0.517 ms 2022/ 3827 (53%) 26.528/13.343/115.218/ 9.143 ms  361 pps
[  3] 120.00-125.00 sec  35 datagrams received out-of-order
[  3] 125.00-130.00 sec  2.43 MBytes  4.08 Mbits/sec   0.727 ms 2095/ 3829 (55%) 24.309/19.786/39.032/ 1.811 ms  347 pps
[  3] 130.00-135.00 sec  2.46 MBytes  4.13 Mbits/sec   1.016 ms 2067/ 3824 (54%) 23.911/21.592/38.638/ 1.174 ms  352 pps
[  3] 135.00-140.00 sec  2.46 MBytes  4.13 Mbits/sec   0.847 ms 2070/ 3827 (54%) 25.022/18.763/129.063/ 7.085 ms  351 pps
[  3] 135.00-140.00 sec  27 datagrams received out-of-order
[  3] 140.00-145.00 sec  2.50 MBytes  4.20 Mbits/sec   0.812 ms 2046/ 3830 (53%) 24.630/21.837/46.101/ 3.475 ms  356 pps
[  3] 145.00-150.00 sec  2.57 MBytes  4.31 Mbits/sec   0.642 ms 1991/ 3825 (52%) 23.912/21.446/35.082/ 1.000 ms  367 pps
[  3] 150.00-155.00 sec  2.50 MBytes  4.20 Mbits/sec   0.974 ms 2039/ 3823 (53%) 24.257/ 8.672/47.402/ 2.308 ms  357 pps
[  3] 150.00-155.00 sec  12 datagrams received out-of-order
[  3] 155.00-160.00 sec  2.50 MBytes  4.20 Mbits/sec   0.939 ms 2042/ 3826 (53%) 24.056/22.253/35.531/ 1.221 ms  357 pps
[  3] 160.00-165.00 sec  2.45 MBytes  4.12 Mbits/sec   0.790 ms 2077/ 3828 (54%) 24.705/22.095/48.691/ 3.155 ms  350 pps
[  3] 165.00-170.00 sec  2.46 MBytes  4.13 Mbits/sec   0.761 ms 2074/ 3828 (54%) 24.276/ 6.362/82.991/ 3.432 ms  351 pps
[  3] 165.00-170.00 sec  14 datagrams received out-of-order
[  3] 170.00-175.00 sec  2.55 MBytes  4.28 Mbits/sec   0.545 ms 2007/ 3826 (52%) 24.102/21.702/36.853/ 1.416 ms  364 pps
[  3] 175.00-180.00 sec  2.59 MBytes  4.35 Mbits/sec   0.665 ms 1976/ 3827 (52%) 23.930/19.373/36.638/ 1.139 ms  370 pps
[  3] 180.00-185.00 sec  2.49 MBytes  4.17 Mbits/sec   1.173 ms 2052/ 3827 (54%) 24.201/ 6.171/80.851/ 2.949 ms  355 pps
[  3] 180.00-185.00 sec  11 datagrams received out-of-order
[  3] 185.00-190.00 sec  2.42 MBytes  4.05 Mbits/sec   0.697 ms 2100/ 3824 (55%) 23.945/20.940/31.741/ 0.886 ms  345 pps
[  3] 0.00-194.98 sec   107 MBytes  4.61 Mbits/sec   0.898 ms 72833/149236 (49%) 29.828/ 0.620/1243.626/46.163 ms  391 pps
[  3] 0.00-194.98 sec  447 datagrams received out-of-order
