------------------------------------------------------------
Server listening on UDP port 5001 with pid 29253
Receiving 1470 byte datagrams
UDP buffer size:  208 KByte (default)
------------------------------------------------------------
[  3] local 10.0.0.6 port 5001 connected with 10.0.0.5 port 49507
[ ID] Interval       Transfer     Bandwidth        Jitter   Lost/Total  Latency avg/min/max/stdev PPS
[  3] 0.00-5.00 sec  3.59 MBytes  6.03 Mbits/sec   0.189 ms   10/ 2562 (0.39%)  1.919/ 0.044/64.056/ 5.474 ms  512 pps
[  3] 0.00-5.00 sec  10 datagrams received out-of-order
[  3] 5.00-10.00 sec  3.58 MBytes  6.00 Mbits/sec   0.287 ms    0/ 2551 (0%)  0.580/-0.001/12.528/ 1.199 ms  510 pps
[  3] 10.00-15.00 sec  3.00 MBytes  5.04 Mbits/sec   0.781 ms  397/ 2540 (16%) 14.552/ 0.000/36.818/11.299 ms  429 pps
[  3] 15.00-20.00 sec  2.76 MBytes  4.64 Mbits/sec   0.858 ms  579/ 2551 (23%) 23.219/19.372/33.639/ 1.106 ms  394 pps
[  3] 15.00-20.00 sec  1 datagrams received out-of-order
[  3] 20.00-25.00 sec  2.74 MBytes  4.60 Mbits/sec   1.063 ms  592/ 2549 (23%) 23.311/16.095/35.933/ 1.519 ms  391 pps
[  3] 25.00-30.00 sec  3.13 MBytes  5.25 Mbits/sec   0.223 ms  331/ 2565 (13%) 23.559/ 0.047/244.062/44.008 ms  447 pps
[  3] 30.00-35.00 sec  3.57 MBytes  6.00 Mbits/sec   0.242 ms    0/ 2550 (0%)  0.519/ 0.044/14.508/ 1.144 ms  510 pps
[  3] 35.00-40.00 sec  3.58 MBytes  6.00 Mbits/sec   0.258 ms    0/ 2552 (0%)  0.563/ 0.047/12.567/ 1.164 ms  510 pps
[  3] 40.00-45.00 sec  3.26 MBytes  5.47 Mbits/sec   0.715 ms  213/ 2539 (8.4%)  9.284/ 0.046/53.789/11.770 ms  465 pps
[  3] 45.00-50.00 sec  2.71 MBytes  4.55 Mbits/sec   0.466 ms  615/ 2551 (24%) 24.739/19.085/58.155/ 5.655 ms  387 pps
[  3] 45.00-50.00 sec  3 datagrams received out-of-order
[  3] 50.00-55.00 sec  2.78 MBytes  4.66 Mbits/sec   0.818 ms  570/ 2551 (22%) 24.074/15.653/55.755/ 4.223 ms  396 pps
[  3] 55.00-60.00 sec  3.06 MBytes  5.13 Mbits/sec   0.506 ms  381/ 2563 (15%) 16.807/ 0.053/74.350/12.883 ms  436 pps
[  3] 60.00-65.00 sec  3.58 MBytes  6.00 Mbits/sec   0.248 ms    4/ 2551 (0.16%)  1.510/ 0.044/31.159/ 3.318 ms  510 pps
[  3] 60.00-65.00 sec  4 datagrams received out-of-order
[  3] 65.00-70.00 sec  3.57 MBytes  6.00 Mbits/sec   1.939 ms    0/ 2549 (0%)  2.140/-0.001/27.288/ 4.548 ms  509 pps
[  3] 70.00-75.00 sec  3.40 MBytes  5.70 Mbits/sec   1.700 ms  111/ 2533 (4.4%) 10.832/ 0.033/128.445/22.816 ms  485 pps
[  3] 75.00-80.00 sec  2.76 MBytes  4.64 Mbits/sec   0.839 ms  587/ 2559 (23%) 44.000/18.694/181.845/38.113 ms  394 pps
[  3] 75.00-80.00 sec  14 datagrams received out-of-order
[  3] 80.00-85.00 sec  2.89 MBytes  4.85 Mbits/sec   0.584 ms  490/ 2551 (19%) 33.561/13.902/116.710/20.034 ms  412 pps
[  3] 85.00-90.00 sec  2.97 MBytes  4.97 Mbits/sec   0.318 ms  448/ 2563 (17%) 27.901/ 0.043/100.225/23.071 ms  423 pps
[  3] 90.00-95.00 sec  3.58 MBytes  6.00 Mbits/sec   0.441 ms    0/ 2551 (0%)  1.034/ 0.038/16.661/ 2.028 ms  510 pps
[  3] 95.00-100.00 sec  3.57 MBytes  6.00 Mbits/sec   0.544 ms    0/ 2550 (0%)  1.056/ 0.047/23.150/ 2.551 ms  510 pps
[  3] 100.00-105.00 sec  3.45 MBytes  5.80 Mbits/sec   1.356 ms   74/ 2538 (2.9%)  4.609/ 0.048/33.550/ 8.247 ms  493 pps
[  3] 105.00-110.00 sec  2.80 MBytes  4.70 Mbits/sec   0.724 ms  556/ 2554 (22%) 40.157/18.402/172.867/33.382 ms  399 pps
[  3] 105.00-110.00 sec  3 datagrams received out-of-order
[  3] 110.00-115.00 sec  2.78 MBytes  4.67 Mbits/sec   0.890 ms  563/ 2548 (22%) 27.052/15.119/72.998/ 9.849 ms  397 pps
[  3] 115.00-120.00 sec  2.82 MBytes  4.73 Mbits/sec   0.238 ms  553/ 2565 (22%) 22.431/ 0.061/57.168/ 8.163 ms  402 pps
[  3] 115.00-120.00 sec  1 datagrams received out-of-order
[  3] 120.00-125.00 sec  3.58 MBytes  6.00 Mbits/sec   0.667 ms    7/ 2551 (0.27%)  2.102/ 0.044/61.028/ 4.671 ms  510 pps
[  3] 120.00-125.00 sec  7 datagrams received out-of-order
[  3] 125.00-130.00 sec  3.58 MBytes  6.00 Mbits/sec   0.739 ms    0/ 2551 (0%)  2.011/ 0.046/53.055/ 5.865 ms  510 pps
[  3] 130.00-135.00 sec  3.58 MBytes  6.00 Mbits/sec   0.690 ms    0/ 2551 (0%)  1.773/ 0.047/44.434/ 5.699 ms  510 pps
[  3] 135.00-140.00 sec  2.76 MBytes  4.63 Mbits/sec   1.779 ms  570/ 2540 (22%) 23.984/ 0.070/107.934/ 7.615 ms  394 pps
[  3] 135.00-140.00 sec  6 datagrams received out-of-order
[  3] 140.00-145.00 sec  2.80 MBytes  4.69 Mbits/sec   0.718 ms  556/ 2550 (22%) 33.020/13.675/95.430/18.837 ms  399 pps
[  3] 140.00-145.00 sec  1 datagrams received out-of-order
[  3] 145.00-150.00 sec  2.73 MBytes  4.57 Mbits/sec   0.942 ms  604/ 2549 (24%) 27.473/17.661/85.127/10.876 ms  389 pps
[  3] 150.00-155.00 sec  3.49 MBytes  5.86 Mbits/sec   0.610 ms   74/ 2565 (2.9%)  3.885/ 0.044/49.042/ 8.320 ms  498 pps
[  3] 150.00-155.00 sec  2 datagrams received out-of-order
[  3] 155.00-160.00 sec  3.58 MBytes  6.00 Mbits/sec   0.736 ms    0/ 2551 (0%)  0.909/ 0.048/20.567/ 1.929 ms  510 pps
[  3] 160.00-165.00 sec  3.58 MBytes  6.00 Mbits/sec   0.427 ms    0/ 2551 (0%)  1.253/ 0.046/39.021/ 3.951 ms  510 pps
[  3] 165.00-170.00 sec  2.92 MBytes  4.89 Mbits/sec   0.887 ms  460/ 2540 (18%) 20.460/ 0.048/49.475/ 9.984 ms  416 pps
[  3] 165.00-170.00 sec  1 datagrams received out-of-order
[  3] 170.00-175.00 sec  2.78 MBytes  4.66 Mbits/sec   0.882 ms  568/ 2551 (22%) 24.561/17.042/52.285/ 4.243 ms  397 pps
[  3] 175.00-180.00 sec  2.73 MBytes  4.57 Mbits/sec   2.537 ms  597/ 2542 (23%) 25.137/12.355/59.969/ 4.848 ms  388 pps
[  3] 180.00-185.00 sec  3.41 MBytes  5.72 Mbits/sec   0.621 ms  140/ 2571 (5.4%)  8.451/ 0.046/85.045/13.948 ms  488 pps
[  3] 180.00-185.00 sec  14 datagrams received out-of-order
[  3] 185.00-190.00 sec  3.57 MBytes  6.00 Mbits/sec   0.653 ms    0/ 2549 (0%)  1.155/ 0.045/22.893/ 2.605 ms  510 pps
[  3] 190.00-195.00 sec  3.58 MBytes  6.00 Mbits/sec   0.727 ms    0/ 2553 (0%)  1.231/ 0.003/33.071/ 3.130 ms  511 pps
[  3] 195.00-200.00 sec  3.58 MBytes  6.00 Mbits/sec   0.262 ms    1/ 2551 (0.039%)  1.347/ 0.051/32.829/ 3.236 ms  510 pps
[  3] 195.00-200.00 sec  1 datagrams received out-of-order
[  3] 200.00-205.00 sec  3.58 MBytes  6.00 Mbits/sec   0.181 ms    0/ 2551 (0%)  0.732/ 0.028/17.090/ 1.445 ms  510 pps
[  3] 205.00-210.00 sec  3.58 MBytes  6.00 Mbits/sec   0.965 ms    0/ 2551 (0%)  1.127/ 0.048/19.091/ 2.169 ms  510 pps
[  3] 210.00-215.00 sec  3.58 MBytes  6.00 Mbits/sec   0.200 ms    3/ 2551 (0.12%)  1.029/-0.001/22.731/ 2.474 ms  510 pps
[  3] 210.00-215.00 sec  3 datagrams received out-of-order
[  3] 215.00-220.00 sec  3.58 MBytes  6.00 Mbits/sec   0.712 ms    0/ 2551 (0%)  0.868/ 0.048/17.378/ 1.748 ms  510 pps
[  3] 220.00-225.00 sec  3.58 MBytes  6.00 Mbits/sec   0.463 ms    0/ 2551 (0%)  0.868/ 0.049/16.508/ 1.723 ms  510 pps
[  3] 225.00-230.00 sec  3.58 MBytes  6.00 Mbits/sec   0.191 ms    2/ 2551 (0.078%)  1.204/ 0.044/23.527/ 2.921 ms  510 pps
[  3] 225.00-230.00 sec  2 datagrams received out-of-order
[  3] 230.00-235.00 sec  3.58 MBytes  6.00 Mbits/sec   0.192 ms    0/ 2551 (0%)  2.323/-0.001/48.559/ 6.353 ms  510 pps
[  3] 235.00-240.00 sec  3.58 MBytes  6.00 Mbits/sec   0.710 ms    0/ 2551 (0%)  0.830/ 0.047/19.582/ 1.741 ms  510 pps
[  3] 240.00-245.00 sec  3.58 MBytes  6.00 Mbits/sec   0.487 ms    0/ 2551 (0%)  0.858/ 0.047/19.935/ 1.844 ms  510 pps
[  3] 245.00-250.00 sec  3.58 MBytes  6.00 Mbits/sec   0.301 ms    0/ 2552 (0%)  0.762/ 0.047/16.062/ 1.576 ms  510 pps
[  3] 250.00-255.00 sec  3.58 MBytes  6.00 Mbits/sec   0.623 ms    0/ 2551 (0%)  0.885/-0.001/21.805/ 2.266 ms  510 pps
[  3] 255.00-260.00 sec  3.57 MBytes  6.00 Mbits/sec   0.201 ms    0/ 2550 (0%)  0.699/ 0.050/10.412/ 1.088 ms  510 pps
[  3] 260.00-265.00 sec  3.58 MBytes  6.00 Mbits/sec   0.350 ms    0/ 2551 (0%)  0.705/-0.001/17.679/ 1.731 ms  510 pps
[  3] 265.00-270.00 sec  3.58 MBytes  6.00 Mbits/sec   0.566 ms    0/ 2552 (0%)  0.696/-0.001/20.686/ 1.579 ms  510 pps
[  3] 270.00-275.00 sec  3.58 MBytes  6.00 Mbits/sec   0.635 ms    2/ 2551 (0.078%)  0.621/-0.001/23.033/ 1.477 ms  510 pps
[  3] 270.00-275.00 sec  2 datagrams received out-of-order
[  3] 275.00-280.00 sec  3.58 MBytes  6.00 Mbits/sec   0.326 ms    0/ 2551 (0%)  0.631/-0.001/15.215/ 1.212 ms  510 pps
[  3] 280.00-285.00 sec  3.57 MBytes  6.00 Mbits/sec   0.425 ms    0/ 2550 (0%)  0.508/-0.001/ 9.462/ 0.990 ms  510 pps
[  3] 285.00-290.00 sec  3.58 MBytes  6.00 Mbits/sec   0.350 ms    1/ 2551 (0.039%)  0.643/ 0.000/14.054/ 1.320 ms  510 pps
[  3] 285.00-290.00 sec  1 datagrams received out-of-order
[  3] 290.00-295.00 sec  3.58 MBytes  6.00 Mbits/sec   0.268 ms    0/ 2551 (0%)  0.412/ 0.000/ 8.175/ 0.635 ms  510 pps
[  3] 0.00-299.98 sec   200 MBytes  5.58 Mbits/sec   0.348 ms 10629/153063 (6.9%)  8.386/-0.001/244.062/15.921 ms  474 pps
[  3] 0.00-299.98 sec  76 datagrams received out-of-order
