------------------------------------------------------------
Server listening on UDP port 5001 with pid 15612
Receiving 1470 byte datagrams
UDP buffer size:  208 KByte (default)
------------------------------------------------------------
[  3] local 10.0.0.7 port 5001 connected with 10.0.0.5 port 33228
[ ID] Interval       Transfer     Bandwidth        Jitter   Lost/Total  Latency avg/min/max/stdev PPS
[  3] 0.00-5.00 sec  3.01 MBytes  5.06 Mbits/sec   0.218 ms   10/ 2150 (0.47%)  1.952/ 0.433/99.473/ 6.566 ms  430 pps
[  3] 0.00-5.00 sec  10 datagrams received out-of-order
[  3] 5.00-10.00 sec  2.98 MBytes  5.00 Mbits/sec   0.464 ms    0/ 2126 (0%)  0.931/ 0.436/13.809/ 0.575 ms  425 pps
[  3] 10.00-15.00 sec  2.98 MBytes  5.00 Mbits/sec   1.128 ms    0/ 2125 (0%)  0.939/ 0.441/ 9.914/ 0.661 ms  425 pps
[  3] 15.00-20.00 sec  2.98 MBytes  4.99 Mbits/sec   1.826 ms   51/ 2123 (2.4%)  5.079/ 0.415/150.902/22.179 ms  425 pps
[  3] 15.00-20.00 sec  51 datagrams received out-of-order
[  3] 20.00-25.00 sec  2.98 MBytes  5.01 Mbits/sec   0.388 ms    0/ 2129 (0%)  1.108/ 0.461/ 8.617/ 0.613 ms  426 pps
[  3] 25.00-30.00 sec  2.98 MBytes  5.00 Mbits/sec   0.460 ms    0/ 2126 (0%)  1.135/ 0.458/ 9.517/ 0.619 ms  425 pps
[  3] 30.00-35.00 sec  2.98 MBytes  5.00 Mbits/sec   0.394 ms   47/ 2126 (2.2%)  3.959/ 0.365/200.600/19.554 ms  425 pps
[  3] 30.00-35.00 sec  47 datagrams received out-of-order
[  3] 35.00-40.00 sec  2.98 MBytes  5.00 Mbits/sec   0.506 ms    0/ 2126 (0%)  0.952/ 0.422/12.118/ 0.803 ms  425 pps
[  3] 40.00-45.00 sec  2.98 MBytes  4.99 Mbits/sec   1.372 ms    0/ 2123 (0%)  0.964/ 0.332/11.603/ 0.619 ms  424 pps
[  3] 45.00-50.00 sec  2.98 MBytes  5.01 Mbits/sec   1.014 ms    7/ 2129 (0.33%)  4.005/ 0.402/74.404/ 7.631 ms  426 pps
[  3] 45.00-50.00 sec  7 datagrams received out-of-order
[  3] 50.00-55.00 sec  2.98 MBytes  5.00 Mbits/sec   0.747 ms    0/ 2125 (0%)  1.161/ 0.430/12.299/ 0.978 ms  425 pps
[  3] 55.00-60.00 sec  2.98 MBytes  5.00 Mbits/sec   0.601 ms    0/ 2126 (0%)  1.116/ 0.443/ 9.881/ 0.771 ms  425 pps
[  3] 60.00-65.00 sec  2.98 MBytes  5.00 Mbits/sec   0.636 ms    2/ 2126 (0.094%)  1.191/ 0.422/21.673/ 1.502 ms  425 pps
[  3] 60.00-65.00 sec  2 datagrams received out-of-order
[  3] 65.00-70.00 sec  2.98 MBytes  5.00 Mbits/sec   0.453 ms    0/ 2125 (0%)  1.021/ 0.421/14.968/ 0.850 ms  425 pps
[  3] 70.00-75.00 sec  2.98 MBytes  5.00 Mbits/sec   0.324 ms    0/ 2127 (0%)  1.003/ 0.426/11.294/ 0.676 ms  425 pps
[  3] 75.00-80.00 sec  2.98 MBytes  5.00 Mbits/sec   0.619 ms   16/ 2126 (0.75%)  1.601/ 0.424/64.963/ 5.393 ms  425 pps
[  3] 75.00-80.00 sec  16 datagrams received out-of-order
[  3] 80.00-85.00 sec  2.98 MBytes  5.00 Mbits/sec   0.644 ms    0/ 2125 (0%)  1.049/ 0.397/13.054/ 0.868 ms  425 pps
[  3] 85.00-90.00 sec  2.98 MBytes  5.00 Mbits/sec   0.399 ms    0/ 2126 (0%)  0.995/ 0.409/11.629/ 0.894 ms  425 pps
[  3] 90.00-95.00 sec  2.98 MBytes  5.00 Mbits/sec   0.909 ms    5/ 2126 (0.24%)  0.968/ 0.424/32.695/ 1.439 ms  425 pps
[  3] 90.00-95.00 sec  5 datagrams received out-of-order
[  3] 95.00-100.00 sec  2.98 MBytes  5.00 Mbits/sec   0.746 ms    0/ 2125 (0%)  1.050/ 0.417/10.681/ 0.744 ms  425 pps
[  3] 100.00-105.00 sec  2.98 MBytes  5.00 Mbits/sec   0.358 ms    0/ 2127 (0%)  0.994/ 0.414/10.287/ 0.726 ms  425 pps
[  3] 105.00-110.00 sec  2.98 MBytes  5.00 Mbits/sec   0.423 ms    7/ 2126 (0.33%)  1.105/ 0.418/30.274/ 1.741 ms  425 pps
[  3] 105.00-110.00 sec  7 datagrams received out-of-order
[  3] 110.00-115.00 sec  2.98 MBytes  5.00 Mbits/sec   0.578 ms    0/ 2126 (0%)  1.077/ 0.416/12.634/ 1.007 ms  425 pps
[  3] 115.00-120.00 sec  2.98 MBytes  5.00 Mbits/sec   0.568 ms    0/ 2125 (0%)  2.516/ 0.407/27.701/ 4.184 ms  425 pps
[  3] 120.00-125.00 sec  2.98 MBytes  5.00 Mbits/sec   0.759 ms    2/ 2126 (0.094%)  1.416/ 0.410/25.818/ 1.725 ms  425 pps
[  3] 120.00-125.00 sec  2 datagrams received out-of-order
[  3] 125.00-130.00 sec  2.98 MBytes  5.00 Mbits/sec   0.630 ms    0/ 2126 (0%)  1.269/ 0.426/15.582/ 1.446 ms  425 pps
[  3] 130.00-135.00 sec  2.98 MBytes  5.00 Mbits/sec   0.525 ms    0/ 2126 (0%)  1.063/ 0.431/12.770/ 0.895 ms  425 pps
[  3] 135.00-140.00 sec  2.98 MBytes  5.00 Mbits/sec   0.869 ms   16/ 2126 (0.75%)  1.755/ 0.422/119.317/ 7.665 ms  425 pps
[  3] 135.00-140.00 sec  16 datagrams received out-of-order
[  3] 140.00-145.00 sec  2.98 MBytes  5.00 Mbits/sec   0.743 ms    0/ 2125 (0%)  0.995/ 0.416/12.361/ 0.890 ms  425 pps
[  3] 145.00-150.00 sec  2.98 MBytes  5.00 Mbits/sec   0.691 ms    0/ 2126 (0%)  0.996/ 0.411/10.776/ 0.801 ms  425 pps
[  3] 150.00-155.00 sec  2.98 MBytes  5.00 Mbits/sec   0.507 ms    2/ 2126 (0.094%)  1.052/ 0.415/19.918/ 1.186 ms  425 pps
[  3] 150.00-155.00 sec  2 datagrams received out-of-order
[  3] 155.00-160.00 sec  2.98 MBytes  5.00 Mbits/sec   0.329 ms    0/ 2126 (0%)  1.763/ 0.430/26.066/ 3.008 ms  425 pps
[  3] 160.00-165.00 sec  2.98 MBytes  5.00 Mbits/sec   0.696 ms    0/ 2126 (0%)  1.338/ 0.416/12.885/ 1.324 ms  425 pps
[  3] 165.00-170.00 sec  2.98 MBytes  5.00 Mbits/sec   0.586 ms    9/ 2126 (0.42%)  1.257/ 0.427/57.641/ 3.132 ms  425 pps
[  3] 165.00-170.00 sec  9 datagrams received out-of-order
[  3] 170.00-175.00 sec  2.98 MBytes  5.00 Mbits/sec   0.544 ms    0/ 2126 (0%)  1.075/ 0.423/10.579/ 0.788 ms  425 pps
[  3] 175.00-180.00 sec  2.98 MBytes  5.00 Mbits/sec   0.523 ms    0/ 2126 (0%)  1.114/ 0.424/11.809/ 0.989 ms  425 pps
[  3] 180.00-185.00 sec  2.98 MBytes  5.00 Mbits/sec   0.454 ms   14/ 2125 (0.66%)  1.738/ 0.431/55.592/ 4.548 ms  425 pps
[  3] 180.00-185.00 sec  14 datagrams received out-of-order
[  3] 185.00-190.00 sec  2.98 MBytes  5.00 Mbits/sec   0.281 ms    0/ 2126 (0%)  1.025/ 0.416/ 8.343/ 0.694 ms  425 pps
[  3] 190.00-195.00 sec  2.98 MBytes  5.00 Mbits/sec   0.466 ms    0/ 2126 (0%)  1.113/ 0.429/ 9.985/ 0.868 ms  425 pps
[  3] 195.00-200.00 sec  2.98 MBytes  5.00 Mbits/sec   0.799 ms   12/ 2126 (0.56%)  1.458/ 0.430/52.368/ 3.845 ms  425 pps
[  3] 195.00-200.00 sec  12 datagrams received out-of-order
[  3] 200.00-205.00 sec  2.98 MBytes  5.00 Mbits/sec   0.742 ms    0/ 2125 (0%)  1.151/ 0.356/13.830/ 0.930 ms  425 pps
[  3] 205.00-210.00 sec  2.98 MBytes  5.00 Mbits/sec   0.289 ms    0/ 2127 (0%)  1.255/ 0.413/12.092/ 1.286 ms  425 pps
[  3] 210.00-215.00 sec  2.98 MBytes  5.00 Mbits/sec   0.655 ms   10/ 2125 (0.47%)  1.416/ 0.432/69.483/ 3.508 ms  425 pps
[  3] 210.00-215.00 sec  10 datagrams received out-of-order
[  3] 215.00-220.00 sec  2.98 MBytes  5.00 Mbits/sec   0.621 ms    0/ 2126 (0%)  1.061/ 0.411/ 9.431/ 0.820 ms  425 pps
[  3] 0.00-224.95 sec   134 MBytes  5.00 Mbits/sec   0.468 ms  210/95665 (0.22%)  1.426/ 0.332/200.600/ 5.191 ms  425 pps
[  3] 0.00-224.95 sec  210 datagrams received out-of-order
