------------------------------------------------------------
Server listening on UDP port 5001 with pid 22075
Receiving 1470 byte datagrams
UDP buffer size:  208 KByte (default)
------------------------------------------------------------
[  3] local 10.0.0.5 port 5001 connected with 10.0.0.6 port 42680
[ ID] Interval       Transfer     Bandwidth        Jitter   Lost/Total  Latency avg/min/max/stdev PPS
[  3] 0.00-5.00 sec  5.38 MBytes  9.03 Mbits/sec   0.207 ms    4/ 3839 (0.1%)  2.325/ 0.060/30.632/ 4.378 ms  768 pps
[  3] 0.00-5.00 sec  4 datagrams received out-of-order
[  3] 5.00-10.00 sec  5.36 MBytes  9.00 Mbits/sec   0.086 ms    0/ 3826 (0%)  4.398/ 0.057/48.494/ 8.545 ms  765 pps
[  3] 10.00-15.00 sec  5.36 MBytes  9.00 Mbits/sec   0.277 ms    0/ 3826 (0%)  0.861/ 0.016/15.840/ 1.769 ms  765 pps
[  3] 15.00-20.00 sec  5.37 MBytes  9.00 Mbits/sec   0.090 ms    2/ 3827 (0.052%)  1.030/ 0.042/20.034/ 2.274 ms  765 pps
[  3] 15.00-20.00 sec  2 datagrams received out-of-order
[  3] 20.00-25.00 sec  5.36 MBytes  9.00 Mbits/sec   0.242 ms    0/ 3826 (0%)  0.782/ 0.050/17.559/ 1.830 ms  765 pps
[  3] 25.00-30.00 sec  5.37 MBytes  9.00 Mbits/sec   0.299 ms    0/ 3827 (0%)  0.833/ 0.000/14.657/ 1.746 ms  765 pps
[  3] 30.00-35.00 sec  5.37 MBytes  9.00 Mbits/sec   0.266 ms    1/ 3827 (0.026%)  1.803/ 0.055/30.810/ 3.938 ms  765 pps
[  3] 30.00-35.00 sec  1 datagrams received out-of-order
[  3] 35.00-40.00 sec  5.36 MBytes  9.00 Mbits/sec   0.344 ms    0/ 3826 (0%)  0.613/ 0.000/19.585/ 1.549 ms  765 pps
[  3] 40.00-45.00 sec  5.37 MBytes  9.00 Mbits/sec   0.345 ms    0/ 3827 (0%)  0.456/ 0.013/13.052/ 0.855 ms  765 pps
[  3] 45.00-50.00 sec  5.26 MBytes  8.82 Mbits/sec   0.346 ms   77/ 3826 (2%)  8.299/ 0.046/241.712/27.450 ms  750 pps
[  3] 45.00-50.00 sec  9 datagrams received out-of-order
[  3] 50.00-55.00 sec  5.37 MBytes  9.00 Mbits/sec   0.201 ms    0/ 3827 (0%)  0.607/-0.001/15.311/ 1.388 ms  765 pps
[  3] 55.00-60.00 sec  5.36 MBytes  9.00 Mbits/sec   0.194 ms    0/ 3826 (0%)  0.478/ 0.044/14.234/ 1.082 ms  765 pps
[  3] 60.00-65.00 sec  5.22 MBytes  8.76 Mbits/sec   0.345 ms  102/ 3827 (2.7%) 17.318/ 0.046/577.401/56.158 ms  745 pps
[  3] 60.00-65.00 sec  70 datagrams received out-of-order
[  3] 65.00-70.00 sec  5.36 MBytes  9.00 Mbits/sec   0.637 ms    0/ 3826 (0%)  1.078/ 0.052/22.182/ 2.368 ms  765 pps
[  3] 70.00-75.00 sec  5.37 MBytes  9.00 Mbits/sec   0.463 ms    0/ 3827 (0%)  2.205/ 0.036/34.389/ 4.389 ms  765 pps
[  3] 75.00-80.00 sec  4.96 MBytes  8.33 Mbits/sec   0.859 ms  285/ 3825 (7.5%) 33.144/ 0.047/332.972/69.684 ms  708 pps
[  3] 75.00-80.00 sec  14 datagrams received out-of-order
[  3] 80.00-85.00 sec  5.37 MBytes  9.00 Mbits/sec   0.323 ms    0/ 3828 (0%)  0.792/ 0.048/14.601/ 1.543 ms  766 pps
[  3] 85.00-90.00 sec  5.37 MBytes  9.00 Mbits/sec   0.287 ms    0/ 3827 (0%)  1.865/ 0.047/25.704/ 3.742 ms  765 pps
[  3] 90.00-95.00 sec  5.36 MBytes  9.00 Mbits/sec   0.234 ms    0/ 3826 (0%)  1.213/ 0.046/25.497/ 2.783 ms  765 pps
[  3] 95.00-100.00 sec  5.37 MBytes  9.00 Mbits/sec   0.245 ms    0/ 3827 (0%)  1.129/ 0.046/27.492/ 2.883 ms  765 pps
[  3] 100.00-105.00 sec  5.36 MBytes  9.00 Mbits/sec   0.245 ms    0/ 3826 (0%)  1.200/ 0.045/21.002/ 2.400 ms  765 pps
[  3] 105.00-110.00 sec  5.32 MBytes  8.93 Mbits/sec   0.206 ms   32/ 3827 (0.84%)  6.405/ 0.000/96.816/16.400 ms  759 pps
[  3] 105.00-110.00 sec  3 datagrams received out-of-order
[  3] 110.00-115.00 sec  5.36 MBytes  9.00 Mbits/sec   0.238 ms    0/ 3826 (0%)  1.916/ 0.044/30.502/ 3.911 ms  765 pps
[  3] 115.00-120.00 sec  5.37 MBytes  9.00 Mbits/sec   0.256 ms    0/ 3827 (0%)  0.761/ 0.044/12.912/ 1.560 ms  765 pps
[  3] 120.00-125.00 sec  5.36 MBytes  9.00 Mbits/sec   0.174 ms    0/ 3826 (0%)  0.886/ 0.050/22.585/ 2.110 ms  765 pps
[  3] 125.00-130.00 sec  5.37 MBytes  9.00 Mbits/sec   0.376 ms    0/ 3827 (0%)  1.115/ 0.046/26.932/ 2.667 ms  765 pps
[  3] 130.00-135.00 sec  5.36 MBytes  9.00 Mbits/sec   0.257 ms    0/ 3826 (0%)  0.763/ 0.046/16.339/ 1.626 ms  765 pps
[  3] 135.00-140.00 sec  5.37 MBytes  9.00 Mbits/sec   0.152 ms    3/ 3827 (0.078%)  0.832/ 0.048/27.556/ 1.813 ms  765 pps
[  3] 135.00-140.00 sec  3 datagrams received out-of-order
[  3] 140.00-145.00 sec  5.37 MBytes  9.00 Mbits/sec   0.249 ms    0/ 3827 (0%)  0.765/ 0.048/14.960/ 1.715 ms  765 pps
[  3] 145.00-150.00 sec  5.36 MBytes  9.00 Mbits/sec   0.129 ms    0/ 3826 (0%)  1.824/ 0.047/31.623/ 4.373 ms  765 pps
[  3] 150.00-155.00 sec  5.37 MBytes  9.00 Mbits/sec   0.152 ms    2/ 3827 (0.052%)  0.665/ 0.047/11.755/ 1.219 ms  765 pps
[  3] 150.00-155.00 sec  2 datagrams received out-of-order
[  3] 155.00-160.00 sec  5.36 MBytes  8.99 Mbits/sec   0.594 ms    0/ 3822 (0%)  0.790/ 0.000/10.794/ 1.434 ms  765 pps
[  3] 160.00-165.00 sec  5.19 MBytes  8.71 Mbits/sec   0.257 ms  128/ 3831 (3.3%) 22.026/ 0.043/123.697/34.887 ms  740 pps
[  3] 160.00-165.00 sec  1 datagrams received out-of-order
[  3] 165.00-170.00 sec  5.36 MBytes  9.00 Mbits/sec   0.113 ms    3/ 3826 (0.078%)  0.757/ 0.046/15.500/ 1.652 ms  765 pps
[  3] 165.00-170.00 sec  3 datagrams received out-of-order
[  3] 170.00-175.00 sec  5.37 MBytes  9.00 Mbits/sec   0.249 ms    0/ 3827 (0%)  0.519/ 0.044/13.187/ 1.090 ms  765 pps
[  3] 175.00-180.00 sec  5.36 MBytes  9.00 Mbits/sec   0.266 ms    0/ 3826 (0%)  0.357/ 0.047/10.307/ 0.719 ms  765 pps
[  3] 180.00-185.00 sec  5.37 MBytes  9.00 Mbits/sec   0.384 ms    0/ 3827 (0%)  0.512/ 0.045/16.040/ 1.298 ms  765 pps
[  3] 185.00-190.00 sec  5.36 MBytes  9.00 Mbits/sec   0.224 ms    0/ 3826 (0%)  0.664/ 0.000/20.490/ 1.951 ms  765 pps
[  3] 190.00-195.00 sec  5.37 MBytes  9.00 Mbits/sec   0.328 ms    0/ 3827 (0%)  0.360/ 0.015/10.985/ 0.694 ms  765 pps
[  3] 195.00-200.00 sec  5.36 MBytes  9.00 Mbits/sec   0.310 ms    4/ 3826 (0.1%)  0.505/ 0.048/14.293/ 1.351 ms  765 pps
[  3] 195.00-200.00 sec  4 datagrams received out-of-order
[  3] 200.00-205.00 sec  5.37 MBytes  9.00 Mbits/sec   0.193 ms    0/ 3827 (0%)  0.380/ 0.044/10.494/ 0.689 ms  765 pps
[  3] 205.00-210.00 sec  5.36 MBytes  9.00 Mbits/sec   0.145 ms    0/ 3826 (0%)  0.735/ 0.044/25.518/ 2.198 ms  765 pps
[  3] 210.00-215.00 sec  5.36 MBytes  9.00 Mbits/sec   0.303 ms    0/ 3826 (0%)  0.368/ 0.044/11.114/ 0.650 ms  765 pps
[  3] 215.00-220.00 sec  5.37 MBytes  9.00 Mbits/sec   0.242 ms    0/ 3828 (0%)  0.429/ 0.047/12.011/ 0.856 ms  765 pps
[  3] 0.00-224.99 sec   241 MBytes  8.97 Mbits/sec   0.166 ms  624/172194 (0.36%)  2.748/-0.001/577.401/16.101 ms  762 pps
[  3] 0.00-224.99 sec  116 datagrams received out-of-order
