------------------------------------------------------------
Server listening on UDP port 5001 with pid 15636
Receiving 1470 byte datagrams
UDP buffer size:  208 KByte (default)
------------------------------------------------------------
[  3] local 10.0.0.4 port 5001 connected with 10.0.0.7 port 55299
[ ID] Interval       Transfer     Bandwidth        Jitter   Lost/Total  Latency avg/min/max/stdev PPS
[  3] 0.00-5.00 sec  4.19 MBytes  7.04 Mbits/sec   0.547 ms    4/ 2992 (0.13%)  1.538/ 0.365/34.358/ 2.785 ms  598 pps
[  3] 0.00-5.00 sec  4 datagrams received out-of-order
[  3] 5.00-10.00 sec  4.17 MBytes  7.00 Mbits/sec   0.343 ms    0/ 2976 (0%)  0.852/ 0.392/10.438/ 0.725 ms  595 pps
[  3] 10.00-15.00 sec  4.17 MBytes  7.00 Mbits/sec   0.363 ms    0/ 2976 (0%)  0.821/ 0.383/10.994/ 0.600 ms  595 pps
[  3] 15.00-20.00 sec  4.17 MBytes  7.00 Mbits/sec   0.266 ms    7/ 2976 (0.24%)  0.877/ 0.326/24.201/ 1.310 ms  595 pps
[  3] 15.00-20.00 sec  7 datagrams received out-of-order
[  3] 20.00-25.00 sec  4.17 MBytes  7.00 Mbits/sec   0.275 ms    0/ 2976 (0%)  0.762/ 0.371/14.442/ 0.681 ms  595 pps
[  3] 25.00-30.00 sec  4.17 MBytes  7.00 Mbits/sec   0.171 ms    0/ 2977 (0%)  0.753/ 0.299/10.987/ 0.543 ms  595 pps
[  3] 30.00-35.00 sec  4.17 MBytes  6.99 Mbits/sec   0.601 ms    5/ 2974 (0.17%)  0.806/ 0.372/15.216/ 0.811 ms  595 pps
[  3] 30.00-35.00 sec  5 datagrams received out-of-order
[  3] 35.00-40.00 sec  4.17 MBytes  7.00 Mbits/sec   0.554 ms    0/ 2977 (0%)  0.773/ 0.378/12.197/ 0.621 ms  596 pps
[  3] 40.00-45.00 sec  4.17 MBytes  7.00 Mbits/sec   0.374 ms    0/ 2977 (0%)  0.732/ 0.278/13.004/ 0.605 ms  595 pps
[  3] 45.00-50.00 sec  4.17 MBytes  7.00 Mbits/sec   0.490 ms    5/ 2977 (0.17%)  0.708/ 0.347/22.777/ 0.819 ms  595 pps
[  3] 45.00-50.00 sec  5 datagrams received out-of-order
[  3] 50.00-55.00 sec  4.17 MBytes  6.99 Mbits/sec   0.600 ms    0/ 2974 (0%)  0.781/ 0.370/11.030/ 0.619 ms  595 pps
[  3] 55.00-60.00 sec  4.17 MBytes  7.00 Mbits/sec   0.215 ms    0/ 2978 (0%)  0.746/ 0.369/15.789/ 0.745 ms  595 pps
[  3] 60.00-65.00 sec  4.17 MBytes  7.00 Mbits/sec   0.332 ms   12/ 2976 (0.4%)  0.920/ 0.371/36.205/ 2.241 ms  595 pps
[  3] 60.00-65.00 sec  12 datagrams received out-of-order
[  3] 65.00-70.00 sec  4.17 MBytes  7.00 Mbits/sec   0.338 ms    0/ 2976 (0%)  0.777/ 0.378/13.487/ 0.648 ms  595 pps
[  3] 70.00-75.00 sec  4.17 MBytes  7.00 Mbits/sec   0.454 ms    0/ 2975 (0%)  1.277/ 0.363/17.962/ 1.791 ms  595 pps
[  3] 75.00-80.00 sec  4.17 MBytes  7.00 Mbits/sec   0.437 ms    3/ 2977 (0.1%)  0.964/ 0.352/19.459/ 1.199 ms  595 pps
[  3] 75.00-80.00 sec  3 datagrams received out-of-order
[  3] 80.00-85.00 sec  4.17 MBytes  7.00 Mbits/sec   0.716 ms    0/ 2977 (0%)  0.867/ 0.373/14.426/ 0.910 ms  595 pps
[  3] 85.00-90.00 sec  4.17 MBytes  7.00 Mbits/sec   0.274 ms    0/ 2976 (0%)  0.788/ 0.369/12.060/ 0.731 ms  595 pps
[  3] 90.00-95.00 sec  4.17 MBytes  7.00 Mbits/sec   0.519 ms    3/ 2976 (0.1%)  0.772/ 0.368/11.889/ 0.676 ms  595 pps
[  3] 90.00-95.00 sec  3 datagrams received out-of-order
[  3] 95.00-100.00 sec  4.17 MBytes  7.00 Mbits/sec   0.264 ms    0/ 2976 (0%)  0.732/ 0.363/11.254/ 0.653 ms  595 pps
[  3] 100.00-105.00 sec  4.17 MBytes  7.00 Mbits/sec   0.584 ms    0/ 2975 (0%)  0.745/ 0.372/ 8.486/ 0.601 ms  595 pps
[  3] 105.00-110.00 sec  4.17 MBytes  7.00 Mbits/sec   0.444 ms    4/ 2977 (0.13%)  0.773/ 0.367/16.599/ 0.815 ms  595 pps
[  3] 105.00-110.00 sec  4 datagrams received out-of-order
[  3] 110.00-115.00 sec  4.17 MBytes  7.00 Mbits/sec   0.248 ms    0/ 2977 (0%)  0.878/ 0.374/ 9.265/ 0.785 ms  595 pps
[  3] 115.00-120.00 sec  4.17 MBytes  7.00 Mbits/sec   0.720 ms    0/ 2976 (0%)  0.905/ 0.383/12.546/ 0.807 ms  595 pps
[  3] 120.00-125.00 sec  4.17 MBytes  7.00 Mbits/sec   0.522 ms    3/ 2975 (0.1%)  0.792/ 0.368/17.407/ 0.670 ms  595 pps
[  3] 120.00-125.00 sec  3 datagrams received out-of-order
[  3] 125.00-130.00 sec  4.17 MBytes  7.00 Mbits/sec   0.446 ms    0/ 2978 (0%)  0.786/ 0.379/ 7.882/ 0.485 ms  595 pps
[  3] 130.00-135.00 sec  4.17 MBytes  7.00 Mbits/sec   0.297 ms    0/ 2976 (0%)  0.794/ 0.178/10.152/ 0.658 ms  595 pps
[  3] 135.00-140.00 sec  4.17 MBytes  7.00 Mbits/sec   0.256 ms    2/ 2976 (0.067%)  0.921/ 0.372/16.385/ 1.178 ms  595 pps
[  3] 135.00-140.00 sec  2 datagrams received out-of-order
[  3] 140.00-145.00 sec  4.17 MBytes  7.00 Mbits/sec   0.249 ms    0/ 2976 (0%)  0.771/ 0.365/10.561/ 0.591 ms  595 pps
[  3] 145.00-150.00 sec  4.17 MBytes  7.00 Mbits/sec   0.354 ms    0/ 2977 (0%)  0.818/ 0.373/12.206/ 0.719 ms  595 pps
[  3] 150.00-155.00 sec  4.17 MBytes  7.00 Mbits/sec   0.377 ms    2/ 2975 (0.067%)  0.831/ 0.376/11.296/ 0.736 ms  595 pps
[  3] 150.00-155.00 sec  2 datagrams received out-of-order
[  3] 155.00-160.00 sec  4.17 MBytes  7.00 Mbits/sec   0.489 ms    0/ 2977 (0%)  0.829/ 0.261/ 9.518/ 0.650 ms  595 pps
[  3] 160.00-165.00 sec  4.17 MBytes  7.00 Mbits/sec   0.288 ms    0/ 2976 (0%)  0.848/ 0.230/10.065/ 0.759 ms  595 pps
[  3] 165.00-170.00 sec  4.17 MBytes  7.00 Mbits/sec   0.414 ms    2/ 2976 (0.067%)  0.833/ 0.379/11.135/ 0.731 ms  595 pps
[  3] 165.00-170.00 sec  2 datagrams received out-of-order
[  3] 170.00-175.00 sec  4.17 MBytes  7.00 Mbits/sec   0.326 ms    0/ 2977 (0%)  0.778/ 0.366/ 9.075/ 0.593 ms  595 pps
[  3] 175.00-180.00 sec  4.17 MBytes  7.00 Mbits/sec   0.317 ms    0/ 2976 (0%)  0.758/ 0.375/ 9.408/ 0.530 ms  595 pps
[  3] 180.00-185.00 sec  4.17 MBytes  7.00 Mbits/sec   0.539 ms    3/ 2975 (0.1%)  0.853/ 0.371/16.653/ 0.923 ms  595 pps
[  3] 180.00-185.00 sec  3 datagrams received out-of-order
[  3] 185.00-190.00 sec  4.17 MBytes  7.00 Mbits/sec   0.363 ms    0/ 2977 (0%)  0.748/ 0.303/ 7.564/ 0.478 ms  595 pps
[  3] 190.00-195.00 sec  4.17 MBytes  7.00 Mbits/sec   0.377 ms    0/ 2976 (0%)  0.721/ 0.369/10.598/ 0.578 ms  595 pps
[  3] 195.00-200.00 sec  4.17 MBytes  7.00 Mbits/sec   0.659 ms    0/ 2976 (0%)  1.286/ 0.370/15.977/ 1.777 ms  595 pps
[  3] 200.00-205.00 sec  4.17 MBytes  7.00 Mbits/sec   0.606 ms    0/ 2977 (0%)  0.800/ 0.372/ 9.268/ 0.535 ms  595 pps
[  3] 205.00-210.00 sec  4.17 MBytes  7.00 Mbits/sec   0.190 ms    0/ 2976 (0%)  0.776/ 0.188/ 9.281/ 0.588 ms  595 pps
[  3] 210.00-215.00 sec  4.17 MBytes  7.00 Mbits/sec   0.775 ms    4/ 2976 (0.13%)  0.961/ 0.375/17.747/ 1.203 ms  595 pps
[  3] 210.00-215.00 sec  4 datagrams received out-of-order
[  3] 215.00-220.00 sec  4.17 MBytes  7.00 Mbits/sec   0.466 ms    0/ 2976 (0%)  0.902/ 0.376/10.741/ 0.769 ms  595 pps
[  3] 0.00-224.98 sec   188 MBytes  7.00 Mbits/sec   0.385 ms   59/133930 (0.044%)  0.850/ 0.178/36.205/ 0.987 ms  595 pps
[  3] 0.00-224.98 sec  59 datagrams received out-of-order
