------------------------------------------------------------
Server listening on UDP port 5001 with pid 29227
Receiving 1470 byte datagrams
UDP buffer size:  208 KByte (default)
------------------------------------------------------------
[  3] local 10.0.0.10 port 5001 connected with 10.0.0.9 port 40744
[ ID] Interval       Transfer     Bandwidth        Jitter   Lost/Total  Latency avg/min/max/stdev PPS
[  3] 0.00-5.00 sec  5.30 MBytes  8.89 Mbits/sec   0.280 ms   68/ 3848 (1.8%) 12.257/ 0.395/152.699/29.922 ms  756 pps
[  3] 0.00-5.00 sec  1 datagrams received out-of-order
[  3] 5.00-10.00 sec  5.37 MBytes  9.00 Mbits/sec   0.576 ms    0/ 3827 (0%)  1.208/ 0.408/21.813/ 1.808 ms  765 pps
[  3] 10.00-15.00 sec  5.36 MBytes  9.00 Mbits/sec   0.437 ms    0/ 3825 (0%)  1.241/ 0.391/21.025/ 1.985 ms  765 pps
[  3] 15.00-20.00 sec  5.37 MBytes  9.00 Mbits/sec   0.436 ms    4/ 3828 (0.1%)  1.269/ 0.413/26.826/ 2.208 ms  765 pps
[  3] 15.00-20.00 sec  4 datagrams received out-of-order
[  3] 20.00-25.00 sec  5.36 MBytes  9.00 Mbits/sec   0.601 ms    0/ 3826 (0%)  1.335/ 0.402/13.360/ 1.524 ms  765 pps
[  3] 25.00-30.00 sec  5.36 MBytes  9.00 Mbits/sec   0.247 ms    0/ 3826 (0%)  0.985/ 0.274/11.102/ 1.004 ms  765 pps
[  3] 30.00-35.00 sec  5.37 MBytes  9.00 Mbits/sec   0.396 ms    0/ 3827 (0%)  0.968/ 0.399/16.278/ 1.073 ms  765 pps
[  3] 35.00-40.00 sec  5.37 MBytes  9.00 Mbits/sec   0.293 ms    0/ 3827 (0%)  1.036/ 0.415/15.394/ 1.153 ms  766 pps
[  3] 40.00-45.00 sec  5.36 MBytes  9.00 Mbits/sec   0.377 ms    0/ 3826 (0%)  1.172/ 0.374/17.274/ 1.663 ms  765 pps
[  3] 45.00-50.00 sec  5.36 MBytes  9.00 Mbits/sec   0.342 ms   14/ 3826 (0.37%)  1.400/ 0.385/80.372/ 4.511 ms  765 pps
[  3] 45.00-50.00 sec  14 datagrams received out-of-order
[  3] 50.00-55.00 sec  5.37 MBytes  9.00 Mbits/sec   0.377 ms    0/ 3827 (0%)  1.122/ 0.326/16.179/ 1.390 ms  765 pps
[  3] 55.00-60.00 sec  5.37 MBytes  9.00 Mbits/sec   0.279 ms    0/ 3827 (0%)  2.592/ 0.397/39.365/ 5.252 ms  765 pps
[  3] 60.00-65.00 sec  5.36 MBytes  9.00 Mbits/sec   0.371 ms    5/ 3826 (0.13%)  1.192/ 0.369/18.991/ 1.447 ms  765 pps
[  3] 60.00-65.00 sec  5 datagrams received out-of-order
[  3] 65.00-70.00 sec  5.37 MBytes  9.00 Mbits/sec   0.298 ms    0/ 3827 (0%)  1.813/ 0.395/27.567/ 3.091 ms  765 pps
[  3] 70.00-75.00 sec  5.37 MBytes  9.00 Mbits/sec   0.353 ms    0/ 3827 (0%)  1.384/ 0.307/27.129/ 2.407 ms  765 pps
[  3] 75.00-80.00 sec  5.36 MBytes  9.00 Mbits/sec   0.377 ms   13/ 3826 (0.34%)  2.091/ 0.340/43.762/ 3.578 ms  765 pps
[  3] 75.00-80.00 sec  13 datagrams received out-of-order
[  3] 80.00-85.00 sec  5.36 MBytes  9.00 Mbits/sec   0.331 ms    0/ 3826 (0%)  1.110/ 0.407/16.236/ 1.382 ms  765 pps
[  3] 85.00-90.00 sec  5.36 MBytes  9.00 Mbits/sec   0.282 ms    0/ 3826 (0%)  1.055/ 0.374/17.766/ 1.567 ms  765 pps
[  3] 90.00-95.00 sec  5.37 MBytes  9.00 Mbits/sec   0.595 ms   28/ 3828 (0.73%)  2.535/ 0.407/135.672/ 9.277 ms  766 pps
[  3] 90.00-95.00 sec  28 datagrams received out-of-order
[  3] 95.00-100.00 sec  5.36 MBytes  9.00 Mbits/sec   0.260 ms    0/ 3826 (0%)  1.208/ 0.410/23.108/ 2.031 ms  765 pps
[  3] 100.00-105.00 sec  5.37 MBytes  9.00 Mbits/sec   0.253 ms    0/ 3827 (0%)  2.431/ 0.382/40.763/ 5.301 ms  765 pps
[  3] 105.00-110.00 sec  5.36 MBytes  9.00 Mbits/sec   0.156 ms    0/ 3826 (0%)  1.751/ 0.403/27.978/ 3.287 ms  765 pps
[  3] 110.00-115.00 sec  5.36 MBytes  8.99 Mbits/sec   0.441 ms    6/ 3827 (0.16%)  7.423/ 0.421/64.283/11.873 ms  764 pps
[  3] 110.00-115.00 sec  1 datagrams received out-of-order
[  3] 115.00-120.00 sec  5.37 MBytes  9.00 Mbits/sec   0.245 ms    0/ 3827 (0%)  1.281/ 0.404/17.011/ 1.782 ms  765 pps
[  3] 120.00-125.00 sec  5.36 MBytes  9.00 Mbits/sec   0.311 ms    0/ 3826 (0%)  1.151/ 0.397/14.632/ 1.463 ms  765 pps
[  3] 125.00-130.00 sec  5.36 MBytes  9.00 Mbits/sec   0.535 ms    0/ 3826 (0%)  1.047/ 0.382/10.099/ 0.971 ms  765 pps
[  3] 130.00-135.00 sec  5.37 MBytes  9.00 Mbits/sec   0.509 ms    0/ 3827 (0%)  1.100/ 0.241/14.523/ 1.311 ms  766 pps
[  3] 135.00-140.00 sec  4.45 MBytes  7.47 Mbits/sec   0.507 ms  633/ 3809 (17%) 39.666/ 0.371/948.567/106.872 ms  635 pps
[  3] 135.00-140.00 sec  66 datagrams received out-of-order
[  3] 140.00-145.00 sec  3.90 MBytes  6.55 Mbits/sec   0.579 ms 1043/ 3828 (27%) 23.631/16.154/41.268/ 2.082 ms  557 pps
[  3] 145.00-150.00 sec  3.92 MBytes  6.57 Mbits/sec   0.419 ms 1031/ 3825 (27%) 23.871/15.583/43.457/ 2.537 ms  559 pps
[  3] 145.00-150.00 sec  1 datagrams received out-of-order
[  3] 150.00-155.00 sec  4.49 MBytes  7.54 Mbits/sec   0.386 ms  640/ 3844 (17%) 20.066/ 0.427/361.653/30.344 ms  641 pps
[  3] 150.00-155.00 sec  45 datagrams received out-of-order
[  3] 155.00-160.00 sec  5.37 MBytes  9.00 Mbits/sec   0.274 ms    0/ 3827 (0%)  2.696/ 0.382/31.081/ 4.695 ms  765 pps
[  3] 160.00-165.00 sec  5.36 MBytes  9.00 Mbits/sec   0.297 ms    0/ 3826 (0%)  1.885/ 0.388/27.641/ 3.363 ms  765 pps
[  3] 165.00-170.00 sec  4.94 MBytes  8.28 Mbits/sec   1.039 ms  288/ 3810 (7.6%)  9.094/ 0.392/105.607/14.705 ms  704 pps
[  3] 165.00-170.00 sec  1 datagrams received out-of-order
[  3] 170.00-175.00 sec  3.90 MBytes  6.54 Mbits/sec   0.522 ms 1048/ 3827 (27%) 35.355/20.925/117.584/22.284 ms  556 pps
[  3] 175.00-180.00 sec  3.82 MBytes  6.41 Mbits/sec   1.620 ms 1018/ 3743 (27%) 42.172/13.091/176.059/37.244 ms  545 pps
[  3] 180.00-185.00 sec  4.11 MBytes  6.89 Mbits/sec   0.641 ms  991/ 3922 (25%) 48.259/ 0.496/390.559/51.213 ms  586 pps
[  3] 180.00-185.00 sec  66 datagrams received out-of-order
[  3] 185.00-190.00 sec  5.27 MBytes  8.85 Mbits/sec   0.710 ms   70/ 3831 (1.8%) 21.859/ 0.348/142.124/35.309 ms  752 pps
[  3] 190.00-195.00 sec  5.33 MBytes  8.94 Mbits/sec   0.380 ms   24/ 3826 (0.63%) 10.606/ 0.243/73.787/16.164 ms  760 pps
[  3] 195.00-200.00 sec  5.05 MBytes  8.47 Mbits/sec   0.502 ms  209/ 3810 (5.5%) 15.129/ 0.352/74.655/16.711 ms  720 pps
[  3] 195.00-200.00 sec  1 datagrams received out-of-order
[  3] 200.00-205.00 sec  3.81 MBytes  6.40 Mbits/sec   0.968 ms 1105/ 3826 (29%) 26.696/16.350/95.463/10.150 ms  544 pps
[  3] 205.00-210.00 sec  3.82 MBytes  6.41 Mbits/sec   1.306 ms 1097/ 3824 (29%) 26.292/18.319/84.325/ 9.049 ms  545 pps
[  3] 210.00-215.00 sec  4.08 MBytes  6.84 Mbits/sec   0.618 ms  936/ 3846 (24%) 27.617/ 0.402/144.455/23.483 ms  583 pps
[  3] 210.00-215.00 sec  5 datagrams received out-of-order
[  3] 215.00-220.00 sec  5.32 MBytes  8.93 Mbits/sec   0.271 ms   30/ 3827 (0.78%) 17.774/ 0.365/123.199/30.568 ms  759 pps
[  3] 220.00-225.00 sec  5.37 MBytes  9.00 Mbits/sec   0.345 ms    0/ 3827 (0%)  3.686/ 0.395/39.637/ 7.113 ms  765 pps
[  3] 225.00-230.00 sec  5.27 MBytes  8.84 Mbits/sec   0.660 ms   50/ 3809 (1.3%)  3.613/ 0.393/34.108/ 6.059 ms  752 pps
[  3] 230.00-235.00 sec  3.90 MBytes  6.54 Mbits/sec   1.105 ms 1039/ 3821 (27%) 30.509/14.607/195.812/11.633 ms  557 pps
[  3] 230.00-235.00 sec  6 datagrams received out-of-order
[  3] 235.00-240.00 sec  3.79 MBytes  6.36 Mbits/sec   0.790 ms 1130/ 3832 (29%) 38.631/16.057/209.147/40.671 ms  540 pps
[  3] 240.00-245.00 sec  3.81 MBytes  6.39 Mbits/sec   0.872 ms 1109/ 3826 (29%) 30.410/17.003/133.906/20.767 ms  544 pps
[  3] 245.00-250.00 sec  5.28 MBytes  8.86 Mbits/sec   0.680 ms   74/ 3842 (1.9%)  4.720/ 0.411/36.157/ 6.522 ms  754 pps
[  3] 245.00-250.00 sec  1 datagrams received out-of-order
[  3] 250.00-255.00 sec  5.32 MBytes  8.93 Mbits/sec   0.389 ms   10/ 3806 (0.26%) 11.503/ 0.284/74.278/17.587 ms  759 pps
[  3] 255.00-260.00 sec  5.39 MBytes  9.04 Mbits/sec   0.465 ms    4/ 3849 (0.1%)  5.842/ 0.403/49.469/ 9.268 ms  769 pps
[  3] 260.00-265.00 sec  4.06 MBytes  6.81 Mbits/sec   1.452 ms  911/ 3806 (24%) 23.299/ 0.423/66.202/13.326 ms  579 pps
[  3] 260.00-265.00 sec  1 datagrams received out-of-order
[  3] 265.00-270.00 sec  3.95 MBytes  6.63 Mbits/sec   1.107 ms 1008/ 3829 (26%) 25.157/18.241/60.168/ 4.924 ms  565 pps
[  3] 270.00-275.00 sec  3.86 MBytes  6.48 Mbits/sec   1.086 ms 1071/ 3827 (28%) 27.496/19.069/115.614/14.375 ms  551 pps
[  3] 275.00-280.00 sec  5.11 MBytes  8.58 Mbits/sec   0.645 ms  195/ 3843 (5.1%) 10.332/ 0.387/72.692/15.737 ms  730 pps
[  3] 275.00-280.00 sec  1 datagrams received out-of-order
[  3] 280.00-285.00 sec  5.37 MBytes  9.00 Mbits/sec   0.475 ms    0/ 3828 (0%)  2.083/ 0.336/24.895/ 3.242 ms  766 pps
[  3] 285.00-290.00 sec  5.37 MBytes  9.00 Mbits/sec   0.410 ms    0/ 3827 (0%)  3.030/ 0.318/30.105/ 4.538 ms  765 pps
[  3] 290.00-295.00 sec  4.11 MBytes  6.89 Mbits/sec   1.864 ms  863/ 3794 (23%) 33.248/ 0.424/204.228/38.104 ms  586 pps
[  3] 295.00-300.00 sec  3.99 MBytes  6.69 Mbits/sec  15.728 ms  996/ 3839 (26%) 27.639/16.496/251.658/14.192 ms  544 pps
[  3] 0.00-300.22 sec   296 MBytes  8.26 Mbits/sec  15.728 ms 18697/229594 (8.1%) 10.607/ 0.241/948.567/23.740 ms  702 pps
[  3] 0.00-300.22 sec  260 datagrams received out-of-order
