Bandwidth      Lost      Total Datagrams       avglatntence       maxlatntence
8.89           68             3848                12.257   
9.00           0              3827                1.208    
9.00           0              3825                1.241    
9.00           4              3828                1.269    
9.00           0              3826                1.335    
9.00           0              3826                0.985    
9.00           0              3827                0.968    
9.00           0              3827                1.036    
9.00           0              3826                1.172    
9.00           14             3826                1.400    
9.00           0              3827                1.122    
9.00           0              3827                2.592    
9.00           5              3826                1.192    
9.00           0              3827                1.813    
9.00           0              3827                1.384    
9.00           13             3826                2.091    
9.00           0              3826                1.110    
9.00           0              3826                1.055    
9.00           28             3828                2.535    
9.00           0              3826                1.208    
9.00           0              3827                2.431    
9.00           0              3826                1.751    
8.99           6              3827                7.423    
9.00           0              3827                1.281    
9.00           0              3826                1.151    
9.00           0              3826                1.047    
9.00           0              3827                1.100    
7.47           633            3809                39.666   
6.55           1043           3828                23.631              41.268   
6.57           1031           3825                23.871              43.457   
7.54           640            3844                20.066   
9.00           0              3827                2.696    
9.00           0              3826                1.885    
8.28           288            3810                9.094    
6.54           1048           3827                35.355              117.584  
6.41           1018           3743                42.172              176.059  
6.89           991            3922                48.259   
8.85           70             3831                21.859   
8.94           24             3826                10.606   
8.47           209            3810                15.129   
6.40           1105           3826                26.696              95.463   
6.41           1097           3824                26.292              84.325   
6.84           936            3846                27.617   
8.93           30             3827                17.774   
9.00           0              3827                3.686    
8.84           50             3809                3.613    
6.54           1039           3821                30.509              195.812  
6.36           1130           3832                38.631              209.147  
6.39           1109           3826                30.410              133.906  
8.86           74             3842                4.720    
8.93           10             3806                11.503   
9.04           4              3849                5.842    
6.81           911            3806                23.299   
6.63           1008           3829                25.157              60.168   
6.48           1071           3827                27.496              115.614  
8.58           195            3843                10.332   
9.00           0              3828                2.083    
9.00           0              3827                3.030    
6.89           863            3794                33.248   
6.69           996            3839                27.639              251.658  
8.26           18697/22959      (8.1%)              0.241               23.740   
8.963333  	9.000000  	9.000000  	9.000000  	9.000000  	9.000000  	9.000000  	8.996667  	9.000000  	6.863333  	8.513333  	7.076667  	8.226667  	7.093333  	8.256667  	7.246667  	8.060000  	7.493333  	8.020000  	7.526667  	
 sum=729.264000 count=60.000000  12.154400