Bandwidth      Lost      Total Datagrams       avglatntence       maxlatntence
7.04           4              2992                1.538    
7.00           0              2976                0.852    
7.00           0              2976                0.821    
7.00           7              2976                0.877    
7.00           0              2976                0.762    
7.00           0              2977                0.753    
6.99           5              2974                0.806    
7.00           0              2977                0.773    
7.00           0              2977                0.732    
7.00           5              2977                0.708    
6.99           0              2974                0.781    
7.00           0              2978                0.746    
7.00           12             2976                0.920    
7.00           0              2976                0.777    
7.00           0              2975                1.277    
7.00           3              2977                0.964    
7.00           0              2977                0.867    
7.00           0              2976                0.788    
7.00           3              2976                0.772    
7.00           0              2976                0.732    
7.00           0              2975                0.745    
7.00           4              2977                0.773    
7.00           0              2977                0.878    
7.00           0              2976                0.905    
7.00           3              2975                0.792    
7.00           0              2978                0.786    
7.00           0              2976                0.794    
7.00           2              2976                0.921    
7.00           0              2976                0.771    
7.00           0              2977                0.818    
7.00           2              2975                0.831    
7.00           0              2977                0.829    
7.00           0              2976                0.848    
7.00           2              2976                0.833    
7.00           0              2977                0.778    
7.00           0              2976                0.758    
7.00           3              2975                0.853    
7.00           0              2977                0.748    
7.00           0              2976                0.721    
7.00           0              2976                1.286    
7.00           0              2977                0.800    
7.00           0              2976                0.776    
7.00           4              2976                0.961    
7.00           0              2976                0.902    
7.00           59/13393       (0.044%)            0.178                        
7.013333  	7.000000  	6.996667  	6.996667  	7.000000  	7.000000  	7.000000  	7.000000  	7.000000  	7.000000  	7.000000  	7.000000  	7.000000  	7.000000  	7.000000  	
 sum=37.531000 count=45.000000  0.834022 