Bandwidth      Lost      Total Datagrams       avglatntence       maxlatntence
6.94           448            3397                25.069              152.202  
6.95           462            3419                23.964              43.342   
7.12           392            3418                23.215   
8.00           13             3401                1.623    
8.00           0              3401                1.274    
7.99           0              3396                1.284    
8.01           9              3407                4.740    
8.00           0              3401                1.488    
8.00           0              3402                1.455    
8.00           3              3401                1.489    
8.00           0              3401                1.305    
8.00           0              3402                1.286    
8.00           10             3401                1.533    
8.00           0              3402                1.335    
8.00           0              3401                1.283    
8.00           32             3401                2.102    
8.00           0              3400                1.360    
8.00           0              3403                1.321    
8.00           4              3401                1.341    
8.00           0              3402                1.372    
8.00           0              3401                3.127    
8.00           4              3402                1.786    
8.00           0              3401                1.610    
8.00           0              3401                1.377    
8.00           25             3402                2.044    
8.00           0              3400                1.238    
8.00           0              3403                1.276    
8.00           4              3401                1.364    
8.00           0              3401                2.147    
8.00           0              3401                1.666    
8.00           10             3402                1.495    
8.00           1              3401                1.372    
8.00           0              3402                1.420    
8.00           7              3400                1.866    
8.00           0              3402                1.334    
8.00           0              3402                1.447    
8.00           7              3401                1.544    
8.00           0              3400                1.454    
8.00           0              3403                1.570    
8.00           16             3401                1.820    
8.00           0              3402                1.380    
8.00           0              3401                1.314    
8.00           10             3401                1.466    
8.00           0              3402                1.247    
8.00           0              3401                1.173    
8.00           6              3401                2.006    
8.00           0              3401                1.321    
8.00           0              3402                1.296    
8.00           9              3401                1.596    
8.00           0              3401                1.492    
7.94           1302/17347      (0.75%)             0.553                        
7.003333  	7.996667  	8.003333  	8.000000  	8.000000  	8.000000  	8.000000  	8.000000  	8.000000  	8.000000  	8.000000  	8.000000  	8.000000  	8.000000  	8.000000  	8.000000  	7.980000  	
 sum=147.640000 count=51.000000  2.894902 