Bandwidth      Lost      Total Datagrams       avglatntence       maxlatntence
6.66           1011           3843                32.740              330.305  
6.92           881            3824                23.929              40.561   
6.93           883            3828                23.629              37.807   
6.63           1011           3828                39.960   
6.89           896            3827                24.463              46.091   
6.78           944            3826                25.794              63.884   
4.29           2001           3826                124.735             1243.626 
4.18           2042           3821                24.914              40.551   
4.35           1985           3834                26.625              53.353   
4.21           2036           3825                25.558              49.397   
4.07           2094           3826                25.298              52.406   
4.17           2055           3826                25.685              45.161   
4.55           1895           3828                56.173              702.481  
4.16           2059           3826                26.691              66.425   
4.22           2030           3825                24.815              42.254   
4.09           2087           3828                24.984              71.470   
4.22           2031           3827                25.330              57.135   
4.16           2057           3826                24.830              41.629   
4.21           2037           3828                24.893              44.349   
4.22           2032           3825                24.880              48.253   
4.19           2046           3827                26.563              55.924   
4.15           2060           3826                24.932              74.881   
4.27           1964           3779                25.312              88.029   
4.37           2015           3874                65.129              272.691  
4.25           2022           3827                26.528              115.218  
4.08           2095           3829                24.309              39.032   
4.13           2067           3824                23.911              38.638   
4.13           2070           3827                25.022              129.063  
4.20           2046           3830                24.630              46.101   
4.31           1991           3825                23.912              35.082   
4.20           2039           3823                24.257   
4.20           2042           3826                24.056              35.531   
4.12           2077           3828                24.705              48.691   
4.13           2074           3828                24.276   
4.28           2007           3826                24.102              36.853   
4.35           1976           3827                23.930              36.638   
4.17           2052           3827                24.201   
4.05           2100           3824                23.945              31.741   
4.61           72833/14923      (49%)               0.620               46.163   
6.836667  	6.766667  	4.273333  	4.150000  	4.310000  	4.156667  	4.206667  	4.263333  	4.153333  	4.213333  	4.173333  	4.253333  	4.276667  	
 sum=1140.266000 count=39.000000  29.237590