Bandwidth      Lost      Total Datagrams       avglatntence       maxlatntence
5.06           10             2150                1.952    
5.00           0              2126                0.931    
5.00           0              2125                0.939    
4.99           51             2123                5.079    
5.01           0              2129                1.108    
5.00           0              2126                1.135    
5.00           47             2126                3.959    
5.00           0              2126                0.952    
4.99           0              2123                0.964    
5.01           7              2129                4.005    
5.00           0              2125                1.161    
5.00           0              2126                1.116    
5.00           2              2126                1.191    
5.00           0              2125                1.021    
5.00           0              2127                1.003    
5.00           16             2126                1.601    
5.00           0              2125                1.049    
5.00           0              2126                0.995    
5.00           5              2126                0.968    
5.00           0              2125                1.050    
5.00           0              2127                0.994    
5.00           7              2126                1.105    
5.00           0              2126                1.077    
5.00           0              2125                2.516    
5.00           2              2126                1.416    
5.00           0              2126                1.269    
5.00           0              2126                1.063    
5.00           16             2126                1.755    
5.00           0              2125                0.995    
5.00           0              2126                0.996    
5.00           2              2126                1.052    
5.00           0              2126                1.763    
5.00           0              2126                1.338    
5.00           9              2126                1.257    
5.00           0              2126                1.075    
5.00           0              2126                1.114    
5.00           14             2125                1.738    
5.00           0              2126                1.025    
5.00           0              2126                1.113    
5.00           12             2126                1.458    
5.00           0              2125                1.151    
5.00           0              2127                1.255    
5.00           10             2125                1.416    
5.00           0              2126                1.061    
5.00           210/9566       (0.22%)             0.332                        
5.020000  	5.000000  	4.996667  	5.003333  	5.000000  	5.000000  	5.000000  	5.000000  	5.000000  	5.000000  	5.000000  	5.000000  	5.000000  	5.000000  	5.000000  	
 sum=63.513000 count=45.000000  1.411400 