Bandwidth      Lost      Total Datagrams       avglatntence       maxlatntence
8.02           1              3411                1.182    
8.00           0              3401                0.517    
8.00           0              3400                0.457    
7.78           86             3394                10.762   
8.02           0              3410                0.603               14.109   
8.00           0              3402                0.476    
7.79           88             3401                17.668   
8.00           0              3402                0.877    
7.99           0              3398                1.539    
5.49           1051           3387                56.785   
5.54           1048           3403                23.788              38.674   
5.37           1118           3401                24.815              50.980   
5.53           1051           3402                24.518              88.829   
5.64           1002           3401                23.921              50.235   
5.56           1043           3405                24.342              44.338   
5.25           1166           3397                57.185              819.439  
5.57           1036           3403                24.820              61.767   
5.51           1059           3401                23.727              39.970   
5.61           1013           3399                23.801              46.520   
5.50           1066           3404                23.983              53.393   
5.56           1038           3401                23.716              38.124   
5.51           1061           3402                23.792              37.672   
5.52           1052           3400                23.757              44.348   
5.52           1055           3402                24.356              55.016   
5.58           1029           3402                23.601              35.981   
5.39           1089           3379                23.878              55.806   
5.30           1170           3423                51.601              233.788  
5.50           1062           3401                23.803              40.504   
5.64           1005           3401                23.373              37.180   
5.60           1022           3401                23.131              36.272   
5.63           1008           3402                23.325              41.026   
5.52           1052           3401                23.462              43.579   
5.41           1106           3405                23.112              33.429   
5.52           1050           3398                23.295              37.854   
5.53           1051           3404                23.132              33.670   
5.59           1023           3399                23.435              49.089   
5.60           1021           3402                23.108              36.390   
5.45           1083           3402                23.230              34.684   
5.36           1122           3401                23.099              34.351   
5.57           1034           3401                23.090              33.314   
5.67           992            3401                23.068              35.469   
5.51           1058           3402                23.254              43.089   
6.04           35011/14285      (25%)               m        
8.006667  	7.933333  	7.926667  	5.466667  	5.576667  	5.443333  	5.556667  	5.516667  	5.423333  	5.580000  	5.520000  	5.546667  	5.470000  	5.583333  	
 sum=909.384000 count=42.000000  21.652000