Bandwidth      Lost      Total Datagrams       avglatntence       maxlatntence
9.03           4              3839                2.325    
9.00           0              3826                4.398    
9.00           0              3826                0.861    
9.00           2              3827                1.030    
9.00           0              3826                0.782    
9.00           0              3827                0.833    
9.00           1              3827                1.803    
9.00           0              3826                0.613    
9.00           0              3827                0.456    
8.82           77             3826                8.299    
9.00           0              3827                0.607               15.311   
9.00           0              3826                0.478    
8.76           102            3827                17.318   
9.00           0              3826                1.078    
9.00           0              3827                2.205    
8.33           285            3825                33.144   
9.00           0              3828                0.792    
9.00           0              3827                1.865    
9.00           0              3826                1.213    
9.00           0              3827                1.129    
9.00           0              3826                1.200    
8.93           32             3827                6.405    
9.00           0              3826                1.916    
9.00           0              3827                0.761    
9.00           0              3826                0.886    
9.00           0              3827                1.115    
9.00           0              3826                0.763    
9.00           3              3827                0.832    
9.00           0              3827                0.765    
9.00           0              3826                1.824    
9.00           2              3827                0.665    
8.99           0              3822                0.790    
8.71           128            3831                22.026   
9.00           3              3826                0.757    
9.00           0              3827                0.519    
9.00           0              3826                0.357    
9.00           0              3827                0.512    
9.00           0              3826                0.664    
9.00           0              3827                0.360    
9.00           4              3826                0.505    
9.00           0              3827                0.380    
9.00           0              3826                0.735    
9.00           0              3826                0.368    
9.00           0              3828                0.429    
8.97           624/17219      (0.36%)             m        
9.010000  	9.000000  	9.000000  	8.940000  	8.920000  	8.776667  	9.000000  	8.976667  	9.000000  	9.000000  	8.900000  	9.000000  	9.000000  	9.000000  	8.990000  	
 sum=126.763000 count=45.000000  2.816956 