Bandwidth      Lost      Total Datagrams       avglatntence       maxlatntence
8.92           106            3898                17.257   
9.00           0              3827                1.274    
9.00           0              3827                1.275    
9.00           0              3826                1.356    
9.00           0              3826                1.336    
9.00           0              3827                1.009    
9.00           3              3826                0.992    
9.00           0              3827                1.049    
9.00           0              3827                1.087    
9.00           10             3826                1.358    
9.00           0              3827                1.205    
9.00           0              3827                2.662    
9.00           0              3825                1.230    
9.00           0              3828                1.917    
8.99           0              3823                1.445    
6.00           1262           3813                25.608   
5.89           1324           3828                24.008              38.227   
5.76           1375           3825                23.963              42.724   
5.89           1321           3826                24.237              97.463   
5.74           1388           3827                24.080              46.521   
5.91           1313           3826                25.471              67.833   
5.82           1350           3826                26.359              170.252  
5.97           1287           3827                31.292              106.247  
5.79           1364           3826                24.326              41.160   
5.33           1560           3825                25.160   
5.09           1665           3829                25.663              35.108   
5.11           1651           3825                25.778              43.561   
4.10           2085           3827                72.709   
3.17           2479           3826                25.727              45.228   
3.15           2485           3825                26.073              48.726   
3.96           2146           3828                34.236   
5.16           1634           3827                28.232              67.571   
5.07           1671           3827                27.222              65.191   
4.53           1893           3817                32.277   
3.18           2485           3838                45.954              128.705  
3.20           2372           3732                53.545              196.505  
3.78           2305           3914                56.897   
4.83           1775           3830                64.387              283.393  
4.84           1767           3826                45.861              164.364  
4.81           1785           3831                49.943   
3.31           2413           3822                30.934              101.252  
3.31           2418           3827                30.133              87.344   
3.55           2320           3828                39.309   
4.98           1706           3824                58.507              245.301  
5.05           1682           3829                32.431              104.014  
5.05           1679           3825                29.154   
3.16           2471           3816                36.606              81.598   
3.35           2403           3828                46.696              225.331  
3.38           2398           3836                39.353   
5.09           1665           3827                29.639   
5.00           1684           3810                46.903              170.249  
5.16           1647           3842                34.499              139.624  
3.47           2350           3827                32.120              132.985  
3.09           2513           3825                28.314              63.405   
3.23           2453           3828                31.344   
4.72           1822           3827                33.393              166.311  
5.07           1672           3826                28.159              61.234   
5.13           1647           3826                29.612              75.615   
3.79           2211           3823                51.091   
3.00           2504           3780                32.434              252.240  
5.65           85506/22959      (37%)               0.300               31.639   
8.973333  	9.000000  	9.000000  	9.000000  	8.996667  	5.883333  	5.846667  	5.860000  	5.176667  	3.473333  	4.730000  	3.636667  	4.483333  	3.810000  	4.526667  	3.853333  	4.490000  	3.906667  	4.340000  	3.973333  	
 sum=1626.391000 count=60.000000  27.106517