Bandwidth      Lost      Total Datagrams       avglatntence       maxlatntence
2.96           1359           2619                45.993              407.276  
2.77           1372           2551                23.858              52.140   
2.89           1321           2549                25.219              50.850   
2.87           1333           2555                25.410              139.615  
2.83           1347           2550                23.854              41.253   
2.69           1407           2550                23.461              35.639   
3.37           1119           2551                100.344             981.820  
3.49           1065           2550                24.770              38.296   
3.48           1073           2552                24.911              35.894   
3.36           1124           2551                30.573              259.864  
3.49           1065           2550                25.738              38.939   
3.40           1105           2551                54.629              237.307  
3.45           1084           2550                26.004   
3.52           1056           2552                24.916              36.879   
3.39           1108           2550                24.925              39.652   
3.44           1089           2550                44.896   
3.46           1084           2553                24.660              33.131   
3.42           1096           2551                24.701              35.716   
3.19           1197           2552                103.189             1432.161 
3.58           1031           2551                24.592              40.939   
3.47           1076           2550                24.561              33.614   
3.46           1080           2552                24.992              83.179   
3.46           1079           2550                24.670              36.389   
3.49           1070           2552                24.593              33.251   
3.46           1082           2551                25.568              121.382  
3.50           1061           2550                24.677              37.761   
3.42           1100           2554                24.811              38.677   
3.54           1043           2548                24.849              45.929   
3.49           1068           2552                24.669              38.983   
3.44           1089           2551                24.377              29.477   
3.40           1104           2550                43.490   
3.41           1102           2552                24.544              35.173   
3.49           1068           2550                24.652              32.870   
3.56           1039           2551                26.360              83.850   
3.46           1079           2552                24.820              36.648   
3.43           1089           2548                24.763              37.157   
6.00           5              2556                3.952    
6.02           2              2560                3.253    
6.00           0              2551                2.392    
6.00           1              2551                2.153    
6.00           1              2551                2.011    
6.00           0              2550                2.038    
5.99           0              2548                2.926    
6.01           2              2555                2.267    
3.88           40670/11479      (35%)               1.365               50.363   
2.873333  	2.796667  	3.446667  	3.416667  	3.453333  	3.440000  	3.413333  	3.470000  	3.460000  	3.490000  	3.433333  	3.483333  	6.006667  	6.000000  	5.293333  	
 sum=1165.396000 count=45.000000  25.897689