Bandwidth      Lost      Total Datagrams       avglatntence       maxlatntence
6.03           10             2562                1.919    
6.00           0              2551                0.580               12.528   
5.04           397            2540                14.552   
4.64           579            2551                23.219              33.639   
4.60           592            2549                23.311              35.933   
5.25           331            2565                23.559   
6.00           0              2550                0.519    
6.00           0              2552                0.563    
5.47           213            2539                9.284    
4.55           615            2551                24.739              58.155   
4.66           570            2551                24.074              55.755   
5.13           381            2563                16.807   
6.00           4              2551                1.510    
6.00           0              2549                2.140               27.288   
5.70           111            2533                10.832   
4.64           587            2559                44.000              181.845  
4.85           490            2551                33.561              116.710  
4.97           448            2563                27.901   
6.00           0              2551                1.034    
6.00           0              2550                1.056    
5.80           74             2538                4.609    
4.70           556            2554                40.157              172.867  
4.67           563            2548                27.052              72.998   
4.73           553            2565                22.431   
6.00           7              2551                2.102    
6.00           0              2551                2.011    
6.00           0              2551                1.773    
4.63           570            2540                23.984   
4.69           556            2550                33.020              95.430   
4.57           604            2549                27.473              85.127   
5.86           74             2565                3.885    
6.00           0              2551                0.909    
6.00           0              2551                1.253    
4.89           460            2540                20.460   
4.66           568            2551                24.561              52.285   
4.57           597            2542                25.137              59.969   
5.72           140            2571                8.451    
6.00           0              2549                1.155    
6.00           0              2553                1.231    
6.00           1              2551                1.347    
6.00           0              2551                0.732    
6.00           0              2551                1.127    
6.00           3              2551                1.029               22.731   
6.00           0              2551                0.868    
6.00           0              2551                0.868    
6.00           2              2551                1.204    
6.00           0              2551                2.323               48.559   
6.00           0              2551                0.830    
6.00           0              2551                0.858    
6.00           0              2552                0.762    
6.00           0              2551                0.885               21.805   
6.00           0              2550                0.699    
6.00           0              2551                0.705               17.679   
6.00           0              2552                0.696               20.686   
6.00           2              2551                0.621               23.033   
6.00           0              2551                0.631               15.215   
6.00           0              2550                0.508                        
6.00           1              2551                0.643    
6.00           0              2551                0.412    
5.58           10629/15306      (6.9%)              m        
5.690000  	4.830000  	5.823333  	4.780000  	5.900000  	4.820000  	5.933333  	4.700000  	6.000000  	4.630000  	5.953333  	4.706667  	5.906667  	6.000000  	6.000000  	6.000000  	6.000000  	6.000000  	6.000000  	5.860000  	
 sum=574.562000 count=60.000000  9.576033 