Bandwidth      Lost      Total Datagrams       avglatntence       maxlatntence
3.73           965            2552                24.618              56.439   
3.84           919            2551                23.440              37.452   
3.95           870            2550                23.358              40.815   
3.83           924            2551                23.360              43.210   
3.99           856            2552                23.404              42.390   
3.81           930            2551                24.042              64.909   
3.89           896            2552                23.888              53.489   
3.74           958            2550                27.823              82.841   
3.93           880            2552                23.542              38.820   
5.40           266            2560                6.856    
6.00           0              2552                1.024    
6.00           0              2551                1.030    
6.00           4              2551                6.035    
6.00           0              2551                1.101    
6.00           0              2551                1.173    
6.00           4              2551                1.692    
6.00           0              2551                1.465    
6.00           0              2551                1.241    
6.00           2              2551                1.640    
6.00           0              2551                2.276    
6.00           0              2552                2.973    
5.99           0              2548                3.130    
5.94           26             2553                4.540    
5.99           4              2552                3.045    
6.00           2              2551                2.371    
6.00           0              2550                1.737    
6.00           0              2551                1.758    
6.00           0              2552                2.425    
5.97           13             2551                2.678    
6.00           0              2551                1.639    
6.00           22             2551                2.483    
6.00           0              2551                2.961    
6.00           0              2549                2.945    
6.00           2              2553                2.571    
6.00           0              2551                1.933    
5.98           8              2551                2.538    
6.00           3              2551                2.069    
6.00           0              2550                2.017    
6.00           0              2552                1.665    
6.00           4              2551                2.000    
6.00           0              2551                1.933    
6.00           0              2551                1.500    
6.00           2              2551                1.870    
6.00           0              2551                4.138    
6.00           0              2550                1.898    
6.00           0              2552                1.856    
6.00           0              2550                2.100    
6.00           0              2551                1.416    
6.00           2              2551                1.696    
6.00           0              2552                1.686    
5.99           0              2546                1.493    
6.01           3              2556                1.480    
6.00           0              2551                1.837    
6.00           0              2551                3.127    
6.00           2              2551                1.448    
6.00           0              2551                1.542    
6.00           0              2551                1.381    
6.00           1              2551                1.488    
6.00           0              2550                1.231    
5.67           8517/15306      (5.6%)              0.299                        
3.840000  	3.876667  	3.853333  	5.800000  	6.000000  	6.000000  	6.000000  	5.973333  	6.000000  	5.990000  	6.000000  	5.993333  	6.000000  	6.000000  	6.000000  	6.000000  	5.996667  	6.003333  	6.000000  	5.890000  	
 sum=327.905000 count=60.000000  5.465083 