------------------------------------------------------------
Server listening on UDP port 5001 with pid 6674
Receiving 1470 byte datagrams
UDP buffer size:  208 KByte (default)
------------------------------------------------------------
[  3] local 10.0.0.3 port 5001 connected with 10.0.0.1 port 37312
[ ID] Interval            Transfer     Bandwidth        Jitter   Lost/Total  Latency avg/min/max/stdev PPS  NetPwr
[  3] 0.0000-5.0000 sec  3.30 MBytes  5.54 Mbits/sec   0.691 ms 1493/ 3849 (39%) 210.612/39.076/263.989/23.059 ms  471 pps  3.29
[  3] 0.0000-5.0000 sec  7 datagrams received out-of-order
[  3] 5.0000-10.0000 sec  3.22 MBytes  5.40 Mbits/sec   0.741 ms 1742/ 4039 (43%) 239.603/200.520/305.591/23.169 ms  459 pps  2.82
[  3] 10.0000-15.0000 sec  2.83 MBytes  4.75 Mbits/sec   1.272 ms 1858/ 3877 (48%) 281.107/213.868/397.020/35.450 ms  404 pps  2.11
[  3] 15.0000-20.0000 sec  2.68 MBytes  4.50 Mbits/sec   1.259 ms 2195/ 4107 (53%) 331.299/258.069/555.938/38.452 ms  382 pps  1.70
[  3] 15.0000-20.0000 sec  18 datagrams received out-of-order
[  3] 20.0000-25.0000 sec  2.85 MBytes  4.77 Mbits/sec   0.749 ms 1934/ 3964 (49%) 319.008/257.919/425.054/33.718 ms  406 pps  1.87
[  3] 25.0000-30.0000 sec  2.33 MBytes  3.90 Mbits/sec   1.300 ms 2288/ 3947 (58%) 405.444/295.046/501.632/50.336 ms  332 pps  1.20
[  3] 30.0000-35.0000 sec  2.60 MBytes  4.36 Mbits/sec   0.881 ms 2212/ 4067 (54%) 377.461/290.980/658.129/63.038 ms  371 pps  1.44
[  3] 30.0000-35.0000 sec  16 datagrams received out-of-order
[  3] 35.0000-40.0000 sec  2.47 MBytes  4.14 Mbits/sec   0.961 ms 2219/ 3979 (56%) 406.330/290.042/581.218/71.202 ms  352 pps  1.27
[  3] 40.0000-45.0000 sec  3.10 MBytes  5.20 Mbits/sec   0.701 ms 1855/ 4067 (46%) 338.274/274.255/417.502/30.456 ms  442 pps  1.92
[  3] 45.0000-50.0000 sec  3.42 MBytes  5.73 Mbits/sec   0.795 ms 1559/ 3995 (39%) 314.895/260.850/410.433/34.992 ms  487 pps  2.27
[  3] 45.0000-50.0000 sec  15 datagrams received out-of-order
[  3] 50.0000-55.0000 sec  3.69 MBytes  6.20 Mbits/sec   0.625 ms 1410/ 4045 (35%) 302.649/278.451/347.788/14.473 ms  527 pps  2.56
[  3] 55.0000-60.0000 sec  3.63 MBytes  6.09 Mbits/sec   0.608 ms 1417/ 4005 (35%) 314.867/281.262/457.668/35.276 ms  518 pps  2.42
[  3] 60.0000-65.0000 sec  3.71 MBytes  6.23 Mbits/sec   0.555 ms 1362/ 4009 (34%) 324.931/295.535/527.116/27.482 ms  529 pps  2.40
[  3] 60.0000-65.0000 sec  31 datagrams received out-of-order
[  3] 65.0000-70.0000 sec  3.76 MBytes  6.31 Mbits/sec   0.652 ms 1292/ 3976 (32%) 330.816/308.302/360.353/10.633 ms  537 pps  2.39
[  3] 70.0000-75.0000 sec  3.76 MBytes  6.31 Mbits/sec   0.752 ms 1331/ 4012 (33%) 343.475/325.132/369.929/ 9.355 ms  536 pps  2.29
[  3] 75.0000-80.0000 sec  1.98 MBytes  3.32 Mbits/sec   1.781 ms 2340/ 3751 (62%) 549.376/357.887/710.922/52.406 ms  282 pps  0.76
[  3] 75.0000-80.0000 sec  10 datagrams received out-of-order
[  3] 80.0000-85.0000 sec  1.70 MBytes  2.86 Mbits/sec   1.528 ms 2860/ 4074 (70%) 613.802/557.988/689.342/30.853 ms  243 pps  0.58
[  3] 85.0000-90.0000 sec  2.04 MBytes  3.42 Mbits/sec   1.042 ms 2570/ 4026 (64%) 586.041/545.909/627.223/15.662 ms  291 pps  0.73
[  3] 90.0000-95.0000 sec  1.88 MBytes  3.15 Mbits/sec   0.708 ms 2696/ 4034 (67%) 593.137/549.517/670.810/24.960 ms  268 pps  0.66
[  3] 90.0000-95.0000 sec  3 datagrams received out-of-order
[  3] 95.0000-100.0000 sec  1.90 MBytes  3.19 Mbits/sec   0.886 ms 2672/ 4027 (66%) 592.083/536.247/765.598/48.560 ms  271 pps  0.67
[  3] 100.0000-105.0000 sec  1.98 MBytes  3.33 Mbits/sec   7.399 ms 2480/ 3894 (64%) 579.524/539.427/750.562/26.315 ms  280 pps  0.72
[  3] 105.0000-110.0000 sec   263 KBytes   430 Kbits/sec   1.565 ms 3919/ 4102 (96%) 723.480/662.816/959.023/70.493 ms   36 pps  0.07
[  3] 110.0000-115.0000 sec   537 KBytes   880 Kbits/sec   1.432 ms 3519/ 3893 (90%) 701.099/658.018/789.466/24.680 ms   77 pps  0.16
[  3] 115.0000-120.0000 sec   446 KBytes   731 Kbits/sec   5.800 ms 3835/ 4146 (92%) 690.233/641.449/759.213/33.042 ms   61 pps  0.13
[  3] 120.0000-125.0000 sec   429 KBytes   703 Kbits/sec   4.639 ms 3737/ 4036 (93%) 518.996/279.868/715.325/104.053 ms   61 pps  0.17
[  3] 120.0000-125.0000 sec  11 datagrams received out-of-order
[  3] 125.0000-130.0000 sec  81.8 KBytes   134 Kbits/sec  10.769 ms 4030/ 4087 (99%) 531.194/498.457/625.955/28.046 ms   11 pps  0.03
[  3] 130.0000-135.0000 sec   380 KBytes   623 Kbits/sec   4.429 ms 4028/ 4293 (94%) 530.306/489.128/631.038/19.046 ms   49 pps  0.15
[  3] 135.0000-140.0000 sec   579 KBytes   948 Kbits/sec   5.420 ms 3783/ 4186 (90%) 545.484/498.432/767.579/46.598 ms   77 pps  0.22
[  3] 135.0000-140.0000 sec  4 datagrams received out-of-order
[  3] 140.0000-145.0000 sec   558 KBytes   915 Kbits/sec   1.453 ms 3096/ 3485 (89%) 544.067/509.754/596.064/20.997 ms   90 pps  0.21
[  3] 145.0000-150.0000 sec  1.27 MBytes  2.14 Mbits/sec   1.352 ms 3050/ 3959 (77%) 552.791/522.840/635.336/19.955 ms  182 pps  0.48
[  3] 150.0000-155.0000 sec  1.07 MBytes  1.79 Mbits/sec   1.495 ms 3297/ 4058 (81%) 559.028/404.191/638.475/35.490 ms  152 pps  0.40
[  3] 150.0000-155.0000 sec  1 datagrams received out-of-order
[  3] 155.0000-160.0000 sec   807 KBytes  1.32 Mbits/sec   1.047 ms 3438/ 4000 (86%) 564.198/525.462/744.943/32.004 ms  112 pps  0.29
[  3] 160.0000-165.0000 sec  1.50 MBytes  2.52 Mbits/sec   1.217 ms 2921/ 3993 (73%) 570.176/539.782/610.786/13.052 ms  214 pps  0.55
[  3] 165.0000-170.0000 sec   777 KBytes  1.27 Mbits/sec   4.238 ms 3600/ 4141 (87%) 598.252/560.927/783.945/39.478 ms  104 pps  0.27
[  3] 165.0000-170.0000 sec  3 datagrams received out-of-order
[  3] 170.0000-175.0000 sec  1.15 MBytes  1.92 Mbits/sec   0.759 ms 3074/ 3892 (79%) 599.668/562.749/670.643/20.789 ms  170 pps  0.40
[  3] 175.0000-180.0000 sec  1.30 MBytes  2.18 Mbits/sec   3.634 ms 3318/ 4243 (78%) 603.391/573.269/641.227/14.830 ms  174 pps  0.45
[  3] 180.0000-185.0000 sec  1.01 MBytes  1.69 Mbits/sec  38.667 ms 3583/ 4302 (83%) 628.834/587.753/1125.861/50.395 ms  129 pps  0.34
[  3] 180.0000-185.0000 sec  6 datagrams received out-of-order
[  3] 185.0000-190.0000 sec   805 KBytes  1.32 Mbits/sec   1.104 ms 2898/ 3459 (84%) 627.606/582.340/828.714/22.520 ms  137 pps  0.26
[  3] 190.0000-195.0000 sec  1.15 MBytes  1.92 Mbits/sec   3.129 ms 3227/ 4045 (80%) 635.041/584.706/677.293/19.569 ms  161 pps  0.38
[  3] 195.0000-200.0000 sec   940 KBytes  1.54 Mbits/sec  12.420 ms 3150/ 3805 (83%) 647.011/606.531/865.748/24.643 ms  132 pps  0.30
[  3] 200.0000-205.0000 sec   581 KBytes   953 Kbits/sec   5.302 ms 3746/ 4151 (90%) 688.670/642.603/945.642/49.326 ms   81 pps  0.17
[  3] 205.0000-210.0000 sec  1.16 MBytes  1.95 Mbits/sec   1.227 ms 3169/ 3999 (79%) 666.914/635.523/730.777/20.514 ms  166 pps  0.37
[  3] 210.0000-215.0000 sec   735 KBytes  1.20 Mbits/sec  14.534 ms 3347/ 3859 (87%) 684.798/650.024/883.758/23.444 ms  102 pps  0.22
[  3] 215.0000-220.0000 sec  15.8 KBytes  25.9 Kbits/sec  35.772 ms 4140/ 4151 (1e+02%) 1007.344/699.981/1026.267/133.996 ms    2 pps  0.00
[  3] 220.0000-225.0000 sec  40.2 KBytes  65.9 Kbits/sec  11.924 ms 4008/ 4036 (99%) 710.936/663.171/913.158/51.060 ms    6 pps  0.01
[  3] 225.0000-230.0000 sec   668 KBytes  1.09 Mbits/sec   9.749 ms 3939/ 4404 (89%) 681.956/657.466/829.741/16.566 ms   82 pps  0.20
[  3] 230.0000-235.0000 sec   617 KBytes  1.01 Mbits/sec   1.203 ms 3181/ 3611 (88%) 695.688/643.659/829.741/32.337 ms   99 pps  0.18
[  3] 235.0000-240.0000 sec  1.12 MBytes  1.88 Mbits/sec   0.774 ms 3217/ 4015 (80%) 682.706/648.724/722.034/12.757 ms  160 pps  0.34
[  3] 240.0000-245.0000 sec   843 KBytes  1.38 Mbits/sec   1.365 ms 3449/ 4036 (85%) 673.307/639.060/706.036/14.228 ms  117 pps  0.26
[  3] 245.0000-250.0000 sec   858 KBytes  1.41 Mbits/sec   1.343 ms 3384/ 3982 (85%) 701.004/647.473/799.041/40.552 ms  120 pps  0.25
[  3] 245.0000-250.0000 sec  1 datagrams received out-of-order
[  3] 250.0000-255.0000 sec  1005 KBytes  1.65 Mbits/sec   1.403 ms 3335/ 4035 (83%) 680.346/651.647/725.685/16.881 ms  140 pps  0.30
[  3] 255.0000-260.0000 sec  1.07 MBytes  1.80 Mbits/sec   1.708 ms 3241/ 4006 (81%) 675.791/640.242/705.314/15.900 ms  153 pps  0.33
[  3] 260.0000-265.0000 sec   553 KBytes   906 Kbits/sec   2.254 ms 3609/ 3994 (90%) 699.472/651.987/899.556/36.948 ms   77 pps  0.16
[  3] 265.0000-270.0000 sec   729 KBytes  1.19 Mbits/sec   2.642 ms 3758/ 4266 (88%) 677.356/651.561/861.992/22.385 ms   96 pps  0.22
[  3] 270.0000-275.0000 sec  1.14 MBytes  1.91 Mbits/sec   2.635 ms 3023/ 3836 (79%) 675.803/646.426/710.012/14.654 ms  170 pps  0.35
[  3] 275.0000-280.0000 sec   749 KBytes  1.23 Mbits/sec   4.160 ms 3475/ 3997 (87%) 698.531/650.277/851.811/47.311 ms  102 pps  0.22
[  3] 280.0000-285.0000 sec  1.30 MBytes  2.18 Mbits/sec   1.602 ms 3087/ 4012 (77%) 672.839/639.056/798.183/25.961 ms  189 pps  0.40
[  3] 285.0000-290.0000 sec  1.18 MBytes  1.99 Mbits/sec   4.980 ms 3663/ 4508 (81%) 675.263/651.558/771.897/12.567 ms  148 pps  0.37
[  3] 290.0000-295.0000 sec   498 KBytes   816 Kbits/sec   2.108 ms 3256/ 3603 (90%) 706.869/653.481/839.920/42.063 ms   78 pps  0.14
[  3] 290.0000-295.0000 sec  3 datagrams received out-of-order
[  3] 295.0000-300.0000 sec   735 KBytes  1.20 Mbits/sec   2.163 ms 3581/ 4093 (87%) 690.462/651.530/894.315/28.129 ms  100 pps  0.22
[  3] 0.0000-301.4582 sec  89.1 MBytes  2.48 Mbits/sec  50.437 ms 177182/240750 (74%) 462.197/39.076/1503.919/164.297 ms  210 pps  0.67
[  3] 0.0000-301.4582 sec  129 datagrams received out-of-order
------------------------------------------------------------
Server listening on UDP port 5001 with pid 7762
Receiving 1470 byte datagrams
UDP buffer size:  208 KByte (default)
------------------------------------------------------------
[  3] local 10.0.0.3 port 5001 connected with 10.0.0.1 port 40353
[ ID] Interval            Transfer     Bandwidth        Jitter   Lost/Total  Latency avg/min/max/stdev PPS  NetPwr
[  3] 0.0000-5.0000 sec  4.24 MBytes  7.11 Mbits/sec   0.544 ms  882/ 3904 (23%) 170.252/29.860/206.410/20.477 ms  604 pps  5.22
[  3] 0.0000-5.0000 sec  8 datagrams received out-of-order
[  3] 5.0000-10.0000 sec  4.24 MBytes  7.11 Mbits/sec   0.604 ms  964/ 3989 (24%) 191.351/169.145/217.831/11.402 ms  605 pps  4.65
[  3] 10.0000-15.0000 sec  4.32 MBytes  7.24 Mbits/sec   0.482 ms  926/ 4005 (23%) 204.293/184.792/222.563/ 7.278 ms  616 pps  4.43
[  3] 15.0000-20.0000 sec  4.39 MBytes  7.36 Mbits/sec   0.555 ms  884/ 4012 (22%) 208.422/146.123/342.612/23.641 ms  626 pps  4.41
[  3] 15.0000-20.0000 sec  23 datagrams received out-of-order
[  3] 20.0000-25.0000 sec  4.33 MBytes  7.26 Mbits/sec   0.588 ms  919/ 4006 (23%) 219.827/205.158/246.341/ 8.333 ms  617 pps  4.13
[  3] 25.0000-30.0000 sec  4.34 MBytes  7.29 Mbits/sec   0.592 ms  910/ 4008 (23%) 226.980/212.392/256.783/ 7.591 ms  620 pps  4.01
[  3] 25.0000-30.0000 sec  5 datagrams received out-of-order
[  3] 30.0000-35.0000 sec  4.31 MBytes  7.23 Mbits/sec   0.461 ms  922/ 3997 (23%) 235.770/217.933/384.556/16.306 ms  615 pps  3.83
[  3] 30.0000-35.0000 sec  26 datagrams received out-of-order
[  3] 35.0000-40.0000 sec  4.33 MBytes  7.26 Mbits/sec   0.508 ms  921/ 4007 (23%) 244.581/228.329/261.878/ 7.027 ms  617 pps  3.71
[  3] 40.0000-45.0000 sec  4.34 MBytes  7.28 Mbits/sec   0.617 ms  909/ 4006 (23%) 252.368/216.967/279.057/ 9.313 ms  619 pps  3.61
[  3] 45.0000-50.0000 sec  4.27 MBytes  7.16 Mbits/sec   0.595 ms  966/ 4010 (24%) 265.145/240.840/404.511/21.440 ms  609 pps  3.38
[  3] 45.0000-50.0000 sec  20 datagrams received out-of-order
[  3] 50.0000-55.0000 sec  4.31 MBytes  7.22 Mbits/sec   0.459 ms  921/ 3992 (23%) 270.212/251.636/298.229/10.221 ms  614 pps  3.34
[  3] 55.0000-60.0000 sec  4.36 MBytes  7.32 Mbits/sec   0.592 ms  902/ 4015 (22%) 275.143/250.758/296.687/ 9.853 ms  622 pps  3.33
[  3] 60.0000-65.0000 sec  4.22 MBytes  7.07 Mbits/sec   0.593 ms  996/ 4003 (25%) 292.054/273.304/431.466/20.330 ms  601 pps  3.03
[  3] 60.0000-65.0000 sec  21 datagrams received out-of-order
[  3] 65.0000-70.0000 sec  4.46 MBytes  7.48 Mbits/sec   0.415 ms  846/ 4027 (21%) 282.450/221.813/316.457/22.546 ms  636 pps  3.31
[  3] 70.0000-75.0000 sec  4.39 MBytes  7.37 Mbits/sec   0.521 ms  856/ 3988 (21%) 295.074/252.361/316.665/12.018 ms  626 pps  3.12
[  3] 75.0000-80.0000 sec  2.33 MBytes  3.91 Mbits/sec   0.817 ms 2191/ 3853 (57%) 478.815/307.590/579.236/41.830 ms  332 pps  1.02
[  3] 75.0000-80.0000 sec  7 datagrams received out-of-order
[  3] 80.0000-85.0000 sec  2.47 MBytes  4.14 Mbits/sec   0.898 ms 2253/ 4015 (56%) 490.377/475.559/514.400/ 8.447 ms  352 pps  1.06
[  3] 85.0000-90.0000 sec  2.47 MBytes  4.15 Mbits/sec   1.164 ms 2253/ 4016 (56%) 498.713/476.213/531.813/12.366 ms  352 pps  1.04
[  3] 90.0000-95.0000 sec  2.43 MBytes  4.08 Mbits/sec   0.760 ms 2287/ 4021 (57%) 496.637/471.062/569.624/17.941 ms  347 pps  1.03
[  3] 90.0000-95.0000 sec  6 datagrams received out-of-order
[  3] 95.0000-100.0000 sec  2.43 MBytes  4.08 Mbits/sec   0.837 ms 2276/ 4011 (57%) 495.369/481.264/512.578/ 7.389 ms  347 pps  1.03
[  3] 100.0000-105.0000 sec  2.41 MBytes  4.05 Mbits/sec   0.980 ms 2286/ 4007 (57%) 498.005/478.130/519.777/10.966 ms  344 pps  1.02
[  3] 105.0000-110.0000 sec  2.26 MBytes  3.79 Mbits/sec   0.921 ms 2401/ 4012 (60%) 512.267/482.553/627.059/23.373 ms  322 pps  0.92
[  3] 105.0000-110.0000 sec  6 datagrams received out-of-order
[  3] 110.0000-115.0000 sec  2.07 MBytes  3.47 Mbits/sec   0.812 ms 2499/ 3975 (63%) 543.152/497.247/569.321/14.525 ms  295 pps  0.80
[  3] 115.0000-120.0000 sec  2.03 MBytes  3.40 Mbits/sec   0.717 ms 2577/ 4024 (64%) 542.257/523.003/561.067/ 9.821 ms  289 pps  0.78
[  3] 120.0000-125.0000 sec  2.04 MBytes  3.42 Mbits/sec   1.049 ms 2669/ 4122 (65%) 544.895/391.446/678.006/37.436 ms  291 pps  0.78
[  3] 120.0000-125.0000 sec  10 datagrams received out-of-order
[  3] 125.0000-130.0000 sec  2.22 MBytes  3.73 Mbits/sec   0.784 ms 2306/ 3890 (59%) 514.653/379.311/555.887/49.768 ms  317 pps  0.90
[  3] 130.0000-135.0000 sec  2.14 MBytes  3.59 Mbits/sec   0.725 ms 2497/ 4025 (62%) 534.664/503.947/556.085/11.162 ms  306 pps  0.84
[  3] 135.0000-140.0000 sec  1.92 MBytes  3.23 Mbits/sec   1.051 ms 2620/ 3993 (66%) 547.650/521.719/653.906/21.633 ms  275 pps  0.74
[  3] 135.0000-140.0000 sec  8 datagrams received out-of-order
[  3] 140.0000-145.0000 sec  2.05 MBytes  3.43 Mbits/sec   0.949 ms 2568/ 4028 (64%) 539.000/516.847/587.091/15.768 ms  292 pps  0.80
[  3] 145.0000-150.0000 sec  2.20 MBytes  3.69 Mbits/sec   0.882 ms 2444/ 4011 (61%) 529.989/491.657/565.976/14.174 ms  313 pps  0.87
[  3] 150.0000-155.0000 sec  1.90 MBytes  3.18 Mbits/sec   0.465 ms 2660/ 4012 (66%) 550.642/515.371/754.076/30.246 ms  270 pps  0.72
[  3] 150.0000-155.0000 sec  15 datagrams received out-of-order
[  3] 155.0000-160.0000 sec  2.03 MBytes  3.41 Mbits/sec   0.953 ms 2557/ 4005 (64%) 542.512/519.528/592.474/14.102 ms  289 pps  0.78
[  3] 160.0000-165.0000 sec  2.08 MBytes  3.50 Mbits/sec   1.140 ms 2568/ 4055 (63%) 536.047/480.619/567.745/16.146 ms  298 pps  0.82
[  3] 165.0000-170.0000 sec  1.87 MBytes  3.14 Mbits/sec   0.865 ms 2636/ 3972 (66%) 557.139/493.411/928.431/46.249 ms  267 pps  0.71
[  3] 165.0000-170.0000 sec  27 datagrams received out-of-order
[  3] 170.0000-175.0000 sec  2.09 MBytes  3.50 Mbits/sec   0.768 ms 2565/ 4054 (63%) 537.060/481.061/588.385/13.508 ms  298 pps  0.82
[  3] 175.0000-180.0000 sec  2.16 MBytes  3.63 Mbits/sec   1.083 ms 2429/ 3973 (61%) 520.792/428.970/557.500/28.420 ms  309 pps  0.87
[  3] 180.0000-185.0000 sec  1.91 MBytes  3.21 Mbits/sec   0.634 ms 2650/ 4016 (66%) 549.163/516.015/826.503/38.596 ms  273 pps  0.73
[  3] 180.0000-185.0000 sec  26 datagrams received out-of-order
[  3] 185.0000-190.0000 sec  2.01 MBytes  3.38 Mbits/sec   0.958 ms 2564/ 4000 (64%) 542.649/524.567/587.518/12.522 ms  287 pps  0.78
[  3] 190.0000-195.0000 sec  2.13 MBytes  3.57 Mbits/sec   0.583 ms 2512/ 4029 (62%) 534.240/489.482/566.739/15.207 ms  303 pps  0.83
[  3] 195.0000-200.0000 sec  1.90 MBytes  3.19 Mbits/sec   0.954 ms 2649/ 4005 (66%) 553.444/493.533/607.474/27.707 ms  271 pps  0.72
[  3] 200.0000-205.0000 sec  2.00 MBytes  3.36 Mbits/sec   1.161 ms 2576/ 4003 (64%) 544.762/526.377/572.408/10.087 ms  286 pps  0.77
[  3] 205.0000-210.0000 sec  2.04 MBytes  3.43 Mbits/sec   0.604 ms 2573/ 4030 (64%) 538.759/515.512/565.778/12.706 ms  291 pps  0.80
[  3] 210.0000-215.0000 sec  1.64 MBytes  2.75 Mbits/sec   6.676 ms 2797/ 3968 (70%) 575.440/516.898/926.670/55.611 ms  234 pps  0.60
[  3] 210.0000-215.0000 sec  20 datagrams received out-of-order
[  3] 215.0000-220.0000 sec  1.83 MBytes  3.06 Mbits/sec   1.469 ms 2694/ 3997 (67%) 580.688/536.399/654.542/27.481 ms  261 pps  0.66
[  3] 220.0000-225.0000 sec  2.07 MBytes  3.47 Mbits/sec   0.807 ms 2657/ 4131 (64%) 543.671/446.726/619.953/33.885 ms  295 pps  0.80
[  3] 225.0000-230.0000 sec  1.93 MBytes  3.24 Mbits/sec   2.829 ms 2552/ 3928 (65%) 548.518/458.225/591.893/21.962 ms  275 pps  0.74
[  3] 225.0000-230.0000 sec  8 datagrams received out-of-order
[  3] 230.0000-235.0000 sec  2.04 MBytes  3.42 Mbits/sec   0.669 ms 2565/ 4020 (64%) 550.770/527.262/662.755/17.394 ms  291 pps  0.78
[  3] 230.0000-235.0000 sec  8 datagrams received out-of-order
[  3] 235.0000-240.0000 sec  2.08 MBytes  3.49 Mbits/sec   0.665 ms 2556/ 4040 (63%) 539.475/517.858/567.709/11.924 ms  297 pps  0.81
[  3] 240.0000-245.0000 sec  1.96 MBytes  3.29 Mbits/sec   2.100 ms 2569/ 3968 (65%) 553.260/520.539/595.030/17.015 ms  280 pps  0.74
[  3] 245.0000-250.0000 sec  1.93 MBytes  3.24 Mbits/sec   1.441 ms 2634/ 4012 (66%) 557.048/487.960/733.643/35.615 ms  276 pps  0.73
[  3] 245.0000-250.0000 sec  9 datagrams received out-of-order
[  3] 250.0000-255.0000 sec  2.14 MBytes  3.59 Mbits/sec   0.971 ms 2526/ 4053 (62%) 539.996/518.767/578.820/11.570 ms  305 pps  0.83
[  3] 255.0000-260.0000 sec  1.80 MBytes  3.02 Mbits/sec   1.263 ms 2830/ 4113 (69%) 424.917/230.101/549.061/87.812 ms  257 pps  0.89
[  3] 260.0000-265.0000 sec  1.89 MBytes  3.17 Mbits/sec   1.084 ms 2636/ 3984 (66%) 432.073/371.207/644.386/28.321 ms  270 pps  0.92
[  3] 260.0000-265.0000 sec  8 datagrams received out-of-order
[  3] 265.0000-270.0000 sec  2.14 MBytes  3.60 Mbits/sec   0.764 ms 2475/ 4004 (62%) 418.968/310.472/477.510/42.204 ms  306 pps  1.07
[  3] 270.0000-275.0000 sec  2.08 MBytes  3.49 Mbits/sec   0.937 ms 2509/ 3993 (63%) 448.808/407.666/493.390/16.245 ms  297 pps  0.97
[  3] 275.0000-280.0000 sec  2.02 MBytes  3.39 Mbits/sec   1.048 ms 2575/ 4018 (64%) 468.930/437.412/555.233/17.852 ms  288 pps  0.90
[  3] 275.0000-280.0000 sec  9 datagrams received out-of-order
[  3] 280.0000-285.0000 sec  2.15 MBytes  3.61 Mbits/sec   1.500 ms 2472/ 4005 (62%) 471.064/448.812/503.375/11.365 ms  307 pps  0.96
[  3] 285.0000-290.0000 sec  2.03 MBytes  3.41 Mbits/sec   1.693 ms 2520/ 3971 (63%) 476.979/433.355/560.724/19.191 ms  290 pps  0.89
[  3] 290.0000-295.0000 sec  1.91 MBytes  3.20 Mbits/sec   1.179 ms 2626/ 3987 (66%) 498.620/467.349/567.216/24.143 ms  273 pps  0.80
[  3] 290.0000-295.0000 sec  5 datagrams received out-of-order
[  3] 295.0000-300.0000 sec  2.11 MBytes  3.55 Mbits/sec   1.063 ms 2550/ 4058 (63%) 494.706/448.749/563.035/18.250 ms  302 pps  0.90
[  3] 0.0000-301.1312 sec   158 MBytes  4.41 Mbits/sec  44.830 ms 127777/240749 (53%) 405.436/29.860/1166.631/142.717 ms  375 pps  1.36
[  3] 0.0000-301.1312 sec  275 datagrams received out-of-order
------------------------------------------------------------
Server listening on UDP port 5001 with pid 9361
Receiving 1470 byte datagrams
UDP buffer size:  208 KByte (default)
------------------------------------------------------------
[  3] local 10.0.0.3 port 5001 connected with 10.0.0.1 port 53378
[ ID] Interval            Transfer     Bandwidth        Jitter   Lost/Total  Latency avg/min/max/stdev PPS  NetPwr
[  3] 0.0000-5.0000 sec  4.00 MBytes  6.71 Mbits/sec   0.494 ms 1050/ 3905 (27%) 174.556/39.495/207.544/17.102 ms  571 pps  4.81
[  3] 0.0000-5.0000 sec  6 datagrams received out-of-order
[  3] 5.0000-10.0000 sec  4.07 MBytes  6.82 Mbits/sec   0.606 ms 1100/ 4001 (27%) 184.629/170.341/200.649/ 6.302 ms  580 pps  4.62
[  3] 10.0000-15.0000 sec  4.12 MBytes  6.91 Mbits/sec   0.622 ms 1070/ 4007 (27%) 191.656/178.866/216.537/ 7.051 ms  587 pps  4.51
[  3] 15.0000-20.0000 sec  4.00 MBytes  6.71 Mbits/sec   0.607 ms 1149/ 4001 (29%) 213.388/192.801/306.003/14.681 ms  570 pps  3.93
[  3] 15.0000-20.0000 sec  8 datagrams received out-of-order
[  3] 20.0000-25.0000 sec  4.06 MBytes  6.82 Mbits/sec   0.548 ms 1117/ 4015 (28%) 219.225/190.604/259.940/11.940 ms  580 pps  3.89
[  3] 25.0000-30.0000 sec  4.06 MBytes  6.80 Mbits/sec   0.609 ms 1101/ 3994 (28%) 227.472/205.296/253.099/ 9.043 ms  579 pps  3.74
[  3] 30.0000-35.0000 sec  4.04 MBytes  6.78 Mbits/sec   0.559 ms 1119/ 4001 (28%) 242.093/206.731/353.850/17.938 ms  577 pps  3.50
[  3] 30.0000-35.0000 sec  15 datagrams received out-of-order
[  3] 35.0000-40.0000 sec  4.06 MBytes  6.81 Mbits/sec   0.531 ms 1107/ 4001 (28%) 248.076/230.848/276.375/ 8.964 ms  579 pps  3.43
[  3] 40.0000-45.0000 sec  4.10 MBytes  6.87 Mbits/sec   0.639 ms 1085/ 4007 (27%) 254.420/240.834/281.133/ 8.224 ms  584 pps  3.38
[  3] 45.0000-50.0000 sec  3.99 MBytes  6.69 Mbits/sec   0.538 ms 1171/ 4017 (29%) 270.348/246.548/400.969/20.791 ms  569 pps  3.09
[  3] 45.0000-50.0000 sec  19 datagrams received out-of-order
[  3] 50.0000-55.0000 sec  4.24 MBytes  7.11 Mbits/sec   0.564 ms  987/ 4009 (25%) 260.327/188.988/288.377/21.752 ms  604 pps  3.41
[  3] 55.0000-60.0000 sec  4.12 MBytes  6.92 Mbits/sec   0.523 ms 1063/ 4004 (27%) 276.152/261.493/326.983/11.498 ms  588 pps  3.13
[  3] 60.0000-65.0000 sec  4.06 MBytes  6.82 Mbits/sec   0.565 ms 1105/ 4003 (28%) 288.573/269.821/393.348/16.822 ms  580 pps  2.95
[  3] 60.0000-65.0000 sec  15 datagrams received out-of-order
[  3] 65.0000-70.0000 sec  4.04 MBytes  6.78 Mbits/sec   0.646 ms 1100/ 3984 (28%) 297.660/278.316/325.088/10.580 ms  577 pps  2.85
[  3] 70.0000-75.0000 sec  3.96 MBytes  6.64 Mbits/sec   0.620 ms 1200/ 4023 (30%) 315.938/293.802/384.945/19.367 ms  565 pps  2.63
[  3] 75.0000-80.0000 sec  2.46 MBytes  4.13 Mbits/sec   0.978 ms 2094/ 3852 (54%) 504.484/304.686/649.003/44.584 ms  352 pps  1.02
[  3] 75.0000-80.0000 sec  9 datagrams received out-of-order
[  3] 80.0000-85.0000 sec  2.52 MBytes  4.22 Mbits/sec   1.066 ms 2186/ 3982 (55%) 523.710/498.717/550.149/11.461 ms  359 pps  1.01
[  3] 85.0000-90.0000 sec  2.59 MBytes  4.35 Mbits/sec   0.789 ms 2173/ 4024 (54%) 524.389/500.352/567.659/12.765 ms  370 pps  1.04
[  3] 90.0000-95.0000 sec  2.37 MBytes  3.98 Mbits/sec   0.842 ms 2337/ 4030 (58%) 539.748/503.105/643.416/30.969 ms  339 pps  0.92
[  3] 90.0000-95.0000 sec  8 datagrams received out-of-order
[  3] 95.0000-100.0000 sec  2.49 MBytes  4.18 Mbits/sec   1.083 ms 2218/ 3996 (56%) 531.100/508.252/567.268/11.574 ms  356 pps  0.98
[  3] 100.0000-105.0000 sec  2.59 MBytes  4.35 Mbits/sec   0.983 ms 2173/ 4022 (54%) 525.165/503.440/556.901/10.958 ms  370 pps  1.04
[  3] 105.0000-110.0000 sec   939 KBytes  1.54 Mbits/sec  130.746 ms  813/ 1467 (55%) 571.978/512.520/3732.750/343.790 ms  130 pps  0.34
[  3] 110.0000-115.0000 sec  1.85 MBytes  3.11 Mbits/sec  1312.518 ms 5059/ 6382 (79%) 1441.030/263.574/8534.329/2283.398 ms  267 pps  0.27
[  3] 110.0000-115.0000 sec  222 datagrams received out-of-order
[  3] 115.0000-120.0000 sec  3.00 MBytes  5.03 Mbits/sec  1375.174 ms 1751/ 3891 (45%) 3649.213/751.727/11946.198/4179.868 ms  428 pps  0.17
[  3] 115.0000-120.0000 sec  648 datagrams received out-of-order
[  3] 120.0000-125.0000 sec  2.70 MBytes  4.52 Mbits/sec  1944.223 ms 1995/ 3918 (51%) 3587.877/886.740/16260.596/5206.503 ms  385 pps  0.16
[  3] 120.0000-125.0000 sec  394 datagrams received out-of-order
[  3] 125.0000-130.0000 sec  2.73 MBytes  4.57 Mbits/sec  3060.890 ms 1998/ 3943 (51%) 4369.088/878.886/20573.994/7042.023 ms  389 pps  0.13
[  3] 125.0000-130.0000 sec  402 datagrams received out-of-order
[  3] 130.0000-135.0000 sec  2.04 MBytes  3.42 Mbits/sec   1.428 ms 2870/ 4325 (66%) 3386.648/656.671/21747.117/6722.167 ms  291 pps  0.13
[  3] 130.0000-135.0000 sec  183 datagrams received out-of-order
[  3] 135.0000-140.0000 sec  1.45 MBytes  2.43 Mbits/sec   1.269 ms 2964/ 3999 (74%) 727.148/683.739/799.891/26.084 ms  207 pps  0.42
[  3] 140.0000-145.0000 sec  1.54 MBytes  2.58 Mbits/sec  30.797 ms 2827/ 3922 (72%) 763.881/703.973/1036.139/45.337 ms  219 pps  0.42
[  3] 140.0000-145.0000 sec  9 datagrams received out-of-order
[  3] 145.0000-150.0000 sec  1.70 MBytes  2.85 Mbits/sec   0.962 ms 3143/ 4355 (72%) 650.793/214.929/1518.212/247.430 ms  242 pps  0.55
[  3] 145.0000-150.0000 sec  264 datagrams received out-of-order
[  3] 150.0000-155.0000 sec  1.35 MBytes  2.26 Mbits/sec   1.098 ms 3062/ 4024 (76%) 399.580/370.669/453.024/16.422 ms  192 pps  0.71
[  3] 150.0000-155.0000 sec  8 datagrams received out-of-order
[  3] 155.0000-160.0000 sec  1.24 MBytes  2.08 Mbits/sec   1.381 ms 3116/ 4001 (78%) 433.904/374.645/523.259/32.191 ms  177 pps  0.60
[  3] 155.0000-160.0000 sec  12 datagrams received out-of-order
[  3] 160.0000-165.0000 sec  1.34 MBytes  2.26 Mbits/sec   1.370 ms 3075/ 4034 (76%) 415.221/210.659/594.995/35.974 ms  192 pps  0.68
[  3] 160.0000-165.0000 sec  57 datagrams received out-of-order
[  3] 165.0000-170.0000 sec  1.40 MBytes  2.34 Mbits/sec   1.463 ms 3008/ 4005 (75%) 402.061/371.716/440.462/14.681 ms  200 pps  0.73
[  3] 165.0000-170.0000 sec  8 datagrams received out-of-order
[  3] 170.0000-175.0000 sec  1.27 MBytes  2.14 Mbits/sec   1.526 ms 3050/ 3959 (77%) 414.595/376.769/456.242/19.119 ms  182 pps  0.64
[  3] 170.0000-175.0000 sec  16 datagrams received out-of-order
[  3] 175.0000-180.0000 sec  1.30 MBytes  2.17 Mbits/sec   0.851 ms 3142/ 4066 (77%) 424.688/230.231/734.581/52.720 ms  185 pps  0.64
[  3] 175.0000-180.0000 sec  73 datagrams received out-of-order
[  3] 180.0000-185.0000 sec  1.46 MBytes  2.44 Mbits/sec   1.315 ms 2975/ 4013 (74%) 395.440/301.583/474.530/36.016 ms  208 pps  0.77
[  3] 180.0000-185.0000 sec  102 datagrams received out-of-order
[  3] 185.0000-190.0000 sec  1.29 MBytes  2.16 Mbits/sec   1.302 ms 3091/ 4009 (77%) 408.544/376.415/453.968/18.792 ms  184 pps  0.66
[  3] 185.0000-190.0000 sec  7 datagrams received out-of-order
[  3] 190.0000-195.0000 sec  1.06 MBytes  1.78 Mbits/sec   1.138 ms 3234/ 3989 (81%) 414.246/149.652/537.738/31.881 ms  151 pps  0.54
[  3] 190.0000-195.0000 sec  10 datagrams received out-of-order
[  3] 195.0000-200.0000 sec  1.32 MBytes  2.22 Mbits/sec   1.828 ms 3080/ 4024 (77%) 401.678/361.345/458.433/20.498 ms  189 pps  0.69
[  3] 195.0000-200.0000 sec  12 datagrams received out-of-order
[  3] 200.0000-205.0000 sec  1.29 MBytes  2.16 Mbits/sec   1.656 ms 3088/ 4006 (77%) 407.891/373.694/463.901/19.165 ms  183 pps  0.66
[  3] 200.0000-205.0000 sec  9 datagrams received out-of-order
[  3] 205.0000-210.0000 sec  1.30 MBytes  2.18 Mbits/sec   0.719 ms 3110/ 4038 (77%) 428.100/204.114/705.855/45.776 ms  186 pps  0.64
[  3] 205.0000-210.0000 sec  67 datagrams received out-of-order
[  3] 210.0000-215.0000 sec  1.36 MBytes  2.28 Mbits/sec   0.697 ms 3007/ 3975 (76%) 389.609/365.130/438.626/16.595 ms  194 pps  0.73
[  3] 210.0000-215.0000 sec  13 datagrams received out-of-order
[  3] 215.0000-220.0000 sec  1.37 MBytes  2.30 Mbits/sec   0.910 ms 3079/ 4058 (76%) 386.861/365.779/446.890/17.853 ms  196 pps  0.74
[  3] 215.0000-220.0000 sec  4 datagrams received out-of-order
[  3] 220.0000-225.0000 sec  1.34 MBytes  2.24 Mbits/sec   1.492 ms 3056/ 4009 (76%) 408.121/261.247/604.529/45.154 ms  190 pps  0.69
[  3] 220.0000-225.0000 sec  72 datagrams received out-of-order
[  3] 225.0000-230.0000 sec  1.43 MBytes  2.39 Mbits/sec   0.650 ms 2982/ 4000 (75%) 386.907/366.693/408.244/ 8.444 ms  204 pps  0.77
[  3] 225.0000-230.0000 sec  25 datagrams received out-of-order
[  3] 230.0000-235.0000 sec  1.36 MBytes  2.27 Mbits/sec   0.737 ms 3073/ 4040 (76%) 392.246/360.785/455.802/19.764 ms  193 pps  0.72
[  3] 230.0000-235.0000 sec  1 datagrams received out-of-order
[  3] 235.0000-240.0000 sec  1.47 MBytes  2.47 Mbits/sec  13.941 ms 2907/ 3957 (73%) 393.359/238.190/589.226/36.214 ms  210 pps  0.78
[  3] 235.0000-240.0000 sec  106 datagrams received out-of-order
[  3] 240.0000-245.0000 sec  1.46 MBytes  2.45 Mbits/sec   1.619 ms 2989/ 4029 (74%) 385.800/359.039/432.273/13.714 ms  208 pps  0.79
[  3] 240.0000-245.0000 sec  16 datagrams received out-of-order
[  3] 245.0000-250.0000 sec  1.40 MBytes  2.34 Mbits/sec   0.995 ms 3025/ 4021 (75%) 395.793/364.225/453.783/20.223 ms  199 pps  0.74
[  3] 245.0000-250.0000 sec  13 datagrams received out-of-order
[  3] 250.0000-255.0000 sec  1.47 MBytes  2.46 Mbits/sec  49.294 ms 2999/ 4046 (74%) 402.885/220.580/596.659/47.784 ms  209 pps  0.76
[  3] 250.0000-255.0000 sec  69 datagrams received out-of-order
[  3] 255.0000-260.0000 sec  1.70 MBytes  2.86 Mbits/sec   1.287 ms 2772/ 3986 (70%) 369.461/278.254/527.489/40.492 ms  243 pps  0.97
[  3] 255.0000-260.0000 sec  126 datagrams received out-of-order
[  3] 260.0000-265.0000 sec  1.40 MBytes  2.35 Mbits/sec   1.224 ms 3019/ 4020 (75%) 394.529/365.184/457.499/23.144 ms  200 pps  0.75
[  3] 260.0000-265.0000 sec  22 datagrams received out-of-order
[  3] 265.0000-270.0000 sec  1.39 MBytes  2.33 Mbits/sec   0.771 ms 3005/ 3997 (75%) 397.376/368.279/674.793/41.221 ms  198 pps  0.73
[  3] 265.0000-270.0000 sec  14 datagrams received out-of-order
[  3] 270.0000-275.0000 sec  1.39 MBytes  2.33 Mbits/sec   0.776 ms 3003/ 3992 (75%) 389.306/201.893/489.788/21.587 ms  198 pps  0.75
[  3] 270.0000-275.0000 sec  52 datagrams received out-of-order
[  3] 275.0000-280.0000 sec  1.37 MBytes  2.30 Mbits/sec   0.816 ms 3054/ 4034 (76%) 391.890/367.138/443.756/17.962 ms  196 pps  0.74
[  3] 275.0000-280.0000 sec  7 datagrams received out-of-order
[  3] 280.0000-285.0000 sec  1.37 MBytes  2.30 Mbits/sec   0.579 ms 3041/ 4020 (76%) 393.997/364.584/607.259/30.838 ms  196 pps  0.73
[  3] 280.0000-285.0000 sec  16 datagrams received out-of-order
[  3] 285.0000-290.0000 sec  1.45 MBytes  2.42 Mbits/sec   0.689 ms 2965/ 3996 (74%) 390.414/274.087/555.545/29.581 ms  206 pps  0.78
[  3] 285.0000-290.0000 sec  58 datagrams received out-of-order
[  3] 290.0000-295.0000 sec  1.44 MBytes  2.41 Mbits/sec   0.981 ms 2996/ 4020 (75%) 385.098/359.712/440.072/17.632 ms  205 pps  0.78
[  3] 290.0000-295.0000 sec  21 datagrams received out-of-order
[  3] 295.0000-300.0000 sec  1.30 MBytes  2.18 Mbits/sec   1.090 ms 3079/ 4005 (77%) 411.023/368.200/541.774/38.668 ms  185 pps  0.66
[  3] 295.0000-300.0000 sec  11 datagrams received out-of-order
[  3] 0.0000-300.8952 sec   135 MBytes  3.76 Mbits/sec  34.605 ms 144431/240748 (60%) 630.526/39.495/21747.117/1885.202 ms  320 pps  0.75
[  3] 0.0000-300.8952 sec  3229 datagrams received out-of-order
------------------------------------------------------------
Server listening on UDP port 5001 with pid 12444
Receiving 1470 byte datagrams
UDP buffer size:  208 KByte (default)
------------------------------------------------------------
[  3] local 10.0.0.3 port 5001 connected with 10.0.0.1 port 51355
[ ID] Interval            Transfer     Bandwidth        Jitter   Lost/Total  Latency avg/min/max/stdev PPS  NetPwr
[  3] 0.0000-5.0000 sec  3.65 MBytes  6.12 Mbits/sec   0.619 ms 1281/ 3885 (33%) 191.931/32.591/233.932/22.459 ms  521 pps  3.99
[  3] 0.0000-5.0000 sec  6 datagrams received out-of-order
[  3] 5.0000-10.0000 sec  3.82 MBytes  6.41 Mbits/sec   0.621 ms 1283/ 4010 (32%) 207.369/186.340/278.564/18.004 ms  545 pps  3.87
[  3] 10.0000-15.0000 sec  4.45 MBytes  7.46 Mbits/sec   0.606 ms  852/ 4024 (21%) 98.259/ 0.320/230.910/88.226 ms  634 pps  9.49
[  3] 15.0000-20.0000 sec  4.92 MBytes  8.25 Mbits/sec   0.057 ms  642/ 4151 (15%) 61.503/ 0.289/258.774/80.463 ms  702 pps  16.77
[  3] 15.0000-20.0000 sec  8 datagrams received out-of-order
[  3] 20.0000-25.0000 sec  5.44 MBytes  9.13 Mbits/sec   0.449 ms   93/ 3976 (2.3%) 12.211/ 0.298/154.714/28.771 ms  776 pps  93.49
[  3] 25.0000-30.0000 sec  5.41 MBytes  9.08 Mbits/sec   0.101 ms  197/ 4057 (4.9%) 21.903/ 0.293/176.082/42.262 ms  772 pps  51.81
[  3] 30.0000-35.0000 sec  4.99 MBytes  8.37 Mbits/sec   0.665 ms  310/ 3868 (8%) 34.281/ 0.289/207.371/63.468 ms  712 pps  30.51
[  3] 30.0000-35.0000 sec  2 datagrams received out-of-order
[  3] 35.0000-40.0000 sec  3.55 MBytes  5.96 Mbits/sec   0.742 ms 1482/ 4015 (37%) 191.356/159.254/247.241/18.431 ms  507 pps  3.89
------------------------------------------------------------
Server listening on UDP port 5001 with pid 6189
Receiving 1470 byte datagrams
UDP buffer size:  208 KByte (default)
------------------------------------------------------------
[  3] local 10.0.0.3 port 5001 connected with 10.0.0.1 port 58303
[ ID] Interval            Transfer     Bandwidth        Jitter   Lost/Total  Latency avg/min/max/stdev PPS  NetPwr
[  3] 0.0000-5.0000 sec  3.88 MBytes  6.51 Mbits/sec   0.575 ms 1139/ 3906 (29%) 179.074/42.684/217.183/17.139 ms  553 pps  4.54
[  3] 0.0000-5.0000 sec  5 datagrams received out-of-order
[  3] 5.0000-10.0000 sec  3.90 MBytes  6.55 Mbits/sec   0.600 ms 1219/ 4003 (30%) 191.089/171.592/231.406/12.433 ms  557 pps  4.28
[  3] 10.0000-15.0000 sec  3.95 MBytes  6.63 Mbits/sec   0.631 ms 1177/ 3996 (29%) 198.229/170.296/241.665/13.901 ms  564 pps  4.18
[  3] 15.0000-20.0000 sec  3.91 MBytes  6.56 Mbits/sec   0.612 ms 1218/ 4008 (30%) 223.433/196.250/350.098/19.582 ms  558 pps  3.67
[  3] 15.0000-20.0000 sec  11 datagrams received out-of-order
[  3] 20.0000-25.0000 sec  4.03 MBytes  6.77 Mbits/sec   0.623 ms 1132/ 4010 (28%) 226.104/205.872/272.503/12.356 ms  576 pps  3.74
[  3] 25.0000-30.0000 sec  4.10 MBytes  6.88 Mbits/sec   0.524 ms 1083/ 4009 (27%) 218.879/108.322/255.518/24.208 ms  585 pps  3.93
[  3] 30.0000-35.0000 sec  3.98 MBytes  6.68 Mbits/sec   0.618 ms 1159/ 3999 (29%) 235.854/205.970/350.478/22.526 ms  568 pps  3.54
[  3] 30.0000-35.0000 sec  11 datagrams received out-of-order
[  3] 35.0000-40.0000 sec  3.94 MBytes  6.62 Mbits/sec   0.628 ms 1191/ 4005 (30%) 246.825/224.535/276.021/11.029 ms  563 pps  3.35
[  3] 40.0000-45.0000 sec  4.02 MBytes  6.75 Mbits/sec   0.591 ms 1125/ 3996 (28%) 252.035/228.211/280.072/10.765 ms  574 pps  3.35
[  3] 40.0000-45.0000 sec  8 datagrams received out-of-order
[  3] 45.0000-50.0000 sec  4.11 MBytes  6.90 Mbits/sec   0.681 ms 1089/ 4024 (27%) 255.702/233.133/362.348/16.592 ms  587 pps  3.37
[  3] 45.0000-50.0000 sec  18 datagrams received out-of-order
[  3] 50.0000-55.0000 sec  4.09 MBytes  6.86 Mbits/sec   0.636 ms 1084/ 4001 (27%) 263.416/242.722/289.022/ 9.030 ms  584 pps  3.26
[  3] 55.0000-60.0000 sec  4.13 MBytes  6.93 Mbits/sec   0.858 ms 1067/ 4012 (27%) 269.334/230.222/297.045/12.468 ms  589 pps  3.21
[  3] 60.0000-65.0000 sec  4.11 MBytes  6.89 Mbits/sec   0.490 ms 1078/ 4009 (27%) 279.627/250.748/366.769/18.762 ms  586 pps  3.08
[  3] 60.0000-65.0000 sec  17 datagrams received out-of-order
[  3] 65.0000-70.0000 sec  4.05 MBytes  6.80 Mbits/sec   0.572 ms 1107/ 3998 (28%) 294.081/268.193/339.974/17.420 ms  578 pps  2.89
[  3] 70.0000-75.0000 sec  4.04 MBytes  6.79 Mbits/sec   0.609 ms 1118/ 4003 (28%) 304.278/283.240/332.536/ 9.437 ms  577 pps  2.79
[  3] 75.0000-80.0000 sec  2.07 MBytes  3.48 Mbits/sec   0.780 ms 2379/ 3858 (62%) 509.695/302.575/592.855/43.972 ms  296 pps  0.85
[  3] 75.0000-80.0000 sec  3 datagrams received out-of-order
[  3] 80.0000-85.0000 sec  2.30 MBytes  3.86 Mbits/sec   0.803 ms 2374/ 4014 (59%) 503.356/472.119/538.802/17.172 ms  328 pps  0.96
[  3] 85.0000-90.0000 sec  2.01 MBytes  3.37 Mbits/sec   1.239 ms 2517/ 3951 (64%) 547.801/489.917/659.652/40.361 ms  287 pps  0.77
[  3] 90.0000-95.0000 sec  1.85 MBytes  3.10 Mbits/sec   1.072 ms 2697/ 4016 (67%) 584.047/510.280/685.359/36.691 ms  264 pps  0.66
[  3] 90.0000-95.0000 sec  5 datagrams received out-of-order
[  3] 95.0000-100.0000 sec  1.96 MBytes  3.28 Mbits/sec   1.555 ms 2589/ 3984 (65%) 559.017/494.304/657.909/34.688 ms  279 pps  0.73
[  3] 100.0000-105.0000 sec  3.07 MBytes  5.15 Mbits/sec   0.420 ms 2284/ 4475 (51%) 134.938/22.192/652.847/199.350 ms  438 pps  4.77
[  3] 105.0000-110.0000 sec  2.57 MBytes  4.32 Mbits/sec   0.941 ms 1917/ 3752 (51%) 233.411/22.197/383.406/157.751 ms  367 pps  2.31
[  3] 105.0000-110.0000 sec  5 datagrams received out-of-order
[  3] 110.0000-115.0000 sec  1.82 MBytes  3.06 Mbits/sec   0.740 ms 2677/ 3977 (67%) 406.600/353.494/483.266/23.251 ms  260 pps  0.94
[  3] 115.0000-120.0000 sec  1.95 MBytes  3.28 Mbits/sec   1.238 ms 2591/ 3985 (65%) 403.133/355.463/437.283/17.330 ms  279 pps  1.02
[  3] 120.0000-125.0000 sec  1.52 MBytes  2.54 Mbits/sec   1.064 ms 2880/ 3961 (73%) 489.079/220.910/813.970/58.642 ms  216 pps  0.65
[  3] 120.0000-125.0000 sec  83 datagrams received out-of-order
[  3] 125.0000-130.0000 sec  1.41 MBytes  2.37 Mbits/sec   0.903 ms 2995/ 4001 (75%) 497.518/465.836/528.286/14.369 ms  201 pps  0.59
[  3] 130.0000-135.0000 sec  1.48 MBytes  2.48 Mbits/sec   1.374 ms 2976/ 4029 (74%) 513.907/466.386/567.166/20.769 ms  210 pps  0.60
[  3] 135.0000-140.0000 sec  1.64 MBytes  2.75 Mbits/sec   1.213 ms 2709/ 3878 (70%) 715.039/214.553/2076.521/288.438 ms  234 pps  0.48
[  3] 135.0000-140.0000 sec  155 datagrams received out-of-order
[  3] 140.0000-145.0000 sec  1.79 MBytes  3.00 Mbits/sec   0.788 ms 2903/ 4177 (69%) 526.548/435.345/710.746/100.140 ms  255 pps  0.71
[  3] 145.0000-150.0000 sec  2.00 MBytes  3.35 Mbits/sec   1.243 ms 2565/ 3990 (64%) 468.560/444.480/494.077/12.191 ms  285 pps  0.89
[  3] 150.0000-155.0000 sec  1.58 MBytes  2.66 Mbits/sec   7.186 ms 2964/ 4093 (72%) 476.653/216.987/762.941/61.786 ms  226 pps  0.70
[  3] 150.0000-155.0000 sec  145 datagrams received out-of-order
[  3] 155.0000-160.0000 sec  1.44 MBytes  2.42 Mbits/sec   0.775 ms 2982/ 4012 (74%) 390.003/357.097/445.104/20.325 ms  206 pps  0.78
[  3] 155.0000-160.0000 sec  37 datagrams received out-of-order
[  3] 160.0000-165.0000 sec  1.43 MBytes  2.40 Mbits/sec   1.439 ms 2971/ 3991 (74%) 383.571/356.248/422.864/14.824 ms  204 pps  0.78
[  3] 160.0000-165.0000 sec  28 datagrams received out-of-order
[  3] 165.0000-170.0000 sec  1.49 MBytes  2.50 Mbits/sec   5.999 ms 3255/ 4319 (75%) 363.018/ 8.617/455.374/106.164 ms  213 pps  0.86
[  3] 165.0000-170.0000 sec  97 datagrams received out-of-order
[  3] 170.0000-175.0000 sec  3.98 MBytes  6.68 Mbits/sec   1.612 ms 1171/ 4012 (29%) 52.901/11.787/398.006/90.819 ms  568 pps  15.79
[  3] 170.0000-175.0000 sec  695 datagrams received out-of-order
[  3] 175.0000-180.0000 sec  4.81 MBytes  8.07 Mbits/sec   1.007 ms  580/ 4011 (14%) 22.664/ 2.139/61.827/ 5.483 ms  686 pps  44.51
[  3] 175.0000-180.0000 sec  988 datagrams received out-of-order
[  3] 180.0000-185.0000 sec  4.63 MBytes  7.76 Mbits/sec   0.714 ms  710/ 4011 (18%) 30.884/ 6.626/267.430/39.667 ms  660 pps  31.42
[  3] 180.0000-185.0000 sec  920 datagrams received out-of-order
[  3] 185.0000-190.0000 sec  4.64 MBytes  7.79 Mbits/sec  13.580 ms  717/ 4029 (18%) 32.069/ 1.599/299.224/46.284 ms  662 pps  30.36
[  3] 185.0000-190.0000 sec  1458 datagrams received out-of-order
[  3] 190.0000-195.0000 sec  4.32 MBytes  7.25 Mbits/sec   3.463 ms  915/ 3999 (23%) 50.963/ 1.622/389.243/78.164 ms  617 pps  17.79
[  3] 190.0000-195.0000 sec  1174 datagrams received out-of-order
[  3] 195.0000-200.0000 sec  4.91 MBytes  8.23 Mbits/sec   5.428 ms  513/ 4014 (13%) 23.035/ 1.640/134.239/17.057 ms  700 pps  44.68
[  3] 195.0000-200.0000 sec  1479 datagrams received out-of-order
[  3] 200.0000-205.0000 sec  4.74 MBytes  7.95 Mbits/sec   6.333 ms  635/ 4013 (16%) 28.586/ 1.593/208.657/36.469 ms  676 pps  34.74
[  3] 200.0000-205.0000 sec  1669 datagrams received out-of-order
[  3] 205.0000-210.0000 sec  4.05 MBytes  6.80 Mbits/sec   4.252 ms 1121/ 4013 (28%) 49.986/ 1.576/417.018/95.495 ms  579 pps  17.01
[  3] 205.0000-210.0000 sec  1334 datagrams received out-of-order
[  3] 210.0000-215.0000 sec  3.76 MBytes  6.30 Mbits/sec   1.764 ms 1056/ 3736 (28%) 64.111/ 1.637/385.448/107.626 ms  536 pps  12.29
[  3] 210.0000-215.0000 sec  1153 datagrams received out-of-order
[  3] 215.0000-220.0000 sec  4.65 MBytes  7.81 Mbits/sec   0.751 ms  964/ 4284 (23%) 45.576/ 1.647/414.185/86.135 ms  664 pps  21.42
[  3] 215.0000-220.0000 sec  1148 datagrams received out-of-order
[  3] 220.0000-225.0000 sec  4.44 MBytes  7.45 Mbits/sec   0.974 ms  845/ 4012 (21%) 39.265/ 1.594/305.019/61.934 ms  634 pps  23.71
[  3] 220.0000-225.0000 sec  1530 datagrams received out-of-order
[  3] 225.0000-230.0000 sec  2.94 MBytes  4.94 Mbits/sec   1.890 ms 1596/ 3695 (43%) 109.471/ 2.034/522.504/166.276 ms  419 pps  5.64
[  3] 225.0000-230.0000 sec  750 datagrams received out-of-order
[  3] 230.0000-235.0000 sec  1.25 MBytes  2.11 Mbits/sec   1.309 ms 3153/ 4048 (78%) 424.867/362.185/705.680/49.632 ms  179 pps  0.62
[  3] 230.0000-235.0000 sec  33 datagrams received out-of-order
[  3] 235.0000-240.0000 sec  1.29 MBytes  2.16 Mbits/sec   1.056 ms 3076/ 3994 (77%) 410.008/366.370/448.912/21.669 ms  184 pps  0.66
[  3] 235.0000-240.0000 sec  7 datagrams received out-of-order
[  3] 240.0000-245.0000 sec   968 KBytes  1.59 Mbits/sec  93.300 ms 2287/ 2961 (77%) 413.974/367.163/1906.707/62.031 ms  130 pps  0.48
[  3] 240.0000-245.0000 sec  7 datagrams received out-of-order
[  3] 245.0000-250.0000 sec  4.58 MBytes  7.68 Mbits/sec   1.726 ms 2099/ 5364 (39%) 215.505/13.634/1915.218/491.652 ms  680 pps  4.45
[  3] 245.0000-250.0000 sec  956 datagrams received out-of-order
[  3] 250.0000-255.0000 sec  4.18 MBytes  7.02 Mbits/sec   5.097 ms  690/ 3673 (19%) 45.161/ 5.405/448.097/66.703 ms  597 pps  19.42
[  3] 250.0000-255.0000 sec  790 datagrams received out-of-order
[  3] 255.0000-260.0000 sec  1.39 MBytes  2.34 Mbits/sec   1.029 ms 3066/ 4060 (76%) 405.707/363.710/484.158/32.560 ms  199 pps  0.72
[  3] 255.0000-260.0000 sec  13 datagrams received out-of-order
[  3] 260.0000-265.0000 sec  1.23 MBytes  2.07 Mbits/sec   1.198 ms 3109/ 3989 (78%) 440.360/283.209/789.690/90.222 ms  176 pps  0.59
[  3] 260.0000-265.0000 sec  89 datagrams received out-of-order
[  3] 265.0000-270.0000 sec  1.45 MBytes  2.43 Mbits/sec   0.872 ms 3005/ 4039 (74%) 402.388/363.831/505.346/32.614 ms  207 pps  0.76
[  3] 265.0000-270.0000 sec  27 datagrams received out-of-order
[  3] 270.0000-275.0000 sec  1.53 MBytes  2.56 Mbits/sec   1.298 ms 2947/ 4036 (73%) 387.292/355.516/463.077/27.788 ms  218 pps  0.83
[  3] 270.0000-275.0000 sec  40 datagrams received out-of-order
[  3] 275.0000-280.0000 sec  1.27 MBytes  2.13 Mbits/sec   1.468 ms 3051/ 3957 (77%) 456.843/246.376/874.752/86.013 ms  181 pps  0.58
[  3] 275.0000-280.0000 sec  107 datagrams received out-of-order
[  3] 280.0000-285.0000 sec  1.56 MBytes  2.61 Mbits/sec   0.759 ms 2951/ 4062 (73%) 399.968/353.210/520.638/39.513 ms  222 pps  0.82
[  3] 280.0000-285.0000 sec  41 datagrams received out-of-order
[  3] 285.0000-290.0000 sec  1.72 MBytes  2.89 Mbits/sec   0.863 ms 2776/ 4004 (69%) 389.622/355.268/488.220/31.131 ms  245 pps  0.93
[  3] 285.0000-290.0000 sec  70 datagrams received out-of-order
[  3] 290.0000-295.0000 sec  1.33 MBytes  2.24 Mbits/sec   2.571 ms 3017/ 3968 (76%) 434.002/365.924/737.819/73.605 ms  190 pps  0.64
[  3] 290.0000-295.0000 sec  89 datagrams received out-of-order
[  3] 295.0000-300.0000 sec  1.29 MBytes  2.16 Mbits/sec   1.304 ms 3123/ 4040 (77%) 411.295/363.009/472.935/26.140 ms  184 pps  0.66
[  3] 295.0000-300.0000 sec  19 datagrams received out-of-order
[  3] 0.0000-301.6337 sec   173 MBytes  4.80 Mbits/sec  81.955 ms 117615/240751 (49%) 234.419/ 1.576/2076.521/198.058 ms  408 pps  2.56
[  3] 0.0000-301.6337 sec  17214 datagrams received out-of-order
------------------------------------------------------------
Server listening on UDP port 5001 with pid 4467
Receiving 1470 byte datagrams
UDP buffer size:  208 KByte (default)
------------------------------------------------------------
[  3] local 10.0.0.3 port 5001 connected with 10.0.0.1 port 47927
[ ID] Interval            Transfer     Bandwidth        Jitter   Lost/Total  Latency avg/min/max/stdev PPS  NetPwr
[  3] 0.0000-5.0000 sec  4.30 MBytes  7.21 Mbits/sec   0.537 ms  842/ 3908 (22%) 178.350/43.328/210.554/16.882 ms  613 pps  5.05
[  3] 0.0000-5.0000 sec  8 datagrams received out-of-order
[  3] 5.0000-10.0000 sec  4.38 MBytes  7.35 Mbits/sec   0.531 ms  886/ 4009 (22%) 190.392/169.418/209.785/ 6.787 ms  624 pps  4.82
[  3] 10.0000-15.0000 sec  4.42 MBytes  7.42 Mbits/sec   0.539 ms  852/ 4007 (21%) 196.265/180.952/216.887/ 6.335 ms  631 pps  4.73
[  3] 15.0000-20.0000 sec  4.44 MBytes  7.45 Mbits/sec   0.578 ms  841/ 4010 (21%) 203.347/189.447/281.312/12.327 ms  634 pps  4.58
[  3] 15.0000-20.0000 sec  12 datagrams received out-of-order
[  3] 20.0000-25.0000 sec  4.43 MBytes  7.44 Mbits/sec   1.148 ms  827/ 3989 (21%) 213.014/182.195/244.965/11.116 ms  632 pps  4.36
[  3] 25.0000-30.0000 sec  4.37 MBytes  7.34 Mbits/sec   0.491 ms  890/ 4009 (22%) 225.861/200.691/266.772/11.680 ms  624 pps  4.06
[  3] 30.0000-35.0000 sec  4.07 MBytes  6.82 Mbits/sec   0.527 ms 1102/ 4003 (28%) 250.599/221.809/340.105/17.061 ms  580 pps  3.40
[  3] 30.0000-35.0000 sec  15 datagrams received out-of-order
[  3] 35.0000-40.0000 sec  4.23 MBytes  7.09 Mbits/sec   0.449 ms  986/ 4001 (25%) 243.851/165.171/280.281/16.479 ms  603 pps  3.64
[  3] 40.0000-45.0000 sec  4.36 MBytes  7.31 Mbits/sec   0.494 ms  908/ 4016 (23%) 240.700/224.335/267.439/ 8.889 ms  622 pps  3.80
[  3] 45.0000-50.0000 sec  4.27 MBytes  7.16 Mbits/sec   0.717 ms  958/ 4004 (24%) 253.390/231.325/390.511/21.335 ms  609 pps  3.53
[  3] 45.0000-50.0000 sec  20 datagrams received out-of-order
[  3] 50.0000-55.0000 sec  4.39 MBytes  7.36 Mbits/sec   0.624 ms  877/ 4007 (22%) 254.254/240.489/273.868/ 6.667 ms  626 pps  3.62
[  3] 55.0000-60.0000 sec  4.39 MBytes  7.36 Mbits/sec   0.432 ms  885/ 4013 (22%) 262.934/245.955/279.196/ 6.739 ms  626 pps  3.50
[  3] 60.0000-65.0000 sec  4.25 MBytes  7.14 Mbits/sec   0.507 ms  969/ 4003 (24%) 278.656/255.149/344.604/12.123 ms  607 pps  3.20
[  3] 60.0000-65.0000 sec  14 datagrams received out-of-order
[  3] 65.0000-70.0000 sec  4.39 MBytes  7.36 Mbits/sec   0.251 ms  926/ 4055 (23%) 281.792/215.850/349.161/23.472 ms  626 pps  3.26
[  3] 70.0000-75.0000 sec  4.38 MBytes  7.34 Mbits/sec   0.557 ms  824/ 3946 (21%) 292.472/229.710/314.716/14.869 ms  624 pps  3.14
[  3] 75.0000-80.0000 sec  2.25 MBytes  3.78 Mbits/sec   1.335 ms 2240/ 3846 (58%) 484.909/305.756/595.474/43.122 ms  321 pps  0.97
[  3] 75.0000-80.0000 sec  5 datagrams received out-of-order
[  3] 80.0000-85.0000 sec  2.49 MBytes  4.17 Mbits/sec   1.444 ms 2260/ 4034 (56%) 482.436/439.672/525.963/17.632 ms  355 pps  1.08
[  3] 85.0000-90.0000 sec  2.40 MBytes  4.03 Mbits/sec   1.022 ms 2295/ 4007 (57%) 497.959/473.648/529.701/12.349 ms  343 pps  1.01
[  3] 90.0000-95.0000 sec  2.30 MBytes  3.86 Mbits/sec   0.937 ms 2353/ 3996 (59%) 511.422/482.726/582.701/22.173 ms  329 pps  0.94
[  3] 90.0000-95.0000 sec  8 datagrams received out-of-order
[  3] 95.0000-100.0000 sec  2.41 MBytes  4.04 Mbits/sec   0.941 ms 2313/ 4029 (57%) 503.920/482.643/533.789/10.773 ms  343 pps  1.00
[  3] 100.0000-105.0000 sec  2.37 MBytes  3.98 Mbits/sec   1.001 ms 2315/ 4006 (58%) 509.397/484.634/547.139/15.883 ms  338 pps  0.98
[  3] 105.0000-110.0000 sec  2.19 MBytes  3.68 Mbits/sec   1.462 ms 2429/ 3992 (61%) 529.954/484.190/652.491/22.772 ms  313 pps  0.87
[  3] 105.0000-110.0000 sec  9 datagrams received out-of-order
[  3] 110.0000-115.0000 sec  1.89 MBytes  3.17 Mbits/sec   0.825 ms 2636/ 3985 (66%) 567.881/524.050/613.919/16.276 ms  270 pps  0.70
[  3] 115.0000-120.0000 sec  1.98 MBytes  3.32 Mbits/sec   0.977 ms 2608/ 4018 (65%) 567.376/543.684/598.056/11.637 ms  282 pps  0.73
[  3] 120.0000-125.0000 sec  1.55 MBytes  2.61 Mbits/sec   1.250 ms 2964/ 4072 (73%) 528.412/204.212/788.829/75.189 ms  222 pps  0.62
[  3] 120.0000-125.0000 sec  75 datagrams received out-of-order
[  3] 125.0000-130.0000 sec  1.45 MBytes  2.43 Mbits/sec   1.395 ms 2973/ 4005 (74%) 492.852/452.261/523.138/16.353 ms  206 pps  0.62
[  3] 130.0000-135.0000 sec  1.40 MBytes  2.34 Mbits/sec   1.372 ms 3008/ 4005 (75%) 500.307/467.708/535.883/15.889 ms  199 pps  0.59
[  3] 135.0000-140.0000 sec  1.49 MBytes  2.51 Mbits/sec   1.235 ms 2993/ 4059 (74%) 498.366/214.893/1003.321/74.202 ms  213 pps  0.63
[  3] 135.0000-140.0000 sec  38 datagrams received out-of-order
[  3] 140.0000-145.0000 sec  1.51 MBytes  2.53 Mbits/sec   1.236 ms 2936/ 4011 (73%) 477.455/433.170/558.432/28.933 ms  215 pps  0.66
[  3] 145.0000-150.0000 sec  1.41 MBytes  2.36 Mbits/sec   0.908 ms 3000/ 4004 (75%) 459.365/435.324/488.515/11.424 ms  201 pps  0.64
[  3] 150.0000-155.0000 sec  1.43 MBytes  2.39 Mbits/sec   0.991 ms 2966/ 3984 (74%) 495.649/206.775/579.582/31.257 ms  204 pps  0.60
[  3] 150.0000-155.0000 sec  85 datagrams received out-of-order
[  3] 155.0000-160.0000 sec  1.45 MBytes  2.43 Mbits/sec   1.092 ms 2994/ 4029 (74%) 485.087/364.756/536.340/24.438 ms  207 pps  0.63
[  3] 160.0000-165.0000 sec  1.46 MBytes  2.45 Mbits/sec   1.107 ms 2961/ 4003 (74%) 494.849/466.146/549.603/17.196 ms  208 pps  0.62
[  3] 165.0000-170.0000 sec  1.46 MBytes  2.45 Mbits/sec   1.148 ms 2975/ 4018 (74%) 501.384/191.693/683.342/52.577 ms  209 pps  0.61
[  3] 165.0000-170.0000 sec  76 datagrams received out-of-order
[  3] 170.0000-175.0000 sec  1.43 MBytes  2.40 Mbits/sec   0.659 ms 2974/ 3994 (74%) 495.853/466.821/529.344/13.510 ms  204 pps  0.60
[  3] 170.0000-175.0000 sec  1 datagrams received out-of-order
[  3] 175.0000-180.0000 sec  1.32 MBytes  2.21 Mbits/sec   0.912 ms 3092/ 4033 (77%) 490.726/473.542/509.617/ 7.484 ms  188 pps  0.56
[  3] 180.0000-185.0000 sec  1.55 MBytes  2.60 Mbits/sec   0.872 ms 2838/ 3943 (72%) 603.471/303.293/1187.642/146.810 ms  221 pps  0.54
[  3] 180.0000-185.0000 sec  211 datagrams received out-of-order
[  3] 185.0000-190.0000 sec  1.40 MBytes  2.34 Mbits/sec   1.407 ms 2987/ 3984 (75%) 594.685/561.687/639.406/16.757 ms  199 pps  0.49
[  3] 190.0000-195.0000 sec  1.36 MBytes  2.28 Mbits/sec   0.878 ms 3047/ 4016 (76%) 596.892/538.502/638.862/21.462 ms  194 pps  0.48
[  3] 195.0000-200.0000 sec  1.47 MBytes  2.46 Mbits/sec   0.805 ms 2956/ 4004 (74%) 651.180/330.184/867.562/84.110 ms  210 pps  0.47
[  3] 195.0000-200.0000 sec  175 datagrams received out-of-order
[  3] 200.0000-205.0000 sec  1.36 MBytes  2.29 Mbits/sec   0.858 ms 3025/ 3998 (76%) 612.244/537.637/669.835/28.443 ms  195 pps  0.47
[  3] 205.0000-210.0000 sec  1.41 MBytes  2.37 Mbits/sec   0.593 ms 3016/ 4024 (75%) 629.093/600.357/658.756/13.252 ms  202 pps  0.47
[  3] 210.0000-215.0000 sec  1.53 MBytes  2.56 Mbits/sec   1.775 ms 2886/ 3976 (73%) 714.403/217.234/1190.930/138.231 ms  218 pps  0.45
[  3] 210.0000-215.0000 sec  158 datagrams received out-of-order
[  3] 215.0000-220.0000 sec  1.39 MBytes  2.33 Mbits/sec   1.422 ms 3001/ 3990 (75%) 672.865/629.103/756.169/30.972 ms  198 pps  0.43
[  3] 220.0000-225.0000 sec  1.43 MBytes  2.40 Mbits/sec   1.347 ms 3024/ 4045 (75%) 683.871/642.816/718.169/17.389 ms  204 pps  0.44
[  3] 225.0000-230.0000 sec  1.44 MBytes  2.41 Mbits/sec   3.748 ms 2902/ 3926 (74%) 716.998/263.511/943.323/89.139 ms  205 pps  0.42
[  3] 225.0000-230.0000 sec  177 datagrams received out-of-order
[  3] 230.0000-235.0000 sec  1.37 MBytes  2.30 Mbits/sec   1.012 ms 3092/ 4072 (76%) 676.357/623.520/747.625/26.061 ms  196 pps  0.43
[  3] 235.0000-240.0000 sec  1.39 MBytes  2.33 Mbits/sec   0.965 ms 3009/ 3998 (75%) 706.199/672.658/743.308/14.838 ms  198 pps  0.41
[  3] 240.0000-245.0000 sec  1.36 MBytes  2.28 Mbits/sec   3.686 ms 3048/ 4016 (76%) 708.066/197.595/908.076/56.382 ms  194 pps  0.40
[  3] 240.0000-245.0000 sec  86 datagrams received out-of-order
[  3] 245.0000-250.0000 sec  1.67 MBytes  2.81 Mbits/sec   1.148 ms 2737/ 3931 (70%) 840.844/744.692/1036.162/55.882 ms  239 pps  0.42
[  3] 245.0000-250.0000 sec  116 datagrams received out-of-order
[  3] 250.0000-255.0000 sec  1.39 MBytes  2.32 Mbits/sec   0.935 ms 3063/ 4051 (76%) 754.460/719.138/826.232/24.625 ms  198 pps  0.39
[  3] 255.0000-260.0000 sec  1.42 MBytes  2.39 Mbits/sec   2.262 ms 3139/ 4154 (76%) 744.414/200.201/797.515/42.032 ms  203 pps  0.40
[  3] 255.0000-260.0000 sec  82 datagrams received out-of-order
[  3] 260.0000-265.0000 sec  1.36 MBytes  2.27 Mbits/sec   1.186 ms 2908/ 3875 (75%) 735.010/653.382/806.831/41.131 ms  193 pps  0.39
[  3] 260.0000-265.0000 sec  29 datagrams received out-of-order
[  3] 265.0000-270.0000 sec  1.38 MBytes  2.31 Mbits/sec   0.771 ms 3022/ 4006 (75%) 745.511/679.668/804.784/33.190 ms  197 pps  0.39
[  3] 270.0000-275.0000 sec  1.28 MBytes  2.15 Mbits/sec  97.080 ms 3463/ 4378 (79%) 722.610/198.994/791.674/49.584 ms  182 pps  0.37
[  3] 270.0000-275.0000 sec  15 datagrams received out-of-order
[  3] 275.0000-280.0000 sec  1.50 MBytes  2.51 Mbits/sec   1.239 ms 2586/ 3653 (71%) 769.789/592.065/905.664/66.949 ms  214 pps  0.41
[  3] 275.0000-280.0000 sec  125 datagrams received out-of-order
[  3] 280.0000-285.0000 sec  1.32 MBytes  2.22 Mbits/sec   1.001 ms 3067/ 4012 (76%) 727.755/693.468/755.508/12.337 ms  189 pps  0.38
[  3] 285.0000-290.0000 sec  1.34 MBytes  2.25 Mbits/sec   1.429 ms 3081/ 4038 (76%) 734.959/701.307/770.032/15.408 ms  192 pps  0.38
[  3] 290.0000-295.0000 sec  1.36 MBytes  2.29 Mbits/sec   2.243 ms 3024/ 3997 (76%) 768.776/179.865/852.812/55.754 ms  195 pps  0.37
[  3] 290.0000-295.0000 sec  126 datagrams received out-of-order
[  3] 295.0000-300.0000 sec  1.39 MBytes  2.34 Mbits/sec   1.097 ms 3007/ 4002 (75%) 732.872/670.915/806.598/30.559 ms  199 pps  0.40
[  3] 0.0000-300.5889 sec   137 MBytes  3.82 Mbits/sec   0.606 ms 143108/240746 (59%) 426.874/43.328/1190.930/201.282 ms  324 pps  1.12
[  3] 0.0000-300.5889 sec  1666 datagrams received out-of-order
