------------------------------------------------------------
Server listening on UDP port 5001 with pid 6710
Receiving 1470 byte datagrams
UDP buffer size:  208 KByte (default)
------------------------------------------------------------
[  3] local 10.0.0.4 port 5001 connected with 10.0.0.2 port 47941
[ ID] Interval            Transfer     Bandwidth        Jitter   Lost/Total  Latency avg/min/max/stdev PPS  NetPwr
[  3] 0.0000-5.0000 sec  1.49 MBytes  2.50 Mbits/sec   1.269 ms 1380/ 2442 (57%) 370.643/59.578/505.165/81.141 ms  212 pps  0.84
[  3] 0.0000-5.0000 sec  6 datagrams received out-of-order
[  3] 5.0000-10.0000 sec  1.54 MBytes  2.58 Mbits/sec   1.951 ms 1620/ 2718 (60%) 454.805/402.711/505.609/23.278 ms  220 pps  0.71
[  3] 10.0000-15.0000 sec  1.43 MBytes  2.40 Mbits/sec   1.173 ms 1647/ 2666 (62%) 438.684/401.362/473.345/13.588 ms  204 pps  0.68
[  3] 15.0000-20.0000 sec  1.54 MBytes  2.58 Mbits/sec   1.007 ms 1596/ 2692 (59%) 453.146/410.520/525.089/22.812 ms  219 pps  0.71
[  3] 15.0000-20.0000 sec  5 datagrams received out-of-order
[  3] 20.0000-25.0000 sec  1.47 MBytes  2.47 Mbits/sec   1.174 ms 1608/ 2660 (60%) 472.127/410.331/619.399/46.239 ms  210 pps  0.66
[  3] 25.0000-30.0000 sec  1.40 MBytes  2.34 Mbits/sec   2.562 ms 1563/ 2560 (61%) 472.286/427.779/658.625/40.959 ms  199 pps  0.62
[  3] 30.0000-35.0000 sec  2.28 MBytes  3.82 Mbits/sec   1.157 ms 1099/ 2722 (40%) 644.890/526.868/943.604/71.230 ms  324 pps  0.74
[  3] 30.0000-35.0000 sec  14 datagrams received out-of-order
[  3] 35.0000-40.0000 sec  2.17 MBytes  3.64 Mbits/sec   2.090 ms 1124/ 2671 (42%) 595.036/533.477/688.411/37.811 ms  310 pps  0.76
[  3] 40.0000-45.0000 sec  2.38 MBytes  3.99 Mbits/sec   0.797 ms  974/ 2672 (36%) 603.298/533.847/647.790/25.143 ms  340 pps  0.83
[  3] 45.0000-50.0000 sec  2.13 MBytes  3.58 Mbits/sec   1.013 ms 1120/ 2642 (42%) 652.328/521.591/1201.710/130.244 ms  305 pps  0.69
[  3] 45.0000-50.0000 sec  35 datagrams received out-of-order
[  3] 50.0000-55.0000 sec  2.51 MBytes  4.22 Mbits/sec   0.889 ms  895/ 2688 (33%) 663.910/578.105/831.926/63.254 ms  358 pps  0.79
[  3] 55.0000-60.0000 sec  2.38 MBytes  4.00 Mbits/sec   0.960 ms  953/ 2653 (36%) 634.486/575.588/728.444/36.139 ms  340 pps  0.79
[  3] 55.0000-60.0000 sec  4 datagrams received out-of-order
[  3] 60.0000-65.0000 sec  2.12 MBytes  3.56 Mbits/sec   1.005 ms 1125/ 2638 (43%) 666.881/576.403/818.915/62.198 ms  303 pps  0.67
[  3] 60.0000-65.0000 sec  15 datagrams received out-of-order
[  3] 65.0000-70.0000 sec  2.20 MBytes  3.69 Mbits/sec   1.079 ms 1155/ 2726 (42%) 674.581/590.795/824.139/61.922 ms  314 pps  0.68
[  3] 70.0000-75.0000 sec  1.62 MBytes  2.71 Mbits/sec   1.919 ms 1502/ 2655 (57%) 644.221/601.470/724.681/32.682 ms  231 pps  0.53
[  3] 75.0000-80.0000 sec  1.80 MBytes  3.02 Mbits/sec   1.731 ms 1398/ 2683 (52%) 670.008/597.012/828.168/39.309 ms  257 pps  0.56
[  3] 75.0000-80.0000 sec  13 datagrams received out-of-order
[  3] 80.0000-85.0000 sec  2.02 MBytes  3.39 Mbits/sec   0.945 ms 1232/ 2675 (46%) 688.155/619.467/863.852/63.792 ms  288 pps  0.62
[  3] 85.0000-90.0000 sec  1.47 MBytes  2.46 Mbits/sec   1.233 ms 1605/ 2652 (61%) 668.617/628.456/707.660/14.821 ms  209 pps  0.46
[  3] 90.0000-95.0000 sec  2.05 MBytes  3.43 Mbits/sec   0.652 ms 1236/ 2695 (46%) 698.781/559.207/948.766/64.040 ms  292 pps  0.61
[  3] 90.0000-95.0000 sec  14 datagrams received out-of-order
[  3] 95.0000-100.0000 sec  1.73 MBytes  2.90 Mbits/sec   1.133 ms 1438/ 2672 (54%) 676.590/635.329/755.016/21.608 ms  247 pps  0.54
[  3] 100.0000-105.0000 sec  1.67 MBytes  2.80 Mbits/sec   0.906 ms 1475/ 2664 (55%) 679.874/638.568/708.696/14.633 ms  238 pps  0.51
[  3] 105.0000-110.0000 sec  1.58 MBytes  2.65 Mbits/sec  84.249 ms 1362/ 2490 (55%) 726.512/643.454/1633.645/139.099 ms  225 pps  0.46
[  3] 105.0000-110.0000 sec  33 datagrams received out-of-order
[  3] 110.0000-115.0000 sec  1.98 MBytes  3.31 Mbits/sec   1.043 ms 1474/ 2883 (51%) 786.305/633.457/2219.209/257.099 ms  281 pps  0.53
[  3] 110.0000-115.0000 sec  46 datagrams received out-of-order
[  3] 115.0000-120.0000 sec  1.80 MBytes  3.02 Mbits/sec   0.979 ms 1373/ 2657 (52%) 681.703/622.192/721.859/20.692 ms  258 pps  0.55
[  3] 120.0000-125.0000 sec  1.81 MBytes  3.04 Mbits/sec   3.040 ms 1279/ 2573 (50%) 696.423/474.949/898.127/78.813 ms  259 pps  0.55
[  3] 125.0000-130.0000 sec  2.20 MBytes  3.68 Mbits/sec   0.806 ms 1214/ 2780 (44%) 744.591/653.168/1086.589/96.031 ms  313 pps  0.62
[  3] 125.0000-130.0000 sec  13 datagrams received out-of-order
[  3] 130.0000-135.0000 sec  1.75 MBytes  2.94 Mbits/sec   1.195 ms 1421/ 2671 (53%) 676.572/635.909/734.455/24.257 ms  250 pps  0.54
[  3] 135.0000-140.0000 sec  2.05 MBytes  3.44 Mbits/sec   0.914 ms 1091/ 2552 (43%) 709.129/648.608/905.260/56.204 ms  292 pps  0.61
[  3] 140.0000-145.0000 sec  2.37 MBytes  3.97 Mbits/sec   0.907 ms 1029/ 2718 (38%) 828.707/695.095/1145.887/94.672 ms  338 pps  0.60
[  3] 140.0000-145.0000 sec  10 datagrams received out-of-order
[  3] 145.0000-150.0000 sec  2.55 MBytes  4.28 Mbits/sec   1.145 ms  943/ 2763 (34%) 742.033/534.314/925.374/97.732 ms  364 pps  0.72
[  3] 150.0000-155.0000 sec  2.14 MBytes  3.59 Mbits/sec   1.723 ms 1075/ 2601 (41%) 689.448/652.224/797.600/24.137 ms  305 pps  0.65
[  3] 155.0000-160.0000 sec  2.07 MBytes  3.47 Mbits/sec   1.690 ms 1264/ 2738 (46%) 750.990/644.132/980.638/66.124 ms  294 pps  0.58
[  3] 155.0000-160.0000 sec  13 datagrams received out-of-order
[  3] 160.0000-165.0000 sec  1.79 MBytes  3.00 Mbits/sec   1.154 ms 1401/ 2675 (52%) 685.640/647.112/724.757/13.948 ms  255 pps  0.55
[  3] 165.0000-170.0000 sec  2.09 MBytes  3.50 Mbits/sec   1.161 ms 1194/ 2684 (44%) 677.543/642.294/705.593/11.917 ms  298 pps  0.65
[  3] 170.0000-175.0000 sec  1.96 MBytes  3.29 Mbits/sec   1.036 ms 1274/ 2672 (48%) 713.441/647.413/900.773/39.824 ms  280 pps  0.58
[  3] 170.0000-175.0000 sec  9 datagrams received out-of-order
[  3] 175.0000-180.0000 sec  1.91 MBytes  3.20 Mbits/sec   0.941 ms 1312/ 2673 (49%) 679.993/650.459/724.716/15.128 ms  272 pps  0.59
[  3] 180.0000-185.0000 sec  1.83 MBytes  3.06 Mbits/sec   2.319 ms 1350/ 2653 (51%) 677.104/639.953/713.325/13.874 ms  261 pps  0.57
[  3] 185.0000-190.0000 sec  2.12 MBytes  3.56 Mbits/sec   2.104 ms 1158/ 2673 (43%) 742.975/652.082/926.513/78.562 ms  303 pps  0.60
[  3] 185.0000-190.0000 sec  14 datagrams received out-of-order
[  3] 190.0000-195.0000 sec  2.11 MBytes  3.55 Mbits/sec   0.760 ms 1189/ 2697 (44%) 721.072/651.530/895.705/69.006 ms  302 pps  0.61
[  3] 195.0000-200.0000 sec  1.78 MBytes  2.98 Mbits/sec   1.175 ms 1419/ 2688 (53%) 674.777/646.666/708.589/12.701 ms  253 pps  0.55
[  3] 200.0000-205.0000 sec  1.99 MBytes  3.34 Mbits/sec   0.924 ms 1179/ 2597 (45%) 734.836/648.557/1102.201/71.565 ms  284 pps  0.57
[  3] 200.0000-205.0000 sec  22 datagrams received out-of-order
[  3] 205.0000-210.0000 sec  1.66 MBytes  2.78 Mbits/sec   0.541 ms 1547/ 2730 (57%) 679.595/640.798/802.061/28.634 ms  237 pps  0.51
[  3] 210.0000-215.0000 sec  1.67 MBytes  2.80 Mbits/sec   0.975 ms 1414/ 2604 (54%) 689.546/649.889/827.945/37.228 ms  238 pps  0.51
[  3] 215.0000-220.0000 sec  2.24 MBytes  3.75 Mbits/sec   1.142 ms 1159/ 2755 (42%) 740.821/651.886/871.198/58.905 ms  319 pps  0.63
[  3] 215.0000-220.0000 sec  6 datagrams received out-of-order
[  3] 220.0000-225.0000 sec  2.01 MBytes  3.37 Mbits/sec   0.826 ms 1193/ 2625 (45%) 726.524/648.476/899.817/66.197 ms  286 pps  0.58
[  3] 225.0000-230.0000 sec  2.99 MBytes  5.02 Mbits/sec   0.733 ms  623/ 2758 (23%) 656.932/525.055/769.690/60.263 ms  427 pps  0.96
[  3] 230.0000-235.0000 sec  2.69 MBytes  4.51 Mbits/sec   0.595 ms  727/ 2646 (27%) 716.375/604.491/944.486/54.670 ms  384 pps  0.79
[  3] 230.0000-235.0000 sec  26 datagrams received out-of-order
[  3] 235.0000-240.0000 sec  3.08 MBytes  5.17 Mbits/sec   0.906 ms  519/ 2716 (19%) 634.418/525.808/874.643/81.032 ms  439 pps  1.02
[  3] 240.0000-245.0000 sec  3.39 MBytes  5.68 Mbits/sec   0.800 ms  277/ 2694 (10%) 570.667/486.565/647.325/45.828 ms  484 pps  1.25
[  3] 245.0000-250.0000 sec  3.31 MBytes  5.56 Mbits/sec   8.528 ms  224/ 2586 (8.7%) 577.582/487.796/860.849/73.050 ms  472 pps  1.20
[  3] 245.0000-250.0000 sec  23 datagrams received out-of-order
[  3] 250.0000-255.0000 sec  3.08 MBytes  5.17 Mbits/sec   0.364 ms  568/ 2768 (21%) 634.125/529.368/841.614/82.597 ms  440 pps  1.02
[  3] 255.0000-260.0000 sec  3.24 MBytes  5.44 Mbits/sec   0.564 ms  347/ 2660 (13%) 596.504/526.550/668.297/39.835 ms  463 pps  1.14
[  3] 260.0000-265.0000 sec  2.96 MBytes  4.97 Mbits/sec   9.290 ms  517/ 2628 (20%) 647.689/543.838/791.006/52.581 ms  422 pps  0.96
[  3] 260.0000-265.0000 sec  6 datagrams received out-of-order
[  3] 265.0000-270.0000 sec  2.96 MBytes  4.97 Mbits/sec   0.313 ms  615/ 2729 (23%) 662.374/522.236/967.794/116.882 ms  423 pps  0.94
[  3] 265.0000-270.0000 sec  17 datagrams received out-of-order
[  3] 270.0000-275.0000 sec  2.80 MBytes  4.70 Mbits/sec   0.536 ms  554/ 2554 (22%) 636.374/371.122/1074.684/201.026 ms  400 pps  0.92
[  3] 275.0000-280.0000 sec  3.07 MBytes  5.15 Mbits/sec   0.565 ms  606/ 2795 (22%) 642.205/513.725/790.492/77.794 ms  438 pps  1.00
[  3] 280.0000-285.0000 sec  3.11 MBytes  5.22 Mbits/sec   0.710 ms  459/ 2680 (17%) 620.247/508.889/842.014/79.871 ms  444 pps  1.05
[  3] 280.0000-285.0000 sec  23 datagrams received out-of-order
[  3] 285.0000-290.0000 sec  2.91 MBytes  4.88 Mbits/sec   2.008 ms  491/ 2564 (19%) 646.565/541.476/875.039/95.375 ms  415 pps  0.94
[  3] 290.0000-295.0000 sec  2.77 MBytes  4.65 Mbits/sec   0.902 ms  563/ 2541 (22%) 695.054/538.979/1013.767/157.408 ms  396 pps  0.84
[  3] 295.0000-300.0000 sec  2.59 MBytes  4.35 Mbits/sec   0.541 ms 1009/ 2857 (35%) 769.508/511.437/1948.727/278.195 ms  370 pps  0.71
[  3] 295.0000-300.0000 sec  61 datagrams received out-of-order
[  3] 0.0000-300.6174 sec   132 MBytes  3.69 Mbits/sec   0.303 ms 66236/160497 (41%) 659.631/59.578/2219.209/117.608 ms  313 pps  0.70
[  3] 0.0000-300.6174 sec  428 datagrams received out-of-order
------------------------------------------------------------
Server listening on UDP port 5001 with pid 7787
Receiving 1470 byte datagrams
UDP buffer size:  208 KByte (default)
------------------------------------------------------------
[  3] local 10.0.0.4 port 5001 connected with 10.0.0.2 port 52342
[ ID] Interval            Transfer     Bandwidth        Jitter   Lost/Total  Latency avg/min/max/stdev PPS  NetPwr
[  3] 0.0000-5.0000 sec  1.74 MBytes  2.92 Mbits/sec   0.927 ms 1368/ 2610 (52%) 187.263/55.271/243.028/21.689 ms  248 pps  1.95
[  3] 0.0000-5.0000 sec  6 datagrams received out-of-order
[  3] 5.0000-10.0000 sec  1.65 MBytes  2.77 Mbits/sec   0.699 ms 1498/ 2677 (56%) 181.944/168.885/198.054/ 4.456 ms  236 pps  1.91
[  3] 10.0000-15.0000 sec  1.63 MBytes  2.73 Mbits/sec   0.792 ms 1516/ 2678 (57%) 184.767/170.696/217.522/ 9.006 ms  232 pps  1.85
[  3] 15.0000-20.0000 sec  1.67 MBytes  2.81 Mbits/sec   0.675 ms 1481/ 2674 (55%) 187.104/170.007/253.565/14.904 ms  239 pps  1.87
[  3] 15.0000-20.0000 sec  10 datagrams received out-of-order
[  3] 20.0000-25.0000 sec  1.68 MBytes  2.82 Mbits/sec   0.828 ms 1469/ 2670 (55%) 182.449/173.525/201.720/ 5.507 ms  240 pps  1.94
[  3] 25.0000-30.0000 sec  1.68 MBytes  2.82 Mbits/sec   0.772 ms 1477/ 2678 (55%) 183.379/171.104/201.314/ 6.026 ms  240 pps  1.93
[  3] 30.0000-35.0000 sec  1.70 MBytes  2.86 Mbits/sec   0.890 ms 1457/ 2672 (55%) 198.916/172.054/266.329/21.039 ms  243 pps  1.80
[  3] 30.0000-35.0000 sec  6 datagrams received out-of-order
[  3] 35.0000-40.0000 sec  1.66 MBytes  2.79 Mbits/sec   0.402 ms 1452/ 2638 (55%) 231.147/189.571/258.282/11.172 ms  237 pps  1.51
[  3] 40.0000-45.0000 sec  1.72 MBytes  2.88 Mbits/sec   0.569 ms 1450/ 2674 (54%) 259.863/242.824/276.149/ 6.306 ms  245 pps  1.38
[  3] 45.0000-50.0000 sec  1.75 MBytes  2.94 Mbits/sec   1.561 ms 1462/ 2710 (54%) 328.062/194.024/384.878/48.804 ms  250 pps  1.12
[  3] 45.0000-50.0000 sec  5 datagrams received out-of-order
[  3] 50.0000-55.0000 sec  1.67 MBytes  2.80 Mbits/sec   0.424 ms 1476/ 2666 (55%) 197.774/138.358/215.545/14.141 ms  238 pps  1.77
[  3] 55.0000-60.0000 sec  1.67 MBytes  2.81 Mbits/sec   0.772 ms 1492/ 2685 (56%) 199.558/182.884/214.221/ 7.011 ms  239 pps  1.76
[  3] 60.0000-65.0000 sec  1.76 MBytes  2.96 Mbits/sec   1.021 ms 1354/ 2611 (52%) 278.572/189.437/331.271/46.105 ms  251 pps  1.33
[  3] 60.0000-65.0000 sec  11 datagrams received out-of-order
[  3] 65.0000-70.0000 sec  1.73 MBytes  2.90 Mbits/sec   0.947 ms 1441/ 2673 (54%) 316.435/296.125/356.287/12.916 ms  246 pps  1.14
[  3] 70.0000-75.0000 sec  1.65 MBytes  2.77 Mbits/sec   0.533 ms 1559/ 2738 (57%) 243.742/190.719/324.422/44.006 ms  236 pps  1.42
[  3] 75.0000-80.0000 sec  1.77 MBytes  2.97 Mbits/sec   0.781 ms 1337/ 2599 (51%) 289.788/183.860/360.809/58.692 ms  252 pps  1.28
[  3] 75.0000-80.0000 sec  12 datagrams received out-of-order
[  3] 80.0000-85.0000 sec  1.71 MBytes  2.86 Mbits/sec   0.584 ms 1442/ 2659 (54%) 351.736/328.202/381.977/11.000 ms  243 pps  1.02
[  3] 85.0000-90.0000 sec  1.73 MBytes  2.90 Mbits/sec   0.681 ms 1482/ 2716 (55%) 331.279/286.147/371.594/17.549 ms  247 pps  1.10
[  3] 90.0000-95.0000 sec  1.75 MBytes  2.94 Mbits/sec   0.574 ms 1362/ 2610 (52%) 355.913/280.429/468.983/60.634 ms  250 pps  1.03
[  3] 90.0000-95.0000 sec  13 datagrams received out-of-order
[  3] 95.0000-100.0000 sec  1.73 MBytes  2.90 Mbits/sec   0.683 ms 1503/ 2735 (55%) 383.920/301.046/457.127/31.010 ms  246 pps  0.94
[  3] 100.0000-105.0000 sec  1.72 MBytes  2.88 Mbits/sec   0.481 ms 1502/ 2728 (55%) 206.495/182.882/306.087/20.076 ms  245 pps  1.75
[  3] 105.0000-110.0000 sec  1.78 MBytes  2.98 Mbits/sec   0.787 ms 1329/ 2598 (51%) 246.164/185.746/354.352/59.790 ms  254 pps  1.52
[  3] 105.0000-110.0000 sec  8 datagrams received out-of-order
[  3] 110.0000-115.0000 sec  1.72 MBytes  2.88 Mbits/sec   0.666 ms 1437/ 2663 (54%) 356.683/322.952/387.453/15.353 ms  245 pps  1.01
[  3] 115.0000-120.0000 sec  1.69 MBytes  2.84 Mbits/sec   0.493 ms 1503/ 2711 (55%) 320.747/280.006/380.942/27.393 ms  242 pps  1.11
[  3] 120.0000-125.0000 sec  1.75 MBytes  2.93 Mbits/sec   0.537 ms 1362/ 2609 (52%) 336.660/263.791/438.371/56.570 ms  249 pps  1.09
[  3] 120.0000-125.0000 sec  18 datagrams received out-of-order
[  3] 125.0000-130.0000 sec  1.74 MBytes  2.91 Mbits/sec   0.418 ms 1438/ 2677 (54%) 415.802/393.481/433.503/ 8.542 ms  248 pps  0.88
[  3] 130.0000-135.0000 sec  1.75 MBytes  2.94 Mbits/sec   0.256 ms 1452/ 2700 (54%) 396.692/370.984/441.984/17.795 ms  250 pps  0.92
[  3] 135.0000-140.0000 sec  1.82 MBytes  3.06 Mbits/sec   0.956 ms 1334/ 2635 (51%) 460.804/367.783/671.710/58.591 ms  260 pps  0.83
[  3] 135.0000-140.0000 sec  33 datagrams received out-of-order
[  3] 140.0000-145.0000 sec  1.63 MBytes  2.73 Mbits/sec   0.885 ms 1475/ 2635 (56%) 485.273/446.113/535.754/23.132 ms  232 pps  0.70
[  3] 145.0000-150.0000 sec  1.72 MBytes  2.89 Mbits/sec   1.161 ms 1539/ 2768 (56%) 452.358/337.167/522.875/33.012 ms  245 pps  0.80
[  3] 150.0000-155.0000 sec  1.73 MBytes  2.91 Mbits/sec   1.208 ms 1367/ 2603 (53%) 391.761/336.874/492.899/32.575 ms  248 pps  0.93
[  3] 150.0000-155.0000 sec  9 datagrams received out-of-order
[  3] 155.0000-160.0000 sec  1.67 MBytes  2.81 Mbits/sec   0.479 ms 1487/ 2680 (55%) 477.086/456.981/501.795/10.047 ms  239 pps  0.74
[  3] 160.0000-165.0000 sec  1.69 MBytes  2.84 Mbits/sec   1.509 ms 1474/ 2682 (55%) 467.694/433.541/501.096/17.809 ms  242 pps  0.76
[  3] 165.0000-170.0000 sec  1.68 MBytes  2.82 Mbits/sec   1.514 ms 1425/ 2624 (54%) 486.517/448.637/584.796/26.180 ms  240 pps  0.72
[  3] 165.0000-170.0000 sec  11 datagrams received out-of-order
[  3] 170.0000-175.0000 sec  1.70 MBytes  2.86 Mbits/sec   1.014 ms 1476/ 2692 (55%) 512.839/454.696/626.955/36.102 ms  243 pps  0.70
[  3] 175.0000-180.0000 sec  1.66 MBytes  2.78 Mbits/sec   0.527 ms 1524/ 2707 (56%) 489.799/457.537/534.965/16.346 ms  237 pps  0.71
[  3] 180.0000-185.0000 sec  1.96 MBytes  3.29 Mbits/sec   1.135 ms 1287/ 2686 (48%) 414.884/358.192/470.670/32.183 ms  280 pps  0.99
[  3] 180.0000-185.0000 sec  8 datagrams received out-of-order
[  3] 185.0000-190.0000 sec  1.76 MBytes  2.95 Mbits/sec   1.019 ms 1375/ 2630 (52%) 517.321/441.692/568.403/30.376 ms  251 pps  0.71
[  3] 190.0000-195.0000 sec  1.85 MBytes  3.11 Mbits/sec   0.415 ms 1524/ 2845 (54%) 387.826/193.446/535.181/137.880 ms  264 pps  1.00
[  3] 195.0000-200.0000 sec  1.69 MBytes  2.83 Mbits/sec   1.582 ms 1455/ 2658 (55%) 212.787/166.853/273.533/16.772 ms  241 pps  1.66
[  3] 195.0000-200.0000 sec  8 datagrams received out-of-order
[  3] 200.0000-205.0000 sec  1.69 MBytes  2.83 Mbits/sec   1.162 ms 1426/ 2628 (54%) 282.248/231.860/345.486/30.470 ms  240 pps  1.25
[  3] 205.0000-210.0000 sec  1.62 MBytes  2.71 Mbits/sec   0.588 ms 1523/ 2677 (57%) 315.043/294.732/340.272/10.509 ms  231 pps  1.08
[  3] 210.0000-215.0000 sec  1.73 MBytes  2.91 Mbits/sec   4.259 ms 1436/ 2672 (54%) 318.539/252.503/388.303/23.605 ms  247 pps  1.14
[  3] 210.0000-215.0000 sec  8 datagrams received out-of-order
[  3] 215.0000-220.0000 sec  1.73 MBytes  2.91 Mbits/sec   0.612 ms 1369/ 2606 (53%) 391.923/331.228/458.810/23.641 ms  247 pps  0.93
[  3] 220.0000-225.0000 sec  1.69 MBytes  2.83 Mbits/sec   0.531 ms 1534/ 2736 (56%) 402.041/339.397/458.653/20.907 ms  240 pps  0.88
[  3] 225.0000-230.0000 sec  3.86 MBytes  6.48 Mbits/sec   0.508 ms  104/ 2858 (3.6%) 72.282/ 1.242/350.902/100.674 ms  551 pps  11.20
[  3] 230.0000-235.0000 sec  3.75 MBytes  6.29 Mbits/sec   0.434 ms    0/ 2676 (0%)  5.297/ 1.309/105.401/ 9.378 ms  535 pps  148.54
[  3] 230.0000-235.0000 sec  9 datagrams received out-of-order
[  3] 235.0000-240.0000 sec  3.75 MBytes  6.29 Mbits/sec   0.339 ms    0/ 2674 (0%)  2.830/ 1.144/14.138/ 1.450 ms  535 pps  277.82
[  3] 240.0000-245.0000 sec  3.75 MBytes  6.29 Mbits/sec   0.494 ms    0/ 2675 (0%)  2.669/ 1.112/15.165/ 1.235 ms  535 pps  294.71
[  3] 245.0000-250.0000 sec  3.74 MBytes  6.28 Mbits/sec   0.431 ms    0/ 2669 (0%)  3.802/ 1.209/58.759/ 4.427 ms  534 pps  206.37
[  3] 245.0000-250.0000 sec  5 datagrams received out-of-order
[  3] 250.0000-255.0000 sec  3.76 MBytes  6.31 Mbits/sec   0.400 ms    0/ 2681 (0%)  2.898/ 1.306/15.173/ 1.614 ms  536 pps  271.99
[  3] 255.0000-260.0000 sec  3.75 MBytes  6.29 Mbits/sec   0.350 ms    0/ 2675 (0%)  2.722/ 1.285/12.436/ 0.937 ms  535 pps  288.91
[  3] 260.0000-265.0000 sec  3.75 MBytes  6.29 Mbits/sec   0.504 ms    0/ 2675 (0%) 12.357/ 1.452/83.132/16.357 ms  535 pps  63.65
[  3] 260.0000-265.0000 sec  8 datagrams received out-of-order
[  3] 265.0000-270.0000 sec  3.75 MBytes  6.29 Mbits/sec   0.430 ms    0/ 2675 (0%)  4.964/ 1.123/37.327/ 5.977 ms  535 pps  158.42
[  3] 270.0000-275.0000 sec  3.75 MBytes  6.29 Mbits/sec   0.406 ms    0/ 2674 (0%)  2.816/ 1.160/13.401/ 1.214 ms  535 pps  279.17
[  3] 275.0000-280.0000 sec  3.75 MBytes  6.29 Mbits/sec   0.537 ms    0/ 2675 (0%)  3.614/ 1.378/73.958/ 5.138 ms  535 pps  217.60
[  3] 275.0000-280.0000 sec  7 datagrams received out-of-order
[  3] 280.0000-285.0000 sec  3.75 MBytes  6.29 Mbits/sec   0.435 ms    0/ 2676 (0%)  3.026/ 1.345/17.743/ 1.897 ms  535 pps  260.03
[  3] 285.0000-290.0000 sec  3.75 MBytes  6.29 Mbits/sec   0.541 ms    0/ 2675 (0%)  2.817/ 1.219/16.454/ 1.439 ms  535 pps  279.22
[  3] 290.0000-295.0000 sec  3.75 MBytes  6.29 Mbits/sec   0.250 ms    0/ 2675 (0%)  3.562/ 1.150/77.580/ 5.265 ms  535 pps  220.78
[  3] 290.0000-295.0000 sec  8 datagrams received out-of-order
[  3] 0.0000-299.9394 sec   134 MBytes  3.74 Mbits/sec   0.547 ms 65235/160497 (41%) 194.517/ 1.108/671.710/180.901 ms  317 pps  2.40
[  3] 0.0000-299.9394 sec  203 datagrams received out-of-order
------------------------------------------------------------
Server listening on UDP port 5001 with pid 9385
Receiving 1470 byte datagrams
UDP buffer size:  208 KByte (default)
------------------------------------------------------------
[  3] local 10.0.0.4 port 5001 connected with 10.0.0.2 port 37251
[ ID] Interval            Transfer     Bandwidth        Jitter   Lost/Total  Latency avg/min/max/stdev PPS  NetPwr
[  3] 0.0000-5.0000 sec  1.36 MBytes  2.29 Mbits/sec   1.113 ms 1636/ 2608 (63%) 226.285/52.748/303.674/39.402 ms  194 pps  1.26
[  3] 0.0000-5.0000 sec  6 datagrams received out-of-order
[  3] 5.0000-10.0000 sec  1.32 MBytes  2.22 Mbits/sec   1.017 ms 1724/ 2667 (65%) 198.912/182.932/218.642/ 7.517 ms  189 pps  1.39
[  3] 10.0000-15.0000 sec  1.29 MBytes  2.17 Mbits/sec   0.699 ms 1756/ 2679 (66%) 197.422/183.144/233.083/10.537 ms  185 pps  1.37
[  3] 15.0000-20.0000 sec  1.37 MBytes  2.30 Mbits/sec   0.522 ms 1659/ 2638 (63%) 315.192/189.832/429.602/39.233 ms  196 pps  0.91
[  3] 15.0000-20.0000 sec  19 datagrams received out-of-order
[  3] 20.0000-25.0000 sec  1.33 MBytes  2.23 Mbits/sec   0.921 ms 1749/ 2698 (65%) 217.472/189.427/268.620/18.765 ms  190 pps  1.28
[  3] 25.0000-30.0000 sec  1.28 MBytes  2.15 Mbits/sec   1.000 ms 1778/ 2691 (66%) 197.590/183.251/222.358/ 7.358 ms  183 pps  1.36
[  3] 30.0000-35.0000 sec  2.77 MBytes  4.65 Mbits/sec   1.082 ms  666/ 2642 (25%) 214.359/146.567/290.132/27.408 ms  395 pps  2.71
[  3] 30.0000-35.0000 sec  9 datagrams received out-of-order
[  3] 35.0000-40.0000 sec  1.70 MBytes  2.86 Mbits/sec   1.096 ms 1268/ 2484 (51%) 461.513/252.506/627.313/91.763 ms  243 pps  0.77
[  3] 40.0000-45.0000 sec  2.18 MBytes  3.66 Mbits/sec   1.638 ms 1116/ 2671 (42%) 611.988/532.581/668.381/27.860 ms  311 pps  0.75
[  3] 45.0000-50.0000 sec  1.78 MBytes  2.99 Mbits/sec   2.041 ms 1390/ 2663 (52%) 817.804/304.083/3399.874/689.049 ms  255 pps  0.46
[  3] 45.0000-50.0000 sec  176 datagrams received out-of-order
[  3] 50.0000-55.0000 sec  1.41 MBytes  2.37 Mbits/sec   1.695 ms 1858/ 2865 (65%) 1084.167/102.554/6818.229/1682.525 ms  201 pps  0.27
[  3] 50.0000-55.0000 sec  96 datagrams received out-of-order
[  3] 55.0000-60.0000 sec  3.01 MBytes  5.05 Mbits/sec   0.294 ms  559/ 2705 (21%) 232.636/177.560/336.091/43.467 ms  429 pps  2.71
[  3] 60.0000-65.0000 sec  3.21 MBytes  5.38 Mbits/sec   0.568 ms  367/ 2656 (14%) 237.781/211.087/303.751/16.349 ms  458 pps  2.83
[  3] 65.0000-70.0000 sec  3.03 MBytes  5.09 Mbits/sec   1.435 ms  463/ 2625 (18%) 263.143/220.283/395.536/33.373 ms  432 pps  2.42
[  3] 65.0000-70.0000 sec  15 datagrams received out-of-order
[  3] 70.0000-75.0000 sec  3.04 MBytes  5.11 Mbits/sec   0.420 ms  455/ 2627 (17%) 386.809/243.925/516.543/78.725 ms  434 pps  1.65
[  3] 75.0000-80.0000 sec  3.32 MBytes  5.56 Mbits/sec   0.415 ms  309/ 2675 (12%) 446.659/416.607/504.756/17.439 ms  473 pps  1.56
[  3] 80.0000-85.0000 sec  3.04 MBytes  5.09 Mbits/sec   0.387 ms  492/ 2658 (19%) 496.117/439.713/646.332/33.253 ms  433 pps  1.28
[  3] 80.0000-85.0000 sec  15 datagrams received out-of-order
[  3] 85.0000-90.0000 sec  3.20 MBytes  5.38 Mbits/sec   0.459 ms  391/ 2677 (15%) 484.458/446.865/550.471/27.978 ms  457 pps  1.39
[  3] 90.0000-95.0000 sec  3.29 MBytes  5.52 Mbits/sec   0.444 ms  322/ 2671 (12%) 480.585/454.745/517.555/15.028 ms  470 pps  1.44
[  3] 90.0000-95.0000 sec  5 datagrams received out-of-order
[  3] 95.0000-100.0000 sec  3.19 MBytes  5.35 Mbits/sec   1.069 ms  365/ 2641 (14%) 505.937/459.434/637.697/23.679 ms  455 pps  1.32
[  3] 95.0000-100.0000 sec  13 datagrams received out-of-order
[  3] 100.0000-105.0000 sec  3.17 MBytes  5.32 Mbits/sec   0.762 ms  435/ 2695 (16%) 521.008/473.639/613.649/35.405 ms  452 pps  1.28
[  3] 105.0000-110.0000 sec  3.12 MBytes  5.23 Mbits/sec   0.542 ms  453/ 2676 (17%) 507.723/404.220/590.456/39.113 ms  445 pps  1.29
[  3] 110.0000-115.0000 sec  3.25 MBytes  5.44 Mbits/sec   0.383 ms  351/ 2666 (13%) 528.996/488.694/568.787/19.764 ms  463 pps  1.29
[  3] 115.0000-120.0000 sec  3.14 MBytes  5.27 Mbits/sec   0.854 ms  411/ 2651 (16%) 554.993/508.402/618.361/21.269 ms  448 pps  1.19
[  3] 115.0000-120.0000 sec  10 datagrams received out-of-order
[  3] 120.0000-125.0000 sec  3.29 MBytes  5.52 Mbits/sec   0.366 ms  339/ 2687 (13%) 543.860/506.711/600.069/22.465 ms  470 pps  1.27
[  3] 125.0000-130.0000 sec  3.25 MBytes  5.45 Mbits/sec   0.522 ms  339/ 2656 (13%) 562.183/522.495/626.241/25.876 ms  463 pps  1.21
[  3] 130.0000-135.0000 sec  3.11 MBytes  5.22 Mbits/sec   0.307 ms  472/ 2692 (18%) 597.144/539.766/764.781/38.687 ms  444 pps  1.09
[  3] 130.0000-135.0000 sec  15 datagrams received out-of-order
[  3] 135.0000-140.0000 sec  3.40 MBytes  5.70 Mbits/sec   0.462 ms  224/ 2647 (8.5%) 558.396/530.439/617.232/19.918 ms  485 pps  1.28
[  3] 140.0000-145.0000 sec  3.44 MBytes  5.77 Mbits/sec   0.470 ms  250/ 2703 (9.2%) 565.462/536.208/625.007/21.830 ms  491 pps  1.28
[  3] 145.0000-150.0000 sec  3.24 MBytes  5.43 Mbits/sec   0.712 ms  358/ 2668 (13%) 597.908/545.054/712.951/42.051 ms  462 pps  1.14
[  3] 145.0000-150.0000 sec  12 datagrams received out-of-order
[  3] 150.0000-155.0000 sec  3.31 MBytes  5.56 Mbits/sec   1.026 ms  286/ 2648 (11%) 569.026/551.317/610.616/ 9.305 ms  472 pps  1.22
[  3] 155.0000-160.0000 sec  3.43 MBytes  5.75 Mbits/sec   0.343 ms  270/ 2715 (9.9%) 575.054/533.538/631.092/22.494 ms  489 pps  1.25
[  3] 160.0000-165.0000 sec  3.23 MBytes  5.42 Mbits/sec   0.786 ms  333/ 2637 (13%) 580.555/528.329/680.627/35.554 ms  461 pps  1.17
[  3] 160.0000-165.0000 sec  11 datagrams received out-of-order
[  3] 165.0000-170.0000 sec  3.37 MBytes  5.65 Mbits/sec   0.999 ms  284/ 2686 (11%) 568.370/537.303/609.640/16.068 ms  480 pps  1.24
[  3] 170.0000-175.0000 sec  3.27 MBytes  5.49 Mbits/sec   0.444 ms  340/ 2676 (13%) 582.104/544.425/653.135/26.666 ms  467 pps  1.18
[  3] 175.0000-180.0000 sec  3.08 MBytes  5.17 Mbits/sec   0.346 ms  444/ 2644 (17%) 594.998/544.352/1021.731/65.983 ms  440 pps  1.09
[  3] 175.0000-180.0000 sec  42 datagrams received out-of-order
[  3] 180.0000-185.0000 sec  3.27 MBytes  5.48 Mbits/sec   0.396 ms  376/ 2707 (14%) 505.796/380.256/647.879/69.102 ms  466 pps  1.35
[  3] 185.0000-190.0000 sec  3.32 MBytes  5.56 Mbits/sec   0.250 ms  317/ 2683 (12%) 579.954/543.616/634.240/26.678 ms  473 pps  1.20
[  3] 185.0000-190.0000 sec  6 datagrams received out-of-order
[  3] 190.0000-195.0000 sec  3.36 MBytes  5.64 Mbits/sec   0.171 ms  276/ 2673 (10%) 579.906/546.176/680.171/36.140 ms  480 pps  1.22
[  3] 190.0000-195.0000 sec  8 datagrams received out-of-order
[  3] 195.0000-200.0000 sec  3.37 MBytes  5.65 Mbits/sec   0.536 ms  258/ 2660 (9.7%) 571.426/544.776/619.697/19.960 ms  480 pps  1.24
[  3] 200.0000-205.0000 sec  3.37 MBytes  5.65 Mbits/sec   0.452 ms  285/ 2687 (11%) 576.530/546.921/638.654/21.944 ms  480 pps  1.22
[  3] 205.0000-210.0000 sec  3.37 MBytes  5.66 Mbits/sec   0.477 ms  268/ 2673 (10%) 575.610/539.695/684.597/26.434 ms  481 pps  1.23
[  3] 205.0000-210.0000 sec  13 datagrams received out-of-order
[  3] 210.0000-215.0000 sec  3.31 MBytes  5.56 Mbits/sec   0.400 ms  309/ 2671 (12%) 575.681/546.022/665.579/29.897 ms  472 pps  1.21
[  3] 215.0000-220.0000 sec  3.39 MBytes  5.68 Mbits/sec   0.236 ms  260/ 2677 (9.7%) 566.770/538.705/615.639/20.247 ms  483 pps  1.25
[  3] 220.0000-225.0000 sec  3.21 MBytes  5.38 Mbits/sec   0.345 ms  375/ 2664 (14%) 603.890/552.797/806.113/52.753 ms  458 pps  1.11
[  3] 220.0000-225.0000 sec  12 datagrams received out-of-order
[  3] 225.0000-230.0000 sec  3.91 MBytes  6.57 Mbits/sec   0.318 ms   58/ 2850 (2%) 404.240/260.670/608.423/102.792 ms  559 pps  2.03
[  3] 230.0000-235.0000 sec  3.86 MBytes  6.48 Mbits/sec   0.201 ms    0/ 2754 (0%) 170.507/76.373/275.051/57.484 ms  551 pps  4.75
[  3] 235.0000-240.0000 sec  3.84 MBytes  6.44 Mbits/sec   0.303 ms    0/ 2736 (0%) 62.229/ 1.867/185.312/37.884 ms  547 pps  12.93
[  3] 235.0000-240.0000 sec  11 datagrams received out-of-order
[  3] 240.0000-245.0000 sec  3.73 MBytes  6.27 Mbits/sec   0.244 ms    0/ 2664 (0%) 35.208/ 2.707/87.417/27.514 ms  533 pps  22.25
[  3] 245.0000-250.0000 sec  3.77 MBytes  6.33 Mbits/sec   0.280 ms    0/ 2691 (0%) 12.245/ 2.680/48.710/12.618 ms  538 pps  64.61
[  3] 250.0000-255.0000 sec  3.74 MBytes  6.28 Mbits/sec   0.332 ms    0/ 2671 (0%) 10.983/ 2.601/114.022/15.038 ms  534 pps  71.50
[  3] 250.0000-255.0000 sec  8 datagrams received out-of-order
[  3] 255.0000-260.0000 sec  3.73 MBytes  6.25 Mbits/sec   0.187 ms    0/ 2658 (0%) 15.227/ 2.472/59.839/19.467 ms  532 pps  51.32
[  3] 260.0000-265.0000 sec  3.75 MBytes  6.30 Mbits/sec   0.250 ms    0/ 2678 (0%) 11.687/ 2.580/46.551/11.466 ms  536 pps  67.37
[  3] 265.0000-270.0000 sec  3.75 MBytes  6.29 Mbits/sec   0.282 ms    0/ 2676 (0%) 14.255/ 2.682/106.905/14.918 ms  535 pps  55.19
[  3] 265.0000-270.0000 sec  10 datagrams received out-of-order
[  3] 270.0000-275.0000 sec  3.75 MBytes  6.28 Mbits/sec   0.253 ms    0/ 2672 (0%) 66.446/ 2.751/154.835/49.676 ms  534 pps  11.82
[  3] 275.0000-280.0000 sec  3.49 MBytes  5.85 Mbits/sec   3.353 ms   35/ 2524 (1.4%) 139.986/37.517/323.758/47.419 ms  498 pps  5.23
[  3] 280.0000-285.0000 sec  3.72 MBytes  6.24 Mbits/sec   2.218 ms  148/ 2801 (5.3%) 32.897/ 0.691/370.498/63.156 ms  531 pps  23.71
[  3] 280.0000-285.0000 sec  10 datagrams received out-of-order
[  3] 285.0000-290.0000 sec  3.77 MBytes  6.32 Mbits/sec   0.344 ms    0/ 2686 (0%) 83.127/37.992/128.185/23.115 ms  537 pps  9.50
[  3] 290.0000-295.0000 sec  3.79 MBytes  6.36 Mbits/sec   0.207 ms    0/ 2703 (0%) 35.235/ 2.666/93.452/30.122 ms  540 pps  22.55
[  3] 0.0000-299.9909 sec   185 MBytes  5.16 Mbits/sec   0.339 ms 28877/160497 (18%) 376.802/ 0.691/6818.229/289.322 ms  438 pps  1.71
[  3] 0.0000-299.9909 sec  531 datagrams received out-of-order
------------------------------------------------------------
Server listening on UDP port 5001 with pid 6211
Receiving 1470 byte datagrams
UDP buffer size:  208 KByte (default)
------------------------------------------------------------
[  3] local 10.0.0.4 port 5001 connected with 10.0.0.2 port 39015
[ ID] Interval            Transfer     Bandwidth        Jitter   Lost/Total  Latency avg/min/max/stdev PPS  NetPwr
[  3] 0.0000-5.0000 sec  1.63 MBytes  2.73 Mbits/sec   0.717 ms 1381/ 2541 (54%) 310.290/82.249/359.175/46.546 ms  232 pps  1.10
[  3] 0.0000-5.0000 sec  4 datagrams received out-of-order
[  3] 5.0000-10.0000 sec  1.62 MBytes  2.71 Mbits/sec   0.377 ms 1604/ 2757 (58%) 278.866/176.316/362.331/59.727 ms  231 pps  1.22
[  3] 10.0000-15.0000 sec  1.57 MBytes  2.64 Mbits/sec   1.628 ms 1441/ 2562 (56%) 282.785/181.069/409.585/87.201 ms  224 pps  1.17
[  3] 15.0000-20.0000 sec  1.59 MBytes  2.67 Mbits/sec   0.677 ms 1539/ 2675 (58%) 412.353/352.366/500.535/31.730 ms  228 pps  0.81
[  3] 15.0000-20.0000 sec  10 datagrams received out-of-order
[  3] 20.0000-25.0000 sec  1.64 MBytes  2.75 Mbits/sec   1.409 ms 1479/ 2650 (56%) 391.832/318.139/477.566/36.773 ms  234 pps  0.88
[  3] 25.0000-30.0000 sec  2.14 MBytes  3.58 Mbits/sec   0.481 ms 1377/ 2900 (47%) 109.861/21.732/488.137/156.265 ms  305 pps  4.08
[  3] 30.0000-35.0000 sec  1.74 MBytes  2.92 Mbits/sec   1.943 ms 1331/ 2572 (52%) 148.121/19.290/228.267/77.470 ms  248 pps  2.46
[  3] 35.0000-40.0000 sec  1.66 MBytes  2.78 Mbits/sec   0.675 ms 1406/ 2589 (54%) 371.998/224.554/442.734/44.216 ms  237 pps  0.93
[  3] 40.0000-45.0000 sec  1.67 MBytes  2.80 Mbits/sec   0.763 ms 1480/ 2669 (55%) 387.649/331.300/428.650/23.844 ms  238 pps  0.90
[  3] 40.0000-45.0000 sec  1 datagrams received out-of-order
[  3] 45.0000-50.0000 sec  2.81 MBytes  4.71 Mbits/sec   0.514 ms  650/ 2653 (25%) 441.827/382.624/590.542/45.733 ms  401 pps  1.33
[  3] 45.0000-50.0000 sec  20 datagrams received out-of-order
[  3] 50.0000-55.0000 sec  3.39 MBytes  5.69 Mbits/sec   0.479 ms  258/ 2676 (9.6%) 426.212/400.977/458.289/15.509 ms  484 pps  1.67
[  3] 50.0000-55.0000 sec  2 datagrams received out-of-order
[  3] 55.0000-60.0000 sec  3.33 MBytes  5.58 Mbits/sec   0.297 ms  291/ 2664 (11%) 441.842/394.971/491.260/20.365 ms  475 pps  1.58
[  3] 60.0000-65.0000 sec  3.02 MBytes  5.07 Mbits/sec   0.371 ms  520/ 2676 (19%) 501.313/416.874/659.514/73.275 ms  431 pps  1.26
[  3] 60.0000-65.0000 sec  14 datagrams received out-of-order
[  3] 65.0000-70.0000 sec  3.36 MBytes  5.63 Mbits/sec   0.644 ms  272/ 2667 (10%) 459.874/435.745/494.159/15.863 ms  479 pps  1.53
[  3] 70.0000-75.0000 sec  3.39 MBytes  5.68 Mbits/sec   0.337 ms  256/ 2671 (9.6%) 466.224/446.331/494.211/12.098 ms  483 pps  1.52
[  3] 75.0000-80.0000 sec  3.18 MBytes  5.34 Mbits/sec   0.301 ms  401/ 2672 (15%) 507.752/444.780/630.796/46.902 ms  454 pps  1.31
[  3] 75.0000-80.0000 sec  16 datagrams received out-of-order
[  3] 80.0000-85.0000 sec  3.32 MBytes  5.57 Mbits/sec   0.628 ms  304/ 2673 (11%) 489.279/457.450/547.539/23.695 ms  474 pps  1.42
[  3] 85.0000-90.0000 sec  3.34 MBytes  5.61 Mbits/sec   0.487 ms  260/ 2646 (9.8%) 491.684/461.427/537.205/18.343 ms  477 pps  1.43
[  3] 90.0000-95.0000 sec  3.40 MBytes  5.71 Mbits/sec   0.574 ms  518/ 2946 (18%) 487.476/14.323/635.168/111.226 ms  486 pps  1.46
[  3] 90.0000-95.0000 sec  13 datagrams received out-of-order
[  3] 95.0000-100.0000 sec  3.19 MBytes  5.35 Mbits/sec   0.662 ms  403/ 2676 (15%) 73.961/19.018/278.434/87.636 ms  454 pps  9.04
[  3] 100.0000-105.0000 sec  3.11 MBytes  5.22 Mbits/sec   0.583 ms  455/ 2675 (17%) 22.901/18.096/55.447/ 3.524 ms  444 pps  28.50
[  3] 105.0000-110.0000 sec  3.07 MBytes  5.14 Mbits/sec   0.581 ms  487/ 2674 (18%) 32.819/11.095/204.021/35.043 ms  438 pps  19.59
[  3] 105.0000-110.0000 sec  19 datagrams received out-of-order
[  3] 110.0000-115.0000 sec  3.06 MBytes  5.13 Mbits/sec   0.605 ms  496/ 2676 (19%) 35.887/18.552/215.678/38.028 ms  436 pps  17.86
[  3] 115.0000-120.0000 sec  3.14 MBytes  5.28 Mbits/sec   0.696 ms  432/ 2675 (16%) 59.701/18.784/242.061/70.738 ms  449 pps  11.05
[  3] 120.0000-125.0000 sec  3.09 MBytes  5.19 Mbits/sec   0.706 ms  469/ 2674 (18%) 24.698/18.690/105.449/11.457 ms  441 pps  26.25
[  3] 120.0000-125.0000 sec  2 datagrams received out-of-order
[  3] 125.0000-130.0000 sec  3.09 MBytes  5.19 Mbits/sec   0.736 ms  468/ 2675 (17%) 31.835/18.593/148.807/26.212 ms  441 pps  20.38
[  3] 130.0000-135.0000 sec  3.11 MBytes  5.21 Mbits/sec   0.662 ms  460/ 2675 (17%) 85.317/18.623/319.876/108.888 ms  443 pps  7.63
[  3] 135.0000-140.0000 sec  3.06 MBytes  5.14 Mbits/sec   0.674 ms  337/ 2523 (13%) 115.448/18.964/310.649/122.090 ms  437 pps  5.57
[  3] 135.0000-140.0000 sec  4 datagrams received out-of-order
[  3] 140.0000-145.0000 sec  3.15 MBytes  5.29 Mbits/sec   0.651 ms  579/ 2827 (20%) 47.021/19.127/370.664/78.393 ms  450 pps  14.06
[  3] 145.0000-150.0000 sec  3.04 MBytes  5.10 Mbits/sec   0.700 ms  505/ 2675 (19%) 48.514/19.019/226.441/56.860 ms  434 pps  13.15
[  3] 150.0000-155.0000 sec  2.91 MBytes  4.88 Mbits/sec   0.668 ms  376/ 2451 (15%) 226.896/18.601/507.132/199.508 ms  415 pps  2.69
[  3] 150.0000-155.0000 sec  5 datagrams received out-of-order
[  3] 155.0000-160.0000 sec  3.11 MBytes  5.22 Mbits/sec   0.323 ms  479/ 2698 (18%) 435.774/382.570/545.336/42.281 ms  444 pps  1.50
[  3] 155.0000-160.0000 sec  1 datagrams received out-of-order
[  3] 160.0000-165.0000 sec  3.22 MBytes  5.41 Mbits/sec   0.616 ms  357/ 2657 (13%) 432.176/390.537/475.206/20.635 ms  460 pps  1.56
[  3] 165.0000-170.0000 sec  3.23 MBytes  5.42 Mbits/sec  71.394 ms  370/ 2675 (14%) 440.036/395.158/2842.894/114.398 ms  461 pps  1.54
[  3] 165.0000-170.0000 sec  5 datagrams received out-of-order
[  3] 170.0000-175.0000 sec  3.15 MBytes  5.28 Mbits/sec   0.684 ms  650/ 2894 (22%) 62.684/18.610/2970.936/164.051 ms  449 pps  10.52
[  3] 170.0000-175.0000 sec  5 datagrams received out-of-order
[  3] 175.0000-180.0000 sec  2.98 MBytes  5.00 Mbits/sec   0.567 ms  377/ 2503 (15%) 58.551/17.937/342.507/78.941 ms  425 pps  10.68
[  3] 180.0000-185.0000 sec  3.27 MBytes  5.49 Mbits/sec   0.560 ms  319/ 2654 (12%) 390.409/342.379/474.006/27.753 ms  467 pps  1.76
[  3] 185.0000-190.0000 sec  2.98 MBytes  5.01 Mbits/sec   0.335 ms  524/ 2653 (20%) 441.897/366.968/688.636/78.785 ms  426 pps  1.42
[  3] 185.0000-190.0000 sec  11 datagrams received out-of-order
[  3] 190.0000-195.0000 sec  3.25 MBytes  5.45 Mbits/sec   0.459 ms  377/ 2695 (14%) 413.461/375.143/519.690/32.716 ms  464 pps  1.65
[  3] 195.0000-200.0000 sec  3.27 MBytes  5.48 Mbits/sec   0.501 ms  348/ 2677 (13%) 399.436/371.588/477.289/28.588 ms  466 pps  1.71
[  3] 200.0000-205.0000 sec  2.75 MBytes  4.61 Mbits/sec   0.451 ms  698/ 2658 (26%) 480.970/384.384/696.296/76.301 ms  392 pps  1.20
[  3] 200.0000-205.0000 sec  10 datagrams received out-of-order
[  3] 205.0000-210.0000 sec  3.14 MBytes  5.27 Mbits/sec   0.323 ms  456/ 2698 (17%) 414.401/368.109/531.301/40.378 ms  448 pps  1.59
[  3] 210.0000-215.0000 sec  3.01 MBytes  5.05 Mbits/sec   0.510 ms  521/ 2669 (20%) 408.194/366.984/498.862/32.510 ms  430 pps  1.55
[  3] 215.0000-220.0000 sec  2.90 MBytes  4.86 Mbits/sec   0.595 ms  558/ 2626 (21%) 454.942/380.997/741.517/63.717 ms  414 pps  1.34
[  3] 215.0000-220.0000 sec  16 datagrams received out-of-order
[  3] 220.0000-225.0000 sec  3.19 MBytes  5.36 Mbits/sec   0.571 ms  421/ 2700 (16%) 436.455/384.703/493.349/26.998 ms  456 pps  1.54
[  3] 220.0000-225.0000 sec  3 datagrams received out-of-order
[  3] 225.0000-230.0000 sec  3.86 MBytes  6.48 Mbits/sec   0.278 ms   57/ 2813 (2%) 302.770/164.848/426.388/83.532 ms  551 pps  2.68
[  3] 230.0000-235.0000 sec  3.64 MBytes  6.10 Mbits/sec   0.403 ms   13/ 2606 (0.5%) 262.271/166.815/361.476/41.417 ms  519 pps  2.91
[  3] 230.0000-235.0000 sec  10 datagrams received out-of-order
[  3] 235.0000-240.0000 sec  3.97 MBytes  6.66 Mbits/sec   0.432 ms    0/ 2832 (0%) 189.103/ 1.339/312.754/97.168 ms  566 pps  4.40
[  3] 240.0000-245.0000 sec  3.75 MBytes  6.29 Mbits/sec   0.299 ms    0/ 2675 (0%) 13.352/ 1.199/83.398/20.721 ms  535 pps  58.90
[  3] 245.0000-250.0000 sec  3.68 MBytes  6.17 Mbits/sec   0.653 ms    0/ 2625 (0%) 11.813/ 1.239/96.785/16.057 ms  525 pps  65.33
[  3] 245.0000-250.0000 sec  7 datagrams received out-of-order
[  3] 250.0000-255.0000 sec  3.76 MBytes  6.30 Mbits/sec   0.286 ms   24/ 2704 (0.89%) 144.155/42.295/191.516/31.694 ms  536 pps  5.47
[  3] 255.0000-260.0000 sec  3.76 MBytes  6.32 Mbits/sec   0.482 ms    0/ 2685 (0%)  4.610/ 1.271/42.295/ 6.384 ms  537 pps  171.25
[  3] 260.0000-265.0000 sec  3.77 MBytes  6.32 Mbits/sec   0.198 ms    0/ 2687 (0%) 17.170/ 0.441/86.374/28.406 ms  538 pps  46.01
[  3] 260.0000-265.0000 sec  3 datagrams received out-of-order
[  3] 265.0000-270.0000 sec  3.75 MBytes  6.29 Mbits/sec   0.308 ms    0/ 2674 (0%)  1.134/ 0.408/ 4.776/ 0.694 ms  535 pps  693.16
[  3] 270.0000-275.0000 sec  3.75 MBytes  6.29 Mbits/sec   0.325 ms    0/ 2676 (0%)  1.353/ 0.449/ 7.829/ 0.939 ms  535 pps  581.40
[  3] 275.0000-280.0000 sec  3.75 MBytes  6.29 Mbits/sec   0.375 ms    0/ 2675 (0%)  2.532/ 0.382/50.140/ 4.910 ms  535 pps  310.56
[  3] 275.0000-280.0000 sec  4 datagrams received out-of-order
[  3] 280.0000-285.0000 sec  3.75 MBytes  6.29 Mbits/sec   0.380 ms    0/ 2674 (0%)  1.211/ 0.450/ 7.498/ 0.691 ms  535 pps  648.92
[  3] 285.0000-290.0000 sec  3.75 MBytes  6.29 Mbits/sec   0.325 ms    0/ 2674 (0%)  2.135/ 0.425/14.923/ 1.831 ms  535 pps  368.14
[  3] 290.0000-295.0000 sec  3.75 MBytes  6.29 Mbits/sec   0.212 ms    0/ 2676 (0%)  3.200/ 0.472/53.319/ 5.145 ms  535 pps  245.86
[  3] 290.0000-295.0000 sec  5 datagrams received out-of-order
[  3] 0.0000-299.9154 sec   185 MBytes  5.16 Mbits/sec   0.421 ms 28784/160497 (18%) 228.661/ 0.382/2970.936/205.341 ms  439 pps  2.82
[  3] 0.0000-299.9154 sec  190 datagrams received out-of-order
------------------------------------------------------------
Server listening on UDP port 5001 with pid 4602
Receiving 1470 byte datagrams
UDP buffer size:  208 KByte (default)
------------------------------------------------------------
[  3] local 10.0.0.4 port 5001 connected with 10.0.0.2 port 51065
[ ID] Interval            Transfer     Bandwidth        Jitter   Lost/Total  Latency avg/min/max/stdev PPS  NetPwr
[  3] 0.0000-5.0000 sec  1.73 MBytes  2.90 Mbits/sec   1.005 ms 1392/ 2625 (53%) 202.745/81.702/288.044/32.584 ms  246 pps  1.79
[  3] 0.0000-5.0000 sec  5 datagrams received out-of-order
[  3] 5.0000-10.0000 sec  1.64 MBytes  2.76 Mbits/sec   0.688 ms 1494/ 2666 (56%) 183.030/159.694/221.177/10.238 ms  234 pps  1.88
[  3] 10.0000-15.0000 sec  1.68 MBytes  2.81 Mbits/sec   1.121 ms 1476/ 2672 (55%) 184.851/172.398/208.567/ 8.249 ms  239 pps  1.90
[  3] 15.0000-20.0000 sec  1.68 MBytes  2.81 Mbits/sec   1.207 ms 1485/ 2680 (55%) 198.240/174.817/267.042/21.403 ms  239 pps  1.77
[  3] 15.0000-20.0000 sec  9 datagrams received out-of-order
[  3] 20.0000-25.0000 sec  1.65 MBytes  2.76 Mbits/sec   1.068 ms 1500/ 2675 (56%) 185.838/171.580/208.602/ 7.118 ms  235 pps  1.86
[  3] 25.0000-30.0000 sec  1.63 MBytes  2.74 Mbits/sec   0.952 ms 1511/ 2675 (56%) 189.120/171.340/214.510/ 9.470 ms  233 pps  1.81
[  3] 30.0000-35.0000 sec  1.62 MBytes  2.72 Mbits/sec   2.524 ms 1489/ 2645 (56%) 217.807/175.835/307.764/27.806 ms  231 pps  1.56
[  3] 30.0000-35.0000 sec  9 datagrams received out-of-order
[  3] 35.0000-40.0000 sec  1.68 MBytes  2.82 Mbits/sec   1.479 ms 1398/ 2598 (54%) 341.222/249.494/404.930/51.102 ms  240 pps  1.03
[  3] 40.0000-45.0000 sec  1.59 MBytes  2.66 Mbits/sec   1.076 ms 1541/ 2673 (58%) 401.677/378.843/425.599/10.628 ms  226 pps  0.83
[  3] 45.0000-50.0000 sec  2.85 MBytes  4.79 Mbits/sec   0.291 ms  648/ 2684 (24%) 423.718/373.969/577.454/45.924 ms  408 pps  1.41
[  3] 45.0000-50.0000 sec  6 datagrams received out-of-order
[  3] 50.0000-55.0000 sec  3.35 MBytes  5.63 Mbits/sec   0.449 ms  258/ 2651 (9.7%) 420.956/377.667/452.678/15.724 ms  479 pps  1.67
[  3] 55.0000-60.0000 sec  3.42 MBytes  5.73 Mbits/sec   0.373 ms  249/ 2687 (9.3%) 425.188/392.221/465.142/15.877 ms  488 pps  1.69
[  3] 60.0000-65.0000 sec  3.23 MBytes  5.41 Mbits/sec   0.658 ms  347/ 2648 (13%) 457.882/395.977/621.839/48.734 ms  460 pps  1.48
[  3] 60.0000-65.0000 sec  18 datagrams received out-of-order
[  3] 65.0000-70.0000 sec  3.36 MBytes  5.64 Mbits/sec   0.250 ms  292/ 2688 (11%) 454.924/413.025/548.029/29.856 ms  479 pps  1.55
[  3] 70.0000-75.0000 sec  3.52 MBytes  5.91 Mbits/sec   0.256 ms  152/ 2663 (5.7%) 439.769/414.077/467.508/12.397 ms  502 pps  1.68
[  3] 75.0000-80.0000 sec  3.36 MBytes  5.64 Mbits/sec   0.348 ms  274/ 2670 (10%) 473.819/443.848/553.495/24.350 ms  479 pps  1.49
[  3] 75.0000-80.0000 sec  19 datagrams received out-of-order
[  3] 80.0000-85.0000 sec  3.47 MBytes  5.82 Mbits/sec   0.195 ms  206/ 2679 (7.7%) 468.274/424.786/518.374/21.259 ms  495 pps  1.55
[  3] 85.0000-90.0000 sec  3.48 MBytes  5.83 Mbits/sec   0.181 ms  187/ 2666 (7%) 477.093/449.347/533.202/17.606 ms  496 pps  1.53
[  3] 90.0000-95.0000 sec  3.52 MBytes  5.91 Mbits/sec   0.355 ms  161/ 2675 (6%) 473.251/434.710/600.167/39.718 ms  503 pps  1.56
[  3] 90.0000-95.0000 sec  17 datagrams received out-of-order
[  3] 95.0000-100.0000 sec  3.60 MBytes  6.04 Mbits/sec   0.170 ms  104/ 2670 (3.9%) 472.020/445.701/504.048/15.400 ms  513 pps  1.60
[  3] 100.0000-105.0000 sec  3.72 MBytes  6.24 Mbits/sec   0.188 ms   35/ 2690 (1.3%) 462.540/447.898/481.349/ 6.878 ms  531 pps  1.69
[  3] 105.0000-110.0000 sec  3.43 MBytes  5.76 Mbits/sec   0.148 ms  219/ 2668 (8.2%) 508.255/445.993/923.413/86.990 ms  490 pps  1.42
[  3] 105.0000-110.0000 sec  27 datagrams received out-of-order
[  3] 110.0000-115.0000 sec  3.61 MBytes  6.05 Mbits/sec   0.184 ms   88/ 2661 (3.3%) 494.363/461.426/537.609/18.090 ms  515 pps  1.53
[  3] 115.0000-120.0000 sec  3.67 MBytes  6.15 Mbits/sec   0.145 ms   59/ 2674 (2.2%) 491.652/444.128/528.169/23.082 ms  523 pps  1.56
[  3] 120.0000-125.0000 sec  3.44 MBytes  5.77 Mbits/sec   0.142 ms  208/ 2662 (7.8%) 539.697/476.420/806.839/67.809 ms  491 pps  1.34
[  3] 120.0000-125.0000 sec  28 datagrams received out-of-order
[  3] 125.0000-130.0000 sec  3.68 MBytes  6.18 Mbits/sec   0.189 ms   77/ 2704 (2.8%) 501.724/434.162/574.378/40.576 ms  525 pps  1.54
[  3] 130.0000-135.0000 sec  3.64 MBytes  6.10 Mbits/sec   0.261 ms   58/ 2653 (2.2%) 515.543/463.719/553.159/21.493 ms  519 pps  1.48
[  3] 135.0000-140.0000 sec  3.37 MBytes  5.65 Mbits/sec   0.220 ms  256/ 2660 (9.6%) 572.127/501.076/1230.328/122.483 ms  481 pps  1.24
[  3] 135.0000-140.0000 sec  123 datagrams received out-of-order
[  3] 140.0000-145.0000 sec  3.47 MBytes  5.83 Mbits/sec   0.465 ms  173/ 2650 (6.5%) 553.048/515.524/628.323/29.098 ms  495 pps  1.32
[  3] 145.0000-150.0000 sec  3.53 MBytes  5.93 Mbits/sec   0.179 ms  191/ 2711 (7%) 552.601/508.716/588.577/19.264 ms  504 pps  1.34
[  3] 150.0000-155.0000 sec  3.39 MBytes  5.68 Mbits/sec   0.303 ms  242/ 2658 (9.1%) 568.504/507.620/772.136/66.164 ms  483 pps  1.25
[  3] 150.0000-155.0000 sec  9 datagrams received out-of-order
[  3] 155.0000-160.0000 sec  3.63 MBytes  6.09 Mbits/sec   0.319 ms  106/ 2696 (3.9%) 527.631/478.127/587.570/28.869 ms  518 pps  1.44
[  3] 160.0000-165.0000 sec  3.53 MBytes  5.92 Mbits/sec   0.180 ms  152/ 2667 (5.7%) 546.859/503.708/590.090/17.678 ms  503 pps  1.35
[  3] 165.0000-170.0000 sec  3.42 MBytes  5.74 Mbits/sec   3.471 ms  135/ 2576 (5.2%) 551.339/518.658/978.122/51.653 ms  488 pps  1.30
[  3] 165.0000-170.0000 sec  42 datagrams received out-of-order
[  3] 170.0000-175.0000 sec  3.13 MBytes  5.26 Mbits/sec   0.649 ms  492/ 2727 (18%) 630.809/561.447/983.195/63.615 ms  447 pps  1.04
[  3] 170.0000-175.0000 sec  38 datagrams received out-of-order
[  3] 175.0000-180.0000 sec  3.45 MBytes  5.80 Mbits/sec   0.295 ms  239/ 2703 (8.8%) 563.027/537.222/624.753/18.897 ms  493 pps  1.29
[  3] 180.0000-185.0000 sec  3.51 MBytes  5.89 Mbits/sec   0.274 ms  170/ 2675 (6.4%) 553.068/519.665/596.636/17.347 ms  501 pps  1.33
[  3] 185.0000-190.0000 sec  3.61 MBytes  6.06 Mbits/sec   0.260 ms  110/ 2688 (4.1%) 510.286/432.612/605.338/45.795 ms  516 pps  1.49
[  3] 185.0000-190.0000 sec  14 datagrams received out-of-order
[  3] 190.0000-195.0000 sec  3.62 MBytes  6.07 Mbits/sec   0.282 ms   93/ 2672 (3.5%) 523.380/459.346/582.239/34.741 ms  516 pps  1.45
[  3] 195.0000-200.0000 sec  3.67 MBytes  6.15 Mbits/sec   0.200 ms   32/ 2648 (1.2%) 499.275/441.449/585.183/31.955 ms  523 pps  1.54
[  3] 200.0000-205.0000 sec  3.56 MBytes  5.97 Mbits/sec   0.213 ms  166/ 2704 (6.1%) 514.136/372.139/729.249/77.104 ms  508 pps  1.45
[  3] 200.0000-205.0000 sec  33 datagrams received out-of-order
[  3] 205.0000-210.0000 sec  3.69 MBytes  6.19 Mbits/sec   0.271 ms   40/ 2672 (1.5%) 517.312/491.387/539.428/12.298 ms  526 pps  1.50
[  3] 210.0000-215.0000 sec  3.66 MBytes  6.15 Mbits/sec   0.279 ms   82/ 2695 (3%) 524.888/487.920/562.969/15.951 ms  522 pps  1.46
[  3] 215.0000-220.0000 sec  3.44 MBytes  5.77 Mbits/sec   0.136 ms  217/ 2669 (8.1%) 553.692/492.620/625.862/31.319 ms  491 pps  1.30
[  3] 215.0000-220.0000 sec  11 datagrams received out-of-order
[  3] 220.0000-225.0000 sec  3.67 MBytes  6.16 Mbits/sec   0.207 ms   55/ 2673 (2.1%) 508.897/447.368/549.147/24.717 ms  524 pps  1.51
[  3] 225.0000-230.0000 sec  4.12 MBytes  6.92 Mbits/sec   0.597 ms    7/ 2948 (0.24%) 167.249/ 1.527/512.937/177.298 ms  588 pps  5.17
[  3] 230.0000-235.0000 sec  3.75 MBytes  6.29 Mbits/sec   0.384 ms    0/ 2675 (0%) 27.872/ 1.477/129.145/41.569 ms  535 pps  28.22
[  3] 230.0000-235.0000 sec  6 datagrams received out-of-order
[  3] 235.0000-240.0000 sec  3.75 MBytes  6.29 Mbits/sec   0.489 ms    0/ 2675 (0%)  2.878/ 1.514/13.210/ 1.215 ms  535 pps  273.31
[  3] 240.0000-245.0000 sec  3.75 MBytes  6.29 Mbits/sec   0.530 ms    0/ 2676 (0%)  2.764/ 1.021/16.973/ 1.958 ms  535 pps  284.61
[  3] 245.0000-250.0000 sec  3.75 MBytes  6.29 Mbits/sec   0.500 ms    0/ 2675 (0%)  2.652/ 1.040/48.589/ 2.783 ms  535 pps  296.50
[  3] 245.0000-250.0000 sec  6 datagrams received out-of-order
[  3] 250.0000-255.0000 sec  3.75 MBytes  6.29 Mbits/sec   0.387 ms    0/ 2674 (0%)  2.690/ 0.989/16.635/ 1.367 ms  535 pps  292.26
[  3] 255.0000-260.0000 sec  3.75 MBytes  6.29 Mbits/sec   0.478 ms    0/ 2675 (0%)  2.713/ 1.336/14.508/ 1.173 ms  535 pps  289.88
[  3] 260.0000-265.0000 sec  3.75 MBytes  6.29 Mbits/sec   0.526 ms    0/ 2675 (0%)  3.653/ 1.138/53.522/ 4.368 ms  535 pps  215.31
[  3] 260.0000-265.0000 sec  6 datagrams received out-of-order
[  3] 265.0000-270.0000 sec  3.75 MBytes  6.29 Mbits/sec   0.570 ms    0/ 2675 (0%)  2.901/ 1.385/17.479/ 1.502 ms  535 pps  271.12
[  3] 270.0000-275.0000 sec  3.75 MBytes  6.29 Mbits/sec   0.447 ms    0/ 2675 (0%)  2.708/ 1.190/12.896/ 1.062 ms  535 pps  290.37
[  3] 275.0000-280.0000 sec  3.75 MBytes  6.29 Mbits/sec   0.569 ms    0/ 2674 (0%)  4.249/ 1.360/64.337/ 6.131 ms  535 pps  185.02
[  3] 275.0000-280.0000 sec  6 datagrams received out-of-order
[  3] 280.0000-285.0000 sec  3.75 MBytes  6.29 Mbits/sec   0.536 ms    0/ 2676 (0%)  2.730/ 1.325/15.384/ 1.250 ms  535 pps  288.13
[  3] 285.0000-290.0000 sec  3.75 MBytes  6.29 Mbits/sec   0.486 ms    0/ 2674 (0%)  2.694/ 1.153/13.636/ 1.020 ms  535 pps  291.83
[  3] 290.0000-295.0000 sec  3.75 MBytes  6.29 Mbits/sec   0.590 ms    0/ 2675 (0%)  3.769/ 1.163/60.646/ 4.788 ms  535 pps  208.69
[  3] 290.0000-295.0000 sec  6 datagrams received out-of-order
[  3] 0.0000-299.9143 sec   197 MBytes  5.51 Mbits/sec   0.570 ms 19866/160497 (12%) 345.944/ 0.989/1230.328/229.980 ms  468 pps  1.99
[  3] 0.0000-299.9143 sec  438 datagrams received out-of-order
