------------------------------------------------------------
Server listening on UDP port 5001 with pid 6726
Receiving 1470 byte datagrams
UDP buffer size:  208 KByte (default)
------------------------------------------------------------
[  3] local 10.0.0.6 port 5001 connected with 10.0.0.5 port 45757
[ ID] Interval            Transfer     Bandwidth        Jitter   Lost/Total  Latency avg/min/max/stdev PPS  NetPwr
[  3] 0.0000-5.0000 sec  2.74 MBytes  4.60 Mbits/sec   1.027 ms  604/ 2559 (24%) 244.232/45.662/310.291/40.646 ms  391 pps  2.35
[  3] 0.0000-5.0000 sec  4 datagrams received out-of-order
[  3] 5.0000-10.0000 sec  2.76 MBytes  4.63 Mbits/sec   0.729 ms  710/ 2680 (26%) 267.711/215.491/320.079/21.426 ms  394 pps  2.16
[  3] 10.0000-15.0000 sec  2.56 MBytes  4.30 Mbits/sec   1.231 ms  812/ 2639 (31%) 300.369/233.706/570.252/76.943 ms  365 pps  1.79
[  3] 15.0000-20.0000 sec  2.57 MBytes  4.32 Mbits/sec   1.187 ms  847/ 2683 (32%) 313.798/258.316/451.852/37.398 ms  367 pps  1.72
[  3] 15.0000-20.0000 sec  15 datagrams received out-of-order
[  3] 20.0000-25.0000 sec  2.75 MBytes  4.61 Mbits/sec   1.075 ms  717/ 2676 (27%) 306.821/264.820/395.286/26.698 ms  392 pps  1.88
[  3] 20.0000-25.0000 sec  4 datagrams received out-of-order
[  3] 25.0000-30.0000 sec  2.67 MBytes  4.49 Mbits/sec   1.036 ms  735/ 2642 (28%) 325.108/270.842/494.641/47.749 ms  381 pps  1.72
[  3] 30.0000-35.0000 sec  2.77 MBytes  4.65 Mbits/sec   0.755 ms  735/ 2714 (27%) 328.871/284.210/546.146/41.002 ms  396 pps  1.77
[  3] 30.0000-35.0000 sec  19 datagrams received out-of-order
[  3] 35.0000-40.0000 sec  2.89 MBytes  4.85 Mbits/sec   0.760 ms  571/ 2635 (22%) 322.473/284.916/411.476/25.436 ms  413 pps  1.88
[  3] 40.0000-45.0000 sec  2.86 MBytes  4.80 Mbits/sec   1.041 ms  644/ 2684 (24%) 339.661/289.752/445.161/34.006 ms  408 pps  1.77
[  3] 45.0000-50.0000 sec  2.81 MBytes  4.72 Mbits/sec   0.845 ms  677/ 2684 (25%) 358.472/317.066/520.871/39.540 ms  402 pps  1.65
[  3] 45.0000-50.0000 sec  14 datagrams received out-of-order
[  3] 50.0000-55.0000 sec  2.94 MBytes  4.93 Mbits/sec   0.895 ms  543/ 2641 (21%) 351.549/325.526/399.809/13.951 ms  419 pps  1.75
[  3] 55.0000-60.0000 sec  2.77 MBytes  4.65 Mbits/sec   0.795 ms  711/ 2690 (26%) 389.840/342.736/548.456/43.871 ms  396 pps  1.49
[  3] 60.0000-65.0000 sec  2.91 MBytes  4.88 Mbits/sec   0.679 ms  608/ 2683 (23%) 380.356/343.098/494.662/20.546 ms  415 pps  1.60
[  3] 60.0000-65.0000 sec  15 datagrams received out-of-order
[  3] 65.0000-70.0000 sec  2.92 MBytes  4.89 Mbits/sec   0.817 ms  578/ 2658 (22%) 389.628/349.092/426.838/17.170 ms  416 pps  1.57
[  3] 70.0000-75.0000 sec  2.57 MBytes  4.32 Mbits/sec   2.217 ms  613/ 2449 (25%) 436.639/365.196/812.080/97.701 ms  367 pps  1.24
[  3] 75.0000-80.0000 sec  2.81 MBytes  4.72 Mbits/sec   0.540 ms  881/ 2887 (31%) 446.589/370.524/830.591/90.543 ms  401 pps  1.32
[  3] 75.0000-80.0000 sec  14 datagrams received out-of-order
[  3] 80.0000-85.0000 sec  2.91 MBytes  4.88 Mbits/sec   1.015 ms  594/ 2669 (22%) 426.935/377.874/467.939/20.706 ms  415 pps  1.43
[  3] 85.0000-90.0000 sec  2.71 MBytes  4.55 Mbits/sec   1.579 ms  626/ 2562 (24%) 456.320/391.292/636.172/50.770 ms  387 pps  1.25
[  3] 90.0000-95.0000 sec  2.75 MBytes  4.61 Mbits/sec   0.755 ms  816/ 2777 (29%) 467.548/277.831/687.357/82.956 ms  392 pps  1.23
[  3] 90.0000-95.0000 sec  15 datagrams received out-of-order
[  3] 95.0000-100.0000 sec  2.95 MBytes  4.95 Mbits/sec   0.628 ms  581/ 2684 (22%) 438.632/405.377/514.607/20.824 ms  421 pps  1.41
[  3] 100.0000-105.0000 sec  2.71 MBytes  4.55 Mbits/sec   1.237 ms  621/ 2556 (24%) 469.634/408.031/664.881/53.188 ms  387 pps  1.21
[  3] 105.0000-110.0000 sec  2.38 MBytes  3.99 Mbits/sec   1.284 ms 1053/ 2750 (38%) 548.777/448.728/687.744/67.567 ms  340 pps  0.91
[  3] 105.0000-110.0000 sec  17 datagrams received out-of-order
[  3] 110.0000-115.0000 sec  2.60 MBytes  4.36 Mbits/sec   0.762 ms  851/ 2705 (31%) 500.197/433.795/656.934/56.190 ms  371 pps  1.09
[  3] 115.0000-120.0000 sec  2.77 MBytes  4.64 Mbits/sec   1.668 ms  632/ 2605 (24%) 458.960/427.544/584.318/22.964 ms  395 pps  1.26
[  3] 120.0000-125.0000 sec  2.72 MBytes  4.56 Mbits/sec   0.933 ms  801/ 2741 (29%) 484.839/411.756/610.870/53.789 ms  388 pps  1.18
[  3] 120.0000-125.0000 sec  17 datagrams received out-of-order
[  3] 125.0000-130.0000 sec  2.87 MBytes  4.82 Mbits/sec   0.733 ms  630/ 2680 (24%) 449.871/416.584/489.320/14.049 ms  410 pps  1.34
[  3] 130.0000-135.0000 sec  2.92 MBytes  4.89 Mbits/sec   0.786 ms  606/ 2686 (23%) 444.352/408.782/477.616/15.117 ms  416 pps  1.38
[  3] 135.0000-140.0000 sec  2.76 MBytes  4.63 Mbits/sec   0.651 ms  690/ 2660 (26%) 468.296/414.527/561.020/38.832 ms  394 pps  1.24
[  3] 135.0000-140.0000 sec  7 datagrams received out-of-order
[  3] 140.0000-145.0000 sec  2.89 MBytes  4.86 Mbits/sec   0.851 ms  614/ 2679 (23%) 445.856/420.083/486.678/15.233 ms  413 pps  1.36
[  3] 145.0000-150.0000 sec  2.90 MBytes  4.86 Mbits/sec   0.961 ms  587/ 2653 (22%) 443.860/405.696/492.111/16.793 ms  413 pps  1.37
[  3] 150.0000-155.0000 sec  2.66 MBytes  4.45 Mbits/sec   1.065 ms  773/ 2667 (29%) 485.769/422.798/682.751/60.461 ms  379 pps  1.15
[  3] 150.0000-155.0000 sec  6 datagrams received out-of-order
[  3] 155.0000-160.0000 sec  2.80 MBytes  4.70 Mbits/sec   0.874 ms  713/ 2710 (26%) 467.383/408.156/642.771/51.485 ms  399 pps  1.26
[  3] 160.0000-165.0000 sec  2.94 MBytes  4.93 Mbits/sec   0.665 ms  585/ 2679 (22%) 440.668/409.984/467.714/12.955 ms  419 pps  1.40
[  3] 165.0000-170.0000 sec  2.69 MBytes  4.51 Mbits/sec   2.026 ms  759/ 2676 (28%) 481.182/420.791/693.037/58.965 ms  383 pps  1.17
[  3] 165.0000-170.0000 sec  26 datagrams received out-of-order
[  3] 170.0000-175.0000 sec  2.95 MBytes  4.95 Mbits/sec   0.810 ms  570/ 2675 (21%) 438.387/406.395/485.433/19.200 ms  421 pps  1.41
[  3] 175.0000-180.0000 sec  2.84 MBytes  4.76 Mbits/sec   1.027 ms  558/ 2583 (22%) 448.322/418.176/603.673/33.098 ms  405 pps  1.33
[  3] 180.0000-185.0000 sec  2.71 MBytes  4.55 Mbits/sec   2.431 ms  822/ 2755 (30%) 482.280/421.391/603.425/47.007 ms  386 pps  1.18
[  3] 185.0000-190.0000 sec  2.73 MBytes  4.58 Mbits/sec   0.808 ms  703/ 2649 (27%) 474.922/421.111/673.875/52.809 ms  389 pps  1.20
[  3] 185.0000-190.0000 sec  16 datagrams received out-of-order
[  3] 190.0000-195.0000 sec  2.99 MBytes  5.02 Mbits/sec   0.549 ms  583/ 2719 (21%) 434.096/341.175/507.058/45.714 ms  427 pps  1.45
[  3] 195.0000-200.0000 sec  2.69 MBytes  4.51 Mbits/sec   0.632 ms  725/ 2643 (27%) 478.827/381.440/568.472/43.446 ms  384 pps  1.18
[  3] 200.0000-205.0000 sec  3.08 MBytes  5.17 Mbits/sec   0.746 ms  513/ 2710 (19%) 420.659/345.459/648.435/62.063 ms  439 pps  1.54
[  3] 200.0000-205.0000 sec  14 datagrams received out-of-order
[  3] 205.0000-210.0000 sec  3.39 MBytes  5.68 Mbits/sec   0.997 ms  272/ 2689 (10%) 378.739/314.048/438.393/33.437 ms  483 pps  1.88
[  3] 210.0000-215.0000 sec  3.31 MBytes  5.56 Mbits/sec   1.117 ms  307/ 2669 (12%) 385.271/313.666/540.712/55.340 ms  473 pps  1.80
[  3] 215.0000-220.0000 sec  3.09 MBytes  5.18 Mbits/sec   0.592 ms  488/ 2691 (18%) 419.555/336.238/677.739/60.441 ms  441 pps  1.54
[  3] 215.0000-220.0000 sec  20 datagrams received out-of-order
[  3] 220.0000-225.0000 sec  3.24 MBytes  5.44 Mbits/sec   0.458 ms  357/ 2669 (13%) 397.569/343.630/474.011/30.866 ms  463 pps  1.71
[  3] 225.0000-230.0000 sec  2.95 MBytes  4.95 Mbits/sec   2.354 ms  533/ 2637 (20%) 432.525/359.449/558.090/41.762 ms  421 pps  1.43
[  3] 230.0000-235.0000 sec  2.99 MBytes  5.01 Mbits/sec   1.146 ms  597/ 2728 (22%) 439.887/345.440/729.601/87.284 ms  426 pps  1.42
[  3] 230.0000-235.0000 sec  19 datagrams received out-of-order
[  3] 235.0000-240.0000 sec  2.79 MBytes  4.69 Mbits/sec   1.536 ms  588/ 2580 (23%) 417.455/197.712/768.393/160.817 ms  398 pps  1.40
[  3] 240.0000-245.0000 sec  3.07 MBytes  5.15 Mbits/sec   0.617 ms  559/ 2748 (20%) 421.655/334.582/555.518/56.802 ms  438 pps  1.53
[  3] 245.0000-250.0000 sec  3.11 MBytes  5.22 Mbits/sec   0.605 ms  459/ 2677 (17%) 411.921/329.413/686.377/65.066 ms  444 pps  1.58
[  3] 245.0000-250.0000 sec  21 datagrams received out-of-order
[  3] 250.0000-255.0000 sec  2.90 MBytes  4.86 Mbits/sec   1.997 ms  503/ 2570 (20%) 433.314/340.266/602.844/68.248 ms  413 pps  1.40
[  3] 255.0000-260.0000 sec  2.78 MBytes  4.66 Mbits/sec   2.719 ms  696/ 2678 (26%) 471.001/350.912/765.360/131.292 ms  396 pps  1.24
[  3] 260.0000-265.0000 sec  2.59 MBytes  4.35 Mbits/sec   0.799 ms  890/ 2739 (32%) 503.877/336.721/1095.184/196.293 ms  370 pps  1.08
[  3] 260.0000-265.0000 sec  17 datagrams received out-of-order
[  3] 265.0000-270.0000 sec  3.65 MBytes  6.13 Mbits/sec   0.368 ms  187/ 2792 (6.7%) 316.417/224.015/492.372/67.970 ms  521 pps  2.42
[  3] 270.0000-275.0000 sec  1.89 MBytes  3.18 Mbits/sec   1.661 ms 1196/ 2547 (47%) 652.126/239.801/1127.446/254.201 ms  270 pps  0.61
[  3] 275.0000-280.0000 sec  2.40 MBytes  4.02 Mbits/sec   3.469 ms  920/ 2629 (35%) 518.234/230.043/856.345/198.411 ms  342 pps  0.97
[  3] 275.0000-280.0000 sec  27 datagrams received out-of-order
[  3] 280.0000-285.0000 sec  3.38 MBytes  5.67 Mbits/sec   0.432 ms  490/ 2899 (17%) 368.075/145.522/565.676/103.339 ms  482 pps  1.92
[  3] 285.0000-290.0000 sec  3.43 MBytes  5.75 Mbits/sec   0.268 ms  182/ 2627 (6.9%) 215.527/67.856/395.506/73.687 ms  489 pps  3.34
[  3] 290.0000-295.0000 sec  3.41 MBytes  5.73 Mbits/sec   0.595 ms  225/ 2660 (8.5%) 242.491/149.466/454.776/68.438 ms  487 pps  2.95
[  3] 290.0000-295.0000 sec  21 datagrams received out-of-order
[  3] 295.0000-300.0000 sec  3.83 MBytes  6.42 Mbits/sec   0.477 ms   11/ 2740 (0.4%) 168.441/94.271/278.515/45.850 ms  546 pps  4.76
[  3] 0.0000-300.0803 sec   172 MBytes  4.82 Mbits/sec   0.808 ms 37452/160497 (23%) 405.155/45.662/1127.446/109.907 ms  410 pps  1.49
[  3] 0.0000-300.0803 sec  328 datagrams received out-of-order
------------------------------------------------------------
Server listening on UDP port 5001 with pid 7794
Receiving 1470 byte datagrams
UDP buffer size:  208 KByte (default)
------------------------------------------------------------
[  3] local 10.0.0.6 port 5001 connected with 10.0.0.5 port 42889
[ ID] Interval            Transfer     Bandwidth        Jitter   Lost/Total  Latency avg/min/max/stdev PPS  NetPwr
[  3] 0.0000-5.0000 sec  3.71 MBytes  6.22 Mbits/sec   0.425 ms    0/ 2644 (0%) 56.977/24.229/88.113/10.566 ms  529 pps  13.64
[  3] 0.0000-5.0000 sec  4 datagrams received out-of-order
[  3] 5.0000-10.0000 sec  3.75 MBytes  6.29 Mbits/sec   0.286 ms    0/ 2676 (0%) 85.532/71.145/99.806/ 6.469 ms  535 pps  9.20
[  3] 10.0000-15.0000 sec  3.81 MBytes  6.40 Mbits/sec   0.561 ms    0/ 2721 (0%) 152.918/ 0.539/208.544/53.145 ms  544 pps  5.23
[  3] 15.0000-20.0000 sec  3.73 MBytes  6.27 Mbits/sec   0.224 ms    0/ 2664 (0%)  8.930/ 0.139/40.733/ 6.000 ms  533 pps  87.70
[  3] 15.0000-20.0000 sec  4 datagrams received out-of-order
[  3] 20.0000-25.0000 sec  3.76 MBytes  6.31 Mbits/sec   0.228 ms    0/ 2684 (0%)  6.281/ 0.190/20.931/ 5.453 ms  537 pps  125.63
[  3] 25.0000-30.0000 sec  3.68 MBytes  6.17 Mbits/sec   0.253 ms    0/ 2624 (0%) 68.179/ 0.186/113.795/38.230 ms  525 pps  11.32
[  3] 30.0000-35.0000 sec  3.73 MBytes  6.27 Mbits/sec   0.421 ms    0/ 2664 (0%) 109.771/81.488/183.475/16.022 ms  533 pps  7.13
[  3] 30.0000-35.0000 sec  11 datagrams received out-of-order
[  3] 35.0000-40.0000 sec  3.84 MBytes  6.44 Mbits/sec   0.352 ms    0/ 2739 (0%) 42.872/ 0.178/119.946/41.212 ms  548 pps  18.78
[  3] 40.0000-45.0000 sec  3.65 MBytes  6.13 Mbits/sec   0.161 ms    0/ 2605 (0%) 82.888/ 0.247/149.680/54.262 ms  521 pps  9.24
[  3] 45.0000-50.0000 sec  3.73 MBytes  6.25 Mbits/sec   0.164 ms    0/ 2658 (0%) 141.554/116.171/187.259/11.888 ms  532 pps  5.52
[  3] 45.0000-50.0000 sec  6 datagrams received out-of-order
[  3] 50.0000-55.0000 sec  3.81 MBytes  6.39 Mbits/sec   0.183 ms    0/ 2717 (0%) 119.308/75.792/161.394/17.908 ms  543 pps  6.70
[  3] 55.0000-60.0000 sec  3.61 MBytes  6.06 Mbits/sec   0.126 ms   35/ 2612 (1.3%) 141.819/71.281/251.146/58.183 ms  515 pps  5.34
[  3] 55.0000-60.0000 sec  7 datagrams received out-of-order
[  3] 60.0000-65.0000 sec  3.81 MBytes  6.39 Mbits/sec   0.290 ms   20/ 2736 (0.73%) 168.892/86.505/290.658/30.885 ms  543 pps  4.73
[  3] 60.0000-65.0000 sec  16 datagrams received out-of-order
[  3] 65.0000-70.0000 sec  3.81 MBytes  6.39 Mbits/sec   0.185 ms    0/ 2718 (0%)  9.535/ 0.186/86.733/13.665 ms  544 pps  83.80
[  3] 70.0000-75.0000 sec  3.65 MBytes  6.12 Mbits/sec   0.178 ms    0/ 2601 (0%) 44.902/ 0.201/156.777/57.160 ms  520 pps  17.03
[  3] 75.0000-80.0000 sec  3.72 MBytes  6.23 Mbits/sec   0.170 ms    0/ 2650 (0%) 159.604/116.560/192.836/19.732 ms  530 pps  4.88
[  3] 75.0000-80.0000 sec  8 datagrams received out-of-order
[  3] 80.0000-85.0000 sec  3.81 MBytes  6.40 Mbits/sec   0.205 ms    0/ 2720 (0%) 126.625/87.669/191.432/27.553 ms  544 pps  6.32
[  3] 85.0000-90.0000 sec  3.65 MBytes  6.12 Mbits/sec   0.247 ms    9/ 2613 (0.34%) 136.752/68.550/224.637/52.723 ms  521 pps  5.60
[  3] 90.0000-95.0000 sec  3.72 MBytes  6.25 Mbits/sec   0.213 ms   19/ 2676 (0.71%) 211.563/186.060/277.643/ 8.837 ms  531 pps  3.69
[  3] 90.0000-95.0000 sec  17 datagrams received out-of-order
[  3] 95.0000-100.0000 sec  3.79 MBytes  6.35 Mbits/sec   0.185 ms    6/ 2706 (0.22%) 188.745/162.833/232.604/17.434 ms  540 pps  4.21
[  3] 100.0000-105.0000 sec  3.46 MBytes  5.81 Mbits/sec   0.222 ms  165/ 2634 (6.3%) 235.242/162.965/356.826/42.958 ms  494 pps  3.09
[  3] 105.0000-110.0000 sec  3.44 MBytes  5.77 Mbits/sec   0.307 ms  197/ 2649 (7.4%) 262.278/221.133/328.747/20.035 ms  491 pps  2.75
[  3] 105.0000-110.0000 sec  14 datagrams received out-of-order
[  3] 110.0000-115.0000 sec  3.79 MBytes  6.36 Mbits/sec   0.191 ms   48/ 2754 (1.7%) 237.801/127.134/286.929/32.328 ms  541 pps  3.35
[  3] 115.0000-120.0000 sec  3.64 MBytes  6.10 Mbits/sec   0.475 ms    0/ 2595 (0%) 182.599/134.898/288.699/33.307 ms  519 pps  4.18
[  3] 120.0000-125.0000 sec  3.72 MBytes  6.24 Mbits/sec   0.242 ms   29/ 2682 (1.1%) 269.501/250.520/343.347/10.518 ms  531 pps  2.89
[  3] 120.0000-125.0000 sec  16 datagrams received out-of-order
[  3] 125.0000-130.0000 sec  3.75 MBytes  6.29 Mbits/sec   0.681 ms    9/ 2685 (0.34%) 261.377/227.217/294.333/16.914 ms  535 pps  3.01
[  3] 130.0000-135.0000 sec  3.64 MBytes  6.10 Mbits/sec   0.343 ms   34/ 2627 (1.3%) 278.936/251.147/348.016/22.874 ms  519 pps  2.73
[  3] 135.0000-140.0000 sec  3.64 MBytes  6.11 Mbits/sec   0.192 ms   87/ 2686 (3.2%) 297.222/245.926/371.922/28.278 ms  520 pps  2.57
[  3] 135.0000-140.0000 sec  4 datagrams received out-of-order
[  3] 140.0000-145.0000 sec  3.78 MBytes  6.35 Mbits/sec   0.404 ms   10/ 2709 (0.37%) 283.190/253.846/328.541/13.835 ms  540 pps  2.80
[  3] 145.0000-150.0000 sec  3.77 MBytes  6.32 Mbits/sec   0.160 ms    0/ 2687 (0%) 214.731/153.719/265.254/35.015 ms  537 pps  3.68
[  3] 150.0000-155.0000 sec  3.64 MBytes  6.12 Mbits/sec   0.167 ms   29/ 2629 (1.1%) 311.124/239.730/362.514/29.394 ms  520 pps  2.46
[  3] 150.0000-155.0000 sec  13 datagrams received out-of-order
[  3] 155.0000-160.0000 sec  3.98 MBytes  6.68 Mbits/sec   0.150 ms    0/ 2840 (0%) 183.250/ 0.345/328.617/136.824 ms  568 pps  4.56
[  3] 160.0000-165.0000 sec  3.73 MBytes  6.26 Mbits/sec   0.189 ms    0/ 2661 (0%) 16.788/ 0.134/55.640/13.229 ms  532 pps  46.60
[  3] 165.0000-170.0000 sec  3.67 MBytes  6.15 Mbits/sec   0.243 ms    0/ 2616 (0%) 80.614/23.340/207.257/40.246 ms  523 pps  9.54
[  3] 165.0000-170.0000 sec  17 datagrams received out-of-order
[  3] 170.0000-175.0000 sec  3.76 MBytes  6.31 Mbits/sec   0.162 ms    0/ 2681 (0%) 133.712/113.655/160.026/10.474 ms  536 pps  5.89
[  3] 175.0000-180.0000 sec  3.74 MBytes  6.28 Mbits/sec   0.170 ms    0/ 2670 (0%) 137.908/69.691/167.081/23.566 ms  534 pps  5.69
[  3] 180.0000-185.0000 sec  3.65 MBytes  6.13 Mbits/sec   0.196 ms   23/ 2630 (0.87%) 211.948/151.032/328.814/23.109 ms  521 pps  3.62
[  3] 180.0000-185.0000 sec  16 datagrams received out-of-order
[  3] 185.0000-190.0000 sec  3.79 MBytes  6.37 Mbits/sec   0.189 ms    5/ 2712 (0.18%) 219.536/165.118/249.923/20.674 ms  541 pps  3.63
[  3] 190.0000-195.0000 sec  3.87 MBytes  6.50 Mbits/sec   0.455 ms    1/ 2763 (0.036%) 22.857/ 0.138/165.547/44.921 ms  552 pps  35.53
[  3] 195.0000-200.0000 sec  3.75 MBytes  6.29 Mbits/sec   0.371 ms    0/ 2676 (0%)  2.928/ 0.139/44.564/ 5.574 ms  535 pps  268.70
[  3] 195.0000-200.0000 sec  5 datagrams received out-of-order
[  3] 200.0000-205.0000 sec  3.75 MBytes  6.29 Mbits/sec   0.427 ms    0/ 2674 (0%)  1.197/ 0.152/11.586/ 1.303 ms  535 pps  656.72
[  3] 205.0000-210.0000 sec  3.75 MBytes  6.29 Mbits/sec   0.532 ms    0/ 2675 (0%)  1.118/ 0.138/12.203/ 1.145 ms  535 pps  703.23
[  3] 210.0000-215.0000 sec  3.73 MBytes  6.26 Mbits/sec   1.298 ms    0/ 2663 (0%)  2.034/ 0.136/48.712/ 4.015 ms  533 pps  384.92
[  3] 210.0000-215.0000 sec  5 datagrams received out-of-order
[  3] 215.0000-220.0000 sec  3.77 MBytes  6.32 Mbits/sec   0.352 ms    0/ 2687 (0%)  1.420/ 0.149/23.407/ 2.367 ms  537 pps  556.38
[  3] 220.0000-225.0000 sec  3.75 MBytes  6.29 Mbits/sec   0.345 ms    0/ 2675 (0%)  1.100/ 0.153/11.693/ 0.954 ms  535 pps  714.78
[  3] 225.0000-230.0000 sec  3.75 MBytes  6.29 Mbits/sec   0.443 ms    0/ 2675 (0%)  9.489/ 0.163/57.639/15.191 ms  535 pps  82.88
[  3] 230.0000-235.0000 sec  3.75 MBytes  6.29 Mbits/sec   0.475 ms    0/ 2675 (0%)  4.673/ 0.133/86.212/10.037 ms  535 pps  168.28
[  3] 230.0000-235.0000 sec  9 datagrams received out-of-order
[  3] 235.0000-240.0000 sec  3.75 MBytes  6.29 Mbits/sec   0.352 ms    0/ 2675 (0%)  1.119/ 0.140/10.785/ 1.034 ms  535 pps  702.58
[  3] 240.0000-245.0000 sec  3.75 MBytes  6.29 Mbits/sec   0.447 ms    0/ 2675 (0%)  1.471/ 0.161/21.770/ 2.385 ms  535 pps  534.77
[  3] 245.0000-250.0000 sec  3.75 MBytes  6.29 Mbits/sec   0.381 ms    0/ 2675 (0%)  1.664/ 0.169/46.600/ 3.315 ms  535 pps  472.73
[  3] 245.0000-250.0000 sec  5 datagrams received out-of-order
[  3] 250.0000-255.0000 sec  3.75 MBytes  6.29 Mbits/sec   0.498 ms    0/ 2675 (0%)  1.220/ 0.141/14.031/ 1.384 ms  535 pps  644.38
[  3] 255.0000-260.0000 sec  3.75 MBytes  6.29 Mbits/sec   0.366 ms    0/ 2675 (0%)  1.376/ 0.125/15.717/ 1.827 ms  535 pps  571.36
[  3] 260.0000-265.0000 sec  3.75 MBytes  6.29 Mbits/sec   0.150 ms    0/ 2675 (0%)  2.030/ 0.171/46.758/ 4.241 ms  535 pps  387.34
[  3] 260.0000-265.0000 sec  4 datagrams received out-of-order
[  3] 265.0000-270.0000 sec  3.75 MBytes  6.29 Mbits/sec   0.274 ms    0/ 2674 (0%)  0.850/ 0.160/16.385/ 1.434 ms  535 pps  924.91
[  3] 270.0000-275.0000 sec  3.75 MBytes  6.29 Mbits/sec   0.232 ms    0/ 2676 (0%)  0.733/ 0.159/11.980/ 0.865 ms  535 pps  1073.60
[  3] 275.0000-280.0000 sec  3.75 MBytes  6.29 Mbits/sec   0.097 ms    0/ 2675 (0%)  1.190/ 0.171/49.368/ 3.320 ms  535 pps  661.02
[  3] 275.0000-280.0000 sec  5 datagrams received out-of-order
[  3] 280.0000-285.0000 sec  3.75 MBytes  6.29 Mbits/sec   0.209 ms    0/ 2674 (0%)  0.761/ 0.162/12.422/ 0.923 ms  535 pps  1032.76
[  3] 285.0000-290.0000 sec  3.75 MBytes  6.29 Mbits/sec   0.229 ms    0/ 2676 (0%)  0.746/ 0.142/11.401/ 0.870 ms  535 pps  1055.07
[  3] 290.0000-295.0000 sec  3.75 MBytes  6.29 Mbits/sec   0.234 ms    0/ 2674 (0%)  0.994/ 0.183/49.230/ 2.578 ms  535 pps  790.62
[  3] 290.0000-295.0000 sec  6 datagrams received out-of-order
[  3] 0.0000-299.9723 sec   224 MBytes  6.26 Mbits/sec   0.235 ms  726/160497 (0.45%) 98.364/ 0.125/371.922/105.148 ms  532 pps  7.96
[  3] 0.0000-299.9723 sec  192 datagrams received out-of-order
------------------------------------------------------------
Server listening on UDP port 5001 with pid 9392
Receiving 1470 byte datagrams
UDP buffer size:  208 KByte (default)
------------------------------------------------------------
[  3] local 10.0.0.6 port 5001 connected with 10.0.0.5 port 53858
[ ID] Interval            Transfer     Bandwidth        Jitter   Lost/Total  Latency avg/min/max/stdev PPS  NetPwr
[  3] 0.0000-5.0000 sec  2.64 MBytes  4.42 Mbits/sec   5.300 ms  742/ 2623 (28%) 203.594/33.378/612.560/64.060 ms  345 pps  2.72
[  3] 0.0000-5.0000 sec  4 datagrams received out-of-order
[  3] 5.0000-10.0000 sec  7.18 KBytes  11.8 Kbits/sec  17.968 ms 2702/ 2707 (1e+02%) 713.449/524.865/623.963/40.686 ms    1 pps  0.00
[  3] 10.0000-15.0000 sec  7.18 KBytes  11.8 Kbits/sec  21.850 ms 2719/ 2724 (1e+02%) 714.068/553.041/624.537/28.028 ms    1 pps  0.00
[  3] 15.0000-20.0000 sec  30.1 KBytes  49.4 Kbits/sec  16.302 ms 2783/ 2804 (99%) 669.235/558.258/672.412/42.035 ms    4 pps  0.01
[  3] 20.0000-25.0000 sec  1.26 MBytes  2.12 Mbits/sec   0.982 ms 1418/ 2319 (61%) 409.035/382.391/614.637/13.165 ms  218 pps  0.65
[  3] 25.0000-30.0000 sec  1.76 MBytes  2.96 Mbits/sec   0.853 ms 1401/ 2660 (53%) 420.864/395.004/479.355/15.944 ms  251 pps  0.88
[  3] 30.0000-35.0000 sec  1.47 MBytes  2.46 Mbits/sec   7.331 ms 1777/ 2825 (63%) 432.477/390.938/526.639/28.492 ms  198 pps  0.71
[  3] 30.0000-35.0000 sec  1 datagrams received out-of-order
[  3] 35.0000-40.0000 sec  1.65 MBytes  2.76 Mbits/sec   0.730 ms 1376/ 2550 (54%) 410.798/365.150/528.491/33.938 ms  250 pps  0.84
[  3] 40.0000-45.0000 sec  1.97 MBytes  3.31 Mbits/sec   0.574 ms 1273/ 2680 (48%) 390.373/359.836/443.158/16.584 ms  281 pps  1.06
[  3] 45.0000-50.0000 sec  1.84 MBytes  3.09 Mbits/sec   0.667 ms 1348/ 2663 (51%) 423.488/364.917/514.128/29.304 ms  263 pps  0.91
[  3] 45.0000-50.0000 sec  5 datagrams received out-of-order
[  3] 50.0000-55.0000 sec  1.87 MBytes  3.14 Mbits/sec   0.603 ms 1347/ 2680 (50%) 404.808/372.887/474.096/28.150 ms  267 pps  0.97
[  3] 50.0000-55.0000 sec  3 datagrams received out-of-order
[  3] 55.0000-60.0000 sec  1.93 MBytes  3.23 Mbits/sec   0.503 ms 1303/ 2677 (49%) 392.150/365.900/431.454/14.294 ms  275 pps  1.03
[  3] 60.0000-65.0000 sec  1.93 MBytes  3.24 Mbits/sec   1.622 ms 1299/ 2676 (49%) 403.912/366.724/470.773/20.184 ms  275 pps  1.00
[  3] 60.0000-65.0000 sec  4 datagrams received out-of-order
[  3] 65.0000-70.0000 sec  1.90 MBytes  3.18 Mbits/sec   0.939 ms 1313/ 2665 (49%) 406.013/364.774/504.094/31.308 ms  270 pps  0.98
[  3] 70.0000-75.0000 sec  2.08 MBytes  3.49 Mbits/sec   0.767 ms 1204/ 2689 (45%) 382.346/290.872/465.085/40.419 ms  297 pps  1.14
[  3] 75.0000-80.0000 sec  1.97 MBytes  3.30 Mbits/sec   1.213 ms 1260/ 2663 (47%) 398.386/367.595/488.818/17.873 ms  281 pps  1.04
[  3] 75.0000-80.0000 sec  2 datagrams received out-of-order
[  3] 80.0000-85.0000 sec  2.11 MBytes  3.54 Mbits/sec   0.764 ms 1163/ 2666 (44%) 410.689/373.467/455.586/19.605 ms  301 pps  1.08
[  3] 85.0000-90.0000 sec  2.01 MBytes  3.38 Mbits/sec   0.372 ms 1253/ 2690 (47%) 392.178/352.715/449.195/20.674 ms  287 pps  1.08
[  3] 90.0000-95.0000 sec  1.97 MBytes  3.30 Mbits/sec   1.042 ms 1265/ 2669 (47%) 397.732/371.030/453.090/18.591 ms  281 pps  1.04
[  3] 90.0000-95.0000 sec  2 datagrams received out-of-order
[  3] 95.0000-100.0000 sec  1.86 MBytes  3.12 Mbits/sec   0.357 ms 1361/ 2686 (51%) 400.200/259.854/497.479/47.241 ms  265 pps  0.97
[  3] 95.0000-100.0000 sec  6 datagrams received out-of-order
[  3] 100.0000-105.0000 sec  2.06 MBytes  3.46 Mbits/sec   0.843 ms 1204/ 2676 (45%) 379.637/357.498/429.664/16.367 ms  294 pps  1.14
[  3] 105.0000-110.0000 sec  2.09 MBytes  3.50 Mbits/sec   0.322 ms 1195/ 2684 (45%) 375.845/355.871/508.598/18.318 ms  298 pps  1.16
[  3] 105.0000-110.0000 sec  4 datagrams received out-of-order
[  3] 110.0000-115.0000 sec  1.95 MBytes  3.28 Mbits/sec   0.420 ms 1271/ 2664 (48%) 397.182/356.513/481.058/36.137 ms  279 pps  1.03
[  3] 115.0000-120.0000 sec  2.07 MBytes  3.46 Mbits/sec   1.976 ms 1176/ 2649 (44%) 377.937/358.996/436.797/ 9.368 ms  294 pps  1.15
[  3] 120.0000-125.0000 sec  2.07 MBytes  3.47 Mbits/sec   0.440 ms 1245/ 2720 (46%) 381.291/351.264/451.215/19.611 ms  295 pps  1.14
[  3] 120.0000-125.0000 sec  7 datagrams received out-of-order
[  3] 125.0000-130.0000 sec  2.01 MBytes  3.38 Mbits/sec   1.436 ms 1219/ 2655 (46%) 385.762/336.126/475.888/29.156 ms  287 pps  1.09
[  3] 130.0000-135.0000 sec  2.05 MBytes  3.43 Mbits/sec   0.373 ms 1210/ 2669 (45%) 352.956/239.995/404.080/43.508 ms  292 pps  1.22
[  3] 135.0000-140.0000 sec  2.03 MBytes  3.41 Mbits/sec   0.662 ms 1233/ 2684 (46%) 386.827/355.863/514.883/22.707 ms  291 pps  1.10
[  3] 135.0000-140.0000 sec  11 datagrams received out-of-order
[  3] 140.0000-145.0000 sec  1.97 MBytes  3.30 Mbits/sec   0.565 ms 1233/ 2638 (47%) 394.625/357.083/587.408/46.460 ms  281 pps  1.05
[  3] 145.0000-150.0000 sec  2.29 MBytes  3.84 Mbits/sec   0.412 ms 1079/ 2711 (40%) 310.377/202.450/456.747/60.939 ms  327 pps  1.55
[  3] 150.0000-155.0000 sec  2.01 MBytes  3.38 Mbits/sec   0.486 ms 1246/ 2681 (46%) 384.816/359.739/535.931/24.639 ms  287 pps  1.10
[  3] 150.0000-155.0000 sec  9 datagrams received out-of-order
[  3] 155.0000-160.0000 sec  1.98 MBytes  3.33 Mbits/sec   0.312 ms 1263/ 2677 (47%) 385.021/358.267/482.510/29.649 ms  283 pps  1.08
[  3] 160.0000-165.0000 sec  2.05 MBytes  3.43 Mbits/sec   0.883 ms 1195/ 2655 (45%) 380.142/358.948/437.254/18.313 ms  292 pps  1.13
[  3] 165.0000-170.0000 sec  2.05 MBytes  3.45 Mbits/sec   0.563 ms 1226/ 2691 (46%) 382.683/358.363/505.730/19.534 ms  293 pps  1.13
[  3] 165.0000-170.0000 sec  5 datagrams received out-of-order
[  3] 170.0000-175.0000 sec  2.02 MBytes  3.38 Mbits/sec   0.996 ms 1234/ 2672 (46%) 381.627/355.487/456.291/22.545 ms  288 pps  1.11
[  3] 175.0000-180.0000 sec  2.04 MBytes  3.43 Mbits/sec   1.469 ms 1215/ 2673 (45%) 381.958/355.063/479.816/26.782 ms  292 pps  1.12
[  3] 180.0000-185.0000 sec  2.06 MBytes  3.46 Mbits/sec   1.169 ms 1206/ 2675 (45%) 375.963/348.968/446.607/17.865 ms  294 pps  1.15
[  3] 180.0000-185.0000 sec  3 datagrams received out-of-order
[  3] 185.0000-190.0000 sec  1.93 MBytes  3.24 Mbits/sec   0.827 ms 1275/ 2652 (48%) 401.630/358.117/532.480/38.731 ms  275 pps  1.01
[  3] 190.0000-195.0000 sec  3.84 MBytes  6.44 Mbits/sec   0.324 ms  106/ 2846 (3.7%) 222.743/87.013/424.124/94.704 ms  548 pps  3.62
[  3] 195.0000-200.0000 sec  3.78 MBytes  6.34 Mbits/sec   0.397 ms    0/ 2694 (0%) 34.787/ 0.178/102.878/32.741 ms  539 pps  22.77
[  3] 195.0000-200.0000 sec  5 datagrams received out-of-order
[  3] 200.0000-205.0000 sec  3.71 MBytes  6.22 Mbits/sec   0.396 ms   64/ 2708 (2.4%) 34.254/ 0.122/105.030/21.189 ms  529 pps  22.69
[  3] 205.0000-210.0000 sec  3.55 MBytes  5.96 Mbits/sec   0.300 ms  130/ 2664 (4.9%) 31.759/ 0.173/85.276/27.855 ms  507 pps  23.46
[  3] 210.0000-215.0000 sec  3.57 MBytes  5.98 Mbits/sec   0.298 ms  144/ 2688 (5.4%)  8.099/ 0.152/72.125/11.365 ms  509 pps  92.35
[  3] 210.0000-215.0000 sec  5 datagrams received out-of-order
[  3] 215.0000-220.0000 sec  3.56 MBytes  5.98 Mbits/sec   0.285 ms  133/ 2674 (5%)  5.782/ 0.164/47.340/10.078 ms  508 pps  129.21
[  3] 220.0000-225.0000 sec  3.56 MBytes  5.97 Mbits/sec   0.219 ms  117/ 2657 (4.4%) 12.246/ 0.142/54.301/19.050 ms  508 pps  60.98
[  3] 225.0000-230.0000 sec  3.55 MBytes  5.95 Mbits/sec   0.208 ms  141/ 2671 (5.3%)  8.842/ 0.166/61.903/12.778 ms  506 pps  84.12
[  3] 225.0000-230.0000 sec  4 datagrams received out-of-order
[  3] 230.0000-235.0000 sec  3.56 MBytes  5.98 Mbits/sec   0.270 ms  139/ 2681 (5.2%)  9.753/ 0.151/54.038/13.754 ms  508 pps  76.62
[  3] 235.0000-240.0000 sec  3.57 MBytes  5.99 Mbits/sec   0.313 ms  127/ 2672 (4.8%) 62.850/ 0.167/152.268/51.339 ms  509 pps  11.91
[  3] 240.0000-245.0000 sec  3.41 MBytes  5.72 Mbits/sec  10.601 ms   77/ 2509 (3.1%) 134.914/31.701/435.346/48.496 ms  486 pps  5.30
[  3] 240.0000-245.0000 sec  11 datagrams received out-of-order
[  3] 245.0000-250.0000 sec  3.64 MBytes  6.10 Mbits/sec   1.203 ms  232/ 2826 (8.2%) 30.929/ 0.054/487.980/70.742 ms  519 pps  24.66
[  3] 245.0000-250.0000 sec  9 datagrams received out-of-order
[  3] 250.0000-255.0000 sec  3.58 MBytes  6.01 Mbits/sec   0.974 ms  135/ 2690 (5%) 54.677/ 0.469/107.333/28.839 ms  511 pps  13.74
[  3] 255.0000-260.0000 sec  3.57 MBytes  5.99 Mbits/sec   0.286 ms  143/ 2691 (5.3%) 14.409/ 0.167/54.085/15.687 ms  510 pps  51.99
[  3] 260.0000-265.0000 sec  3.57 MBytes  5.99 Mbits/sec   0.455 ms  120/ 2667 (4.5%) 75.464/ 0.122/168.537/56.659 ms  509 pps  9.92
[  3] 260.0000-265.0000 sec  6 datagrams received out-of-order
[  3] 265.0000-270.0000 sec  3.56 MBytes  5.97 Mbits/sec   0.127 ms  148/ 2687 (5.5%)  0.707/ 0.101/22.473/ 1.655 ms  508 pps  1056.36
[  3] 270.0000-275.0000 sec  3.56 MBytes  5.97 Mbits/sec   0.215 ms  135/ 2674 (5%)  1.889/ 0.078/33.762/ 4.739 ms  508 pps  395.13
[  3] 275.0000-280.0000 sec  3.57 MBytes  5.99 Mbits/sec   0.179 ms  130/ 2676 (4.9%)  2.495/ 0.115/63.665/ 5.890 ms  509 pps  300.07
[  3] 275.0000-280.0000 sec  5 datagrams received out-of-order
[  3] 280.0000-285.0000 sec  3.56 MBytes  5.97 Mbits/sec   0.334 ms  135/ 2674 (5%)  7.020/ 0.078/49.384/12.548 ms  508 pps  106.34
[  3] 285.0000-290.0000 sec  3.54 MBytes  5.94 Mbits/sec   0.560 ms  123/ 2649 (4.6%) 12.305/ 0.178/58.433/15.106 ms  505 pps  60.35
[  3] 290.0000-295.0000 sec  3.59 MBytes  6.02 Mbits/sec   0.177 ms  141/ 2702 (5.2%) 13.091/ 0.127/71.671/17.598 ms  512 pps  57.52
[  3] 290.0000-295.0000 sec  6 datagrams received out-of-order
[  3] 0.0000-299.9648 sec   148 MBytes  4.14 Mbits/sec   0.185 ms 54986/160497 (34%) 197.469/ 0.054/672.412/182.369 ms  351 pps  2.62
[  3] 0.0000-299.9648 sec  117 datagrams received out-of-order
------------------------------------------------------------
Server listening on UDP port 5001 with pid 6219
Receiving 1470 byte datagrams
UDP buffer size:  208 KByte (default)
------------------------------------------------------------
[  3] local 10.0.0.6 port 5001 connected with 10.0.0.5 port 37127
[ ID] Interval            Transfer     Bandwidth        Jitter   Lost/Total  Latency avg/min/max/stdev PPS  NetPwr
[  3] 0.0000-5.0000 sec  3.48 MBytes  5.84 Mbits/sec   0.256 ms  108/ 2589 (4.2%) 182.523/27.624/256.722/38.433 ms  496 pps  4.00
[  3] 0.0000-5.0000 sec  4 datagrams received out-of-order
[  3] 5.0000-10.0000 sec  3.61 MBytes  6.05 Mbits/sec   0.268 ms  100/ 2673 (3.7%) 191.900/142.168/232.474/21.942 ms  515 pps  3.94
[  3] 10.0000-15.0000 sec  2.23 MBytes  3.74 Mbits/sec   0.803 ms  971/ 2563 (38%) 336.644/198.027/500.001/89.948 ms  318 pps  1.39
[  3] 15.0000-20.0000 sec  1.98 MBytes  3.32 Mbits/sec   0.944 ms 1267/ 2679 (47%) 403.448/381.759/443.149/13.192 ms  282 pps  1.03
[  3] 15.0000-20.0000 sec  2 datagrams received out-of-order
[  3] 20.0000-25.0000 sec  1.86 MBytes  3.12 Mbits/sec   1.163 ms 1342/ 2668 (50%) 408.455/363.362/459.811/18.307 ms  265 pps  0.95
[  3] 25.0000-30.0000 sec  1.41 MBytes  2.36 Mbits/sec   0.773 ms 1680/ 2684 (63%) 421.645/381.052/546.490/32.377 ms  201 pps  0.70
[  3] 30.0000-35.0000 sec  1.58 MBytes  2.65 Mbits/sec   1.148 ms 1564/ 2689 (58%) 394.438/361.871/458.856/22.293 ms  225 pps  0.84
[  3] 30.0000-35.0000 sec  4 datagrams received out-of-order
[  3] 35.0000-40.0000 sec  1.39 MBytes  2.34 Mbits/sec   0.520 ms 1669/ 2662 (63%) 381.836/358.523/412.143/11.261 ms  199 pps  0.76
[  3] 40.0000-45.0000 sec  1.64 MBytes  2.74 Mbits/sec   0.472 ms 1518/ 2685 (57%) 406.317/362.407/532.394/39.501 ms  233 pps  0.84
[  3] 45.0000-50.0000 sec  2.05 MBytes  3.44 Mbits/sec   0.316 ms 1218/ 2680 (45%) 381.104/352.689/434.780/20.518 ms  292 pps  1.13
[  3] 45.0000-50.0000 sec  3 datagrams received out-of-order
[  3] 50.0000-55.0000 sec  2.08 MBytes  3.49 Mbits/sec   0.740 ms 1171/ 2654 (44%) 355.412/248.000/412.305/36.217 ms  296 pps  1.23
[  3] 55.0000-60.0000 sec  2.22 MBytes  3.73 Mbits/sec   0.713 ms 1296/ 2881 (45%) 345.563/11.688/445.524/107.888 ms  318 pps  1.35
[  3] 55.0000-60.0000 sec  10 datagrams received out-of-order
[  3] 60.0000-65.0000 sec  3.35 MBytes  5.62 Mbits/sec   0.639 ms  287/ 2675 (11%) 52.716/ 9.258/274.895/71.769 ms  478 pps  13.32
[  3] 60.0000-65.0000 sec  2 datagrams received out-of-order
[  3] 65.0000-70.0000 sec  3.68 MBytes  6.17 Mbits/sec   0.899 ms   52/ 2674 (1.9%) 18.919/ 0.095/44.607/ 4.800 ms  524 pps  40.74
[  3] 65.0000-70.0000 sec  1 datagrams received out-of-order
[  3] 70.0000-75.0000 sec  3.63 MBytes  6.10 Mbits/sec   0.817 ms   84/ 2676 (3.1%) 27.367/ 5.441/194.810/32.067 ms  519 pps  27.85
[  3] 75.0000-80.0000 sec  3.51 MBytes  5.88 Mbits/sec   0.374 ms  183/ 2684 (6.8%) 20.751/ 0.041/188.457/36.270 ms  500 pps  35.43
[  3] 75.0000-80.0000 sec  2 datagrams received out-of-order
[  3] 80.0000-85.0000 sec  3.37 MBytes  5.66 Mbits/sec   0.743 ms  263/ 2670 (9.9%) 42.859/ 0.061/239.080/59.346 ms  481 pps  16.51
[  3] 85.0000-90.0000 sec  3.53 MBytes  5.92 Mbits/sec   0.850 ms  160/ 2676 (6%) 15.699/ 0.039/85.451/11.406 ms  503 pps  47.12
[  3] 90.0000-95.0000 sec  3.55 MBytes  5.95 Mbits/sec   0.672 ms  148/ 2678 (5.5%) 14.955/ 0.042/133.008/22.843 ms  506 pps  49.74
[  3] 90.0000-95.0000 sec  2 datagrams received out-of-order
[  3] 95.0000-100.0000 sec  3.28 MBytes  5.50 Mbits/sec   0.665 ms  328/ 2668 (12%) 51.895/ 0.047/316.698/91.452 ms  468 pps  13.26
[  3] 100.0000-105.0000 sec  3.08 MBytes  5.17 Mbits/sec   0.295 ms  322/ 2522 (13%) 73.310/ 0.070/301.349/106.097 ms  440 pps  8.82
[  3] 105.0000-110.0000 sec  3.49 MBytes  5.86 Mbits/sec   0.679 ms  341/ 2831 (12%) 38.524/ 0.043/354.566/75.786 ms  498 pps  19.00
[  3] 105.0000-110.0000 sec  2 datagrams received out-of-order
[  3] 110.0000-115.0000 sec  3.49 MBytes  5.85 Mbits/sec   0.662 ms  183/ 2669 (6.9%) 28.914/ 0.044/181.542/44.173 ms  497 pps  25.28
[  3] 115.0000-120.0000 sec  2.59 MBytes  4.34 Mbits/sec   1.000 ms  620/ 2464 (25%) 157.117/ 0.298/496.469/186.393 ms  369 pps  3.45
[  3] 120.0000-125.0000 sec  1.91 MBytes  3.21 Mbits/sec   0.594 ms 1332/ 2698 (49%) 413.810/357.975/524.109/44.161 ms  273 pps  0.97
[  3] 120.0000-125.0000 sec  4 datagrams received out-of-order
[  3] 125.0000-130.0000 sec  1.94 MBytes  3.26 Mbits/sec   1.032 ms 1277/ 2664 (48%) 399.869/357.375/439.752/20.198 ms  277 pps  1.02
[  3] 130.0000-135.0000 sec  2.29 MBytes  3.84 Mbits/sec   0.810 ms 1038/ 2672 (39%) 396.909/356.634/452.405/21.233 ms  327 pps  1.21
[  3] 135.0000-140.0000 sec  3.65 MBytes  6.12 Mbits/sec   0.687 ms  273/ 2876 (9.5%) 51.064/11.134/417.021/86.166 ms  521 pps  14.99
[  3] 135.0000-140.0000 sec  2 datagrams received out-of-order
[  3] 140.0000-145.0000 sec  3.35 MBytes  5.62 Mbits/sec   1.558 ms  121/ 2510 (4.8%) 42.741/ 2.021/340.729/58.850 ms  477 pps  16.43
[  3] 145.0000-150.0000 sec  1.95 MBytes  3.27 Mbits/sec   0.583 ms 1260/ 2652 (48%) 388.358/340.729/473.900/28.208 ms  279 pps  1.05
[  3] 150.0000-155.0000 sec  1.84 MBytes  3.08 Mbits/sec   0.631 ms 1347/ 2656 (51%) 427.749/352.895/645.849/79.031 ms  262 pps  0.90
[  3] 150.0000-155.0000 sec  3 datagrams received out-of-order
[  3] 155.0000-160.0000 sec  1.97 MBytes  3.30 Mbits/sec   0.636 ms 1298/ 2702 (48%) 389.527/354.258/493.556/30.553 ms  281 pps  1.06
[  3] 160.0000-165.0000 sec  2.05 MBytes  3.44 Mbits/sec   0.506 ms 1210/ 2674 (45%) 376.309/349.869/453.030/26.518 ms  293 pps  1.14
[  3] 165.0000-170.0000 sec  1.71 MBytes  2.87 Mbits/sec   0.757 ms 1439/ 2659 (54%) 487.020/360.114/1250.521/165.574 ms  244 pps  0.74
[  3] 165.0000-170.0000 sec  55 datagrams received out-of-order
[  3] 170.0000-175.0000 sec  1.92 MBytes  3.23 Mbits/sec   0.358 ms 1324/ 2697 (49%) 391.974/348.045/509.974/38.479 ms  275 pps  1.03
[  3] 175.0000-180.0000 sec  2.00 MBytes  3.36 Mbits/sec   0.587 ms 1244/ 2671 (47%) 384.732/348.623/477.951/31.722 ms  285 pps  1.09
[  3] 180.0000-185.0000 sec  1.88 MBytes  3.15 Mbits/sec   0.790 ms 1289/ 2629 (49%) 422.359/357.968/620.376/63.581 ms  268 pps  0.93
[  3] 180.0000-185.0000 sec  1 datagrams received out-of-order
[  3] 185.0000-190.0000 sec  2.00 MBytes  3.36 Mbits/sec   0.632 ms 1273/ 2701 (47%) 402.933/354.783/457.717/26.240 ms  286 pps  1.04
[  3] 190.0000-195.0000 sec  3.80 MBytes  6.38 Mbits/sec   0.317 ms   98/ 2809 (3.5%) 272.857/139.478/395.289/81.473 ms  542 pps  2.92
[  3] 195.0000-200.0000 sec  3.63 MBytes  6.09 Mbits/sec   0.374 ms   13/ 2604 (0.5%) 240.298/141.558/339.796/42.372 ms  518 pps  3.17
[  3] 195.0000-200.0000 sec  17 datagrams received out-of-order
[  3] 200.0000-205.0000 sec  3.91 MBytes  6.56 Mbits/sec   0.435 ms   31/ 2822 (1.1%) 180.381/ 0.167/298.894/92.208 ms  558 pps  4.55
[  3] 205.0000-210.0000 sec  3.56 MBytes  5.97 Mbits/sec   0.440 ms  136/ 2675 (5.1%) 11.939/ 0.150/80.364/20.649 ms  508 pps  62.52
[  3] 210.0000-215.0000 sec  3.51 MBytes  5.89 Mbits/sec   0.636 ms  118/ 2621 (4.5%) 10.000/ 0.161/101.329/16.871 ms  501 pps  73.59
[  3] 210.0000-215.0000 sec  5 datagrams received out-of-order
[  3] 215.0000-220.0000 sec  3.61 MBytes  6.06 Mbits/sec   0.407 ms  130/ 2706 (4.8%) 156.356/43.085/207.203/33.957 ms  515 pps  4.84
[  3] 220.0000-225.0000 sec  3.56 MBytes  5.97 Mbits/sec   0.210 ms  149/ 2689 (5.5%)  3.459/ 0.161/43.753/ 6.692 ms  508 pps  215.89
[  3] 225.0000-230.0000 sec  3.56 MBytes  5.97 Mbits/sec   0.163 ms  144/ 2684 (5.4%) 17.188/ 0.046/87.243/29.312 ms  508 pps  43.45
[  3] 225.0000-230.0000 sec  1 datagrams received out-of-order
[  3] 230.0000-235.0000 sec  3.56 MBytes  5.97 Mbits/sec   0.165 ms  136/ 2674 (5.1%)  0.446/ 0.040/ 3.017/ 0.385 ms  508 pps  1672.85
[  3] 235.0000-240.0000 sec  3.56 MBytes  5.98 Mbits/sec   0.215 ms  135/ 2676 (5%)  0.579/ 0.049/ 6.776/ 0.757 ms  508 pps  1291.29
[  3] 240.0000-245.0000 sec  3.56 MBytes  5.97 Mbits/sec   0.248 ms  135/ 2675 (5%)  1.305/ 0.043/21.551/ 3.032 ms  508 pps  572.24
[  3] 240.0000-245.0000 sec  2 datagrams received out-of-order
[  3] 245.0000-250.0000 sec  3.56 MBytes  5.97 Mbits/sec   0.306 ms  136/ 2675 (5.1%)  0.486/ 0.042/ 6.068/ 0.517 ms  508 pps  1536.02
[  3] 250.0000-255.0000 sec  3.56 MBytes  5.97 Mbits/sec   0.316 ms  134/ 2674 (5%)  0.950/ 0.044/12.174/ 1.234 ms  508 pps  786.06
[  3] 255.0000-260.0000 sec  3.56 MBytes  5.97 Mbits/sec   0.249 ms  136/ 2675 (5.1%)  1.700/ 0.045/27.228/ 3.436 ms  508 pps  439.19
[  3] 255.0000-260.0000 sec  2 datagrams received out-of-order
[  3] 260.0000-265.0000 sec  3.56 MBytes  5.97 Mbits/sec   0.131 ms  135/ 2675 (5%)  0.600/ 0.042/ 6.421/ 0.655 ms  508 pps  1245.31
[  3] 265.0000-270.0000 sec  3.56 MBytes  5.97 Mbits/sec   0.072 ms  135/ 2675 (5%)  0.585/ 0.148/ 9.693/ 0.599 ms  508 pps  1277.40
[  3] 270.0000-275.0000 sec  3.56 MBytes  5.97 Mbits/sec   0.147 ms  136/ 2675 (5.1%)  0.892/ 0.111/39.862/ 2.527 ms  508 pps  836.50
[  3] 270.0000-275.0000 sec  5 datagrams received out-of-order
[  3] 275.0000-280.0000 sec  3.56 MBytes  5.97 Mbits/sec   0.124 ms  135/ 2675 (5%)  0.520/ 0.050/ 6.235/ 0.476 ms  508 pps  1436.81
[  3] 280.0000-285.0000 sec  3.56 MBytes  5.97 Mbits/sec   0.110 ms  135/ 2675 (5%)  0.546/ 0.113/ 6.869/ 0.536 ms  508 pps  1367.39
[  3] 285.0000-290.0000 sec  3.56 MBytes  5.98 Mbits/sec   0.063 ms  134/ 2675 (5%)  0.608/ 0.117/15.638/ 1.290 ms  508 pps  1228.89
[  3] 285.0000-290.0000 sec  4 datagrams received out-of-order
[  3] 290.0000-295.0000 sec  3.56 MBytes  5.97 Mbits/sec   0.276 ms  136/ 2673 (5.1%)  1.945/ 0.065/28.128/ 4.996 ms  507 pps  383.40
[  3] 0.0000-299.9711 sec   175 MBytes  4.91 Mbits/sec   0.409 ms 35311/160497 (22%) 132.493/ 0.039/1250.521/169.386 ms  417 pps  4.63
[  3] 0.0000-299.9711 sec  133 datagrams received out-of-order
------------------------------------------------------------
Server listening on UDP port 5001 with pid 4612
Receiving 1470 byte datagrams
UDP buffer size:  208 KByte (default)
------------------------------------------------------------
[  3] local 10.0.0.6 port 5001 connected with 10.0.0.5 port 36155
[ ID] Interval            Transfer     Bandwidth        Jitter   Lost/Total  Latency avg/min/max/stdev PPS  NetPwr
[  3] 0.0000-5.0000 sec  3.58 MBytes  6.01 Mbits/sec   0.957 ms   44/ 2599 (1.7%) 135.516/44.781/207.928/53.579 ms  511 pps  5.54
[  3] 0.0000-5.0000 sec  2 datagrams received out-of-order
[  3] 5.0000-10.0000 sec  3.57 MBytes  5.99 Mbits/sec   0.281 ms  123/ 2669 (4.6%) 200.446/181.481/227.968/ 9.865 ms  510 pps  3.73
[  3] 10.0000-15.0000 sec  2.22 MBytes  3.73 Mbits/sec   0.669 ms  996/ 2583 (39%) 338.465/199.919/506.587/89.643 ms  317 pps  1.38
[  3] 15.0000-20.0000 sec  1.92 MBytes  3.22 Mbits/sec   1.017 ms 1292/ 2661 (49%) 406.639/369.621/435.222/13.475 ms  274 pps  0.99
[  3] 20.0000-25.0000 sec  2.02 MBytes  3.40 Mbits/sec   0.515 ms 1241/ 2685 (46%) 400.639/369.557/436.992/13.145 ms  289 pps  1.06
[  3] 25.0000-30.0000 sec  2.69 MBytes  4.51 Mbits/sec   0.676 ms  750/ 2667 (28%) 401.831/358.647/564.723/46.703 ms  383 pps  1.40
[  3] 30.0000-35.0000 sec  3.36 MBytes  5.63 Mbits/sec   0.336 ms  297/ 2692 (11%) 386.836/347.111/506.689/28.525 ms  479 pps  1.82
[  3] 30.0000-35.0000 sec  13 datagrams received out-of-order
[  3] 35.0000-40.0000 sec  3.52 MBytes  5.91 Mbits/sec   0.185 ms  155/ 2666 (5.8%) 365.329/340.229/393.986/11.976 ms  502 pps  2.02
[  3] 40.0000-45.0000 sec  3.36 MBytes  5.64 Mbits/sec   0.335 ms  283/ 2679 (11%) 385.169/350.881/460.597/23.061 ms  479 pps  1.83
[  3] 45.0000-50.0000 sec  3.47 MBytes  5.81 Mbits/sec   0.159 ms  207/ 2679 (7.7%) 372.617/336.547/436.595/19.970 ms  494 pps  1.95
[  3] 45.0000-50.0000 sec  7 datagrams received out-of-order
[  3] 50.0000-55.0000 sec  3.48 MBytes  5.83 Mbits/sec   0.244 ms  194/ 2673 (7.3%) 371.851/347.213/426.925/15.221 ms  496 pps  1.96
[  3] 55.0000-60.0000 sec  3.53 MBytes  5.92 Mbits/sec   0.348 ms  160/ 2676 (6%) 362.843/333.250/498.976/36.524 ms  503 pps  2.04
[  3] 60.0000-65.0000 sec  3.60 MBytes  6.03 Mbits/sec   0.234 ms  114/ 2679 (4.3%) 357.397/334.542/405.156/15.224 ms  513 pps  2.11
[  3] 60.0000-65.0000 sec  8 datagrams received out-of-order
[  3] 65.0000-70.0000 sec  3.72 MBytes  6.25 Mbits/sec   0.241 ms   34/ 2690 (1.3%) 343.004/324.144/357.886/ 7.801 ms  531 pps  2.28
[  3] 70.0000-75.0000 sec  3.43 MBytes  5.76 Mbits/sec   0.172 ms  224/ 2673 (8.4%) 369.765/322.245/611.646/68.798 ms  490 pps  1.95
[  3] 75.0000-80.0000 sec  3.61 MBytes  6.05 Mbits/sec   0.231 ms   93/ 2666 (3.5%) 353.975/327.480/435.247/16.728 ms  515 pps  2.14
[  3] 75.0000-80.0000 sec  13 datagrams received out-of-order
[  3] 80.0000-85.0000 sec  3.66 MBytes  6.15 Mbits/sec   0.124 ms   63/ 2677 (2.4%) 343.516/301.769/377.356/19.886 ms  523 pps  2.24
[  3] 85.0000-90.0000 sec  3.44 MBytes  5.77 Mbits/sec   0.158 ms  214/ 2668 (8%) 372.865/330.140/581.182/52.165 ms  491 pps  1.93
[  3] 90.0000-95.0000 sec  3.68 MBytes  6.18 Mbits/sec   0.191 ms   82/ 2709 (3%) 333.597/267.859/437.101/38.910 ms  525 pps  2.32
[  3] 90.0000-95.0000 sec  13 datagrams received out-of-order
[  3] 95.0000-100.0000 sec  3.64 MBytes  6.10 Mbits/sec   0.267 ms   58/ 2653 (2.2%) 343.686/295.280/385.915/19.274 ms  519 pps  2.22
[  3] 100.0000-105.0000 sec  3.37 MBytes  5.66 Mbits/sec   0.227 ms  263/ 2669 (9.9%) 380.039/328.492/673.545/74.792 ms  481 pps  1.86
[  3] 105.0000-110.0000 sec  3.47 MBytes  5.82 Mbits/sec   0.442 ms  170/ 2645 (6.4%) 369.592/340.582/461.098/22.922 ms  495 pps  1.97
[  3] 105.0000-110.0000 sec  12 datagrams received out-of-order
[  3] 110.0000-115.0000 sec  3.53 MBytes  5.93 Mbits/sec   0.129 ms  189/ 2709 (7%) 367.739/334.543/403.643/14.975 ms  504 pps  2.01
[  3] 115.0000-120.0000 sec  3.39 MBytes  5.68 Mbits/sec   0.158 ms  244/ 2661 (9.2%) 379.685/337.140/584.131/51.858 ms  483 pps  1.87
[  3] 120.0000-125.0000 sec  3.63 MBytes  6.09 Mbits/sec   0.355 ms  104/ 2693 (3.9%) 348.910/304.717/438.317/24.980 ms  518 pps  2.18
[  3] 120.0000-125.0000 sec  14 datagrams received out-of-order
[  3] 125.0000-130.0000 sec  3.52 MBytes  5.91 Mbits/sec   0.163 ms  153/ 2667 (5.7%) 364.711/332.141/398.707/14.332 ms  503 pps  2.03
[  3] 130.0000-135.0000 sec  3.42 MBytes  5.74 Mbits/sec   0.880 ms  111/ 2553 (4.3%) 371.871/342.240/593.676/49.825 ms  488 pps  1.93
[  3] 135.0000-140.0000 sec  3.13 MBytes  5.26 Mbits/sec   0.659 ms  531/ 2766 (19%) 416.175/371.018/576.571/40.766 ms  447 pps  1.58
[  3] 135.0000-140.0000 sec  7 datagrams received out-of-order
[  3] 140.0000-145.0000 sec  3.45 MBytes  5.79 Mbits/sec   0.315 ms  230/ 2693 (8.5%) 374.650/350.073/413.387/12.980 ms  493 pps  1.93
[  3] 145.0000-150.0000 sec  3.51 MBytes  5.89 Mbits/sec   0.186 ms  184/ 2690 (6.8%) 368.994/342.803/403.133/13.494 ms  501 pps  2.00
[  3] 150.0000-155.0000 sec  3.61 MBytes  6.06 Mbits/sec   0.214 ms   90/ 2668 (3.4%) 331.953/260.121/404.532/41.358 ms  516 pps  2.28
[  3] 150.0000-155.0000 sec  13 datagrams received out-of-order
[  3] 155.0000-160.0000 sec  3.62 MBytes  6.07 Mbits/sec   0.190 ms   98/ 2677 (3.7%) 345.000/286.987/399.543/29.046 ms  516 pps  2.20
[  3] 160.0000-165.0000 sec  3.67 MBytes  6.15 Mbits/sec   0.195 ms   27/ 2642 (1%) 325.751/271.017/413.058/31.202 ms  523 pps  2.36
[  3] 165.0000-170.0000 sec  3.56 MBytes  5.97 Mbits/sec   0.214 ms  166/ 2704 (6.1%) 330.877/199.731/451.468/67.803 ms  508 pps  2.26
[  3] 165.0000-170.0000 sec  8 datagrams received out-of-order
[  3] 170.0000-175.0000 sec  3.69 MBytes  6.19 Mbits/sec   0.256 ms   43/ 2674 (1.6%) 342.754/319.032/363.519/10.749 ms  526 pps  2.26
[  3] 175.0000-180.0000 sec  3.66 MBytes  6.15 Mbits/sec   0.263 ms   76/ 2689 (2.8%) 349.155/321.626/382.814/13.123 ms  522 pps  2.20
[  3] 180.0000-185.0000 sec  3.44 MBytes  5.77 Mbits/sec   0.195 ms  217/ 2670 (8.1%) 372.732/327.688/470.187/28.741 ms  491 pps  1.93
[  3] 180.0000-185.0000 sec  12 datagrams received out-of-order
[  3] 185.0000-190.0000 sec  3.67 MBytes  6.16 Mbits/sec   0.366 ms   61/ 2680 (2.3%) 338.891/282.425/380.217/23.346 ms  524 pps  2.27
[  3] 190.0000-195.0000 sec  4.00 MBytes  6.71 Mbits/sec   0.538 ms    2/ 2854 (0.07%) 80.795/ 0.161/336.359/114.731 ms  571 pps  10.38
[  3] 195.0000-200.0000 sec  3.75 MBytes  6.29 Mbits/sec   0.364 ms    0/ 2675 (0%) 21.911/ 0.136/111.477/35.739 ms  535 pps  35.89
[  3] 195.0000-200.0000 sec  2 datagrams received out-of-order
[  3] 200.0000-205.0000 sec  3.75 MBytes  6.29 Mbits/sec   0.526 ms    0/ 2675 (0%)  1.178/ 0.149/12.925/ 1.267 ms  535 pps  667.66
[  3] 205.0000-210.0000 sec  3.75 MBytes  6.29 Mbits/sec   0.476 ms    0/ 2674 (0%)  1.224/ 0.117/14.734/ 1.789 ms  535 pps  642.26
[  3] 210.0000-215.0000 sec  3.75 MBytes  6.29 Mbits/sec   0.519 ms    0/ 2675 (0%)  1.132/ 0.108/31.745/ 2.010 ms  535 pps  694.61
[  3] 210.0000-215.0000 sec  5 datagrams received out-of-order
[  3] 215.0000-220.0000 sec  3.75 MBytes  6.29 Mbits/sec   0.308 ms    0/ 2675 (0%)  1.066/ 0.127/14.417/ 1.231 ms  535 pps  737.80
[  3] 220.0000-225.0000 sec  3.75 MBytes  6.29 Mbits/sec   0.428 ms    0/ 2675 (0%)  1.059/ 0.151/12.332/ 1.076 ms  535 pps  742.79
[  3] 225.0000-230.0000 sec  3.75 MBytes  6.29 Mbits/sec   0.389 ms    0/ 2675 (0%)  1.990/ 0.134/45.215/ 4.429 ms  535 pps  395.13
[  3] 225.0000-230.0000 sec  5 datagrams received out-of-order
[  3] 230.0000-235.0000 sec  3.75 MBytes  6.29 Mbits/sec   0.496 ms    0/ 2675 (0%)  1.198/ 0.148/15.402/ 1.409 ms  535 pps  656.53
[  3] 235.0000-240.0000 sec  3.75 MBytes  6.29 Mbits/sec   0.432 ms    0/ 2675 (0%)  1.066/ 0.163/12.618/ 1.054 ms  535 pps  737.63
[  3] 240.0000-245.0000 sec  3.75 MBytes  6.29 Mbits/sec   0.465 ms    0/ 2675 (0%)  2.244/ 0.156/44.909/ 4.701 ms  535 pps  350.52
[  3] 240.0000-245.0000 sec  5 datagrams received out-of-order
[  3] 245.0000-250.0000 sec  3.75 MBytes  6.29 Mbits/sec   0.503 ms    0/ 2675 (0%)  1.072/ 0.146/13.084/ 1.155 ms  535 pps  733.63
[  3] 250.0000-255.0000 sec  3.75 MBytes  6.29 Mbits/sec   0.425 ms    0/ 2674 (0%)  1.048/ 0.129/11.562/ 0.906 ms  535 pps  750.06
[  3] 255.0000-260.0000 sec  3.75 MBytes  6.29 Mbits/sec   0.468 ms    0/ 2676 (0%)  2.242/ 0.158/55.984/ 5.144 ms  535 pps  350.94
[  3] 255.0000-260.0000 sec  7 datagrams received out-of-order
[  3] 260.0000-265.0000 sec  3.75 MBytes  6.29 Mbits/sec   0.528 ms    0/ 2675 (0%)  1.013/ 0.157/10.531/ 0.885 ms  535 pps  776.41
[  3] 265.0000-270.0000 sec  3.75 MBytes  6.29 Mbits/sec   0.410 ms    0/ 2675 (0%)  0.724/ 0.161/12.004/ 0.854 ms  535 pps  1086.40
[  3] 270.0000-275.0000 sec  3.75 MBytes  6.29 Mbits/sec   0.230 ms    0/ 2675 (0%)  1.056/ 0.160/35.635/ 2.320 ms  535 pps  744.88
[  3] 270.0000-275.0000 sec  5 datagrams received out-of-order
[  3] 275.0000-280.0000 sec  3.75 MBytes  6.29 Mbits/sec   0.190 ms    0/ 2675 (0%)  0.779/ 0.139/11.378/ 0.988 ms  535 pps  1009.04
[  3] 280.0000-285.0000 sec  3.75 MBytes  6.29 Mbits/sec   0.180 ms    0/ 2675 (0%)  1.545/ 0.159/25.087/ 2.762 ms  535 pps  508.95
[  3] 285.0000-290.0000 sec  3.75 MBytes  6.29 Mbits/sec   0.207 ms    0/ 2674 (0%)  1.934/ 0.111/37.461/ 3.801 ms  535 pps  406.40
[  3] 285.0000-290.0000 sec  3 datagrams received out-of-order
[  3] 290.0000-295.0000 sec  3.75 MBytes  6.29 Mbits/sec   0.130 ms    0/ 2675 (0%)  0.780/ 0.146/10.647/ 0.847 ms  535 pps  1007.76
[  3] 0.0000-299.9552 sec   212 MBytes  5.92 Mbits/sec   0.191 ms 9583/160497 (6%) 216.178/ 0.108/673.545/176.105 ms  503 pps  3.42
[  3] 0.0000-299.9552 sec  154 datagrams received out-of-order
