------------------------------------------------------------
Server listening on UDP port 5001 with pid 6676
Receiving 1470 byte datagrams
UDP buffer size:  208 KByte (default)
------------------------------------------------------------
[  3] local 10.0.0.10 port 5001 connected with 10.0.0.9 port 44486
[ ID] Interval            Transfer     Bandwidth        Jitter   Lost/Total  Latency avg/min/max/stdev PPS  NetPwr
[  3] 0.0000-5.0000 sec  3.31 MBytes  5.55 Mbits/sec   0.580 ms 1498/ 3857 (39%) 204.313/43.566/259.503/22.084 ms  472 pps  3.39
[  3] 0.0000-5.0000 sec  3 datagrams received out-of-order
[  3] 5.0000-10.0000 sec  3.22 MBytes  5.41 Mbits/sec   0.716 ms 1742/ 4042 (43%) 227.048/190.495/291.740/22.261 ms  460 pps  2.98
[  3] 10.0000-15.0000 sec  2.83 MBytes  4.74 Mbits/sec   0.998 ms 1866/ 3883 (48%) 266.550/200.070/374.987/35.221 ms  403 pps  2.22
[  3] 15.0000-20.0000 sec  2.68 MBytes  4.50 Mbits/sec   0.798 ms 2191/ 4106 (53%) 305.876/237.046/474.659/36.712 ms  383 pps  1.84
[  3] 15.0000-20.0000 sec  14 datagrams received out-of-order
[  3] 20.0000-25.0000 sec  2.84 MBytes  4.77 Mbits/sec   0.739 ms 1936/ 3965 (49%) 295.671/239.471/402.611/32.698 ms  406 pps  2.02
[  3] 25.0000-30.0000 sec  2.33 MBytes  3.90 Mbits/sec   1.676 ms 2306/ 3966 (58%) 377.260/266.472/466.395/48.637 ms  332 pps  1.29
[  3] 30.0000-35.0000 sec  2.60 MBytes  4.36 Mbits/sec   1.133 ms 2201/ 4056 (54%) 353.543/271.166/556.539/60.039 ms  371 pps  1.54
[  3] 30.0000-35.0000 sec  12 datagrams received out-of-order
[  3] 35.0000-40.0000 sec  2.47 MBytes  4.14 Mbits/sec   0.960 ms 2207/ 3969 (56%) 382.043/273.158/549.218/67.776 ms  352 pps  1.36
[  3] 40.0000-45.0000 sec  3.10 MBytes  5.20 Mbits/sec   0.752 ms 1853/ 4064 (46%) 318.332/260.157/395.629/28.775 ms  442 pps  2.04
[  3] 45.0000-50.0000 sec  3.42 MBytes  5.73 Mbits/sec   0.751 ms 1559/ 3996 (39%) 296.559/243.451/391.858/33.550 ms  488 pps  2.42
[  3] 45.0000-50.0000 sec  16 datagrams received out-of-order
[  3] 50.0000-55.0000 sec  3.69 MBytes  6.20 Mbits/sec   0.762 ms 1412/ 4046 (35%) 284.170/260.316/329.105/13.385 ms  527 pps  2.73
[  3] 55.0000-60.0000 sec  3.63 MBytes  6.09 Mbits/sec   0.605 ms 1415/ 4004 (35%) 297.188/265.641/428.398/33.174 ms  518 pps  2.56
[  3] 60.0000-65.0000 sec  3.72 MBytes  6.24 Mbits/sec   0.530 ms 1360/ 4013 (34%) 299.293/280.345/440.140/23.132 ms  531 pps  2.61
[  3] 60.0000-65.0000 sec  18 datagrams received out-of-order
[  3] 65.0000-70.0000 sec  3.76 MBytes  6.31 Mbits/sec   0.687 ms 1296/ 3979 (33%) 303.933/283.380/333.886/10.417 ms  537 pps  2.60
[  3] 70.0000-75.0000 sec  3.76 MBytes  6.31 Mbits/sec   0.817 ms 1331/ 4013 (33%) 314.012/297.293/343.094/ 9.077 ms  536 pps  2.51
[  3] 75.0000-80.0000 sec  3.42 MBytes  5.73 Mbits/sec   1.348 ms 1487/ 3925 (38%) 352.433/324.993/461.572/25.741 ms  488 pps  2.03
[  3] 75.0000-80.0000 sec  16 datagrams received out-of-order
[  3] 80.0000-85.0000 sec  3.25 MBytes  5.45 Mbits/sec   0.678 ms 1745/ 4063 (43%) 390.603/340.530/450.178/24.720 ms  464 pps  1.74
[  3] 85.0000-90.0000 sec  3.46 MBytes  5.80 Mbits/sec   0.689 ms 1544/ 4010 (39%) 374.272/340.818/410.726/14.408 ms  493 pps  1.94
[  3] 90.0000-95.0000 sec  3.41 MBytes  5.73 Mbits/sec   0.619 ms 1609/ 4044 (40%) 381.831/337.784/448.814/22.151 ms  487 pps  1.87
[  3] 90.0000-95.0000 sec  6 datagrams received out-of-order
[  3] 95.0000-100.0000 sec  3.38 MBytes  5.66 Mbits/sec   0.726 ms 1597/ 4005 (40%) 384.720/336.097/522.564/41.204 ms  482 pps  1.84
[  3] 100.0000-105.0000 sec  3.38 MBytes  5.68 Mbits/sec   2.288 ms 1450/ 3863 (38%) 376.348/340.983/539.006/27.832 ms  482 pps  1.89
[  3] 105.0000-110.0000 sec  2.50 MBytes  4.19 Mbits/sec   0.693 ms 2295/ 4075 (56%) 527.396/415.648/700.973/64.140 ms  356 pps  0.99
[  3] 105.0000-110.0000 sec  14 datagrams received out-of-order
[  3] 110.0000-115.0000 sec  2.73 MBytes  4.59 Mbits/sec   0.613 ms 2062/ 4012 (51%) 473.274/418.398/558.159/32.890 ms  390 pps  1.21
[  3] 115.0000-120.0000 sec  2.76 MBytes  4.64 Mbits/sec   0.724 ms 2035/ 4006 (51%) 471.878/401.662/522.563/28.124 ms  394 pps  1.23
[  3] 120.0000-125.0000 sec  2.58 MBytes  4.33 Mbits/sec   0.942 ms 2146/ 3989 (54%) 500.608/402.824/835.039/107.660 ms  369 pps  1.08
[  3] 120.0000-125.0000 sec  19 datagrams received out-of-order
[  3] 125.0000-130.0000 sec  2.58 MBytes  4.33 Mbits/sec   0.775 ms 2206/ 4046 (55%) 507.159/435.553/656.950/53.779 ms  368 pps  1.07
[  3] 130.0000-135.0000 sec  2.74 MBytes  4.60 Mbits/sec   0.711 ms 2017/ 3974 (51%) 471.463/419.775/579.371/33.720 ms  392 pps  1.22
[  3] 130.0000-135.0000 sec  3 datagrams received out-of-order
[  3] 135.0000-140.0000 sec  2.70 MBytes  4.54 Mbits/sec   0.802 ms 2066/ 3995 (52%) 481.335/413.847/712.388/55.673 ms  386 pps  1.18
[  3] 135.0000-140.0000 sec  18 datagrams received out-of-order
[  3] 140.0000-145.0000 sec  2.75 MBytes  4.62 Mbits/sec   0.826 ms 2118/ 4083 (52%) 475.781/416.178/622.816/53.148 ms  393 pps  1.21
[  3] 145.0000-150.0000 sec  2.90 MBytes  4.87 Mbits/sec   0.893 ms 1913/ 3982 (48%) 444.002/412.502/553.786/29.829 ms  414 pps  1.37
[  3] 150.0000-155.0000 sec  2.87 MBytes  4.81 Mbits/sec   0.601 ms 1991/ 4037 (49%) 455.945/398.015/566.412/37.125 ms  409 pps  1.32
[  3] 150.0000-155.0000 sec  10 datagrams received out-of-order
[  3] 155.0000-160.0000 sec  2.82 MBytes  4.73 Mbits/sec   0.526 ms 2009/ 4018 (50%) 462.813/414.476/645.771/47.475 ms  402 pps  1.28
[  3] 160.0000-165.0000 sec  2.97 MBytes  4.98 Mbits/sec   0.811 ms 1881/ 3997 (47%) 436.988/408.275/469.527/11.966 ms  423 pps  1.42
[  3] 165.0000-170.0000 sec  2.76 MBytes  4.64 Mbits/sec   1.013 ms 2019/ 3990 (51%) 470.362/416.278/624.811/46.620 ms  394 pps  1.23
[  3] 165.0000-170.0000 sec  6 datagrams received out-of-order
[  3] 170.0000-175.0000 sec  2.92 MBytes  4.89 Mbits/sec   0.646 ms 1978/ 4058 (49%) 448.383/415.074/499.842/20.384 ms  416 pps  1.36
[  3] 175.0000-180.0000 sec  2.92 MBytes  4.90 Mbits/sec   0.737 ms 1907/ 3992 (48%) 443.242/408.882/482.214/16.670 ms  417 pps  1.38
[  3] 180.0000-185.0000 sec  2.62 MBytes  4.40 Mbits/sec   2.156 ms 1828/ 3699 (49%) 473.879/407.747/845.454/86.108 ms  374 pps  1.16
[  3] 180.0000-185.0000 sec  12 datagrams received out-of-order
[  3] 185.0000-190.0000 sec  2.78 MBytes  4.66 Mbits/sec   0.809 ms 2369/ 4350 (54%) 489.634/400.141/896.206/113.439 ms  396 pps  1.19
[  3] 190.0000-195.0000 sec  2.91 MBytes  4.89 Mbits/sec   0.870 ms 1911/ 3990 (48%) 445.348/394.881/485.282/20.013 ms  416 pps  1.37
[  3] 195.0000-200.0000 sec  2.36 MBytes  3.96 Mbits/sec   3.740 ms 2368/ 4050 (58%) 294.472/70.283/481.924/103.817 ms  336 pps  1.68
[  3] 195.0000-200.0000 sec  15 datagrams received out-of-order
[  3] 200.0000-205.0000 sec  2.71 MBytes  4.55 Mbits/sec   0.713 ms 2166/ 4100 (53%) 301.771/248.972/471.880/47.745 ms  387 pps  1.88
[  3] 205.0000-210.0000 sec  2.95 MBytes  4.95 Mbits/sec   0.691 ms 1915/ 4018 (48%) 286.059/261.690/341.267/14.773 ms  421 pps  2.16
[  3] 210.0000-215.0000 sec  2.73 MBytes  4.58 Mbits/sec   4.055 ms 1913/ 3862 (50%) 317.477/269.515/616.978/45.372 ms  390 pps  1.80
[  3] 210.0000-215.0000 sec  25 datagrams received out-of-order
[  3] 215.0000-220.0000 sec  2.37 MBytes  3.98 Mbits/sec   1.081 ms 2401/ 4092 (59%) 386.649/308.896/503.598/52.932 ms  338 pps  1.29
[  3] 220.0000-225.0000 sec  2.59 MBytes  4.35 Mbits/sec   0.973 ms 2194/ 4044 (54%) 365.624/319.802/472.907/39.946 ms  369 pps  1.49
[  3] 225.0000-230.0000 sec  2.79 MBytes  4.68 Mbits/sec   3.206 ms 1948/ 3938 (49%) 347.394/317.760/426.954/16.494 ms  398 pps  1.68
[  3] 230.0000-235.0000 sec  2.69 MBytes  4.51 Mbits/sec   0.628 ms 2129/ 4047 (53%) 383.558/328.383/557.620/45.892 ms  384 pps  1.47
[  3] 230.0000-235.0000 sec  18 datagrams received out-of-order
[  3] 235.0000-240.0000 sec  2.88 MBytes  4.83 Mbits/sec   0.513 ms 1969/ 4023 (49%) 366.368/330.149/405.001/14.299 ms  411 pps  1.65
[  3] 240.0000-245.0000 sec  2.91 MBytes  4.89 Mbits/sec   0.941 ms 1945/ 4023 (48%) 373.500/341.524/403.757/13.102 ms  416 pps  1.64
[  3] 245.0000-250.0000 sec  2.76 MBytes  4.63 Mbits/sec   0.698 ms 2005/ 3972 (50%) 402.837/354.168/558.354/37.968 ms  393 pps  1.44
[  3] 245.0000-250.0000 sec  15 datagrams received out-of-order
[  3] 250.0000-255.0000 sec  2.91 MBytes  4.88 Mbits/sec   0.676 ms 1949/ 4022 (48%) 396.032/367.387/431.081/15.787 ms  415 pps  1.54
[  3] 255.0000-260.0000 sec  2.91 MBytes  4.88 Mbits/sec   0.650 ms 1914/ 3989 (48%) 405.304/371.811/434.426/14.438 ms  415 pps  1.51
[  3] 260.0000-265.0000 sec  2.66 MBytes  4.46 Mbits/sec   1.020 ms 2098/ 3995 (53%) 456.569/401.393/695.112/57.370 ms  379 pps  1.22
[  3] 260.0000-265.0000 sec  13 datagrams received out-of-order
[  3] 265.0000-270.0000 sec  2.77 MBytes  4.65 Mbits/sec   0.629 ms 2041/ 4018 (51%) 453.003/395.508/613.347/47.742 ms  396 pps  1.28
[  3] 270.0000-275.0000 sec  2.94 MBytes  4.93 Mbits/sec   0.554 ms 1918/ 4012 (48%) 437.343/404.774/467.085/13.990 ms  419 pps  1.41
[  3] 275.0000-280.0000 sec  2.70 MBytes  4.52 Mbits/sec   1.122 ms 1998/ 3921 (51%) 480.022/418.280/635.868/58.743 ms  385 pps  1.18
[  3] 275.0000-280.0000 sec  5 datagrams received out-of-order
[  3] 280.0000-285.0000 sec  2.96 MBytes  4.96 Mbits/sec   0.753 ms 1973/ 4081 (48%) 440.971/406.168/552.738/21.809 ms  422 pps  1.41
[  3] 285.0000-290.0000 sec  2.87 MBytes  4.81 Mbits/sec   0.787 ms 1881/ 3927 (48%) 445.891/418.532/573.766/24.406 ms  409 pps  1.35
[  3] 290.0000-295.0000 sec  2.72 MBytes  4.56 Mbits/sec   0.835 ms 2182/ 4119 (53%) 487.751/423.638/624.521/49.326 ms  387 pps  1.17
[  3] 290.0000-295.0000 sec  16 datagrams received out-of-order
[  3] 295.0000-300.0000 sec  2.72 MBytes  4.56 Mbits/sec   0.735 ms 1998/ 3936 (51%) 473.785/423.208/650.285/52.013 ms  388 pps  1.20
[  3] 0.0000-300.3972 sec   176 MBytes  4.90 Mbits/sec   0.653 ms 115488/240746 (48%) 388.317/43.566/896.206/88.539 ms  416 pps  1.58
[  3] 0.0000-300.3972 sec  274 datagrams received out-of-order
------------------------------------------------------------
Server listening on UDP port 5001 with pid 7764
Receiving 1470 byte datagrams
UDP buffer size:  208 KByte (default)
------------------------------------------------------------
[  3] local 10.0.0.10 port 5001 connected with 10.0.0.9 port 47426
[ ID] Interval            Transfer     Bandwidth        Jitter   Lost/Total  Latency avg/min/max/stdev PPS  NetPwr
[  3] 0.0000-5.0000 sec  4.24 MBytes  7.11 Mbits/sec   0.482 ms  881/ 3903 (23%) 161.400/23.380/194.502/19.661 ms  604 pps  5.50
[  3] 0.0000-5.0000 sec  5 datagrams received out-of-order
[  3] 5.0000-10.0000 sec  4.25 MBytes  7.14 Mbits/sec   0.517 ms  965/ 3999 (24%) 176.691/161.310/194.791/ 6.517 ms  607 pps  5.05
[  3] 10.0000-15.0000 sec  4.32 MBytes  7.24 Mbits/sec   0.506 ms  926/ 4005 (23%) 182.627/165.368/200.633/ 6.759 ms  616 pps  4.96
[  3] 15.0000-20.0000 sec  4.39 MBytes  7.36 Mbits/sec   0.491 ms  884/ 4012 (22%) 187.002/129.280/294.632/21.414 ms  626 pps  4.92
[  3] 15.0000-20.0000 sec  16 datagrams received out-of-order
[  3] 20.0000-25.0000 sec  4.33 MBytes  7.26 Mbits/sec   0.553 ms  920/ 4007 (23%) 198.281/184.849/223.948/ 7.924 ms  617 pps  4.58
[  3] 25.0000-30.0000 sec  4.34 MBytes  7.29 Mbits/sec   0.490 ms  909/ 4007 (23%) 205.489/190.932/233.870/ 7.132 ms  620 pps  4.43
[  3] 30.0000-35.0000 sec  4.31 MBytes  7.23 Mbits/sec   0.491 ms  922/ 3998 (23%) 214.826/196.013/321.950/13.510 ms  615 pps  4.21
[  3] 30.0000-35.0000 sec  16 datagrams received out-of-order
[  3] 35.0000-40.0000 sec  4.33 MBytes  7.26 Mbits/sec   0.519 ms  923/ 4010 (23%) 220.789/207.225/238.879/ 6.384 ms  617 pps  4.11
[  3] 40.0000-45.0000 sec  4.34 MBytes  7.28 Mbits/sec   0.603 ms  910/ 4006 (23%) 228.390/192.089/255.007/ 9.397 ms  619 pps  3.99
[  3] 45.0000-50.0000 sec  4.27 MBytes  7.16 Mbits/sec   0.572 ms  966/ 4010 (24%) 241.634/218.971/376.871/20.383 ms  609 pps  3.70
[  3] 45.0000-50.0000 sec  21 datagrams received out-of-order
[  3] 50.0000-55.0000 sec  4.30 MBytes  7.22 Mbits/sec   0.567 ms  920/ 3989 (23%) 246.987/228.348/269.719/ 9.625 ms  614 pps  3.65
[  3] 55.0000-60.0000 sec  4.37 MBytes  7.32 Mbits/sec   0.536 ms  901/ 4015 (22%) 252.128/229.821/273.929/ 9.284 ms  623 pps  3.63
[  3] 60.0000-65.0000 sec  4.22 MBytes  7.07 Mbits/sec   0.574 ms  996/ 4003 (25%) 268.771/250.175/387.871/18.730 ms  601 pps  3.29
[  3] 60.0000-65.0000 sec  23 datagrams received out-of-order
[  3] 65.0000-70.0000 sec  4.46 MBytes  7.48 Mbits/sec   0.426 ms  844/ 4025 (21%) 261.176/202.693/296.683/21.605 ms  636 pps  3.58
[  3] 70.0000-75.0000 sec  4.39 MBytes  7.37 Mbits/sec   0.545 ms  859/ 3991 (22%) 272.274/233.206/294.036/11.484 ms  626 pps  3.38
[  3] 75.0000-80.0000 sec  4.02 MBytes  6.74 Mbits/sec   0.557 ms 1108/ 3975 (28%) 304.625/279.813/384.578/16.393 ms  574 pps  2.77
[  3] 75.0000-80.0000 sec  12 datagrams received out-of-order
[  3] 80.0000-85.0000 sec  4.12 MBytes  6.92 Mbits/sec   0.638 ms 1080/ 4022 (27%) 307.329/295.863/331.537/ 7.293 ms  588 pps  2.81
[  3] 85.0000-90.0000 sec  4.09 MBytes  6.86 Mbits/sec   0.597 ms 1097/ 4015 (27%) 316.757/300.174/350.960/11.025 ms  584 pps  2.71
[  3] 90.0000-95.0000 sec  4.11 MBytes  6.90 Mbits/sec   0.633 ms 1085/ 4017 (27%) 316.363/294.640/374.535/15.723 ms  586 pps  2.72
[  3] 90.0000-95.0000 sec  10 datagrams received out-of-order
[  3] 95.0000-100.0000 sec  4.12 MBytes  6.91 Mbits/sec   0.555 ms 1075/ 4012 (27%) 315.337/305.924/335.245/ 6.978 ms  588 pps  2.74
[  3] 100.0000-105.0000 sec  4.09 MBytes  6.87 Mbits/sec   0.612 ms 1086/ 4005 (27%) 317.264/296.616/338.741/ 8.901 ms  584 pps  2.70
[  3] 105.0000-110.0000 sec  3.97 MBytes  6.66 Mbits/sec   0.611 ms 1183/ 4014 (29%) 327.696/303.276/447.520/21.344 ms  566 pps  2.54
[  3] 105.0000-110.0000 sec  18 datagrams received out-of-order
[  3] 110.0000-115.0000 sec  3.72 MBytes  6.25 Mbits/sec   0.598 ms 1331/ 3987 (33%) 347.914/316.265/374.605/11.289 ms  531 pps  2.24
[  3] 115.0000-120.0000 sec  3.76 MBytes  6.30 Mbits/sec   0.593 ms 1341/ 4020 (33%) 346.463/329.366/367.633/ 8.636 ms  536 pps  2.27
[  3] 120.0000-125.0000 sec  3.78 MBytes  6.34 Mbits/sec   0.129 ms 1395/ 4092 (34%) 347.002/234.542/452.133/33.214 ms  540 pps  2.29
[  3] 120.0000-125.0000 sec  14 datagrams received out-of-order
[  3] 125.0000-130.0000 sec  3.88 MBytes  6.52 Mbits/sec   0.618 ms 1156/ 3926 (29%) 330.817/239.073/360.642/31.192 ms  554 pps  2.46
[  3] 130.0000-135.0000 sec  3.81 MBytes  6.40 Mbits/sec   0.566 ms 1301/ 4022 (32%) 341.420/314.450/363.319/ 9.298 ms  544 pps  2.34
[  3] 135.0000-140.0000 sec  3.68 MBytes  6.18 Mbits/sec   0.727 ms 1368/ 3996 (34%) 351.185/326.270/421.719/19.328 ms  526 pps  2.20
[  3] 135.0000-140.0000 sec  6 datagrams received out-of-order
[  3] 140.0000-145.0000 sec  3.78 MBytes  6.34 Mbits/sec   0.635 ms 1326/ 4023 (33%) 344.448/326.556/398.386/14.397 ms  539 pps  2.30
[  3] 145.0000-150.0000 sec  3.84 MBytes  6.44 Mbits/sec   0.649 ms 1269/ 4009 (32%) 338.213/308.444/372.901/11.665 ms  548 pps  2.38
[  3] 150.0000-155.0000 sec  3.68 MBytes  6.17 Mbits/sec   0.631 ms 1397/ 4019 (35%) 353.954/323.472/482.974/26.570 ms  524 pps  2.18
[  3] 150.0000-155.0000 sec  15 datagrams received out-of-order
[  3] 155.0000-160.0000 sec  3.74 MBytes  6.27 Mbits/sec   0.627 ms 1337/ 4002 (33%) 347.093/331.304/386.329/12.664 ms  533 pps  2.26
[  3] 160.0000-165.0000 sec  3.81 MBytes  6.39 Mbits/sec   0.775 ms 1307/ 4025 (32%) 341.505/294.498/371.419/14.527 ms  543 pps  2.34
[  3] 165.0000-170.0000 sec  3.62 MBytes  6.07 Mbits/sec   0.618 ms 1425/ 4005 (36%) 359.258/326.532/486.326/29.280 ms  516 pps  2.11
[  3] 165.0000-170.0000 sec  21 datagrams received out-of-order
[  3] 170.0000-175.0000 sec  3.81 MBytes  6.39 Mbits/sec   0.741 ms 1342/ 4060 (33%) 333.545/206.354/390.539/26.870 ms  544 pps  2.40
[  3] 175.0000-180.0000 sec  3.89 MBytes  6.52 Mbits/sec   0.664 ms 1193/ 3965 (30%) 331.178/263.845/363.038/21.884 ms  554 pps  2.46
[  3] 180.0000-185.0000 sec  3.69 MBytes  6.19 Mbits/sec   0.604 ms 1379/ 4010 (34%) 352.361/324.534/456.017/29.116 ms  526 pps  2.20
[  3] 180.0000-185.0000 sec  16 datagrams received out-of-order
[  3] 185.0000-190.0000 sec  3.73 MBytes  6.27 Mbits/sec   0.656 ms 1337/ 4001 (33%) 346.896/331.477/378.932/11.483 ms  533 pps  2.26
[  3] 190.0000-195.0000 sec  3.82 MBytes  6.41 Mbits/sec   0.678 ms 1306/ 4033 (32%) 341.115/294.276/372.116/13.792 ms  545 pps  2.35
[  3] 195.0000-200.0000 sec  3.66 MBytes  6.14 Mbits/sec   0.689 ms 1399/ 4008 (35%) 355.002/306.361/467.446/24.935 ms  522 pps  2.16
[  3] 195.0000-200.0000 sec  19 datagrams received out-of-order
[  3] 200.0000-205.0000 sec  3.72 MBytes  6.25 Mbits/sec   0.573 ms 1344/ 4001 (34%) 348.427/328.088/381.679/10.420 ms  531 pps  2.24
[  3] 205.0000-210.0000 sec  3.79 MBytes  6.35 Mbits/sec   0.676 ms 1331/ 4031 (33%) 338.692/237.722/365.279/18.752 ms  540 pps  2.34
[  3] 210.0000-215.0000 sec  3.47 MBytes  5.82 Mbits/sec   0.660 ms 1531/ 4006 (38%) 368.808/320.418/480.101/43.049 ms  495 pps  1.97
[  3] 210.0000-215.0000 sec  10 datagrams received out-of-order
[  3] 215.0000-220.0000 sec  3.45 MBytes  5.79 Mbits/sec   0.637 ms 1492/ 3953 (38%) 374.066/325.056/452.832/24.765 ms  492 pps  1.93
[  3] 220.0000-225.0000 sec  3.80 MBytes  6.37 Mbits/sec   0.512 ms 1403/ 4113 (34%) 346.115/275.011/418.842/24.550 ms  542 pps  2.30
[  3] 225.0000-230.0000 sec  3.66 MBytes  6.14 Mbits/sec   1.002 ms 1338/ 3950 (34%) 351.453/290.318/402.719/16.102 ms  522 pps  2.19
[  3] 225.0000-230.0000 sec  11 datagrams received out-of-order
[  3] 230.0000-235.0000 sec  3.70 MBytes  6.20 Mbits/sec   0.677 ms 1386/ 4024 (34%) 352.477/334.303/404.099/14.748 ms  528 pps  2.20
[  3] 235.0000-240.0000 sec  3.79 MBytes  6.35 Mbits/sec   0.633 ms 1329/ 4029 (33%) 344.303/327.747/368.704/10.728 ms  540 pps  2.31
[  3] 240.0000-245.0000 sec  3.65 MBytes  6.12 Mbits/sec   1.488 ms 1389/ 3991 (35%) 354.207/331.216/457.932/17.514 ms  520 pps  2.16
[  3] 240.0000-245.0000 sec  18 datagrams received out-of-order
[  3] 245.0000-250.0000 sec  3.63 MBytes  6.08 Mbits/sec   0.685 ms 1413/ 4000 (35%) 358.056/297.004/433.856/27.265 ms  518 pps  2.12
[  3] 250.0000-255.0000 sec  3.79 MBytes  6.36 Mbits/sec   0.588 ms 1344/ 4049 (33%) 345.033/328.400/386.137/ 9.939 ms  541 pps  2.30
[  3] 255.0000-260.0000 sec  3.78 MBytes  6.33 Mbits/sec   0.779 ms 1282/ 3975 (32%) 342.271/315.510/413.888/15.521 ms  538 pps  2.31
[  3] 255.0000-260.0000 sec  3 datagrams received out-of-order
[  3] 260.0000-265.0000 sec  3.64 MBytes  6.11 Mbits/sec   0.600 ms 1438/ 4036 (36%) 358.019/330.660/444.757/23.808 ms  520 pps  2.13
[  3] 260.0000-265.0000 sec  11 datagrams received out-of-order
[  3] 265.0000-270.0000 sec  3.99 MBytes  6.70 Mbits/sec   0.608 ms 1172/ 4019 (29%) 325.707/235.617/366.839/36.030 ms  569 pps  2.57
[  3] 270.0000-275.0000 sec  3.78 MBytes  6.34 Mbits/sec   0.708 ms 1305/ 3999 (33%) 342.994/304.586/384.507/14.346 ms  539 pps  2.31
[  3] 270.0000-275.0000 sec  1 datagrams received out-of-order
[  3] 275.0000-280.0000 sec  3.70 MBytes  6.21 Mbits/sec   0.662 ms 1379/ 4020 (34%) 351.929/329.880/390.388/15.098 ms  528 pps  2.21
[  3] 275.0000-280.0000 sec  2 datagrams received out-of-order
[  3] 280.0000-285.0000 sec  3.76 MBytes  6.31 Mbits/sec   0.684 ms 1336/ 4018 (33%) 345.713/325.766/375.398/ 9.270 ms  536 pps  2.28
[  3] 285.0000-290.0000 sec  3.76 MBytes  6.30 Mbits/sec   0.683 ms 1288/ 3968 (32%) 343.845/297.809/422.224/19.075 ms  536 pps  2.29
[  3] 290.0000-295.0000 sec  3.66 MBytes  6.14 Mbits/sec   0.723 ms 1398/ 4007 (35%) 356.131/327.012/458.978/25.301 ms  522 pps  2.15
[  3] 290.0000-295.0000 sec  17 datagrams received out-of-order
[  3] 295.0000-300.0000 sec  3.80 MBytes  6.37 Mbits/sec   0.637 ms 1351/ 4061 (33%) 342.878/304.396/402.594/14.238 ms  542 pps  2.32
[  3] 0.0000-300.3098 sec   236 MBytes  6.58 Mbits/sec   0.912 ms 72680/240745 (30%) 308.515/23.380/486.326/60.969 ms  559 pps  2.67
[  3] 0.0000-300.3098 sec  287 datagrams received out-of-order
------------------------------------------------------------
Server listening on UDP port 5001 with pid 9363
Receiving 1470 byte datagrams
UDP buffer size:  208 KByte (default)
------------------------------------------------------------
[  3] local 10.0.0.10 port 5001 connected with 10.0.0.9 port 57014
[ ID] Interval            Transfer     Bandwidth        Jitter   Lost/Total  Latency avg/min/max/stdev PPS  NetPwr
[  3] 0.0000-5.0000 sec  4.00 MBytes  6.72 Mbits/sec   0.517 ms 1050/ 3906 (27%) 169.345/37.858/202.458/17.247 ms  571 pps  4.96
[  3] 0.0000-5.0000 sec  4 datagrams received out-of-order
[  3] 5.0000-10.0000 sec  4.07 MBytes  6.82 Mbits/sec   0.848 ms 1105/ 4005 (28%) 178.941/165.945/194.739/ 5.870 ms  580 pps  4.76
[  3] 10.0000-15.0000 sec  4.12 MBytes  6.91 Mbits/sec   0.578 ms 1067/ 4005 (27%) 183.939/173.016/207.817/ 6.644 ms  588 pps  4.70
[  3] 15.0000-20.0000 sec  4.00 MBytes  6.72 Mbits/sec   0.621 ms 1150/ 4006 (29%) 197.842/180.310/311.225/14.251 ms  571 pps  4.24
[  3] 15.0000-20.0000 sec  17 datagrams received out-of-order
[  3] 20.0000-25.0000 sec  4.06 MBytes  6.81 Mbits/sec   0.593 ms 1115/ 4012 (28%) 205.224/178.328/245.664/11.235 ms  580 pps  4.15
[  3] 25.0000-30.0000 sec  4.06 MBytes  6.80 Mbits/sec   0.647 ms 1102/ 3995 (28%) 213.645/192.687/238.458/ 8.647 ms  579 pps  3.98
[  3] 30.0000-35.0000 sec  4.04 MBytes  6.79 Mbits/sec   0.563 ms 1120/ 4005 (28%) 223.260/187.689/318.999/16.752 ms  577 pps  3.80
[  3] 30.0000-35.0000 sec  14 datagrams received out-of-order
[  3] 35.0000-40.0000 sec  4.06 MBytes  6.81 Mbits/sec   0.805 ms 1111/ 4006 (28%) 230.478/213.197/258.422/ 8.471 ms  579 pps  3.69
[  3] 40.0000-45.0000 sec  4.09 MBytes  6.87 Mbits/sec   0.634 ms 1084/ 4005 (27%) 234.994/222.477/257.141/ 7.334 ms  584 pps  3.65
[  3] 45.0000-50.0000 sec  3.99 MBytes  6.70 Mbits/sec   0.571 ms 1170/ 4017 (29%) 248.948/227.749/370.877/19.278 ms  569 pps  3.36
[  3] 45.0000-50.0000 sec  20 datagrams received out-of-order
[  3] 50.0000-55.0000 sec  4.24 MBytes  7.11 Mbits/sec   0.575 ms  985/ 4007 (25%) 241.933/175.924/268.807/20.307 ms  604 pps  3.67
[  3] 55.0000-60.0000 sec  4.12 MBytes  6.92 Mbits/sec   0.627 ms 1065/ 4006 (27%) 257.377/243.582/306.229/10.978 ms  588 pps  3.36
[  3] 60.0000-65.0000 sec  4.06 MBytes  6.82 Mbits/sec   0.576 ms 1104/ 4002 (28%) 269.564/251.197/361.296/15.909 ms  580 pps  3.16
[  3] 60.0000-65.0000 sec  11 datagrams received out-of-order
[  3] 65.0000-70.0000 sec  4.04 MBytes  6.78 Mbits/sec   0.681 ms 1100/ 3984 (28%) 278.679/260.534/305.835/10.300 ms  577 pps  3.04
[  3] 70.0000-75.0000 sec  3.96 MBytes  6.64 Mbits/sec   0.581 ms 1200/ 4024 (30%) 295.100/273.659/363.349/18.854 ms  565 pps  2.81
[  3] 75.0000-80.0000 sec  3.80 MBytes  6.37 Mbits/sec   0.558 ms 1281/ 3991 (32%) 315.197/283.199/429.437/18.463 ms  542 pps  2.53
[  3] 75.0000-80.0000 sec  16 datagrams received out-of-order
[  3] 80.0000-85.0000 sec  3.82 MBytes  6.41 Mbits/sec   0.639 ms 1279/ 4006 (32%) 304.869/195.418/332.979/20.445 ms  545 pps  2.63
[  3] 85.0000-90.0000 sec  3.88 MBytes  6.52 Mbits/sec   0.601 ms 1245/ 4015 (31%) 314.509/296.454/362.822/11.552 ms  554 pps  2.59
[  3] 90.0000-95.0000 sec  3.74 MBytes  6.28 Mbits/sec   0.661 ms 1350/ 4018 (34%) 336.027/308.909/430.245/27.799 ms  534 pps  2.33
[  3] 90.0000-95.0000 sec  13 datagrams received out-of-order
[  3] 95.0000-100.0000 sec  3.81 MBytes  6.40 Mbits/sec   0.647 ms 1272/ 3991 (32%) 336.801/311.277/358.692/10.022 ms  544 pps  2.37
[  3] 100.0000-105.0000 sec  3.87 MBytes  6.49 Mbits/sec   0.554 ms 1252/ 4012 (31%) 334.549/315.406/363.707/ 9.101 ms  552 pps  2.43
[  3] 105.0000-110.0000 sec  3.75 MBytes  6.30 Mbits/sec   1.735 ms 1293/ 3970 (33%) 341.048/313.423/458.312/22.615 ms  535 pps  2.31
[  3] 105.0000-110.0000 sec  18 datagrams received out-of-order
[  3] 110.0000-115.0000 sec  3.04 MBytes  5.10 Mbits/sec   1.942 ms 1693/ 3862 (44%) 420.245/339.052/619.328/87.736 ms  434 pps  1.52
[  3] 115.0000-120.0000 sec  2.17 MBytes  3.65 Mbits/sec   1.575 ms 2459/ 4009 (61%) 593.850/512.137/648.658/28.234 ms  310 pps  0.77
[  3] 120.0000-125.0000 sec  2.14 MBytes  3.60 Mbits/sec   1.981 ms 2454/ 3983 (62%) 603.394/528.286/662.690/23.721 ms  306 pps  0.74
[  3] 120.0000-125.0000 sec  12 datagrams received out-of-order
[  3] 125.0000-130.0000 sec  2.23 MBytes  3.74 Mbits/sec   2.337 ms 2446/ 4038 (61%) 581.162/527.706/680.949/34.466 ms  318 pps  0.81
[  3] 130.0000-135.0000 sec  2.64 MBytes  4.43 Mbits/sec   0.805 ms 2428/ 4313 (56%) 300.224/57.557/633.490/180.440 ms  377 pps  1.85
[  3] 135.0000-140.0000 sec  3.21 MBytes  5.38 Mbits/sec   0.818 ms 1689/ 3977 (42%) 233.791/203.196/369.102/21.093 ms  458 pps  2.88
[  3] 135.0000-140.0000 sec  18 datagrams received out-of-order
[  3] 140.0000-145.0000 sec  3.05 MBytes  5.11 Mbits/sec   0.918 ms 1763/ 3937 (45%) 263.748/223.145/355.684/28.768 ms  435 pps  2.42
[  3] 145.0000-150.0000 sec  3.14 MBytes  5.27 Mbits/sec   0.738 ms 1844/ 4085 (45%) 270.019/231.335/375.330/29.926 ms  448 pps  2.44
[  3] 150.0000-155.0000 sec  3.32 MBytes  5.57 Mbits/sec   0.667 ms 1642/ 4009 (41%) 264.233/242.752/367.366/13.910 ms  474 pps  2.63
[  3] 150.0000-155.0000 sec  15 datagrams received out-of-order
[  3] 155.0000-160.0000 sec  3.05 MBytes  5.12 Mbits/sec   0.638 ms 1812/ 3987 (45%) 296.105/252.515/382.068/26.411 ms  435 pps  2.16
[  3] 160.0000-165.0000 sec  3.21 MBytes  5.38 Mbits/sec   0.699 ms 1731/ 4020 (43%) 292.791/269.144/372.700/22.600 ms  458 pps  2.30
[  3] 165.0000-170.0000 sec  3.30 MBytes  5.53 Mbits/sec   0.685 ms 1654/ 4007 (41%) 294.582/270.654/354.618/13.675 ms  471 pps  2.35
[  3] 165.0000-170.0000 sec  22 datagrams received out-of-order
[  3] 170.0000-175.0000 sec  3.20 MBytes  5.37 Mbits/sec   1.030 ms 1707/ 3989 (43%) 314.364/280.771/364.262/19.303 ms  456 pps  2.13
[  3] 175.0000-180.0000 sec  3.18 MBytes  5.33 Mbits/sec   0.570 ms 1753/ 4021 (44%) 326.942/287.170/423.914/27.913 ms  454 pps  2.04
[  3] 180.0000-185.0000 sec  3.32 MBytes  5.57 Mbits/sec   0.610 ms 1652/ 4020 (41%) 312.249/177.121/431.711/36.899 ms  474 pps  2.23
[  3] 180.0000-185.0000 sec  17 datagrams received out-of-order
[  3] 185.0000-190.0000 sec  3.24 MBytes  5.44 Mbits/sec   0.588 ms 1683/ 3997 (42%) 328.047/300.271/375.198/17.486 ms  463 pps  2.07
[  3] 190.0000-195.0000 sec  3.15 MBytes  5.29 Mbits/sec   0.660 ms 1736/ 3984 (44%) 347.942/310.720/393.219/19.605 ms  450 pps  1.90
[  3] 195.0000-200.0000 sec  3.30 MBytes  5.53 Mbits/sec   0.743 ms 1667/ 4019 (41%) 343.938/310.152/432.731/20.044 ms  470 pps  2.01
[  3] 195.0000-200.0000 sec  10 datagrams received out-of-order
[  3] 200.0000-205.0000 sec  3.25 MBytes  5.46 Mbits/sec   0.810 ms 1676/ 3997 (42%) 358.990/330.296/417.157/19.347 ms  464 pps  1.90
[  3] 205.0000-210.0000 sec  3.13 MBytes  5.25 Mbits/sec   0.625 ms 1798/ 4029 (45%) 380.325/248.459/469.888/35.923 ms  446 pps  1.72
[  3] 210.0000-215.0000 sec  3.41 MBytes  5.71 Mbits/sec   1.185 ms 1556/ 3985 (39%) 352.545/332.310/431.650/16.950 ms  486 pps  2.03
[  3] 210.0000-215.0000 sec  10 datagrams received out-of-order
[  3] 215.0000-220.0000 sec  3.44 MBytes  5.77 Mbits/sec   0.588 ms 1583/ 4038 (39%) 359.596/338.798/420.334/17.877 ms  491 pps  2.01
[  3] 220.0000-225.0000 sec  3.26 MBytes  5.46 Mbits/sec   0.646 ms 1676/ 3999 (42%) 388.973/347.679/472.366/35.465 ms  465 pps  1.76
[  3] 225.0000-230.0000 sec  3.42 MBytes  5.74 Mbits/sec   0.700 ms 1560/ 4000 (39%) 377.404/357.001/397.255/ 8.362 ms  488 pps  1.90
[  3] 230.0000-235.0000 sec  3.40 MBytes  5.70 Mbits/sec   0.596 ms 1612/ 4034 (40%) 382.608/354.019/485.757/19.727 ms  484 pps  1.86
[  3] 230.0000-235.0000 sec  13 datagrams received out-of-order
[  3] 235.0000-240.0000 sec  2.89 MBytes  4.86 Mbits/sec   1.035 ms 2080/ 4145 (50%) 226.686/57.091/375.573/73.871 ms  413 pps  2.68
[  3] 240.0000-245.0000 sec  3.42 MBytes  5.75 Mbits/sec   0.616 ms 1532/ 3975 (39%) 201.278/185.208/236.778/10.528 ms  489 pps  3.57
[  3] 245.0000-250.0000 sec  3.34 MBytes  5.61 Mbits/sec   0.624 ms 1625/ 4009 (41%) 236.833/202.337/352.529/19.715 ms  477 pps  2.96
[  3] 245.0000-250.0000 sec  19 datagrams received out-of-order
[  3] 250.0000-255.0000 sec  3.25 MBytes  5.45 Mbits/sec   1.380 ms 1630/ 3947 (41%) 252.556/225.840/390.989/32.989 ms  463 pps  2.70
[  3] 255.0000-260.0000 sec  3.63 MBytes  6.08 Mbits/sec   0.600 ms 1476/ 4062 (36%) 241.163/166.189/325.497/29.818 ms  517 pps  3.15
[  3] 260.0000-265.0000 sec  3.36 MBytes  5.64 Mbits/sec   0.613 ms 1622/ 4022 (40%) 256.157/116.246/380.248/30.901 ms  480 pps  2.75
[  3] 260.0000-265.0000 sec  19 datagrams received out-of-order
[  3] 265.0000-270.0000 sec  3.36 MBytes  5.63 Mbits/sec   0.678 ms 1607/ 4002 (40%) 265.120/244.025/359.058/24.100 ms  479 pps  2.66
[  3] 270.0000-275.0000 sec  3.40 MBytes  5.70 Mbits/sec   0.919 ms 1557/ 3982 (39%) 271.439/247.057/324.888/15.918 ms  485 pps  2.63
[  3] 275.0000-280.0000 sec  3.39 MBytes  5.69 Mbits/sec   0.847 ms 1610/ 4028 (40%) 283.481/261.830/374.600/17.875 ms  483 pps  2.51
[  3] 275.0000-280.0000 sec  17 datagrams received out-of-order
[  3] 280.0000-285.0000 sec  3.39 MBytes  5.68 Mbits/sec   1.011 ms 1595/ 4012 (40%) 293.046/268.357/368.354/20.745 ms  483 pps  2.42
[  3] 285.0000-290.0000 sec  3.38 MBytes  5.67 Mbits/sec   0.524 ms 1570/ 3982 (39%) 301.529/275.366/395.261/22.521 ms  482 pps  2.35
[  3] 290.0000-295.0000 sec  3.44 MBytes  5.77 Mbits/sec   0.592 ms 1554/ 4006 (39%) 306.523/281.016/385.185/17.719 ms  491 pps  2.35
[  3] 290.0000-295.0000 sec  15 datagrams received out-of-order
[  3] 295.0000-300.0000 sec  3.22 MBytes  5.40 Mbits/sec   0.769 ms 1695/ 3993 (42%) 337.102/295.212/475.288/34.554 ms  459 pps  2.00
[  3] 0.0000-300.2902 sec   208 MBytes  5.82 Mbits/sec   0.777 ms 92039/240746 (38%) 294.343/37.858/680.949/84.568 ms  495 pps  2.47
[  3] 0.0000-300.2902 sec  300 datagrams received out-of-order
------------------------------------------------------------
Server listening on UDP port 5001 with pid 12446
Receiving 1470 byte datagrams
UDP buffer size:  208 KByte (default)
------------------------------------------------------------
[  3] local 10.0.0.10 port 5001 connected with 10.0.0.9 port 47496
[ ID] Interval            Transfer     Bandwidth        Jitter   Lost/Total  Latency avg/min/max/stdev PPS  NetPwr
[  3] 0.0000-5.0000 sec  3.66 MBytes  6.15 Mbits/sec   0.675 ms 1283/ 3896 (33%) 186.870/36.588/230.695/21.590 ms  523 pps  4.11
[  3] 0.0000-5.0000 sec  4 datagrams received out-of-order
[  3] 5.0000-10.0000 sec  3.82 MBytes  6.42 Mbits/sec   0.704 ms 1284/ 4012 (32%) 193.010/172.298/264.779/17.281 ms  546 pps  4.16
[  3] 10.0000-15.0000 sec  4.44 MBytes  7.44 Mbits/sec   0.619 ms  849/ 4013 (21%) 91.998/ 0.026/217.320/88.518 ms  633 pps  10.11
[  3] 15.0000-20.0000 sec  4.92 MBytes  8.26 Mbits/sec   0.136 ms  640/ 4152 (15%) 66.076/ 0.023/314.466/84.282 ms  702 pps  15.63
[  3] 15.0000-20.0000 sec  14 datagrams received out-of-order
[  3] 20.0000-25.0000 sec  5.44 MBytes  9.13 Mbits/sec   0.461 ms   93/ 3973 (2.3%) 11.314/ 0.023/151.696/28.395 ms  776 pps  100.82
[  3] 25.0000-30.0000 sec  5.41 MBytes  9.08 Mbits/sec   0.131 ms  197/ 4059 (4.9%) 21.274/ 0.020/173.402/41.899 ms  773 pps  53.37
[  3] 30.0000-35.0000 sec  4.99 MBytes  8.37 Mbits/sec   0.627 ms  313/ 3871 (8.1%) 33.992/ 0.022/203.560/63.328 ms  711 pps  30.77
[  3] 30.0000-35.0000 sec  2 datagrams received out-of-order
[  3] 35.0000-40.0000 sec  3.55 MBytes  5.96 Mbits/sec   0.729 ms 1485/ 4018 (37%) 189.374/158.076/245.620/18.480 ms  507 pps  3.93
------------------------------------------------------------
Server listening on UDP port 5001 with pid 6191
Receiving 1470 byte datagrams
UDP buffer size:  208 KByte (default)
------------------------------------------------------------
[  3] local 10.0.0.10 port 5001 connected with 10.0.0.9 port 55115
[ ID] Interval            Transfer     Bandwidth        Jitter   Lost/Total  Latency avg/min/max/stdev PPS  NetPwr
[  3] 0.0000-5.0000 sec  3.88 MBytes  6.52 Mbits/sec   0.530 ms 1141/ 3912 (29%) 173.151/45.092/209.767/16.878 ms  554 pps  4.70
[  3] 0.0000-5.0000 sec  2 datagrams received out-of-order
[  3] 5.0000-10.0000 sec  3.90 MBytes  6.55 Mbits/sec   0.616 ms 1220/ 4003 (30%) 183.269/164.132/221.776/11.891 ms  557 pps  4.46
[  3] 10.0000-15.0000 sec  3.95 MBytes  6.63 Mbits/sec   0.601 ms 1176/ 3997 (29%) 189.270/163.695/229.727/13.027 ms  564 pps  4.38
[  3] 15.0000-20.0000 sec  3.92 MBytes  6.58 Mbits/sec   0.568 ms 1222/ 4019 (30%) 201.141/175.436/322.657/18.897 ms  559 pps  4.09
[  3] 15.0000-20.0000 sec  17 datagrams received out-of-order
[  3] 20.0000-25.0000 sec  4.03 MBytes  6.77 Mbits/sec   0.543 ms 1130/ 4007 (28%) 204.585/184.674/248.210/11.489 ms  576 pps  4.13
[  3] 25.0000-30.0000 sec  4.10 MBytes  6.88 Mbits/sec   0.551 ms 1075/ 4002 (27%) 209.645/189.030/236.518/11.706 ms  585 pps  4.10
[  3] 30.0000-35.0000 sec  3.98 MBytes  6.68 Mbits/sec   0.629 ms 1161/ 4000 (29%) 224.601/196.475/331.975/21.540 ms  568 pps  3.72
[  3] 30.0000-35.0000 sec  6 datagrams received out-of-order
[  3] 35.0000-40.0000 sec  3.94 MBytes  6.62 Mbits/sec   0.497 ms 1191/ 4005 (30%) 235.423/214.131/266.204/10.796 ms  563 pps  3.51
[  3] 40.0000-45.0000 sec  4.03 MBytes  6.76 Mbits/sec   0.587 ms 1125/ 3999 (28%) 237.358/219.213/263.026/10.927 ms  575 pps  3.56
[  3] 45.0000-50.0000 sec  4.11 MBytes  6.90 Mbits/sec   0.759 ms 1087/ 4020 (27%) 241.257/218.916/318.720/15.615 ms  587 pps  3.57
[  3] 45.0000-50.0000 sec  13 datagrams received out-of-order
[  3] 50.0000-55.0000 sec  4.09 MBytes  6.87 Mbits/sec   0.542 ms 1084/ 4004 (27%) 250.742/228.947/276.656/ 8.931 ms  584 pps  3.42
[  3] 55.0000-60.0000 sec  4.13 MBytes  6.92 Mbits/sec   0.803 ms 1066/ 4010 (27%) 256.754/217.810/285.787/12.306 ms  589 pps  3.37
[  3] 60.0000-65.0000 sec  4.11 MBytes  6.89 Mbits/sec   0.566 ms 1078/ 4009 (27%) 266.968/238.441/339.910/18.403 ms  586 pps  3.23
[  3] 60.0000-65.0000 sec  12 datagrams received out-of-order
[  3] 65.0000-70.0000 sec  4.06 MBytes  6.81 Mbits/sec   0.564 ms 1108/ 4002 (28%) 278.338/251.406/322.906/16.805 ms  579 pps  3.06
[  3] 70.0000-75.0000 sec  4.04 MBytes  6.79 Mbits/sec   0.653 ms 1118/ 4003 (28%) 287.564/267.089/315.933/ 9.099 ms  577 pps  2.95
[  3] 75.0000-80.0000 sec  3.65 MBytes  6.13 Mbits/sec   0.538 ms 1387/ 3993 (35%) 327.314/286.804/411.055/18.915 ms  521 pps  2.34
[  3] 75.0000-80.0000 sec  11 datagrams received out-of-order
[  3] 80.0000-85.0000 sec  3.89 MBytes  6.53 Mbits/sec   0.620 ms 1232/ 4008 (31%) 315.558/292.113/348.294/12.939 ms  555 pps  2.59
[  3] 85.0000-90.0000 sec  3.59 MBytes  6.03 Mbits/sec   0.732 ms 1412/ 3974 (36%) 351.476/306.556/429.070/30.158 ms  512 pps  2.14
[  3] 90.0000-95.0000 sec  3.43 MBytes  5.76 Mbits/sec   0.720 ms 1564/ 4011 (39%) 378.283/317.656/493.100/32.283 ms  489 pps  1.90
[  3] 90.0000-95.0000 sec  11 datagrams received out-of-order
[  3] 95.0000-100.0000 sec  3.60 MBytes  6.04 Mbits/sec   0.701 ms 1420/ 3990 (36%) 359.599/316.492/424.860/25.597 ms  514 pps  2.10
[  3] 100.0000-105.0000 sec  5.00 MBytes  8.39 Mbits/sec   0.309 ms  758/ 4327 (18%) 86.691/ 0.350/429.979/138.080 ms  714 pps  12.10
[  3] 105.0000-110.0000 sec  4.28 MBytes  7.18 Mbits/sec   0.576 ms  818/ 3872 (21%) 113.523/ 0.325/197.629/78.804 ms  611 pps  7.91
[  3] 105.0000-110.0000 sec  3 datagrams received out-of-order
[  3] 110.0000-115.0000 sec  3.47 MBytes  5.81 Mbits/sec   0.672 ms 1523/ 3995 (38%) 201.824/177.457/277.230/18.150 ms  494 pps  3.60
[  3] 115.0000-120.0000 sec  2.97 MBytes  4.97 Mbits/sec   0.775 ms 1893/ 4008 (47%) 196.363/53.290/233.193/30.068 ms  423 pps  3.17
[  3] 115.0000-120.0000 sec  5 datagrams received out-of-order
[  3] 120.0000-125.0000 sec  3.25 MBytes  5.44 Mbits/sec   0.750 ms 1683/ 3998 (42%) 225.560/179.540/420.639/32.703 ms  463 pps  3.02
[  3] 120.0000-125.0000 sec  11 datagrams received out-of-order
[  3] 125.0000-130.0000 sec  3.39 MBytes  5.69 Mbits/sec   0.653 ms 1589/ 4007 (40%) 229.187/202.265/261.119/12.063 ms  484 pps  3.10
[  3] 125.0000-130.0000 sec  5 datagrams received out-of-order
[  3] 130.0000-135.0000 sec  3.33 MBytes  5.59 Mbits/sec   0.859 ms 1619/ 3997 (41%) 242.027/214.045/278.384/14.690 ms  476 pps  2.89
[  3] 135.0000-140.0000 sec  2.91 MBytes  4.88 Mbits/sec   0.659 ms 1832/ 3908 (47%) 368.057/224.503/1766.657/214.266 ms  415 pps  1.66
[  3] 135.0000-140.0000 sec  99 datagrams received out-of-order
[  3] 140.0000-145.0000 sec  3.37 MBytes  5.66 Mbits/sec   0.600 ms 1615/ 4020 (40%) 386.822/363.490/425.241/15.627 ms  481 pps  1.83
[  3] 145.0000-150.0000 sec  3.38 MBytes  5.68 Mbits/sec   0.671 ms 1590/ 4003 (40%) 383.344/360.305/414.359/12.480 ms  483 pps  1.85
[  3] 150.0000-155.0000 sec  3.20 MBytes  5.37 Mbits/sec   0.709 ms 1737/ 4019 (43%) 410.932/358.311/768.348/55.318 ms  457 pps  1.63
[  3] 150.0000-155.0000 sec  69 datagrams received out-of-order
[  3] 155.0000-160.0000 sec  3.40 MBytes  5.71 Mbits/sec   0.646 ms 1589/ 4017 (40%) 383.108/355.488/436.679/19.913 ms  486 pps  1.86
[  3] 160.0000-165.0000 sec  3.44 MBytes  5.77 Mbits/sec   0.798 ms 1534/ 3988 (38%) 376.250/355.102/414.480/14.446 ms  491 pps  1.92
[  3] 165.0000-170.0000 sec  3.49 MBytes  5.86 Mbits/sec   0.393 ms 1805/ 4297 (42%) 371.049/34.663/447.901/71.763 ms  498 pps  1.97
[  3] 165.0000-170.0000 sec  11 datagrams received out-of-order
[  3] 170.0000-175.0000 sec  5.15 MBytes  8.64 Mbits/sec   0.189 ms  374/ 4046 (9.2%) 38.521/ 0.291/206.676/62.089 ms  734 pps  28.03
[  3] 175.0000-180.0000 sec  5.62 MBytes  9.44 Mbits/sec   0.140 ms    0/ 4012 (0%)  2.629/ 0.285/30.782/ 4.742 ms  803 pps  448.65
[  3] 175.0000-180.0000 sec  1 datagrams received out-of-order
[  3] 180.0000-185.0000 sec  5.47 MBytes  9.17 Mbits/sec   0.133 ms  114/ 4013 (2.8%)  9.431/ 0.289/177.804/29.452 ms  780 pps  121.55
[  3] 185.0000-190.0000 sec  5.40 MBytes  9.07 Mbits/sec   0.119 ms  157/ 4012 (3.9%) 14.352/ 0.300/185.196/32.512 ms  771 pps  78.97
[  3] 185.0000-190.0000 sec  7 datagrams received out-of-order
[  3] 190.0000-195.0000 sec  5.17 MBytes  8.68 Mbits/sec   0.079 ms  311/ 4000 (7.8%) 28.521/ 0.291/203.052/53.765 ms  738 pps  38.03
[  3] 195.0000-200.0000 sec  5.59 MBytes  9.39 Mbits/sec   0.144 ms   33/ 4024 (0.82%)  5.224/ 0.288/78.604/11.306 ms  798 pps  224.63
[  3] 200.0000-205.0000 sec  5.46 MBytes  9.16 Mbits/sec   0.129 ms  118/ 4013 (2.9%) 11.303/ 0.291/127.791/23.122 ms  779 pps  101.31
[  3] 200.0000-205.0000 sec  2 datagrams received out-of-order
[  3] 205.0000-210.0000 sec  5.06 MBytes  8.49 Mbits/sec   0.154 ms  405/ 4013 (10%) 34.066/ 0.300/227.672/67.910 ms  722 pps  31.14
[  3] 210.0000-215.0000 sec  4.85 MBytes  8.14 Mbits/sec   0.590 ms  404/ 3866 (10%) 46.765/ 0.289/201.422/75.073 ms  692 pps  21.76
[  3] 215.0000-220.0000 sec  5.40 MBytes  9.07 Mbits/sec   0.149 ms  303/ 4158 (7.3%) 21.764/ 0.280/348.125/52.820 ms  771 pps  52.08
[  3] 215.0000-220.0000 sec  21 datagrams received out-of-order
[  3] 220.0000-225.0000 sec  5.25 MBytes  8.81 Mbits/sec   0.059 ms  254/ 3999 (6.4%) 22.062/ 0.291/185.884/45.840 ms  749 pps  49.91
[  3] 225.0000-230.0000 sec  4.17 MBytes  7.00 Mbits/sec   0.759 ms  874/ 3849 (23%) 83.120/ 0.288/287.842/104.289 ms  595 pps  10.52
[  3] 230.0000-235.0000 sec  3.11 MBytes  5.21 Mbits/sec   0.586 ms 1778/ 3995 (45%) 259.832/221.560/532.778/33.637 ms  443 pps  2.51
[  3] 230.0000-235.0000 sec  32 datagrams received out-of-order
[  3] 235.0000-240.0000 sec  3.23 MBytes  5.42 Mbits/sec   0.675 ms 1688/ 3992 (42%) 267.620/235.148/307.438/17.513 ms  461 pps  2.53
[  3] 240.0000-245.0000 sec  3.25 MBytes  5.45 Mbits/sec   0.596 ms 1694/ 4012 (42%) 277.274/241.921/331.122/17.495 ms  463 pps  2.46
[  3] 245.0000-250.0000 sec  5.42 MBytes  9.09 Mbits/sec   0.166 ms  365/ 4228 (8.6%) 26.576/ 0.300/310.096/61.112 ms  773 pps  42.74
[  3] 245.0000-250.0000 sec  2 datagrams received out-of-order
[  3] 250.0000-255.0000 sec  5.11 MBytes  8.58 Mbits/sec   1.112 ms  186/ 3832 (4.9%) 22.269/ 0.290/226.553/50.643 ms  729 pps  48.13
[  3] 255.0000-260.0000 sec  3.29 MBytes  5.52 Mbits/sec   0.588 ms 1680/ 4027 (42%) 206.481/182.033/300.436/22.056 ms  470 pps  3.34
[  3] 260.0000-265.0000 sec  3.00 MBytes  5.04 Mbits/sec   0.635 ms 1815/ 3958 (46%) 258.113/198.953/636.648/51.130 ms  429 pps  2.44
[  3] 260.0000-265.0000 sec  23 datagrams received out-of-order
[  3] 265.0000-270.0000 sec  3.32 MBytes  5.57 Mbits/sec   0.658 ms 1673/ 4042 (41%) 256.270/223.725/340.422/24.360 ms  474 pps  2.72
[  3] 270.0000-275.0000 sec  3.43 MBytes  5.76 Mbits/sec   0.703 ms 1564/ 4012 (39%) 255.176/234.171/325.983/19.759 ms  490 pps  2.82
[  3] 275.0000-280.0000 sec  2.85 MBytes  4.78 Mbits/sec   0.703 ms 1943/ 3975 (49%) 317.550/239.408/520.840/58.958 ms  406 pps  1.88
[  3] 275.0000-280.0000 sec  21 datagrams received out-of-order
[  3] 280.0000-285.0000 sec  3.31 MBytes  5.55 Mbits/sec   0.590 ms 1675/ 4034 (42%) 284.950/249.759/396.083/31.126 ms  472 pps  2.43
[  3] 285.0000-290.0000 sec  3.36 MBytes  5.64 Mbits/sec   0.633 ms 1601/ 3999 (40%) 289.412/255.852/375.208/27.306 ms  480 pps  2.44
[  3] 290.0000-295.0000 sec  3.05 MBytes  5.12 Mbits/sec   0.770 ms 1783/ 3959 (45%) 328.047/271.525/522.368/51.705 ms  435 pps  1.95
[  3] 290.0000-295.0000 sec  14 datagrams received out-of-order
[  3] 295.0000-300.0000 sec  3.22 MBytes  5.41 Mbits/sec   0.627 ms 1731/ 4030 (43%) 324.465/286.359/368.716/21.799 ms  460 pps  2.08
[  3] 0.0000-300.2627 sec   239 MBytes  6.68 Mbits/sec   0.773 ms 70196/240746 (29%) 192.454/ 0.280/1766.657/137.078 ms  568 pps  4.34
[  3] 0.0000-300.2627 sec  398 datagrams received out-of-order
------------------------------------------------------------
Server listening on UDP port 5001 with pid 4469
Receiving 1470 byte datagrams
UDP buffer size:  208 KByte (default)
------------------------------------------------------------
[  3] local 10.0.0.10 port 5001 connected with 10.0.0.9 port 58869
[ ID] Interval            Transfer     Bandwidth        Jitter   Lost/Total  Latency avg/min/max/stdev PPS  NetPwr
[  3] 0.0000-5.0000 sec  4.30 MBytes  7.22 Mbits/sec   0.520 ms  842/ 3912 (22%) 163.215/38.171/192.262/14.868 ms  614 pps  5.53
[  3] 0.0000-5.0000 sec  4 datagrams received out-of-order
[  3] 5.0000-10.0000 sec  4.38 MBytes  7.34 Mbits/sec   0.477 ms  885/ 4007 (22%) 173.029/153.464/192.993/ 6.545 ms  624 pps  5.30
[  3] 10.0000-15.0000 sec  4.42 MBytes  7.42 Mbits/sec   0.581 ms  852/ 4008 (21%) 179.060/165.749/200.595/ 6.094 ms  631 pps  5.18
[  3] 15.0000-20.0000 sec  4.44 MBytes  7.45 Mbits/sec   0.512 ms  840/ 4009 (21%) 186.216/174.321/255.487/11.673 ms  634 pps  5.00
[  3] 15.0000-20.0000 sec  7 datagrams received out-of-order
[  3] 20.0000-25.0000 sec  4.43 MBytes  7.43 Mbits/sec   0.908 ms  828/ 3989 (21%) 194.810/164.045/227.608/10.834 ms  632 pps  4.77
[  3] 25.0000-30.0000 sec  4.37 MBytes  7.34 Mbits/sec   1.227 ms  901/ 4021 (22%) 208.433/184.087/249.598/11.239 ms  624 pps  4.40
[  3] 30.0000-35.0000 sec  4.07 MBytes  6.82 Mbits/sec   0.503 ms 1091/ 3992 (27%) 231.865/202.693/302.320/16.046 ms  580 pps  3.68
[  3] 30.0000-35.0000 sec  8 datagrams received out-of-order
[  3] 35.0000-40.0000 sec  4.23 MBytes  7.09 Mbits/sec   0.553 ms  980/ 3995 (25%) 230.962/211.537/266.947/12.662 ms  603 pps  3.84
[  3] 40.0000-45.0000 sec  4.36 MBytes  7.31 Mbits/sec   0.517 ms  909/ 4017 (23%) 229.946/215.240/254.484/ 8.442 ms  622 pps  3.97
[  3] 45.0000-50.0000 sec  4.27 MBytes  7.16 Mbits/sec   0.747 ms  958/ 4004 (24%) 241.990/218.868/361.457/20.221 ms  609 pps  3.70
[  3] 45.0000-50.0000 sec  20 datagrams received out-of-order
[  3] 50.0000-55.0000 sec  4.39 MBytes  7.36 Mbits/sec   0.577 ms  876/ 4007 (22%) 243.308/230.287/260.910/ 6.462 ms  626 pps  3.78
[  3] 55.0000-60.0000 sec  4.39 MBytes  7.36 Mbits/sec   0.521 ms  886/ 4014 (22%) 251.960/235.639/269.254/ 6.473 ms  626 pps  3.65
[  3] 60.0000-65.0000 sec  4.25 MBytes  7.13 Mbits/sec   0.537 ms  969/ 4001 (24%) 267.347/245.040/326.948/11.827 ms  607 pps  3.33
[  3] 60.0000-65.0000 sec  11 datagrams received out-of-order
[  3] 65.0000-70.0000 sec  4.39 MBytes  7.37 Mbits/sec   0.258 ms  925/ 4060 (23%) 268.264/201.112/335.713/22.867 ms  627 pps  3.44
[  3] 70.0000-75.0000 sec  4.38 MBytes  7.34 Mbits/sec   0.612 ms  826/ 3948 (21%) 273.705/214.300/296.061/14.213 ms  624 pps  3.35
[  3] 75.0000-80.0000 sec  3.93 MBytes  6.59 Mbits/sec   1.097 ms 1188/ 3990 (30%) 315.412/273.222/389.219/21.925 ms  560 pps  2.61
[  3] 75.0000-80.0000 sec  10 datagrams received out-of-order
[  3] 80.0000-85.0000 sec  4.14 MBytes  6.94 Mbits/sec   1.230 ms 1068/ 4019 (27%) 308.039/278.191/351.037/13.429 ms  589 pps  2.82
[  3] 85.0000-90.0000 sec  4.07 MBytes  6.83 Mbits/sec   0.645 ms 1110/ 4015 (28%) 317.603/298.665/344.466/10.385 ms  582 pps  2.69
[  3] 90.0000-95.0000 sec  3.97 MBytes  6.66 Mbits/sec   0.494 ms 1176/ 4007 (29%) 326.017/305.545/397.263/19.551 ms  566 pps  2.55
[  3] 90.0000-95.0000 sec  14 datagrams received out-of-order
[  3] 95.0000-100.0000 sec  4.04 MBytes  6.77 Mbits/sec   0.682 ms 1125/ 4005 (28%) 319.963/301.661/341.939/ 8.948 ms  576 pps  2.65
[  3] 100.0000-105.0000 sec  3.99 MBytes  6.70 Mbits/sec   0.641 ms 1164/ 4011 (29%) 324.397/300.530/353.290/12.727 ms  569 pps  2.58
[  3] 105.0000-110.0000 sec  3.81 MBytes  6.39 Mbits/sec   0.653 ms 1262/ 3978 (32%) 338.386/300.133/424.595/23.001 ms  543 pps  2.36
[  3] 105.0000-110.0000 sec  12 datagrams received out-of-order
[  3] 110.0000-115.0000 sec  3.57 MBytes  5.98 Mbits/sec   0.630 ms 1475/ 4018 (37%) 363.447/317.966/410.518/13.670 ms  509 pps  2.06
[  3] 115.0000-120.0000 sec  3.57 MBytes  5.99 Mbits/sec   0.662 ms 1468/ 4014 (37%) 362.568/337.695/392.451/11.725 ms  509 pps  2.06
[  3] 120.0000-125.0000 sec  3.21 MBytes  5.38 Mbits/sec  17.284 ms 2348/ 4635 (51%) 393.278/116.224/579.797/44.258 ms  414 pps  1.71
[  3] 120.0000-125.0000 sec  11 datagrams received out-of-order
[  3] 125.0000-130.0000 sec  3.00 MBytes  5.03 Mbits/sec   0.729 ms 1389/ 3527 (39%) 194.019/57.314/222.873/26.109 ms  478 pps  3.24
[  3] 130.0000-135.0000 sec  3.41 MBytes  5.72 Mbits/sec   0.663 ms 1578/ 4009 (39%) 205.076/168.848/242.021/11.475 ms  486 pps  3.49
[  3] 135.0000-140.0000 sec  2.28 MBytes  3.83 Mbits/sec   0.877 ms 2226/ 3855 (58%) 303.624/191.886/586.587/92.673 ms  326 pps  1.58
[  3] 135.0000-140.0000 sec  9 datagrams received out-of-order
[  3] 140.0000-145.0000 sec  1.84 MBytes  3.09 Mbits/sec   1.037 ms 2700/ 4014 (67%) 404.965/370.681/491.394/21.230 ms  263 pps  0.95
[  3] 145.0000-150.0000 sec  2.13 MBytes  3.57 Mbits/sec   0.746 ms 2494/ 4011 (62%) 389.298/364.699/415.378/11.919 ms  303 pps  1.15
[  3] 150.0000-155.0000 sec  1.95 MBytes  3.27 Mbits/sec   0.972 ms 2617/ 4009 (65%) 406.046/377.594/495.193/20.211 ms  278 pps  1.01
[  3] 150.0000-155.0000 sec  1 datagrams received out-of-order
[  3] 155.0000-160.0000 sec  2.02 MBytes  3.39 Mbits/sec   0.932 ms 2584/ 4025 (64%) 394.886/361.868/443.715/17.706 ms  288 pps  1.07
[  3] 160.0000-165.0000 sec  2.02 MBytes  3.38 Mbits/sec   0.830 ms 2568/ 4007 (64%) 393.797/369.571/448.581/12.999 ms  288 pps  1.07
[  3] 165.0000-170.0000 sec  2.08 MBytes  3.50 Mbits/sec   0.943 ms 2534/ 4020 (63%) 383.044/356.648/615.904/25.251 ms  297 pps  1.14
[  3] 165.0000-170.0000 sec  6 datagrams received out-of-order
[  3] 170.0000-175.0000 sec  2.17 MBytes  3.64 Mbits/sec   0.882 ms 2460/ 4006 (61%) 382.679/359.260/417.949/13.550 ms  309 pps  1.19
[  3] 175.0000-180.0000 sec  2.41 MBytes  4.04 Mbits/sec   0.585 ms 2317/ 4033 (57%) 371.217/355.682/389.096/ 7.244 ms  343 pps  1.36
[  3] 180.0000-185.0000 sec  2.02 MBytes  3.38 Mbits/sec   0.883 ms 2565/ 4003 (64%) 385.788/355.334/647.352/42.908 ms  288 pps  1.10
[  3] 180.0000-185.0000 sec  1 datagrams received out-of-order
[  3] 185.0000-190.0000 sec  2.21 MBytes  3.71 Mbits/sec   1.298 ms 2415/ 3994 (60%) 379.266/358.425/424.122/13.946 ms  316 pps  1.22
[  3] 190.0000-195.0000 sec  2.31 MBytes  3.88 Mbits/sec   0.771 ms 2380/ 4031 (59%) 376.795/330.716/413.799/14.615 ms  330 pps  1.29
[  3] 195.0000-200.0000 sec  1.99 MBytes  3.35 Mbits/sec   0.908 ms 2582/ 4005 (64%) 389.308/353.382/706.519/38.423 ms  285 pps  1.07
[  3] 195.0000-200.0000 sec  12 datagrams received out-of-order
[  3] 200.0000-205.0000 sec  2.32 MBytes  3.90 Mbits/sec   0.798 ms 2352/ 4010 (59%) 372.273/302.961/433.379/21.898 ms  331 pps  1.31
[  3] 205.0000-210.0000 sec  2.23 MBytes  3.74 Mbits/sec   1.223 ms 2436/ 4028 (60%) 379.061/358.963/410.732/11.503 ms  319 pps  1.23
[  3] 210.0000-215.0000 sec  1.87 MBytes  3.14 Mbits/sec   1.541 ms 2674/ 4009 (67%) 386.740/354.497/649.325/34.957 ms  267 pps  1.01
[  3] 210.0000-215.0000 sec  13 datagrams received out-of-order
[  3] 215.0000-220.0000 sec  2.10 MBytes  3.52 Mbits/sec   1.093 ms 2485/ 3983 (62%) 390.871/363.019/461.548/20.314 ms  299 pps  1.13
[  3] 220.0000-225.0000 sec  2.09 MBytes  3.51 Mbits/sec   0.797 ms 2550/ 4041 (63%) 392.092/358.874/424.108/14.227 ms  298 pps  1.12
[  3] 225.0000-230.0000 sec  1.98 MBytes  3.31 Mbits/sec   0.921 ms 2588/ 3997 (65%) 398.822/361.056/771.751/51.919 ms  282 pps  1.04
[  3] 225.0000-230.0000 sec  22 datagrams received out-of-order
[  3] 230.0000-235.0000 sec  2.27 MBytes  3.80 Mbits/sec   1.081 ms 2403/ 4020 (60%) 378.022/334.388/428.750/18.400 ms  324 pps  1.26
[  3] 235.0000-240.0000 sec  2.14 MBytes  3.60 Mbits/sec   1.019 ms 2497/ 4026 (62%) 390.608/362.956/421.792/11.170 ms  306 pps  1.15
[  3] 240.0000-245.0000 sec  2.09 MBytes  3.50 Mbits/sec   9.933 ms 2634/ 4123 (64%) 386.947/364.819/560.435/26.300 ms  284 pps  1.13
[  3] 240.0000-245.0000 sec  13 datagrams received out-of-order
[  3] 245.0000-250.0000 sec  1.47 MBytes  2.46 Mbits/sec   0.948 ms 2803/ 3850 (73%) 423.554/394.911/520.078/24.053 ms  220 pps  0.73
[  3] 250.0000-255.0000 sec  2.07 MBytes  3.48 Mbits/sec   0.804 ms 2560/ 4039 (63%) 399.360/373.852/440.356/13.567 ms  296 pps  1.09
[  3] 255.0000-260.0000 sec  2.09 MBytes  3.51 Mbits/sec   1.196 ms 2510/ 4002 (63%) 392.412/363.513/427.668/13.176 ms  298 pps  1.12
[  3] 260.0000-265.0000 sec  2.28 MBytes  3.82 Mbits/sec   1.378 ms 2416/ 4040 (60%) 378.011/337.566/433.228/25.157 ms  325 pps  1.26
[  3] 260.0000-265.0000 sec  2 datagrams received out-of-order
[  3] 265.0000-270.0000 sec  2.23 MBytes  3.75 Mbits/sec   1.194 ms 2410/ 4004 (60%) 380.817/338.280/430.467/20.334 ms  319 pps  1.23
[  3] 270.0000-275.0000 sec  2.41 MBytes  4.05 Mbits/sec   2.903 ms 2253/ 3973 (57%) 370.133/336.294/430.901/18.468 ms  344 pps  1.37
[  3] 275.0000-280.0000 sec  2.06 MBytes  3.46 Mbits/sec   1.294 ms 2590/ 4061 (64%) 383.350/273.858/477.444/46.117 ms  294 pps  1.13
[  3] 275.0000-280.0000 sec  4 datagrams received out-of-order
[  3] 280.0000-285.0000 sec  2.37 MBytes  3.98 Mbits/sec   0.862 ms 2313/ 4006 (58%) 373.243/348.155/389.685/ 7.614 ms  339 pps  1.33
[  3] 285.0000-290.0000 sec  2.33 MBytes  3.90 Mbits/sec   0.824 ms 2371/ 4031 (59%) 376.413/352.480/405.864/11.104 ms  332 pps  1.30
[  3] 290.0000-295.0000 sec  2.08 MBytes  3.49 Mbits/sec   0.829 ms 2512/ 3997 (63%) 396.377/356.742/469.245/25.969 ms  297 pps  1.10
[  3] 290.0000-295.0000 sec  1 datagrams received out-of-order
[  3] 295.0000-300.0000 sec  2.28 MBytes  3.82 Mbits/sec   1.158 ms 2382/ 4008 (59%) 375.107/339.771/425.302/19.887 ms  325 pps  1.27
[  3] 0.0000-300.5971 sec   180 MBytes  5.03 Mbits/sec  18.728 ms 112256/240747 (47%) 308.361/38.171/771.751/81.154 ms  427 pps  2.04
[  3] 0.0000-300.5971 sec  181 datagrams received out-of-order
