------------------------------------------------------------
Client connecting to 10.0.0.3, UDP port 5001 with pid 34016
Sending 1470 byte datagrams, IPG target: 1246.13 us (kalman adjust)
UDP buffer size:  208 KByte (default)
------------------------------------------------------------
[  3] local 10.0.0.1 port 57079 connected with 10.0.0.3 port 5001
[ ID] Interval            Transfer     Bandwidth      Write/Err  PPS
[  3] 0.0000-5.0000 sec  5.63 MBytes  9.44 Mbits/sec  4014/0      803 pps
[  3] 5.0000-10.0000 sec  5.62 MBytes  9.44 Mbits/sec  4012/0      802 pps
[  3] 10.0000-15.0000 sec  5.63 MBytes  9.44 Mbits/sec  4013/0      802 pps
[  3] 15.0000-20.0000 sec  5.62 MBytes  9.44 Mbits/sec  4012/0      802 pps
[  3] 20.0000-25.0000 sec  5.62 MBytes  9.44 Mbits/sec  4012/0      802 pps
[  3] 25.0000-30.0000 sec  5.63 MBytes  9.44 Mbits/sec  4013/0      802 pps
[  3] 30.0000-35.0000 sec  5.62 MBytes  9.44 Mbits/sec  4012/0      802 pps
[  3] 35.0000-40.0000 sec  5.63 MBytes  9.44 Mbits/sec  4013/0      802 pps
[  3] 40.0000-45.0000 sec  5.62 MBytes  9.44 Mbits/sec  4012/0      802 pps
[  3] 45.0000-50.0000 sec  5.62 MBytes  9.44 Mbits/sec  4012/0      802 pps
[  3] 50.0000-55.0000 sec  5.63 MBytes  9.44 Mbits/sec  4013/0      802 pps
[  3] 55.0000-60.0000 sec  5.62 MBytes  9.44 Mbits/sec  4012/0      802 pps
[  3] 60.0000-65.0000 sec  5.63 MBytes  9.44 Mbits/sec  4013/0      802 pps
[  3] 65.0000-70.0000 sec  5.62 MBytes  9.44 Mbits/sec  4012/0      802 pps
[  3] 70.0000-75.0000 sec  5.62 MBytes  9.44 Mbits/sec  4012/0      802 pps
[  3] 75.0000-80.0000 sec  5.63 MBytes  9.44 Mbits/sec  4013/0      802 pps
[  3] 80.0000-85.0000 sec  5.62 MBytes  9.44 Mbits/sec  4012/0      802 pps
[  3] 85.0000-90.0000 sec  5.63 MBytes  9.44 Mbits/sec  4013/0      802 pps
[  3] 90.0000-95.0000 sec  5.62 MBytes  9.44 Mbits/sec  4012/0      802 pps
[  3] 95.0000-100.0000 sec  5.63 MBytes  9.44 Mbits/sec  4013/0      802 pps
[  3] 100.0000-105.0000 sec  5.62 MBytes  9.44 Mbits/sec  4012/0      802 pps
[  3] 105.0000-110.0000 sec  5.62 MBytes  9.44 Mbits/sec  4012/0      802 pps
[  3] 110.0000-115.0000 sec  5.63 MBytes  9.44 Mbits/sec  4013/0      803 pps
[  3] 115.0000-120.0000 sec  5.62 MBytes  9.44 Mbits/sec  4012/0      802 pps
[  3] 120.0000-125.0000 sec  5.63 MBytes  9.44 Mbits/sec  4013/0      802 pps
[  3] 125.0000-130.0000 sec  5.62 MBytes  9.44 Mbits/sec  4012/0      802 pps
[  3] 130.0000-135.0000 sec  5.62 MBytes  9.44 Mbits/sec  4012/0      802 pps
[  3] 135.0000-140.0000 sec  5.63 MBytes  9.44 Mbits/sec  4013/0      803 pps
[  3] 140.0000-145.0000 sec  5.62 MBytes  9.44 Mbits/sec  4012/0      802 pps
[  3] 145.0000-150.0000 sec  5.63 MBytes  9.44 Mbits/sec  4013/0      802 pps
[  3] 150.0000-155.0000 sec  5.62 MBytes  9.44 Mbits/sec  4012/0      802 pps
[  3] 155.0000-160.0000 sec  5.62 MBytes  9.44 Mbits/sec  4012/0      802 pps
[  3] 160.0000-165.0000 sec  5.63 MBytes  9.44 Mbits/sec  4013/0      802 pps
[  3] 165.0000-170.0000 sec  5.62 MBytes  9.44 Mbits/sec  4012/0      802 pps
[  3] 170.0000-175.0000 sec  5.63 MBytes  9.44 Mbits/sec  4013/0      802 pps
[  3] 175.0000-180.0000 sec  5.62 MBytes  9.44 Mbits/sec  4012/0      802 pps
[  3] 180.0000-185.0000 sec  5.62 MBytes  9.44 Mbits/sec  4012/0      802 pps
[  3] 185.0000-190.0000 sec  5.63 MBytes  9.44 Mbits/sec  4013/0      802 pps
[  3] 190.0000-195.0000 sec  5.62 MBytes  9.44 Mbits/sec  4012/0      802 pps
[  3] 195.0000-200.0000 sec  5.63 MBytes  9.44 Mbits/sec  4013/0      802 pps
[  3] 200.0000-205.0000 sec  5.62 MBytes  9.44 Mbits/sec  4012/0      802 pps
[  3] 205.0000-210.0000 sec  5.63 MBytes  9.44 Mbits/sec  4013/0      802 pps
[  3] 210.0000-215.0000 sec  5.62 MBytes  9.44 Mbits/sec  4012/0      802 pps
[  3] 215.0000-220.0000 sec  5.62 MBytes  9.44 Mbits/sec  4012/0      803 pps
[  3] 220.0000-225.0000 sec  5.63 MBytes  9.44 Mbits/sec  4013/0      802 pps
[  3] 225.0000-230.0000 sec  5.62 MBytes  9.44 Mbits/sec  4012/0      802 pps
[  3] 230.0000-235.0000 sec  5.63 MBytes  9.44 Mbits/sec  4013/0      802 pps
[  3] 235.0000-240.0000 sec  5.62 MBytes  9.44 Mbits/sec  4012/0      802 pps
[  3] 240.0000-245.0000 sec  5.62 MBytes  9.44 Mbits/sec  4012/0      802 pps
[  3] 245.0000-250.0000 sec  5.63 MBytes  9.44 Mbits/sec  4013/0      802 pps
[  3] 250.0000-255.0000 sec  5.62 MBytes  9.44 Mbits/sec  4012/0      802 pps
[  3] 255.0000-260.0000 sec  5.63 MBytes  9.44 Mbits/sec  4013/0      802 pps
[  3] 260.0000-265.0000 sec  5.62 MBytes  9.44 Mbits/sec  4012/0      802 pps
[  3] 265.0000-270.0000 sec  5.62 MBytes  9.44 Mbits/sec  4012/0      803 pps
[  3] 270.0000-275.0000 sec  5.63 MBytes  9.44 Mbits/sec  4013/0      802 pps
[  3] 275.0000-280.0000 sec  5.62 MBytes  9.44 Mbits/sec  4012/0      802 pps
[  3] 280.0000-285.0000 sec  5.63 MBytes  9.44 Mbits/sec  4013/0      802 pps
[  3] 285.0000-290.0000 sec  5.62 MBytes  9.44 Mbits/sec  4012/0      802 pps
[  3] 290.0000-295.0000 sec  5.62 MBytes  9.44 Mbits/sec  4012/0      802 pps
[  3] 0.0000-300.0007 sec   338 MBytes  9.44 Mbits/sec  240745/0      802 pps
[  3] Sent 240745 datagrams
[  3] Server Report:
[  3] 0.0000-300.3371 sec   165 MBytes  4.60 Mbits/sec   2.805 ms 123297/240745 (51%) 329.439/ 8.579/700.431/ 0.137 ms  801 pps  1.74
[  3] 0.0000-300.3371 sec  13642 datagrams received out-of-order
------------------------------------------------------------
Client connecting to 10.0.0.3, UDP port 5001 with pid 37350
Sending 1470 byte datagrams, IPG target: 1246.13 us (kalman adjust)
UDP buffer size:  208 KByte (default)
------------------------------------------------------------
[  3] local 10.0.0.1 port 43844 connected with 10.0.0.3 port 5001
[ ID] Interval            Transfer     Bandwidth      Write/Err  PPS
[  3] 0.0000-5.0000 sec  5.63 MBytes  9.44 Mbits/sec  4014/0      803 pps
[  3] 5.0000-10.0000 sec  5.62 MBytes  9.44 Mbits/sec  4012/0      802 pps
[  3] 10.0000-15.0000 sec  5.63 MBytes  9.44 Mbits/sec  4013/0      802 pps
[  3] 15.0000-20.0000 sec  5.62 MBytes  9.44 Mbits/sec  4012/0      802 pps
[  3] 20.0000-25.0000 sec  5.62 MBytes  9.44 Mbits/sec  4012/0      802 pps
[  3] 25.0000-30.0000 sec  5.63 MBytes  9.44 Mbits/sec  4013/0      802 pps
[  3] 30.0000-35.0000 sec  5.62 MBytes  9.44 Mbits/sec  4012/0      802 pps
[  3] 35.0000-40.0000 sec  5.63 MBytes  9.44 Mbits/sec  4013/0      802 pps
[  3] 40.0000-45.0000 sec  5.62 MBytes  9.44 Mbits/sec  4012/0      802 pps
[  3] 45.0000-50.0000 sec  5.62 MBytes  9.44 Mbits/sec  4012/0      803 pps
[  3] 50.0000-55.0000 sec  5.63 MBytes  9.44 Mbits/sec  4013/0      802 pps
[  3] 55.0000-60.0000 sec  5.62 MBytes  9.44 Mbits/sec  4012/0      802 pps
[  3] 60.0000-65.0000 sec  5.63 MBytes  9.44 Mbits/sec  4013/0      802 pps
[  3] 65.0000-70.0000 sec  5.62 MBytes  9.44 Mbits/sec  4012/0      802 pps
[  3] 70.0000-75.0000 sec  5.62 MBytes  9.44 Mbits/sec  4012/0      802 pps
[  3] 75.0000-80.0000 sec  5.63 MBytes  9.44 Mbits/sec  4013/0      803 pps
[  3] 80.0000-85.0000 sec  5.62 MBytes  9.44 Mbits/sec  4012/0      802 pps
[  3] 85.0000-90.0000 sec  5.63 MBytes  9.44 Mbits/sec  4013/0      802 pps
[  3] 90.0000-95.0000 sec  5.62 MBytes  9.44 Mbits/sec  4012/0      802 pps
[  3] 95.0000-100.0000 sec  5.62 MBytes  9.44 Mbits/sec  4012/0      802 pps
[  3] 100.0000-105.0000 sec  5.63 MBytes  9.44 Mbits/sec  4013/0      802 pps
[  3] 105.0000-110.0000 sec  5.62 MBytes  9.44 Mbits/sec  4012/0      803 pps
[  3] 110.0000-115.0000 sec  5.63 MBytes  9.44 Mbits/sec  4013/0      802 pps
[  3] 115.0000-120.0000 sec  5.62 MBytes  9.44 Mbits/sec  4012/0      802 pps
[  3] 120.0000-125.0000 sec  5.63 MBytes  9.44 Mbits/sec  4013/0      802 pps
[  3] 125.0000-130.0000 sec  5.62 MBytes  9.44 Mbits/sec  4012/0      802 pps
[  3] 130.0000-135.0000 sec  5.62 MBytes  9.44 Mbits/sec  4012/0      802 pps
[  3] 135.0000-140.0000 sec  5.63 MBytes  9.44 Mbits/sec  4013/0      803 pps
[  3] 140.0000-145.0000 sec  5.62 MBytes  9.44 Mbits/sec  4012/0      802 pps
[  3] 145.0000-150.0000 sec  5.62 MBytes  9.44 Mbits/sec  4012/0      802 pps
[  3] 150.0000-155.0000 sec  5.63 MBytes  9.44 Mbits/sec  4013/0      803 pps
[  3] 155.0000-160.0000 sec  5.62 MBytes  9.44 Mbits/sec  4012/0      802 pps
[  3] 160.0000-165.0000 sec  5.63 MBytes  9.44 Mbits/sec  4013/0      802 pps
[  3] 165.0000-170.0000 sec  5.62 MBytes  9.44 Mbits/sec  4012/0      802 pps
[  3] 170.0000-175.0000 sec  5.63 MBytes  9.44 Mbits/sec  4013/0      802 pps
[  3] 175.0000-180.0000 sec  5.62 MBytes  9.44 Mbits/sec  4012/0      802 pps
[  3] 180.0000-185.0000 sec  5.62 MBytes  9.44 Mbits/sec  4012/0      802 pps
[  3] 185.0000-190.0000 sec  5.63 MBytes  9.44 Mbits/sec  4013/0      802 pps
[  3] 190.0000-195.0000 sec  5.62 MBytes  9.44 Mbits/sec  4012/0      802 pps
[  3] 195.0000-200.0000 sec  5.63 MBytes  9.44 Mbits/sec  4013/0      802 pps
[  3] 200.0000-205.0000 sec  5.62 MBytes  9.44 Mbits/sec  4012/0      802 pps
[  3] 205.0000-210.0000 sec  5.62 MBytes  9.44 Mbits/sec  4012/0      802 pps
[  3] 210.0000-215.0000 sec  5.63 MBytes  9.44 Mbits/sec  4013/0      802 pps
[  3] 215.0000-220.0000 sec  5.62 MBytes  9.44 Mbits/sec  4012/0      803 pps
[  3] 220.0000-225.0000 sec  5.63 MBytes  9.44 Mbits/sec  4013/0      802 pps
[  3] 225.0000-230.0000 sec  5.62 MBytes  9.44 Mbits/sec  4012/0      802 pps
[  3] 230.0000-235.0000 sec  5.62 MBytes  9.44 Mbits/sec  4012/0      802 pps
[  3] 235.0000-240.0000 sec  5.63 MBytes  9.44 Mbits/sec  4013/0      803 pps
[  3] 240.0000-245.0000 sec  5.62 MBytes  9.44 Mbits/sec  4012/0      802 pps
[  3] 245.0000-250.0000 sec  5.63 MBytes  9.44 Mbits/sec  4013/0      802 pps
[  3] 250.0000-255.0000 sec  5.62 MBytes  9.44 Mbits/sec  4012/0      803 pps
[  3] 255.0000-260.0000 sec  5.63 MBytes  9.44 Mbits/sec  4013/0      802 pps
[  3] 260.0000-265.0000 sec  5.62 MBytes  9.44 Mbits/sec  4012/0      802 pps
[  3] 265.0000-270.0000 sec  5.62 MBytes  9.44 Mbits/sec  4012/0      802 pps
[  3] 270.0000-275.0000 sec  5.63 MBytes  9.44 Mbits/sec  4013/0      802 pps
[  3] 275.0000-280.0000 sec  5.62 MBytes  9.44 Mbits/sec  4012/0      802 pps
[  3] 280.0000-285.0000 sec  5.63 MBytes  9.44 Mbits/sec  4013/0      802 pps
[  3] 285.0000-290.0000 sec  5.62 MBytes  9.44 Mbits/sec  4012/0      802 pps
[  3] 290.0000-295.0000 sec  5.62 MBytes  9.44 Mbits/sec  4012/0      802 pps
[  3] 0.0000-300.0008 sec   338 MBytes  9.44 Mbits/sec  240745/0      802 pps
[  3] Sent 240745 datagrams
[  3] Server Report:
[  3] 0.0000-300.3999 sec   162 MBytes  4.53 Mbits/sec   2.017 ms 125134/240746 (52%) 410.547/21.958/778.482/ 0.173 ms  801 pps  1.38
[  3] 0.0000-300.3999 sec  214 datagrams received out-of-order
------------------------------------------------------------
Client connecting to 10.0.0.3, UDP port 5001 with pid 40508
Sending 1470 byte datagrams, IPG target: 1246.13 us (kalman adjust)
UDP buffer size:  208 KByte (default)
------------------------------------------------------------
[  3] local 10.0.0.1 port 55152 connected with 10.0.0.3 port 5001
[ ID] Interval            Transfer     Bandwidth      Write/Err  PPS
[  3] 0.0000-5.0000 sec  5.63 MBytes  9.44 Mbits/sec  4014/0      803 pps
[  3] 5.0000-10.0000 sec  5.62 MBytes  9.44 Mbits/sec  4012/0      803 pps
[  3] 10.0000-15.0000 sec  5.63 MBytes  9.44 Mbits/sec  4013/0      802 pps
[  3] 15.0000-20.0000 sec  5.62 MBytes  9.44 Mbits/sec  4012/0      802 pps
[  3] 20.0000-25.0000 sec  5.62 MBytes  9.44 Mbits/sec  4012/0      802 pps
[  3] 25.0000-30.0000 sec  5.63 MBytes  9.44 Mbits/sec  4013/0      802 pps
[  3] 30.0000-35.0000 sec  5.62 MBytes  9.44 Mbits/sec  4012/0      802 pps
[  3] 35.0000-40.0000 sec  5.63 MBytes  9.44 Mbits/sec  4013/0      802 pps
[  3] 40.0000-45.0000 sec  5.62 MBytes  9.44 Mbits/sec  4012/0      802 pps
[  3] 45.0000-50.0000 sec  5.63 MBytes  9.44 Mbits/sec  4013/0      802 pps
[  3] 50.0000-55.0000 sec  5.62 MBytes  9.44 Mbits/sec  4012/0      802 pps
[  3] 55.0000-60.0000 sec  5.62 MBytes  9.44 Mbits/sec  4012/0      802 pps
[  3] 60.0000-65.0000 sec  5.63 MBytes  9.44 Mbits/sec  4013/0      802 pps
[  3] 65.0000-70.0000 sec  5.62 MBytes  9.44 Mbits/sec  4012/0      802 pps
[  3] 70.0000-75.0000 sec  5.62 MBytes  9.44 Mbits/sec  4012/0      802 pps
[  3] 75.0000-80.0000 sec  5.63 MBytes  9.44 Mbits/sec  4013/0      802 pps
[  3] 80.0000-85.0000 sec  5.62 MBytes  9.44 Mbits/sec  4012/0      802 pps
[  3] 85.0000-90.0000 sec  5.63 MBytes  9.44 Mbits/sec  4013/0      802 pps
[  3] 90.0000-95.0000 sec  5.62 MBytes  9.44 Mbits/sec  4012/0      802 pps
[  3] 95.0000-100.0000 sec  5.63 MBytes  9.44 Mbits/sec  4013/0      803 pps
[  3] 100.0000-105.0000 sec  5.62 MBytes  9.43 Mbits/sec  4011/0      802 pps
[  3] 105.0000-110.0000 sec  5.63 MBytes  9.44 Mbits/sec  4013/0      803 pps
[  3] 110.0000-115.0000 sec  5.63 MBytes  9.44 Mbits/sec  4013/0      802 pps
[  3] 115.0000-120.0000 sec  5.62 MBytes  9.44 Mbits/sec  4012/0      802 pps
[  3] 120.0000-125.0000 sec  5.63 MBytes  9.44 Mbits/sec  4013/0      802 pps
[  3] 125.0000-130.0000 sec  5.62 MBytes  9.44 Mbits/sec  4012/0      802 pps
[  3] 130.0000-135.0000 sec  5.62 MBytes  9.44 Mbits/sec  4012/0      802 pps
[  3] 135.0000-140.0000 sec  5.63 MBytes  9.44 Mbits/sec  4013/0      802 pps
[  3] 140.0000-145.0000 sec  5.62 MBytes  9.44 Mbits/sec  4012/0      802 pps
[  3] 145.0000-150.0000 sec  5.63 MBytes  9.44 Mbits/sec  4013/0      802 pps
[  3] 150.0000-155.0000 sec  5.62 MBytes  9.44 Mbits/sec  4012/0      802 pps
[  3] 155.0000-160.0000 sec  5.62 MBytes  9.44 Mbits/sec  4012/0      802 pps
[  3] 160.0000-165.0000 sec  5.63 MBytes  9.44 Mbits/sec  4013/0      802 pps
[  3] 165.0000-170.0000 sec  5.62 MBytes  9.44 Mbits/sec  4012/0      802 pps
[  3] 170.0000-175.0000 sec  5.63 MBytes  9.44 Mbits/sec  4013/0      802 pps
[  3] 175.0000-180.0000 sec  5.62 MBytes  9.44 Mbits/sec  4012/0      802 pps
[  3] 180.0000-185.0000 sec  5.62 MBytes  9.44 Mbits/sec  4012/0      802 pps
[  3] 185.0000-190.0000 sec  5.63 MBytes  9.44 Mbits/sec  4013/0      802 pps
[  3] 190.0000-195.0000 sec  5.62 MBytes  9.44 Mbits/sec  4012/0      802 pps
[  3] 195.0000-200.0000 sec  5.63 MBytes  9.44 Mbits/sec  4013/0      802 pps
[  3] 200.0000-205.0000 sec  5.62 MBytes  9.44 Mbits/sec  4012/0      802 pps
[  3] 205.0000-210.0000 sec  5.62 MBytes  9.44 Mbits/sec  4012/0      802 pps
[  3] 210.0000-215.0000 sec  5.63 MBytes  9.44 Mbits/sec  4013/0      803 pps
[  3] 215.0000-220.0000 sec  5.62 MBytes  9.44 Mbits/sec  4012/0      802 pps
[  3] 220.0000-225.0000 sec  5.63 MBytes  9.44 Mbits/sec  4013/0      802 pps
[  3] 225.0000-230.0000 sec  5.62 MBytes  9.44 Mbits/sec  4012/0      802 pps
[  3] 230.0000-235.0000 sec  5.63 MBytes  9.44 Mbits/sec  4013/0      802 pps
[  3] 235.0000-240.0000 sec  5.62 MBytes  9.44 Mbits/sec  4012/0      802 pps
[  3] 240.0000-245.0000 sec  5.62 MBytes  9.44 Mbits/sec  4012/0      802 pps
[  3] 245.0000-250.0000 sec  5.63 MBytes  9.44 Mbits/sec  4013/0      802 pps
[  3] 250.0000-255.0000 sec  5.62 MBytes  9.44 Mbits/sec  4012/0      802 pps
[  3] 255.0000-260.0000 sec  5.63 MBytes  9.44 Mbits/sec  4013/0      802 pps
[  3] 260.0000-265.0000 sec  5.62 MBytes  9.44 Mbits/sec  4012/0      802 pps
[  3] 265.0000-270.0000 sec  5.62 MBytes  9.44 Mbits/sec  4012/0      802 pps
[  3] 270.0000-275.0000 sec  5.63 MBytes  9.44 Mbits/sec  4013/0      802 pps
[  3] 275.0000-280.0000 sec  5.62 MBytes  9.44 Mbits/sec  4012/0      802 pps
[  3] 280.0000-285.0000 sec  5.63 MBytes  9.44 Mbits/sec  4013/0      803 pps
[  3] 285.0000-290.0000 sec  5.62 MBytes  9.44 Mbits/sec  4012/0      802 pps
[  3] 290.0000-295.0000 sec  5.62 MBytes  9.44 Mbits/sec  4012/0      803 pps
[  3] 0.0000-300.0008 sec   338 MBytes  9.44 Mbits/sec  240745/0      802 pps
[  3] Sent 240745 datagrams
------------------------------------------------------------
Client connecting to 10.0.0.3, UDP port 5001 with pid 9168
Sending 1470 byte datagrams, IPG target: 1246.13 us (kalman adjust)
UDP buffer size:  208 KByte (default)
------------------------------------------------------------
[  3] local 10.0.0.1 port 45382 connected with 10.0.0.3 port 5001
[ ID] Interval            Transfer     Bandwidth      Write/Err  PPS
[  3] 0.0000-5.0000 sec  5.63 MBytes  9.44 Mbits/sec  4014/0      803 pps
[  3] 5.0000-10.0000 sec  5.62 MBytes  9.44 Mbits/sec  4012/0      802 pps
[  3] 10.0000-15.0000 sec  5.63 MBytes  9.44 Mbits/sec  4013/0      802 pps
[  3] 15.0000-20.0000 sec  5.62 MBytes  9.44 Mbits/sec  4012/0      802 pps
[  3] 20.0000-25.0000 sec  5.62 MBytes  9.44 Mbits/sec  4012/0      802 pps
[  3] 25.0000-30.0000 sec  5.63 MBytes  9.44 Mbits/sec  4013/0      802 pps
[  3] 30.0000-35.0000 sec  5.62 MBytes  9.44 Mbits/sec  4012/0      802 pps
[  3] 35.0000-40.0000 sec  5.62 MBytes  9.44 Mbits/sec  4012/0      802 pps
[  3] 40.0000-45.0000 sec  5.63 MBytes  9.44 Mbits/sec  4013/0      803 pps
[  3] 45.0000-50.0000 sec  5.62 MBytes  9.44 Mbits/sec  4012/0      802 pps
[  3] 50.0000-55.0000 sec  5.63 MBytes  9.44 Mbits/sec  4013/0      802 pps
[  3] 55.0000-60.0000 sec  5.62 MBytes  9.44 Mbits/sec  4012/0      803 pps
[  3] 60.0000-65.0000 sec  5.63 MBytes  9.44 Mbits/sec  4013/0      802 pps
[  3] 65.0000-70.0000 sec  5.62 MBytes  9.44 Mbits/sec  4012/0      802 pps
[  3] 70.0000-75.0000 sec  5.63 MBytes  9.44 Mbits/sec  4013/0      802 pps
[  3] 75.0000-80.0000 sec  5.62 MBytes  9.44 Mbits/sec  4012/0      802 pps
[  3] 80.0000-85.0000 sec  5.62 MBytes  9.44 Mbits/sec  4012/0      802 pps
[  3] 85.0000-90.0000 sec  5.63 MBytes  9.44 Mbits/sec  4013/0      802 pps
[  3] 90.0000-95.0000 sec  5.62 MBytes  9.44 Mbits/sec  4012/0      803 pps
[  3] 95.0000-100.0000 sec  5.63 MBytes  9.44 Mbits/sec  4013/0      802 pps
[  3] 100.0000-105.0000 sec  5.62 MBytes  9.44 Mbits/sec  4012/0      802 pps
[  3] 105.0000-110.0000 sec  5.62 MBytes  9.44 Mbits/sec  4012/0      803 pps
[  3] 110.0000-115.0000 sec  5.63 MBytes  9.44 Mbits/sec  4013/0      802 pps
[  3] 115.0000-120.0000 sec  5.62 MBytes  9.44 Mbits/sec  4012/0      802 pps
[  3] 120.0000-125.0000 sec  5.62 MBytes  9.44 Mbits/sec  4012/0      802 pps
[  3] 125.0000-130.0000 sec  5.63 MBytes  9.44 Mbits/sec  4013/0      802 pps
[  3] 130.0000-135.0000 sec  5.62 MBytes  9.44 Mbits/sec  4012/0      802 pps
[  3] 135.0000-140.0000 sec  5.62 MBytes  9.44 Mbits/sec  4012/0      803 pps
[  3] 140.0000-145.0000 sec  5.62 MBytes  9.44 Mbits/sec  4012/0      802 pps
[  3] 145.0000-150.0000 sec  5.63 MBytes  9.44 Mbits/sec  4013/0      802 pps
[  3] 150.0000-155.0000 sec  5.63 MBytes  9.44 Mbits/sec  4013/0      803 pps
[  3] 155.0000-160.0000 sec  5.62 MBytes  9.44 Mbits/sec  4012/0      803 pps
[  3] 160.0000-165.0000 sec  5.62 MBytes  9.44 Mbits/sec  4012/0      802 pps
[  3] 165.0000-170.0000 sec  5.63 MBytes  9.44 Mbits/sec  4013/0      802 pps
[  3] 170.0000-175.0000 sec  5.62 MBytes  9.44 Mbits/sec  4012/0      802 pps
[  3] 175.0000-180.0000 sec  5.63 MBytes  9.44 Mbits/sec  4013/0      803 pps
[  3] 180.0000-185.0000 sec  5.62 MBytes  9.44 Mbits/sec  4012/0      802 pps
[  3] 185.0000-190.0000 sec  5.63 MBytes  9.44 Mbits/sec  4013/0      803 pps
[  3] 190.0000-195.0000 sec  5.62 MBytes  9.44 Mbits/sec  4012/0      802 pps
[  3] 195.0000-200.0000 sec  5.62 MBytes  9.44 Mbits/sec  4012/0      802 pps
[  3] 200.0000-205.0000 sec  5.63 MBytes  9.44 Mbits/sec  4013/0      803 pps
[  3] 205.0000-210.0000 sec  5.62 MBytes  9.44 Mbits/sec  4012/0      802 pps
[  3] 210.0000-215.0000 sec  5.63 MBytes  9.44 Mbits/sec  4013/0      802 pps
[  3] 215.0000-220.0000 sec  5.62 MBytes  9.44 Mbits/sec  4012/0      803 pps
[  3] 220.0000-225.0000 sec  5.62 MBytes  9.44 Mbits/sec  4012/0      802 pps
[  3] 225.0000-230.0000 sec  5.63 MBytes  9.44 Mbits/sec  4013/0      803 pps
[  3] 230.0000-235.0000 sec  5.62 MBytes  9.44 Mbits/sec  4012/0      803 pps
[  3] 235.0000-240.0000 sec  5.62 MBytes  9.44 Mbits/sec  4012/0      802 pps
[  3] 240.0000-245.0000 sec  5.63 MBytes  9.44 Mbits/sec  4013/0      803 pps
[  3] 245.0000-250.0000 sec  5.63 MBytes  9.44 Mbits/sec  4013/0      802 pps
[  3] 250.0000-255.0000 sec  5.62 MBytes  9.44 Mbits/sec  4012/0      803 pps
[  3] 255.0000-260.0000 sec  5.62 MBytes  9.44 Mbits/sec  4012/0      802 pps
[  3] 260.0000-265.0000 sec  5.63 MBytes  9.44 Mbits/sec  4013/0      803 pps
[  3] 265.0000-270.0000 sec  5.62 MBytes  9.44 Mbits/sec  4012/0      802 pps
[  3] 270.0000-275.0000 sec  5.62 MBytes  9.44 Mbits/sec  4012/0      802 pps
[  3] 275.0000-280.0000 sec  5.63 MBytes  9.44 Mbits/sec  4013/0      803 pps
[  3] 280.0000-285.0000 sec  5.62 MBytes  9.44 Mbits/sec  4012/0      802 pps
[  3] 285.0000-290.0000 sec  5.63 MBytes  9.44 Mbits/sec  4013/0      802 pps
[  3] 290.0000-295.0000 sec  5.62 MBytes  9.44 Mbits/sec  4012/0      802 pps
[  3] 295.0000-300.0000 sec  5.62 MBytes  9.44 Mbits/sec  4012/0      802 pps
[  3] 0.0000-300.0012 sec   338 MBytes  9.44 Mbits/sec  240745/0      802 pps
[  3] Sent 240745 datagrams
[  3] Server Report:
[  3] 0.0000-300.4848 sec   210 MBytes  5.87 Mbits/sec  30.435 ms 90690/240747 (38%) 13.748/ 0.017/795.420/ 0.115 ms  801 pps  53.40
[  3] 0.0000-300.4848 sec  557 datagrams received out-of-order
------------------------------------------------------------
Client connecting to 10.0.0.3, UDP port 5001 with pid 11691
Sending 1470 byte datagrams, IPG target: 1246.13 us (kalman adjust)
UDP buffer size:  208 KByte (default)
------------------------------------------------------------
[  3] local 10.0.0.1 port 41236 connected with 10.0.0.3 port 5001
[ ID] Interval            Transfer     Bandwidth      Write/Err  PPS
[  3] 0.0000-5.0000 sec  5.63 MBytes  9.44 Mbits/sec  4014/0      803 pps
[  3] 5.0000-10.0000 sec  5.62 MBytes  9.44 Mbits/sec  4012/0      802 pps
[  3] 10.0000-15.0000 sec  5.63 MBytes  9.44 Mbits/sec  4013/0      802 pps
[  3] 15.0000-20.0000 sec  5.62 MBytes  9.44 Mbits/sec  4012/0      802 pps
[  3] 20.0000-25.0000 sec  5.62 MBytes  9.44 Mbits/sec  4012/0      802 pps
[  3] 25.0000-30.0000 sec  5.63 MBytes  9.44 Mbits/sec  4013/0      802 pps
[  3] 30.0000-35.0000 sec  5.62 MBytes  9.44 Mbits/sec  4012/0      802 pps
[  3] 35.0000-40.0000 sec  5.63 MBytes  9.44 Mbits/sec  4013/0      802 pps
[  3] 40.0000-45.0000 sec  5.62 MBytes  9.44 Mbits/sec  4012/0      802 pps
[  3] 45.0000-50.0000 sec  5.62 MBytes  9.44 Mbits/sec  4012/0      802 pps
[  3] 50.0000-55.0000 sec  5.63 MBytes  9.44 Mbits/sec  4013/0      802 pps
[  3] 55.0000-60.0000 sec  5.62 MBytes  9.44 Mbits/sec  4012/0      803 pps
[  3] 60.0000-65.0000 sec  5.63 MBytes  9.44 Mbits/sec  4013/0      802 pps
[  3] 65.0000-70.0000 sec  5.62 MBytes  9.44 Mbits/sec  4012/0      802 pps
[  3] 70.0000-75.0000 sec  5.62 MBytes  9.44 Mbits/sec  4012/0      802 pps
[  3] 75.0000-80.0000 sec  5.63 MBytes  9.44 Mbits/sec  4013/0      802 pps
[  3] 80.0000-85.0000 sec  5.62 MBytes  9.44 Mbits/sec  4012/0      803 pps
[  3] 85.0000-90.0000 sec  5.63 MBytes  9.44 Mbits/sec  4013/0      802 pps
[  3] 90.0000-95.0000 sec  5.62 MBytes  9.44 Mbits/sec  4012/0      802 pps
[  3] 95.0000-100.0000 sec  5.63 MBytes  9.44 Mbits/sec  4013/0      802 pps
[  3] 100.0000-105.0000 sec  5.62 MBytes  9.44 Mbits/sec  4012/0      802 pps
[  3] 105.0000-110.0000 sec  5.62 MBytes  9.44 Mbits/sec  4012/0      802 pps
[  3] 110.0000-115.0000 sec  5.63 MBytes  9.44 Mbits/sec  4013/0      802 pps
[  3] 115.0000-120.0000 sec  5.62 MBytes  9.44 Mbits/sec  4012/0      802 pps
[  3] 120.0000-125.0000 sec  5.62 MBytes  9.44 Mbits/sec  4012/0      802 pps
[  3] 125.0000-130.0000 sec  5.63 MBytes  9.44 Mbits/sec  4013/0      802 pps
[  3] 130.0000-135.0000 sec  5.62 MBytes  9.44 Mbits/sec  4012/0      802 pps
[  3] 135.0000-140.0000 sec  5.62 MBytes  9.44 Mbits/sec  4012/0      803 pps
[  3] 140.0000-145.0000 sec  5.63 MBytes  9.44 Mbits/sec  4013/0      803 pps
[  3] 145.0000-150.0000 sec  5.62 MBytes  9.44 Mbits/sec  4012/0      802 pps
[  3] 150.0000-155.0000 sec  5.63 MBytes  9.44 Mbits/sec  4013/0      802 pps
[  3] 155.0000-160.0000 sec  5.62 MBytes  9.44 Mbits/sec  4012/0      803 pps
[  3] 160.0000-165.0000 sec  5.62 MBytes  9.44 Mbits/sec  4012/0      802 pps
[  3] 165.0000-170.0000 sec  5.63 MBytes  9.44 Mbits/sec  4013/0      802 pps
[  3] 170.0000-175.0000 sec  5.62 MBytes  9.44 Mbits/sec  4012/0      802 pps
[  3] 175.0000-180.0000 sec  5.62 MBytes  9.44 Mbits/sec  4012/0      802 pps
[  3] 180.0000-185.0000 sec  5.63 MBytes  9.44 Mbits/sec  4014/0      803 pps
[  3] 185.0000-190.0000 sec  5.62 MBytes  9.44 Mbits/sec  4012/0      803 pps
[  3] 190.0000-195.0000 sec  5.62 MBytes  9.44 Mbits/sec  4012/0      802 pps
[  3] 195.0000-200.0000 sec  5.63 MBytes  9.44 Mbits/sec  4013/0      803 pps
[  3] 200.0000-205.0000 sec  5.62 MBytes  9.44 Mbits/sec  4012/0      802 pps
[  3] 205.0000-210.0000 sec  5.62 MBytes  9.44 Mbits/sec  4012/0      802 pps
[  3] 210.0000-215.0000 sec  5.62 MBytes  9.44 Mbits/sec  4012/0      802 pps
[  3] 215.0000-220.0000 sec  5.63 MBytes  9.44 Mbits/sec  4013/0      803 pps
[  3] 220.0000-225.0000 sec  5.62 MBytes  9.44 Mbits/sec  4012/0      802 pps
[  3] 225.0000-230.0000 sec  5.63 MBytes  9.44 Mbits/sec  4013/0      802 pps
[  3] 230.0000-235.0000 sec  5.62 MBytes  9.44 Mbits/sec  4012/0      802 pps
[  3] 235.0000-240.0000 sec  5.63 MBytes  9.44 Mbits/sec  4013/0      802 pps
[  3] 240.0000-245.0000 sec  5.62 MBytes  9.44 Mbits/sec  4012/0      803 pps
[  3] 245.0000-250.0000 sec  5.63 MBytes  9.44 Mbits/sec  4013/0      802 pps
[  3] 250.0000-255.0000 sec  5.62 MBytes  9.44 Mbits/sec  4012/0      803 pps
[  3] 255.0000-260.0000 sec  5.62 MBytes  9.44 Mbits/sec  4012/0      802 pps
[  3] 260.0000-265.0000 sec  5.63 MBytes  9.44 Mbits/sec  4013/0      802 pps
[  3] 265.0000-270.0000 sec  5.62 MBytes  9.44 Mbits/sec  4012/0      803 pps
[  3] 270.0000-275.0000 sec  5.63 MBytes  9.44 Mbits/sec  4013/0      802 pps
[  3] 275.0000-280.0000 sec  5.62 MBytes  9.44 Mbits/sec  4012/0      803 pps
[  3] 280.0000-285.0000 sec  5.62 MBytes  9.44 Mbits/sec  4012/0      802 pps
[  3] 285.0000-290.0000 sec  5.63 MBytes  9.44 Mbits/sec  4013/0      802 pps
[  3] 290.0000-295.0000 sec  5.62 MBytes  9.44 Mbits/sec  4012/0      802 pps
[  3] 0.0000-300.0001 sec   337 MBytes  9.44 Mbits/sec  240744/0      802 pps
[  3] Sent 240744 datagrams
[  3] Server Report:
[  3] 0.0000-300.0057 sec   206 MBytes  5.77 Mbits/sec   0.355 ms 93463/240744 (39%) 13.388/ 0.017/810.225/ 0.122 ms  802 pps  53.90
[  3] 0.0000-300.0057 sec  616 datagrams received out-of-order
------------------------------------------------------------
Client connecting to 10.0.0.3, UDP port 5001 with pid 19117
Sending 1470 byte datagrams, IPG target: 1246.13 us (kalman adjust)
UDP buffer size:  208 KByte (default)
------------------------------------------------------------
[  3] local 10.0.0.1 port 33896 connected with 10.0.0.3 port 5001
[ ID] Interval            Transfer     Bandwidth      Write/Err  PPS
[  3] 0.0000-5.0000 sec  5.63 MBytes  9.44 Mbits/sec  4014/0      803 pps
[  3] 5.0000-10.0000 sec  5.62 MBytes  9.44 Mbits/sec  4012/0      802 pps
[  3] 10.0000-15.0000 sec  5.63 MBytes  9.44 Mbits/sec  4013/0      802 pps
[  3] 15.0000-20.0000 sec  5.62 MBytes  9.44 Mbits/sec  4012/0      802 pps
[  3] 20.0000-25.0000 sec  5.62 MBytes  9.44 Mbits/sec  4012/0      802 pps
[  3] 25.0000-30.0000 sec  5.63 MBytes  9.44 Mbits/sec  4013/0      802 pps
[  3] 30.0000-35.0000 sec  5.62 MBytes  9.44 Mbits/sec  4012/0      803 pps
[  3] 35.0000-40.0000 sec  5.63 MBytes  9.44 Mbits/sec  4013/0      802 pps
[  3] 40.0000-45.0000 sec  5.62 MBytes  9.44 Mbits/sec  4012/0      802 pps
[  3] 45.0000-50.0000 sec  5.62 MBytes  9.44 Mbits/sec  4012/0      802 pps
[  3] 50.0000-55.0000 sec  5.63 MBytes  9.44 Mbits/sec  4013/0      802 pps
[  3] 55.0000-60.0000 sec  5.62 MBytes  9.44 Mbits/sec  4012/0      802 pps
[  3] 60.0000-65.0000 sec  5.63 MBytes  9.44 Mbits/sec  4013/0      802 pps
[  3] 65.0000-70.0000 sec  5.62 MBytes  9.44 Mbits/sec  4012/0      802 pps
[  3] 70.0000-75.0000 sec  5.62 MBytes  9.44 Mbits/sec  4012/0      802 pps
[  3] 75.0000-80.0000 sec  5.63 MBytes  9.44 Mbits/sec  4013/0      803 pps
[  3] 80.0000-85.0000 sec  5.62 MBytes  9.44 Mbits/sec  4012/0      802 pps
[  3] 85.0000-90.0000 sec  5.63 MBytes  9.44 Mbits/sec  4013/0      802 pps
[  3] 90.0000-95.0000 sec  5.62 MBytes  9.44 Mbits/sec  4012/0      802 pps
[  3] 95.0000-100.0000 sec  5.62 MBytes  9.44 Mbits/sec  4012/0      802 pps
[  3] 100.0000-105.0000 sec  5.63 MBytes  9.44 Mbits/sec  4013/0      802 pps
[  3] 105.0000-110.0000 sec  5.62 MBytes  9.44 Mbits/sec  4012/0      802 pps
[  3] 110.0000-115.0000 sec  5.63 MBytes  9.44 Mbits/sec  4013/0      803 pps
[  3] 115.0000-120.0000 sec  5.62 MBytes  9.44 Mbits/sec  4012/0      802 pps
[  3] 120.0000-125.0000 sec  5.62 MBytes  9.44 Mbits/sec  4012/0      802 pps
[  3] 125.0000-130.0000 sec  5.62 MBytes  9.44 Mbits/sec  4012/0      802 pps
[  3] 130.0000-135.0000 sec  5.63 MBytes  9.44 Mbits/sec  4013/0      803 pps
[  3] 135.0000-140.0000 sec  5.62 MBytes  9.44 Mbits/sec  4012/0      802 pps
[  3] 140.0000-145.0000 sec  5.63 MBytes  9.44 Mbits/sec  4013/0      802 pps
[  3] 145.0000-150.0000 sec  5.62 MBytes  9.44 Mbits/sec  4012/0      802 pps
[  3] 150.0000-155.0000 sec  5.63 MBytes  9.44 Mbits/sec  4013/0      802 pps
[  3] 155.0000-160.0000 sec  5.62 MBytes  9.44 Mbits/sec  4012/0      802 pps
[  3] 160.0000-165.0000 sec  5.62 MBytes  9.44 Mbits/sec  4012/0      802 pps
[  3] 165.0000-170.0000 sec  5.63 MBytes  9.44 Mbits/sec  4013/0      802 pps
[  3] 170.0000-175.0000 sec  5.62 MBytes  9.44 Mbits/sec  4012/0      802 pps
[  3] 175.0000-180.0000 sec  5.63 MBytes  9.44 Mbits/sec  4013/0      802 pps
[  3] 180.0000-185.0000 sec  5.62 MBytes  9.44 Mbits/sec  4012/0      802 pps
[  3] 185.0000-190.0000 sec  5.62 MBytes  9.44 Mbits/sec  4012/0      802 pps
[  3] 190.0000-195.0000 sec  5.63 MBytes  9.44 Mbits/sec  4013/0      802 pps
[  3] 195.0000-200.0000 sec  5.62 MBytes  9.44 Mbits/sec  4012/0      803 pps
[  3] 200.0000-205.0000 sec  5.63 MBytes  9.44 Mbits/sec  4013/0      802 pps
[  3] 205.0000-210.0000 sec  5.62 MBytes  9.44 Mbits/sec  4012/0      802 pps
[  3] 210.0000-215.0000 sec  5.63 MBytes  9.44 Mbits/sec  4013/0      802 pps
[  3] 215.0000-220.0000 sec  5.62 MBytes  9.44 Mbits/sec  4012/0      802 pps
[  3] 220.0000-225.0000 sec  5.62 MBytes  9.44 Mbits/sec  4012/0      802 pps
[  3] 225.0000-230.0000 sec  5.63 MBytes  9.44 Mbits/sec  4013/0      802 pps
[  3] 230.0000-235.0000 sec  5.62 MBytes  9.44 Mbits/sec  4012/0      802 pps
[  3] 235.0000-240.0000 sec  5.63 MBytes  9.44 Mbits/sec  4013/0      802 pps
[  3] 240.0000-245.0000 sec  5.62 MBytes  9.44 Mbits/sec  4012/0      802 pps
[  3] 245.0000-250.0000 sec  5.63 MBytes  9.44 Mbits/sec  4013/0      803 pps
[  3] 250.0000-255.0000 sec  5.62 MBytes  9.44 Mbits/sec  4012/0      802 pps
[  3] 255.0000-260.0000 sec  5.63 MBytes  9.44 Mbits/sec  4013/0      803 pps
[  3] 260.0000-265.0000 sec  5.62 MBytes  9.44 Mbits/sec  4012/0      802 pps
[  3] 265.0000-270.0000 sec  5.62 MBytes  9.44 Mbits/sec  4012/0      803 pps
[  3] 270.0000-275.0000 sec  5.62 MBytes  9.44 Mbits/sec  4012/0      802 pps
[  3] 275.0000-280.0000 sec  5.63 MBytes  9.44 Mbits/sec  4013/0      802 pps
[  3] 280.0000-285.0000 sec  5.62 MBytes  9.44 Mbits/sec  4012/0      802 pps
[  3] 285.0000-290.0000 sec  5.63 MBytes  9.44 Mbits/sec  4013/0      803 pps
[  3] 290.0000-295.0000 sec  5.62 MBytes  9.44 Mbits/sec  4012/0      802 pps
[  3] 295.0000-300.0000 sec  5.62 MBytes  9.44 Mbits/sec  4012/0      803 pps
[  3] 0.0000-300.0014 sec   338 MBytes  9.44 Mbits/sec  240745/0      802 pps
[  3] Sent 240745 datagrams
[  3] Server Report:
[  3] 0.0000-300.1471 sec   219 MBytes  6.13 Mbits/sec  14.567 ms 84288/240746 (35%) 14.657/ 0.007/531.744/ 0.159 ms  802 pps  52.28
[  3] 0.0000-300.1471 sec  645 datagrams received out-of-order
------------------------------------------------------------
Client connecting to 10.0.0.3, UDP port 5001 with pid 6512
Sending 1470 byte datagrams, IPG target: 1246.13 us (kalman adjust)
UDP buffer size:  208 KByte (default)
------------------------------------------------------------
[  3] local 10.0.0.1 port 33333 connected with 10.0.0.3 port 5001
[ ID] Interval            Transfer     Bandwidth      Write/Err  PPS
[  3] 0.0000-5.0000 sec  5.63 MBytes  9.44 Mbits/sec  4014/0      803 pps
[  3] 5.0000-10.0000 sec  5.62 MBytes  9.44 Mbits/sec  4012/0      802 pps
[  3] 10.0000-15.0000 sec  5.62 MBytes  9.44 Mbits/sec  4012/0      802 pps
[  3] 15.0000-20.0000 sec  5.63 MBytes  9.44 Mbits/sec  4013/0      802 pps
[  3] 20.0000-25.0000 sec  5.62 MBytes  9.44 Mbits/sec  4012/0      803 pps
[  3] 25.0000-30.0000 sec  5.63 MBytes  9.44 Mbits/sec  4013/0      802 pps
[  3] 30.0000-35.0000 sec  5.62 MBytes  9.44 Mbits/sec  4012/0      802 pps
[  3] 35.0000-40.0000 sec  5.63 MBytes  9.44 Mbits/sec  4013/0      802 pps
[  3] 40.0000-45.0000 sec  5.62 MBytes  9.44 Mbits/sec  4012/0      802 pps
[  3] 45.0000-50.0000 sec  5.63 MBytes  9.44 Mbits/sec  4013/0      802 pps
[  3] 50.0000-55.0000 sec  5.62 MBytes  9.44 Mbits/sec  4012/0      802 pps
[  3] 55.0000-60.0000 sec  5.62 MBytes  9.44 Mbits/sec  4012/0      802 pps
[  3] 60.0000-65.0000 sec  5.62 MBytes  9.44 Mbits/sec  4012/0      802 pps
[  3] 65.0000-70.0000 sec  5.63 MBytes  9.44 Mbits/sec  4013/0      803 pps
[  3] 70.0000-75.0000 sec  5.62 MBytes  9.44 Mbits/sec  4012/0      802 pps
[  3] 75.0000-80.0000 sec  5.63 MBytes  9.44 Mbits/sec  4013/0      802 pps
[  3] 80.0000-85.0000 sec  5.62 MBytes  9.44 Mbits/sec  4012/0      802 pps
[  3] 85.0000-90.0000 sec  5.63 MBytes  9.44 Mbits/sec  4013/0      802 pps
[  3] 90.0000-95.0000 sec  5.62 MBytes  9.44 Mbits/sec  4012/0      802 pps
[  3] 95.0000-100.0000 sec  5.63 MBytes  9.44 Mbits/sec  4013/0      802 pps
[  3] 100.0000-105.0000 sec  5.62 MBytes  9.44 Mbits/sec  4012/0      802 pps
[  3] 105.0000-110.0000 sec  5.62 MBytes  9.44 Mbits/sec  4012/0      802 pps
[  3] 110.0000-115.0000 sec  5.63 MBytes  9.44 Mbits/sec  4013/0      802 pps
[  3] 115.0000-120.0000 sec  5.62 MBytes  9.44 Mbits/sec  4012/0      802 pps
[  3] 120.0000-125.0000 sec  5.63 MBytes  9.44 Mbits/sec  4013/0      802 pps
[  3] 125.0000-130.0000 sec  5.62 MBytes  9.44 Mbits/sec  4012/0      802 pps
[  3] 130.0000-135.0000 sec  5.62 MBytes  9.44 Mbits/sec  4012/0      802 pps
[  3] 135.0000-140.0000 sec  5.63 MBytes  9.44 Mbits/sec  4013/0      802 pps
[  3] 140.0000-145.0000 sec  5.62 MBytes  9.44 Mbits/sec  4012/0      802 pps
[  3] 145.0000-150.0000 sec  5.62 MBytes  9.44 Mbits/sec  4012/0      802 pps
[  3] 150.0000-155.0000 sec  5.63 MBytes  9.44 Mbits/sec  4013/0      802 pps
[  3] 155.0000-160.0000 sec  5.62 MBytes  9.44 Mbits/sec  4012/0      803 pps
[  3] 160.0000-165.0000 sec  5.63 MBytes  9.44 Mbits/sec  4013/0      802 pps
[  3] 165.0000-170.0000 sec  5.62 MBytes  9.44 Mbits/sec  4012/0      802 pps
[  3] 170.0000-175.0000 sec  5.63 MBytes  9.44 Mbits/sec  4013/0      803 pps
[  3] 175.0000-180.0000 sec  5.62 MBytes  9.44 Mbits/sec  4012/0      802 pps
[  3] 180.0000-185.0000 sec  5.62 MBytes  9.44 Mbits/sec  4012/0      802 pps
[  3] 185.0000-190.0000 sec  5.63 MBytes  9.44 Mbits/sec  4013/0      802 pps
[  3] 190.0000-195.0000 sec  5.62 MBytes  9.44 Mbits/sec  4012/0      802 pps
[  3] 195.0000-200.0000 sec  5.63 MBytes  9.44 Mbits/sec  4013/0      802 pps
[  3] 200.0000-205.0000 sec  5.62 MBytes  9.44 Mbits/sec  4012/0      802 pps
[  3] 205.0000-210.0000 sec  5.62 MBytes  9.44 Mbits/sec  4012/0      802 pps
[  3] 210.0000-215.0000 sec  5.63 MBytes  9.44 Mbits/sec  4013/0      802 pps
[  3] 215.0000-220.0000 sec  5.62 MBytes  9.44 Mbits/sec  4012/0      803 pps
[  3] 220.0000-225.0000 sec  5.63 MBytes  9.44 Mbits/sec  4013/0      802 pps
[  3] 225.0000-230.0000 sec  5.62 MBytes  9.44 Mbits/sec  4012/0      803 pps
[  3] 230.0000-235.0000 sec  5.62 MBytes  9.44 Mbits/sec  4012/0      802 pps
[  3] 235.0000-240.0000 sec  5.63 MBytes  9.44 Mbits/sec  4013/0      802 pps
[  3] 240.0000-245.0000 sec  5.62 MBytes  9.44 Mbits/sec  4012/0      802 pps
[  3] 245.0000-250.0000 sec  5.63 MBytes  9.44 Mbits/sec  4013/0      803 pps
[  3] 250.0000-255.0000 sec  5.62 MBytes  9.44 Mbits/sec  4012/0      802 pps
[  3] 255.0000-260.0000 sec  5.62 MBytes  9.44 Mbits/sec  4012/0      802 pps
[  3] 260.0000-265.0000 sec  5.63 MBytes  9.44 Mbits/sec  4013/0      802 pps
[  3] 265.0000-270.0000 sec  5.62 MBytes  9.44 Mbits/sec  4012/0      803 pps
[  3] 270.0000-275.0000 sec  5.63 MBytes  9.44 Mbits/sec  4013/0      802 pps
[  3] 275.0000-280.0000 sec  5.62 MBytes  9.44 Mbits/sec  4012/0      802 pps
[  3] 280.0000-285.0000 sec  5.63 MBytes  9.44 Mbits/sec  4013/0      803 pps
[  3] 285.0000-290.0000 sec  5.62 MBytes  9.44 Mbits/sec  4012/0      802 pps
[  3] 290.0000-295.0000 sec  5.62 MBytes  9.44 Mbits/sec  4012/0      802 pps
[  3] 0.0000-300.0009 sec   338 MBytes  9.44 Mbits/sec  240745/0      802 pps
[  3] Sent 240745 datagrams
[  3] Server Report:
[  3] 0.0000-300.2411 sec   211 MBytes  5.89 Mbits/sec  14.840 ms 90306/240746 (38%) 13.649/ 0.004/439.120/ 0.114 ms  801 pps  53.96
[  3] 0.0000-300.2411 sec  365 datagrams received out-of-order
------------------------------------------------------------
Client connecting to 10.0.0.3, UDP port 5001 with pid 13402
Sending 1470 byte datagrams, IPG target: 1246.13 us (kalman adjust)
UDP buffer size:  208 KByte (default)
------------------------------------------------------------
[  3] local 10.0.0.1 port 40470 connected with 10.0.0.3 port 5001
[ ID] Interval            Transfer     Bandwidth      Write/Err  PPS
[  3] 0.0000-5.0000 sec  5.63 MBytes  9.44 Mbits/sec  4014/0      803 pps
[  3] 5.0000-10.0000 sec  5.62 MBytes  9.44 Mbits/sec  4012/0      802 pps
[  3] 10.0000-15.0000 sec  5.63 MBytes  9.44 Mbits/sec  4013/0      802 pps
[  3] 15.0000-20.0000 sec  5.62 MBytes  9.44 Mbits/sec  4012/0      802 pps
[  3] 20.0000-25.0000 sec  5.62 MBytes  9.44 Mbits/sec  4012/0      802 pps
[  3] 25.0000-30.0000 sec  5.63 MBytes  9.44 Mbits/sec  4013/0      802 pps
[  3] 30.0000-35.0000 sec  5.62 MBytes  9.44 Mbits/sec  4012/0      802 pps
[  3] 35.0000-40.0000 sec  5.63 MBytes  9.44 Mbits/sec  4013/0      802 pps
[  3] 40.0000-45.0000 sec  5.62 MBytes  9.44 Mbits/sec  4012/0      803 pps
[  3] 45.0000-50.0000 sec  5.62 MBytes  9.44 Mbits/sec  4012/0      802 pps
[  3] 50.0000-55.0000 sec  5.63 MBytes  9.44 Mbits/sec  4013/0      803 pps
[  3] 55.0000-60.0000 sec  5.62 MBytes  9.44 Mbits/sec  4012/0      802 pps
[  3] 60.0000-65.0000 sec  5.63 MBytes  9.44 Mbits/sec  4013/0      803 pps
[  3] 65.0000-70.0000 sec  5.62 MBytes  9.44 Mbits/sec  4012/0      802 pps
[  3] 70.0000-75.0000 sec  5.62 MBytes  9.44 Mbits/sec  4012/0      803 pps
[  3] 75.0000-80.0000 sec  5.63 MBytes  9.44 Mbits/sec  4013/0      802 pps
[  3] 80.0000-85.0000 sec  5.62 MBytes  9.44 Mbits/sec  4012/0      802 pps
[  3] 85.0000-90.0000 sec  5.63 MBytes  9.44 Mbits/sec  4013/0      802 pps
[  3] 90.0000-95.0000 sec  5.62 MBytes  9.44 Mbits/sec  4012/0      802 pps
[  3] 95.0000-100.0000 sec  5.63 MBytes  9.44 Mbits/sec  4013/0      802 pps
[  3] 100.0000-105.0000 sec  5.62 MBytes  9.44 Mbits/sec  4012/0      802 pps
[  3] 105.0000-110.0000 sec  5.62 MBytes  9.44 Mbits/sec  4012/0      803 pps
[  3] 110.0000-115.0000 sec  5.63 MBytes  9.44 Mbits/sec  4013/0      802 pps
[  3] 115.0000-120.0000 sec  5.62 MBytes  9.44 Mbits/sec  4012/0      803 pps
[  3] 120.0000-125.0000 sec  5.63 MBytes  9.44 Mbits/sec  4013/0      802 pps
[  3] 125.0000-130.0000 sec  5.62 MBytes  9.44 Mbits/sec  4012/0      802 pps
[  3] 130.0000-135.0000 sec  5.62 MBytes  9.44 Mbits/sec  4012/0      802 pps
[  3] 135.0000-140.0000 sec  5.63 MBytes  9.44 Mbits/sec  4013/0      802 pps
[  3] 140.0000-145.0000 sec  5.62 MBytes  9.44 Mbits/sec  4012/0      802 pps
[  3] 145.0000-150.0000 sec  5.62 MBytes  9.44 Mbits/sec  4012/0      802 pps
[  3] 150.0000-155.0000 sec  5.63 MBytes  9.44 Mbits/sec  4013/0      803 pps
[  3] 155.0000-160.0000 sec  5.62 MBytes  9.44 Mbits/sec  4012/0      802 pps
[  3] 160.0000-165.0000 sec  5.63 MBytes  9.44 Mbits/sec  4013/0      803 pps
[  3] 165.0000-170.0000 sec  5.62 MBytes  9.44 Mbits/sec  4012/0      802 pps
[  3] 170.0000-175.0000 sec  5.63 MBytes  9.44 Mbits/sec  4013/0      802 pps
[  3] 175.0000-180.0000 sec  5.62 MBytes  9.44 Mbits/sec  4012/0      803 pps
[  3] 180.0000-185.0000 sec  5.62 MBytes  9.44 Mbits/sec  4012/0      802 pps
[  3] 185.0000-190.0000 sec  5.63 MBytes  9.44 Mbits/sec  4013/0      802 pps
[  3] 190.0000-195.0000 sec  5.62 MBytes  9.44 Mbits/sec  4012/0      803 pps
[  3] 195.0000-200.0000 sec  5.63 MBytes  9.44 Mbits/sec  4013/0      802 pps
[  3] 200.0000-205.0000 sec  5.62 MBytes  9.44 Mbits/sec  4012/0      802 pps
[  3] 205.0000-210.0000 sec  5.63 MBytes  9.44 Mbits/sec  4013/0      802 pps
[  3] 210.0000-215.0000 sec  5.62 MBytes  9.44 Mbits/sec  4012/0      802 pps
[  3] 215.0000-220.0000 sec  5.62 MBytes  9.44 Mbits/sec  4012/0      802 pps
[  3] 220.0000-225.0000 sec  5.63 MBytes  9.44 Mbits/sec  4013/0      803 pps
[  3] 225.0000-230.0000 sec  5.62 MBytes  9.44 Mbits/sec  4012/0      802 pps
[  3] 230.0000-235.0000 sec  5.62 MBytes  9.44 Mbits/sec  4012/0      802 pps
[  3] 235.0000-240.0000 sec  5.63 MBytes  9.44 Mbits/sec  4013/0      802 pps
[  3] 240.0000-245.0000 sec  5.62 MBytes  9.44 Mbits/sec  4012/0      803 pps
[  3] 245.0000-250.0000 sec  5.63 MBytes  9.44 Mbits/sec  4013/0      802 pps
[  3] 250.0000-255.0000 sec  5.62 MBytes  9.44 Mbits/sec  4012/0      802 pps
[  3] 255.0000-260.0000 sec  5.62 MBytes  9.44 Mbits/sec  4012/0      802 pps
[  3] 260.0000-265.0000 sec  5.63 MBytes  9.44 Mbits/sec  4013/0      802 pps
[  3] 265.0000-270.0000 sec  5.62 MBytes  9.44 Mbits/sec  4012/0      802 pps
[  3] 270.0000-275.0000 sec  5.63 MBytes  9.44 Mbits/sec  4013/0      802 pps
[  3] 275.0000-280.0000 sec  5.62 MBytes  9.44 Mbits/sec  4012/0      802 pps
[  3] 280.0000-285.0000 sec  5.63 MBytes  9.44 Mbits/sec  4013/0      802 pps
[  3] 285.0000-290.0000 sec  5.62 MBytes  9.44 Mbits/sec  4012/0      802 pps
[  3] 290.0000-295.0000 sec  5.62 MBytes  9.44 Mbits/sec  4012/0      802 pps
[  3] 0.0000-300.0008 sec   338 MBytes  9.44 Mbits/sec  240745/0      802 pps
[  3] Sent 240745 datagrams
[  3] Server Report:
[  3] 0.0000-300.2413 sec   211 MBytes  5.91 Mbits/sec  14.942 ms 89882/240746 (37%) 13.257/ 0.005/409.925/ 0.165 ms  801 pps  55.72
[  3] 0.0000-300.2413 sec  293 datagrams received out-of-order
------------------------------------------------------------
Client connecting to 10.0.0.3, UDP port 5001 with pid 15449
Sending 1470 byte datagrams, IPG target: 1246.13 us (kalman adjust)
UDP buffer size:  208 KByte (default)
------------------------------------------------------------
[  3] local 10.0.0.1 port 53075 connected with 10.0.0.3 port 5001
[ ID] Interval            Transfer     Bandwidth      Write/Err  PPS
[  3] 0.0000-5.0000 sec  5.63 MBytes  9.44 Mbits/sec  4014/0      803 pps
[  3] 5.0000-10.0000 sec  5.62 MBytes  9.44 Mbits/sec  4012/0      803 pps
[  3] 10.0000-15.0000 sec  5.63 MBytes  9.44 Mbits/sec  4013/0      802 pps
[  3] 15.0000-20.0000 sec  5.62 MBytes  9.44 Mbits/sec  4012/0      802 pps
[  3] 20.0000-25.0000 sec  5.62 MBytes  9.44 Mbits/sec  4012/0      802 pps
[  3] 25.0000-30.0000 sec  5.63 MBytes  9.44 Mbits/sec  4013/0      802 pps
[  3] 30.0000-35.0000 sec  5.62 MBytes  9.44 Mbits/sec  4012/0      802 pps
[  3] 35.0000-40.0000 sec  5.63 MBytes  9.44 Mbits/sec  4013/0      802 pps
[  3] 40.0000-45.0000 sec  5.62 MBytes  9.44 Mbits/sec  4012/0      802 pps
[  3] 45.0000-50.0000 sec  5.62 MBytes  9.44 Mbits/sec  4012/0      803 pps
[  3] 50.0000-55.0000 sec  5.63 MBytes  9.44 Mbits/sec  4013/0      803 pps
[  3] 55.0000-60.0000 sec  5.62 MBytes  9.44 Mbits/sec  4012/0      802 pps
[  3] 60.0000-65.0000 sec  5.63 MBytes  9.44 Mbits/sec  4013/0      802 pps
[  3] 65.0000-70.0000 sec  5.62 MBytes  9.44 Mbits/sec  4012/0      802 pps
[  3] 70.0000-75.0000 sec  5.62 MBytes  9.44 Mbits/sec  4012/0      802 pps
[  3] 75.0000-80.0000 sec  5.63 MBytes  9.44 Mbits/sec  4013/0      803 pps
[  3] 80.0000-85.0000 sec  5.62 MBytes  9.44 Mbits/sec  4012/0      803 pps
[  3] 85.0000-90.0000 sec  5.63 MBytes  9.44 Mbits/sec  4013/0      802 pps
[  3] 90.0000-95.0000 sec  5.62 MBytes  9.44 Mbits/sec  4012/0      802 pps
[  3] 95.0000-100.0000 sec  5.63 MBytes  9.44 Mbits/sec  4013/0      802 pps
[  3] 100.0000-105.0000 sec  5.62 MBytes  9.44 Mbits/sec  4012/0      802 pps
[  3] 105.0000-110.0000 sec  5.62 MBytes  9.44 Mbits/sec  4012/0      802 pps
[  3] 110.0000-115.0000 sec  5.63 MBytes  9.44 Mbits/sec  4013/0      802 pps
[  3] 115.0000-120.0000 sec  5.62 MBytes  9.44 Mbits/sec  4012/0      802 pps
[  3] 120.0000-125.0000 sec  5.63 MBytes  9.44 Mbits/sec  4013/0      802 pps
[  3] 125.0000-130.0000 sec  5.62 MBytes  9.44 Mbits/sec  4012/0      802 pps
[  3] 130.0000-135.0000 sec  5.62 MBytes  9.44 Mbits/sec  4012/0      802 pps
[  3] 135.0000-140.0000 sec  5.63 MBytes  9.44 Mbits/sec  4013/0      802 pps
[  3] 140.0000-145.0000 sec  5.62 MBytes  9.44 Mbits/sec  4012/0      802 pps
[  3] 145.0000-150.0000 sec  5.63 MBytes  9.44 Mbits/sec  4013/0      802 pps
[  3] 150.0000-155.0000 sec  5.62 MBytes  9.44 Mbits/sec  4012/0      802 pps
[  3] 155.0000-160.0000 sec  5.62 MBytes  9.44 Mbits/sec  4012/0      802 pps
[  3] 160.0000-165.0000 sec  5.63 MBytes  9.44 Mbits/sec  4013/0      802 pps
[  3] 165.0000-170.0000 sec  5.62 MBytes  9.44 Mbits/sec  4012/0      802 pps
[  3] 170.0000-175.0000 sec  5.63 MBytes  9.44 Mbits/sec  4013/0      802 pps
[  3] 175.0000-180.0000 sec  5.62 MBytes  9.44 Mbits/sec  4012/0      802 pps
[  3] 180.0000-185.0000 sec  5.63 MBytes  9.44 Mbits/sec  4013/0      802 pps
[  3] 185.0000-190.0000 sec  5.62 MBytes  9.44 Mbits/sec  4012/0      802 pps
[  3] 190.0000-195.0000 sec  5.62 MBytes  9.44 Mbits/sec  4012/0      802 pps
[  3] 195.0000-200.0000 sec  5.63 MBytes  9.44 Mbits/sec  4013/0      802 pps
[  3] 200.0000-205.0000 sec  5.62 MBytes  9.44 Mbits/sec  4012/0      802 pps
[  3] 205.0000-210.0000 sec  5.62 MBytes  9.44 Mbits/sec  4012/0      802 pps
[  3] 210.0000-215.0000 sec  5.63 MBytes  9.44 Mbits/sec  4013/0      803 pps
[  3] 215.0000-220.0000 sec  5.62 MBytes  9.44 Mbits/sec  4012/0      802 pps
[  3] 220.0000-225.0000 sec  5.63 MBytes  9.44 Mbits/sec  4013/0      802 pps
[  3] 225.0000-230.0000 sec  5.62 MBytes  9.44 Mbits/sec  4012/0      802 pps
[  3] 230.0000-235.0000 sec  5.63 MBytes  9.44 Mbits/sec  4013/0      803 pps
[  3] 235.0000-240.0000 sec  5.62 MBytes  9.44 Mbits/sec  4012/0      802 pps
[  3] 240.0000-245.0000 sec  5.62 MBytes  9.44 Mbits/sec  4012/0      802 pps
[  3] 245.0000-250.0000 sec  5.63 MBytes  9.44 Mbits/sec  4013/0      802 pps
[  3] 250.0000-255.0000 sec  5.62 MBytes  9.44 Mbits/sec  4012/0      802 pps
[  3] 255.0000-260.0000 sec  5.63 MBytes  9.44 Mbits/sec  4013/0      802 pps
[  3] 260.0000-265.0000 sec  5.62 MBytes  9.44 Mbits/sec  4012/0      802 pps
[  3] 265.0000-270.0000 sec  5.62 MBytes  9.44 Mbits/sec  4012/0      802 pps
[  3] 270.0000-275.0000 sec  5.63 MBytes  9.44 Mbits/sec  4013/0      802 pps
[  3] 275.0000-280.0000 sec  5.62 MBytes  9.44 Mbits/sec  4012/0      802 pps
[  3] 280.0000-285.0000 sec  5.63 MBytes  9.44 Mbits/sec  4013/0      803 pps
[  3] 285.0000-290.0000 sec  5.62 MBytes  9.44 Mbits/sec  4012/0      802 pps
[  3] 290.0000-295.0000 sec  5.63 MBytes  9.44 Mbits/sec  4013/0      803 pps
[  3] 0.0000-300.0008 sec   338 MBytes  9.44 Mbits/sec  240745/0      802 pps
[  3] Sent 240745 datagrams
[  3] Server Report:
[  3] 0.0000-300.0129 sec   259 MBytes  7.26 Mbits/sec   0.152 ms 55655/240745 (23%) 15.423/ 0.004/212.656/ 0.050 ms  802 pps  58.80
[  3] 0.0000-300.0129 sec  253 datagrams received out-of-order
------------------------------------------------------------
Client connecting to 10.0.0.3, UDP port 5001 with pid 21159
Sending 1470 byte datagrams, IPG target: 1246.13 us (kalman adjust)
UDP buffer size:  208 KByte (default)
------------------------------------------------------------
[  3] local 10.0.0.1 port 46625 connected with 10.0.0.3 port 5001
[ ID] Interval            Transfer     Bandwidth      Write/Err  PPS
[  3] 0.0000-5.0000 sec  5.63 MBytes  9.44 Mbits/sec  4014/0      803 pps
[  3] 5.0000-10.0000 sec  5.62 MBytes  9.44 Mbits/sec  4012/0      802 pps
[  3] 10.0000-15.0000 sec  5.63 MBytes  9.44 Mbits/sec  4013/0      802 pps
[  3] 15.0000-20.0000 sec  5.62 MBytes  9.44 Mbits/sec  4012/0      802 pps
[  3] 20.0000-25.0000 sec  5.62 MBytes  9.44 Mbits/sec  4012/0      802 pps
[  3] 25.0000-30.0000 sec  5.63 MBytes  9.44 Mbits/sec  4013/0      803 pps
[  3] 30.0000-35.0000 sec  5.62 MBytes  9.44 Mbits/sec  4012/0      802 pps
[  3] 35.0000-40.0000 sec  5.63 MBytes  9.44 Mbits/sec  4013/0      802 pps
[  3] 40.0000-45.0000 sec  5.62 MBytes  9.44 Mbits/sec  4012/0      803 pps
[  3] 45.0000-50.0000 sec  5.62 MBytes  9.44 Mbits/sec  4012/0      802 pps
[  3] 50.0000-55.0000 sec  5.63 MBytes  9.44 Mbits/sec  4013/0      802 pps
[  3] 55.0000-60.0000 sec  5.62 MBytes  9.44 Mbits/sec  4012/0      802 pps
[  3] 60.0000-65.0000 sec  5.63 MBytes  9.44 Mbits/sec  4013/0      802 pps
[  3] 65.0000-70.0000 sec  5.62 MBytes  9.44 Mbits/sec  4012/0      803 pps
[  3] 70.0000-75.0000 sec  5.62 MBytes  9.44 Mbits/sec  4012/0      802 pps
[  3] 75.0000-80.0000 sec  5.63 MBytes  9.44 Mbits/sec  4013/0      803 pps
[  3] 80.0000-85.0000 sec  5.62 MBytes  9.44 Mbits/sec  4012/0      802 pps
[  3] 85.0000-90.0000 sec  5.63 MBytes  9.44 Mbits/sec  4013/0      802 pps
[  3] 90.0000-95.0000 sec  5.62 MBytes  9.44 Mbits/sec  4012/0      802 pps
[  3] 95.0000-100.0000 sec  5.63 MBytes  9.44 Mbits/sec  4013/0      802 pps
[  3] 100.0000-105.0000 sec  5.62 MBytes  9.44 Mbits/sec  4012/0      802 pps
[  3] 105.0000-110.0000 sec  5.62 MBytes  9.44 Mbits/sec  4012/0      802 pps
[  3] 110.0000-115.0000 sec  5.63 MBytes  9.44 Mbits/sec  4013/0      802 pps
[  3] 115.0000-120.0000 sec  5.62 MBytes  9.44 Mbits/sec  4012/0      803 pps
[  3] 120.0000-125.0000 sec  5.63 MBytes  9.44 Mbits/sec  4013/0      803 pps
[  3] 125.0000-130.0000 sec  5.62 MBytes  9.44 Mbits/sec  4012/0      802 pps
[  3] 130.0000-135.0000 sec  5.62 MBytes  9.44 Mbits/sec  4012/0      802 pps
[  3] 135.0000-140.0000 sec  5.63 MBytes  9.44 Mbits/sec  4013/0      803 pps
[  3] 140.0000-145.0000 sec  5.62 MBytes  9.44 Mbits/sec  4012/0      802 pps
[  3] 145.0000-150.0000 sec  5.63 MBytes  9.44 Mbits/sec  4013/0      802 pps
[  3] 150.0000-155.0000 sec  5.62 MBytes  9.44 Mbits/sec  4012/0      802 pps
[  3] 155.0000-160.0000 sec  5.63 MBytes  9.44 Mbits/sec  4013/0      802 pps
[  3] 160.0000-165.0000 sec  5.62 MBytes  9.44 Mbits/sec  4012/0      802 pps
[  3] 165.0000-170.0000 sec  5.62 MBytes  9.44 Mbits/sec  4012/0      802 pps
[  3] 170.0000-175.0000 sec  5.63 MBytes  9.44 Mbits/sec  4013/0      802 pps
[  3] 175.0000-180.0000 sec  5.62 MBytes  9.44 Mbits/sec  4012/0      802 pps
[  3] 180.0000-185.0000 sec  5.63 MBytes  9.44 Mbits/sec  4013/0      802 pps
[  3] 185.0000-190.0000 sec  5.62 MBytes  9.44 Mbits/sec  4012/0      802 pps
[  3] 190.0000-195.0000 sec  5.62 MBytes  9.44 Mbits/sec  4012/0      802 pps
[  3] 195.0000-200.0000 sec  5.63 MBytes  9.44 Mbits/sec  4013/0      802 pps
[  3] 200.0000-205.0000 sec  5.62 MBytes  9.44 Mbits/sec  4012/0      803 pps
[  3] 205.0000-210.0000 sec  5.62 MBytes  9.44 Mbits/sec  4012/0      802 pps
[  3] 210.0000-215.0000 sec  5.63 MBytes  9.44 Mbits/sec  4013/0      803 pps
[  3] 215.0000-220.0000 sec  5.62 MBytes  9.44 Mbits/sec  4012/0      802 pps
[  3] 220.0000-225.0000 sec  5.63 MBytes  9.44 Mbits/sec  4013/0      802 pps
[  3] 225.0000-230.0000 sec  5.62 MBytes  9.44 Mbits/sec  4012/0      802 pps
[  3] 230.0000-235.0000 sec  5.63 MBytes  9.44 Mbits/sec  4013/0      802 pps
[  3] 235.0000-240.0000 sec  5.62 MBytes  9.44 Mbits/sec  4012/0      802 pps
[  3] 240.0000-245.0000 sec  5.62 MBytes  9.44 Mbits/sec  4012/0      802 pps
[  3] 245.0000-250.0000 sec  5.63 MBytes  9.44 Mbits/sec  4013/0      803 pps
[  3] 250.0000-255.0000 sec  5.62 MBytes  9.44 Mbits/sec  4012/0      802 pps
[  3] 255.0000-260.0000 sec  5.63 MBytes  9.44 Mbits/sec  4013/0      802 pps
[  3] 260.0000-265.0000 sec  5.62 MBytes  9.44 Mbits/sec  4012/0      803 pps
[  3] 265.0000-270.0000 sec  5.63 MBytes  9.44 Mbits/sec  4013/0      802 pps
[  3] 270.0000-275.0000 sec  5.62 MBytes  9.44 Mbits/sec  4012/0      802 pps
[  3] 275.0000-280.0000 sec  5.62 MBytes  9.44 Mbits/sec  4012/0      803 pps
[  3] 280.0000-285.0000 sec  5.63 MBytes  9.44 Mbits/sec  4013/0      802 pps
[  3] 285.0000-290.0000 sec  5.62 MBytes  9.44 Mbits/sec  4012/0      802 pps
[  3] 290.0000-295.0000 sec  5.63 MBytes  9.44 Mbits/sec  4013/0      803 pps
[  3] 0.0000-300.0010 sec   338 MBytes  9.44 Mbits/sec  240745/0      802 pps
[  3] Sent 240745 datagrams
------------------------------------------------------------
Client connecting to 10.0.0.3, UDP port 5001 with pid 4298
Sending 1470 byte datagrams, IPG target: 1246.13 us (kalman adjust)
UDP buffer size:  208 KByte (default)
------------------------------------------------------------
[  3] local 10.0.0.1 port 53673 connected with 10.0.0.3 port 5001
[ ID] Interval            Transfer     Bandwidth      Write/Err  PPS
[  3] 0.0000-5.0000 sec  5.63 MBytes  9.44 Mbits/sec  4014/0      803 pps
[  3] 5.0000-10.0000 sec  5.62 MBytes  9.44 Mbits/sec  4012/0      802 pps
[  3] 10.0000-15.0000 sec  5.63 MBytes  9.44 Mbits/sec  4013/0      802 pps
[  3] 15.0000-20.0000 sec  5.62 MBytes  9.44 Mbits/sec  4012/0      803 pps
[  3] 20.0000-25.0000 sec  5.62 MBytes  9.44 Mbits/sec  4012/0      802 pps
[  3] 25.0000-30.0000 sec  5.63 MBytes  9.44 Mbits/sec  4013/0      802 pps
[  3] 30.0000-35.0000 sec  5.62 MBytes  9.44 Mbits/sec  4012/0      802 pps
[  3] 35.0000-40.0000 sec  5.63 MBytes  9.44 Mbits/sec  4013/0      802 pps
[  3] 40.0000-45.0000 sec  5.62 MBytes  9.44 Mbits/sec  4012/0      802 pps
[  3] 45.0000-50.0000 sec  5.62 MBytes  9.44 Mbits/sec  4012/0      802 pps
[  3] 50.0000-55.0000 sec  5.63 MBytes  9.44 Mbits/sec  4013/0      802 pps
[  3] 55.0000-60.0000 sec  5.62 MBytes  9.44 Mbits/sec  4012/0      802 pps
[  3] 60.0000-65.0000 sec  5.63 MBytes  9.44 Mbits/sec  4013/0      802 pps
[  3] 65.0000-70.0000 sec  5.62 MBytes  9.44 Mbits/sec  4012/0      802 pps
[  3] 70.0000-75.0000 sec  5.63 MBytes  9.44 Mbits/sec  4013/0      803 pps
[  3] 75.0000-80.0000 sec  5.62 MBytes  9.44 Mbits/sec  4012/0      802 pps
[  3] 80.0000-85.0000 sec  5.62 MBytes  9.44 Mbits/sec  4012/0      802 pps
[  3] 85.0000-90.0000 sec  5.63 MBytes  9.44 Mbits/sec  4013/0      802 pps
[  3] 90.0000-95.0000 sec  5.62 MBytes  9.44 Mbits/sec  4012/0      803 pps
[  3] 95.0000-100.0000 sec  5.62 MBytes  9.44 Mbits/sec  4012/0      802 pps
[  3] 100.0000-105.0000 sec  5.63 MBytes  9.44 Mbits/sec  4013/0      802 pps
[  3] 105.0000-110.0000 sec  5.62 MBytes  9.44 Mbits/sec  4012/0      803 pps
[  3] 110.0000-115.0000 sec  5.63 MBytes  9.44 Mbits/sec  4013/0      802 pps
[  3] 115.0000-120.0000 sec  5.62 MBytes  9.44 Mbits/sec  4012/0      802 pps
[  3] 120.0000-125.0000 sec  5.63 MBytes  9.44 Mbits/sec  4013/0      802 pps
[  3] 125.0000-130.0000 sec  5.62 MBytes  9.44 Mbits/sec  4012/0      802 pps
[  3] 130.0000-135.0000 sec  5.62 MBytes  9.44 Mbits/sec  4012/0      803 pps
[  3] 135.0000-140.0000 sec  5.63 MBytes  9.44 Mbits/sec  4013/0      802 pps
[  3] 140.0000-145.0000 sec  5.62 MBytes  9.44 Mbits/sec  4012/0      802 pps
[  3] 145.0000-150.0000 sec  5.63 MBytes  9.44 Mbits/sec  4013/0      802 pps
[  3] 150.0000-155.0000 sec  5.62 MBytes  9.44 Mbits/sec  4012/0      802 pps
[  3] 155.0000-160.0000 sec  5.62 MBytes  9.44 Mbits/sec  4012/0      802 pps
[  3] 160.0000-165.0000 sec  5.63 MBytes  9.44 Mbits/sec  4013/0      802 pps
[  3] 165.0000-170.0000 sec  5.62 MBytes  9.44 Mbits/sec  4012/0      802 pps
[  3] 170.0000-175.0000 sec  5.63 MBytes  9.44 Mbits/sec  4013/0      802 pps
[  3] 175.0000-180.0000 sec  5.62 MBytes  9.44 Mbits/sec  4012/0      802 pps
[  3] 180.0000-185.0000 sec  5.62 MBytes  9.44 Mbits/sec  4012/0      802 pps
[  3] 185.0000-190.0000 sec  5.63 MBytes  9.44 Mbits/sec  4013/0      802 pps
[  3] 190.0000-195.0000 sec  5.62 MBytes  9.44 Mbits/sec  4012/0      803 pps
[  3] 195.0000-200.0000 sec  5.63 MBytes  9.44 Mbits/sec  4013/0      802 pps
[  3] 200.0000-205.0000 sec  5.62 MBytes  9.44 Mbits/sec  4012/0      802 pps
[  3] 205.0000-210.0000 sec  5.62 MBytes  9.44 Mbits/sec  4012/0      802 pps
[  3] 210.0000-215.0000 sec  5.63 MBytes  9.44 Mbits/sec  4013/0      803 pps
[  3] 215.0000-220.0000 sec  5.62 MBytes  9.44 Mbits/sec  4012/0      802 pps
[  3] 220.0000-225.0000 sec  5.63 MBytes  9.44 Mbits/sec  4013/0      803 pps
[  3] 225.0000-230.0000 sec  5.62 MBytes  9.44 Mbits/sec  4012/0      802 pps
[  3] 230.0000-235.0000 sec  5.62 MBytes  9.44 Mbits/sec  4012/0      802 pps
[  3] 235.0000-240.0000 sec  5.63 MBytes  9.44 Mbits/sec  4013/0      803 pps
[  3] 240.0000-245.0000 sec  5.62 MBytes  9.44 Mbits/sec  4012/0      802 pps
[  3] 245.0000-250.0000 sec  5.63 MBytes  9.44 Mbits/sec  4013/0      802 pps
[  3] 250.0000-255.0000 sec  5.62 MBytes  9.44 Mbits/sec  4012/0      802 pps
[  3] 255.0000-260.0000 sec  5.63 MBytes  9.44 Mbits/sec  4013/0      802 pps
[  3] 260.0000-265.0000 sec  5.62 MBytes  9.44 Mbits/sec  4012/0      802 pps
[  3] 265.0000-270.0000 sec  5.62 MBytes  9.44 Mbits/sec  4012/0      802 pps
[  3] 270.0000-275.0000 sec  5.63 MBytes  9.44 Mbits/sec  4013/0      802 pps
[  3] 275.0000-280.0000 sec  5.62 MBytes  9.44 Mbits/sec  4012/0      802 pps
[  3] 280.0000-285.0000 sec  5.63 MBytes  9.44 Mbits/sec  4013/0      802 pps
[  3] 285.0000-290.0000 sec  5.62 MBytes  9.44 Mbits/sec  4012/0      802 pps
[  3] 290.0000-295.0000 sec  5.63 MBytes  9.44 Mbits/sec  4013/0      802 pps
[  3] 0.0000-300.0008 sec   338 MBytes  9.44 Mbits/sec  240745/0      802 pps
[  3] Sent 240745 datagrams
[  3] Server Report:
[  3] 0.0000-300.4886 sec   194 MBytes  5.40 Mbits/sec  17.680 ms 102685/240747 (43%) 289.921/ 0.424/1107.603/ 0.144 ms  801 pps  2.33
[  3] 0.0000-300.4886 sec  25860 datagrams received out-of-order
------------------------------------------------------------
Client connecting to 10.0.0.3, UDP port 5001 with pid 7069
Sending 1470 byte datagrams, IPG target: 1246.13 us (kalman adjust)
UDP buffer size:  208 KByte (default)
------------------------------------------------------------
[  3] local 10.0.0.1 port 38494 connected with 10.0.0.3 port 5001
[ ID] Interval            Transfer     Bandwidth      Write/Err  PPS
[  3] 0.0000-5.0000 sec  5.63 MBytes  9.44 Mbits/sec  4014/0      803 pps
[  3] 5.0000-10.0000 sec  5.62 MBytes  9.44 Mbits/sec  4012/0      802 pps
[  3] 10.0000-15.0000 sec  5.63 MBytes  9.44 Mbits/sec  4013/0      803 pps
[  3] 15.0000-20.0000 sec  5.62 MBytes  9.44 Mbits/sec  4012/0      802 pps
[  3] 20.0000-25.0000 sec  5.62 MBytes  9.44 Mbits/sec  4012/0      802 pps
[  3] 25.0000-30.0000 sec  5.63 MBytes  9.44 Mbits/sec  4013/0      802 pps
[  3] 30.0000-35.0000 sec  5.62 MBytes  9.44 Mbits/sec  4012/0      802 pps
[  3] 35.0000-40.0000 sec  5.63 MBytes  9.44 Mbits/sec  4013/0      802 pps
[  3] 40.0000-45.0000 sec  5.62 MBytes  9.44 Mbits/sec  4012/0      802 pps
[  3] 45.0000-50.0000 sec  5.62 MBytes  9.44 Mbits/sec  4012/0      802 pps
[  3] 50.0000-55.0000 sec  5.63 MBytes  9.44 Mbits/sec  4013/0      802 pps
[  3] 55.0000-60.0000 sec  5.62 MBytes  9.44 Mbits/sec  4012/0      802 pps
[  3] 60.0000-65.0000 sec  5.63 MBytes  9.44 Mbits/sec  4013/0      802 pps
[  3] 65.0000-70.0000 sec  5.62 MBytes  9.44 Mbits/sec  4012/0      802 pps
[  3] 70.0000-75.0000 sec  5.62 MBytes  9.44 Mbits/sec  4012/0      802 pps
[  3] 75.0000-80.0000 sec  5.63 MBytes  9.44 Mbits/sec  4013/0      802 pps
[  3] 80.0000-85.0000 sec  5.62 MBytes  9.44 Mbits/sec  4012/0      802 pps
[  3] 85.0000-90.0000 sec  5.63 MBytes  9.44 Mbits/sec  4013/0      802 pps
[  3] 90.0000-95.0000 sec  5.62 MBytes  9.44 Mbits/sec  4012/0      802 pps
[  3] 95.0000-100.0000 sec  5.63 MBytes  9.44 Mbits/sec  4013/0      802 pps
[  3] 100.0000-105.0000 sec  5.62 MBytes  9.44 Mbits/sec  4012/0      802 pps
[  3] 105.0000-110.0000 sec  5.62 MBytes  9.44 Mbits/sec  4012/0      802 pps
[  3] 110.0000-115.0000 sec  5.63 MBytes  9.44 Mbits/sec  4013/0      802 pps
[  3] 115.0000-120.0000 sec  5.62 MBytes  9.44 Mbits/sec  4012/0      802 pps
[  3] 120.0000-125.0000 sec  5.63 MBytes  9.44 Mbits/sec  4013/0      802 pps
[  3] 125.0000-130.0000 sec  5.62 MBytes  9.44 Mbits/sec  4012/0      802 pps
[  3] 130.0000-135.0000 sec  5.62 MBytes  9.44 Mbits/sec  4012/0      803 pps
[  3] 135.0000-140.0000 sec  5.63 MBytes  9.44 Mbits/sec  4013/0      803 pps
[  3] 140.0000-145.0000 sec  5.62 MBytes  9.44 Mbits/sec  4012/0      802 pps
[  3] 145.0000-150.0000 sec  5.63 MBytes  9.44 Mbits/sec  4013/0      802 pps
[  3] 150.0000-155.0000 sec  5.62 MBytes  9.44 Mbits/sec  4012/0      802 pps
[  3] 155.0000-160.0000 sec  5.62 MBytes  9.44 Mbits/sec  4012/0      802 pps
[  3] 160.0000-165.0000 sec  5.63 MBytes  9.44 Mbits/sec  4013/0      802 pps
[  3] 165.0000-170.0000 sec  5.62 MBytes  9.44 Mbits/sec  4012/0      802 pps
[  3] 170.0000-175.0000 sec  5.63 MBytes  9.44 Mbits/sec  4013/0      802 pps
[  3] 175.0000-180.0000 sec  5.62 MBytes  9.44 Mbits/sec  4012/0      802 pps
[  3] 180.0000-185.0000 sec  5.63 MBytes  9.44 Mbits/sec  4013/0      803 pps
[  3] 185.0000-190.0000 sec  5.62 MBytes  9.44 Mbits/sec  4012/0      802 pps
[  3] 190.0000-195.0000 sec  5.62 MBytes  9.44 Mbits/sec  4012/0      802 pps
[  3] 195.0000-200.0000 sec  5.63 MBytes  9.44 Mbits/sec  4013/0      802 pps
[  3] 200.0000-205.0000 sec  5.62 MBytes  9.44 Mbits/sec  4012/0      802 pps
[  3] 205.0000-210.0000 sec  5.63 MBytes  9.44 Mbits/sec  4013/0      803 pps
[  3] 210.0000-215.0000 sec  5.62 MBytes  9.44 Mbits/sec  4012/0      802 pps
[  3] 215.0000-220.0000 sec  5.62 MBytes  9.44 Mbits/sec  4012/0      802 pps
[  3] 220.0000-225.0000 sec  5.63 MBytes  9.44 Mbits/sec  4013/0      802 pps
[  3] 225.0000-230.0000 sec  5.62 MBytes  9.44 Mbits/sec  4012/0      802 pps
[  3] 230.0000-235.0000 sec  5.62 MBytes  9.44 Mbits/sec  4012/0      802 pps
[  3] 235.0000-240.0000 sec  5.63 MBytes  9.44 Mbits/sec  4013/0      803 pps
[  3] 240.0000-245.0000 sec  5.62 MBytes  9.44 Mbits/sec  4012/0      802 pps
[  3] 245.0000-250.0000 sec  5.63 MBytes  9.44 Mbits/sec  4013/0      802 pps
[  3] 250.0000-255.0000 sec  5.62 MBytes  9.44 Mbits/sec  4012/0      802 pps
[  3] 255.0000-260.0000 sec  5.63 MBytes  9.44 Mbits/sec  4013/0      802 pps
[  3] 260.0000-265.0000 sec  5.62 MBytes  9.44 Mbits/sec  4012/0      802 pps
[  3] 265.0000-270.0000 sec  5.62 MBytes  9.44 Mbits/sec  4012/0      802 pps
[  3] 270.0000-275.0000 sec  5.63 MBytes  9.44 Mbits/sec  4013/0      802 pps
[  3] 275.0000-280.0000 sec  5.62 MBytes  9.44 Mbits/sec  4012/0      802 pps
[  3] 280.0000-285.0000 sec  5.63 MBytes  9.44 Mbits/sec  4013/0      803 pps
[  3] 285.0000-290.0000 sec  5.62 MBytes  9.44 Mbits/sec  4012/0      802 pps
[  3] 290.0000-295.0000 sec  5.62 MBytes  9.44 Mbits/sec  4012/0      802 pps
[  3] 0.0000-300.0007 sec   338 MBytes  9.44 Mbits/sec  240745/0      802 pps
[  3] Sent 240745 datagrams
[  3] Server Report:
[  3] 0.0000-300.4512 sec   198 MBytes  5.53 Mbits/sec   0.619 ms 99365/240746 (41%) 350.181/ 9.259/681.002/ 0.130 ms  801 pps  1.98
[  3] 0.0000-300.4512 sec  229 datagrams received out-of-order
------------------------------------------------------------
Client connecting to 10.0.0.3, UDP port 5001 with pid 9612
Sending 1470 byte datagrams, IPG target: 1246.13 us (kalman adjust)
UDP buffer size:  208 KByte (default)
------------------------------------------------------------
[  3] local 10.0.0.1 port 45464 connected with 10.0.0.3 port 5001
[ ID] Interval            Transfer     Bandwidth      Write/Err  PPS
[  3] 0.0000-5.0000 sec  5.63 MBytes  9.44 Mbits/sec  4014/0      803 pps
[  3] 5.0000-10.0000 sec  5.62 MBytes  9.44 Mbits/sec  4012/0      802 pps
[  3] 10.0000-15.0000 sec  5.63 MBytes  9.44 Mbits/sec  4013/0      802 pps
[  3] 15.0000-20.0000 sec  5.62 MBytes  9.44 Mbits/sec  4012/0      802 pps
[  3] 20.0000-25.0000 sec  5.62 MBytes  9.44 Mbits/sec  4012/0      802 pps
[  3] 25.0000-30.0000 sec  5.63 MBytes  9.44 Mbits/sec  4013/0      802 pps
[  3] 30.0000-35.0000 sec  5.62 MBytes  9.44 Mbits/sec  4012/0      802 pps
[  3] 35.0000-40.0000 sec  5.63 MBytes  9.44 Mbits/sec  4013/0      802 pps
[  3] 40.0000-45.0000 sec  5.62 MBytes  9.44 Mbits/sec  4012/0      802 pps
[  3] 45.0000-50.0000 sec  5.62 MBytes  9.44 Mbits/sec  4012/0      802 pps
[  3] 50.0000-55.0000 sec  5.63 MBytes  9.44 Mbits/sec  4013/0      802 pps
[  3] 55.0000-60.0000 sec  5.62 MBytes  9.44 Mbits/sec  4012/0      802 pps
[  3] 60.0000-65.0000 sec  5.63 MBytes  9.44 Mbits/sec  4013/0      802 pps
[  3] 65.0000-70.0000 sec  5.62 MBytes  9.44 Mbits/sec  4012/0      802 pps
[  3] 70.0000-75.0000 sec  5.62 MBytes  9.44 Mbits/sec  4012/0      802 pps
[  3] 75.0000-80.0000 sec  5.63 MBytes  9.44 Mbits/sec  4013/0      803 pps
[  3] 80.0000-85.0000 sec  5.62 MBytes  9.44 Mbits/sec  4012/0      802 pps
[  3] 85.0000-90.0000 sec  5.63 MBytes  9.44 Mbits/sec  4013/0      802 pps
[  3] 90.0000-95.0000 sec  5.62 MBytes  9.44 Mbits/sec  4012/0      802 pps
[  3] 95.0000-100.0000 sec  5.63 MBytes  9.44 Mbits/sec  4013/0      802 pps
[  3] 100.0000-105.0000 sec  5.62 MBytes  9.44 Mbits/sec  4012/0      802 pps
[  3] 105.0000-110.0000 sec  5.62 MBytes  9.44 Mbits/sec  4012/0      802 pps
[  3] 110.0000-115.0000 sec  5.63 MBytes  9.44 Mbits/sec  4013/0      802 pps
[  3] 115.0000-120.0000 sec  5.62 MBytes  9.44 Mbits/sec  4012/0      802 pps
[  3] 120.0000-125.0000 sec  5.62 MBytes  9.44 Mbits/sec  4012/0      803 pps
[  3] 125.0000-130.0000 sec  5.63 MBytes  9.44 Mbits/sec  4013/0      802 pps
[  3] 130.0000-135.0000 sec  5.62 MBytes  9.44 Mbits/sec  4012/0      802 pps
[  3] 135.0000-140.0000 sec  5.63 MBytes  9.44 Mbits/sec  4013/0      803 pps
[  3] 140.0000-145.0000 sec  5.62 MBytes  9.44 Mbits/sec  4012/0      802 pps
[  3] 145.0000-150.0000 sec  5.62 MBytes  9.44 Mbits/sec  4012/0      802 pps
[  3] 150.0000-155.0000 sec  5.63 MBytes  9.44 Mbits/sec  4013/0      802 pps
[  3] 155.0000-160.0000 sec  5.62 MBytes  9.44 Mbits/sec  4012/0      803 pps
[  3] 160.0000-165.0000 sec  5.63 MBytes  9.44 Mbits/sec  4013/0      802 pps
[  3] 165.0000-170.0000 sec  5.62 MBytes  9.44 Mbits/sec  4012/0      803 pps
[  3] 170.0000-175.0000 sec  5.62 MBytes  9.44 Mbits/sec  4012/0      802 pps
[  3] 175.0000-180.0000 sec  5.62 MBytes  9.44 Mbits/sec  4012/0      802 pps
[  3] 180.0000-185.0000 sec  5.63 MBytes  9.44 Mbits/sec  4013/0      803 pps
[  3] 185.0000-190.0000 sec  5.63 MBytes  9.44 Mbits/sec  4013/0      803 pps
[  3] 190.0000-195.0000 sec  5.62 MBytes  9.44 Mbits/sec  4012/0      802 pps
[  3] 195.0000-200.0000 sec  5.62 MBytes  9.44 Mbits/sec  4012/0      802 pps
[  3] 200.0000-205.0000 sec  5.63 MBytes  9.44 Mbits/sec  4013/0      802 pps
[  3] 205.0000-210.0000 sec  5.62 MBytes  9.44 Mbits/sec  4012/0      802 pps
[  3] 210.0000-215.0000 sec  5.63 MBytes  9.44 Mbits/sec  4013/0      803 pps
[  3] 215.0000-220.0000 sec  5.62 MBytes  9.44 Mbits/sec  4012/0      802 pps
[  3] 220.0000-225.0000 sec  5.63 MBytes  9.44 Mbits/sec  4013/0      802 pps
[  3] 225.0000-230.0000 sec  5.62 MBytes  9.44 Mbits/sec  4012/0      802 pps
[  3] 230.0000-235.0000 sec  5.62 MBytes  9.44 Mbits/sec  4012/0      803 pps
[  3] 235.0000-240.0000 sec  5.63 MBytes  9.44 Mbits/sec  4013/0      802 pps
[  3] 240.0000-245.0000 sec  5.62 MBytes  9.44 Mbits/sec  4012/0      802 pps
[  3] 245.0000-250.0000 sec  5.62 MBytes  9.44 Mbits/sec  4012/0      802 pps
[  3] 250.0000-255.0000 sec  5.63 MBytes  9.44 Mbits/sec  4013/0      803 pps
[  3] 255.0000-260.0000 sec  5.63 MBytes  9.44 Mbits/sec  4013/0      802 pps
[  3] 260.0000-265.0000 sec  5.62 MBytes  9.44 Mbits/sec  4012/0      803 pps
[  3] 265.0000-270.0000 sec  5.62 MBytes  9.44 Mbits/sec  4012/0      802 pps
[  3] 270.0000-275.0000 sec  5.63 MBytes  9.44 Mbits/sec  4013/0      802 pps
[  3] 275.0000-280.0000 sec  5.62 MBytes  9.44 Mbits/sec  4012/0      803 pps
[  3] 280.0000-285.0000 sec  5.62 MBytes  9.44 Mbits/sec  4012/0      802 pps
[  3] 285.0000-290.0000 sec  5.63 MBytes  9.44 Mbits/sec  4013/0      803 pps
[  3] 290.0000-295.0000 sec  5.62 MBytes  9.44 Mbits/sec  4012/0      802 pps
[  3] 0.0000-300.0010 sec   338 MBytes  9.44 Mbits/sec  240745/0      802 pps
[  3] Sent 240745 datagrams
[  3] Server Report:
[  3] 0.0000-300.0115 sec   228 MBytes  6.39 Mbits/sec   0.756 ms 77845/240745 (32%) 45.359/ 0.004/8538.769/ 0.121 ms  802 pps  17.60
[  3] 0.0000-300.0115 sec  3031 datagrams received out-of-order
------------------------------------------------------------
Client connecting to 10.0.0.3, UDP port 5001 with pid 11871
Sending 1470 byte datagrams, IPG target: 1246.13 us (kalman adjust)
UDP buffer size:  208 KByte (default)
------------------------------------------------------------
[  3] local 10.0.0.1 port 58371 connected with 10.0.0.3 port 5001
[ ID] Interval            Transfer     Bandwidth      Write/Err  PPS
[  3] 0.0000-5.0000 sec  5.63 MBytes  9.44 Mbits/sec  4013/0      803 pps
[  3] 5.0000-10.0000 sec  5.63 MBytes  9.44 Mbits/sec  4013/0      803 pps
[  3] 10.0000-15.0000 sec  5.63 MBytes  9.44 Mbits/sec  4013/0      802 pps
[  3] 15.0000-20.0000 sec  5.62 MBytes  9.44 Mbits/sec  4012/0      802 pps
[  3] 20.0000-25.0000 sec  5.62 MBytes  9.44 Mbits/sec  4012/0      803 pps
[  3] 25.0000-30.0000 sec  5.63 MBytes  9.44 Mbits/sec  4013/0      803 pps
[  3] 30.0000-35.0000 sec  5.62 MBytes  9.44 Mbits/sec  4012/0      802 pps
[  3] 35.0000-40.0000 sec  5.62 MBytes  9.43 Mbits/sec  4011/0      802 pps
[  3] 40.0000-45.0000 sec  5.63 MBytes  9.44 Mbits/sec  4014/0      803 pps
[  3] 45.0000-50.0000 sec  5.63 MBytes  9.44 Mbits/sec  4013/0      803 pps
[  3] 50.0000-55.0000 sec  5.62 MBytes  9.44 Mbits/sec  4012/0      802 pps
[  3] 55.0000-60.0000 sec  5.62 MBytes  9.44 Mbits/sec  4012/0      803 pps
[  3] 60.0000-65.0000 sec  5.63 MBytes  9.44 Mbits/sec  4013/0      802 pps
[  3] 65.0000-70.0000 sec  5.62 MBytes  9.44 Mbits/sec  4012/0      802 pps
[  3] 70.0000-75.0000 sec  5.62 MBytes  9.44 Mbits/sec  4012/0      803 pps
[  3] 75.0000-80.0000 sec  5.63 MBytes  9.44 Mbits/sec  4013/0      802 pps
[  3] 80.0000-85.0000 sec  5.62 MBytes  9.44 Mbits/sec  4012/0      803 pps
[  3] 85.0000-90.0000 sec  5.63 MBytes  9.44 Mbits/sec  4013/0      802 pps
[  3] 90.0000-95.0000 sec  5.62 MBytes  9.44 Mbits/sec  4012/0      803 pps
[  3] 95.0000-100.0000 sec  5.62 MBytes  9.43 Mbits/sec  4009/0      802 pps
[  3] 100.0000-105.0000 sec  5.63 MBytes  9.45 Mbits/sec  4016/0      803 pps
[  3] 105.0000-110.0000 sec  5.63 MBytes  9.44 Mbits/sec  4013/0      802 pps
[  3] 110.0000-115.0000 sec  5.62 MBytes  9.44 Mbits/sec  4012/0      802 pps
[  3] 115.0000-120.0000 sec  5.62 MBytes  9.44 Mbits/sec  4012/0      802 pps
[  3] 120.0000-125.0000 sec  5.63 MBytes  9.44 Mbits/sec  4013/0      802 pps
[  3] 125.0000-130.0000 sec  5.62 MBytes  9.43 Mbits/sec  4011/0      802 pps
[  3] 130.0000-135.0000 sec  5.63 MBytes  9.44 Mbits/sec  4013/0      803 pps
[  3] 135.0000-140.0000 sec  5.62 MBytes  9.44 Mbits/sec  4012/0      803 pps
[  3] 140.0000-145.0000 sec  5.63 MBytes  9.44 Mbits/sec  4013/0      803 pps
[  3] 145.0000-150.0000 sec  5.62 MBytes  9.44 Mbits/sec  4012/0      802 pps
[  3] 150.0000-155.0000 sec  5.62 MBytes  9.44 Mbits/sec  4012/0      802 pps
[  3] 155.0000-160.0000 sec  5.63 MBytes  9.44 Mbits/sec  4013/0      803 pps
[  3] 160.0000-165.0000 sec  5.63 MBytes  9.44 Mbits/sec  4013/0      802 pps
[  3] 165.0000-170.0000 sec  5.62 MBytes  9.44 Mbits/sec  4012/0      802 pps
[  3] 170.0000-175.0000 sec  5.62 MBytes  9.44 Mbits/sec  4012/0      803 pps
[  3] 175.0000-180.0000 sec  5.63 MBytes  9.44 Mbits/sec  4013/0      802 pps
[  3] 180.0000-185.0000 sec  5.62 MBytes  9.44 Mbits/sec  4012/0      802 pps
[  3] 185.0000-190.0000 sec  5.63 MBytes  9.44 Mbits/sec  4013/0      803 pps
[  3] 190.0000-195.0000 sec  5.62 MBytes  9.44 Mbits/sec  4012/0      802 pps
[  3] 195.0000-200.0000 sec  5.62 MBytes  9.44 Mbits/sec  4012/0      802 pps
[  3] 200.0000-205.0000 sec  5.63 MBytes  9.44 Mbits/sec  4013/0      803 pps
[  3] 205.0000-210.0000 sec  5.62 MBytes  9.44 Mbits/sec  4012/0      802 pps
[  3] 210.0000-215.0000 sec  5.63 MBytes  9.44 Mbits/sec  4013/0      803 pps
[  3] 215.0000-220.0000 sec  5.62 MBytes  9.44 Mbits/sec  4012/0      802 pps
[  3] 220.0000-225.0000 sec  5.62 MBytes  9.44 Mbits/sec  4012/0      802 pps
[  3] 225.0000-230.0000 sec  5.63 MBytes  9.44 Mbits/sec  4013/0      802 pps
[  3] 230.0000-235.0000 sec  5.62 MBytes  9.44 Mbits/sec  4012/0      802 pps
[  3] 235.0000-240.0000 sec  5.63 MBytes  9.44 Mbits/sec  4013/0      802 pps
[  3] 240.0000-245.0000 sec  5.62 MBytes  9.44 Mbits/sec  4012/0      803 pps
[  3] 245.0000-250.0000 sec  5.63 MBytes  9.44 Mbits/sec  4013/0      802 pps
[  3] 250.0000-255.0000 sec  5.62 MBytes  9.44 Mbits/sec  4012/0      802 pps
[  3] 255.0000-260.0000 sec  5.62 MBytes  9.44 Mbits/sec  4012/0      802 pps
[  3] 260.0000-265.0000 sec  5.63 MBytes  9.44 Mbits/sec  4013/0      802 pps
[  3] 265.0000-270.0000 sec  5.62 MBytes  9.44 Mbits/sec  4012/0      802 pps
[  3] 270.0000-275.0000 sec  5.63 MBytes  9.44 Mbits/sec  4013/0      803 pps
[  3] 275.0000-280.0000 sec  5.62 MBytes  9.44 Mbits/sec  4012/0      802 pps
[  3] 280.0000-285.0000 sec  5.62 MBytes  9.44 Mbits/sec  4012/0      802 pps
[  3] 285.0000-290.0000 sec  5.63 MBytes  9.44 Mbits/sec  4013/0      802 pps
[  3] 290.0000-295.0000 sec  5.63 MBytes  9.44 Mbits/sec  4013/0      802 pps
[  3] 0.0000-300.0012 sec   338 MBytes  9.44 Mbits/sec  240745/0      802 pps
[  3] Sent 240745 datagrams
[  3] Server Report:
[  3] 0.0000-300.1140 sec   215 MBytes  6.02 Mbits/sec  550.532 ms 87151/240746 (36%) 22.477/ 0.008/5384.951/ 0.108 ms  802 pps  33.47
[  3] 0.0000-300.1140 sec  1500 datagrams received out-of-order
------------------------------------------------------------
Client connecting to 10.0.0.3, UDP port 5001 with pid 13767
Sending 1470 byte datagrams, IPG target: 1246.13 us (kalman adjust)
UDP buffer size:  208 KByte (default)
------------------------------------------------------------
[  3] local 10.0.0.1 port 45589 connected with 10.0.0.3 port 5001
[ ID] Interval            Transfer     Bandwidth      Write/Err  PPS
[  3] 0.0000-5.0000 sec  5.63 MBytes  9.44 Mbits/sec  4014/0      803 pps
[  3] 5.0000-10.0000 sec  5.62 MBytes  9.44 Mbits/sec  4012/0      802 pps
[  3] 10.0000-15.0000 sec  5.63 MBytes  9.44 Mbits/sec  4013/0      802 pps
[  3] 15.0000-20.0000 sec  5.62 MBytes  9.44 Mbits/sec  4012/0      802 pps
[  3] 20.0000-25.0000 sec  5.63 MBytes  9.44 Mbits/sec  4013/0      803 pps
[  3] 25.0000-30.0000 sec  5.62 MBytes  9.44 Mbits/sec  4012/0      802 pps
[  3] 30.0000-35.0000 sec  5.62 MBytes  9.44 Mbits/sec  4012/0      803 pps
[  3] 35.0000-40.0000 sec  5.63 MBytes  9.44 Mbits/sec  4013/0      802 pps
[  3] 40.0000-45.0000 sec  5.62 MBytes  9.44 Mbits/sec  4012/0      802 pps
[  3] 45.0000-50.0000 sec  5.62 MBytes  9.44 Mbits/sec  4012/0      802 pps
[  3] 50.0000-55.0000 sec  5.63 MBytes  9.44 Mbits/sec  4013/0      803 pps
[  3] 55.0000-60.0000 sec  5.62 MBytes  9.44 Mbits/sec  4012/0      803 pps
[  3] 60.0000-65.0000 sec  5.63 MBytes  9.44 Mbits/sec  4013/0      802 pps
[  3] 65.0000-70.0000 sec  5.62 MBytes  9.44 Mbits/sec  4012/0      803 pps
[  3] 70.0000-75.0000 sec  5.63 MBytes  9.44 Mbits/sec  4013/0      803 pps
[  3] 75.0000-80.0000 sec  5.62 MBytes  9.43 Mbits/sec  4011/0      802 pps
[  3] 80.0000-85.0000 sec  5.62 MBytes  9.44 Mbits/sec  4012/0      802 pps
[  3] 85.0000-90.0000 sec  5.62 MBytes  9.44 Mbits/sec  4012/0      802 pps
[  3] 90.0000-95.0000 sec  5.63 MBytes  9.44 Mbits/sec  4014/0      803 pps
[  3] 95.0000-100.0000 sec  5.63 MBytes  9.44 Mbits/sec  4013/0      802 pps
[  3] 100.0000-105.0000 sec  5.62 MBytes  9.44 Mbits/sec  4012/0      802 pps
[  3] 105.0000-110.0000 sec  5.62 MBytes  9.44 Mbits/sec  4012/0      802 pps
[  3] 110.0000-115.0000 sec  5.63 MBytes  9.44 Mbits/sec  4013/0      802 pps
[  3] 115.0000-120.0000 sec  5.62 MBytes  9.44 Mbits/sec  4012/0      803 pps
[  3] 120.0000-125.0000 sec  5.63 MBytes  9.44 Mbits/sec  4013/0      802 pps
[  3] 125.0000-130.0000 sec  5.62 MBytes  9.44 Mbits/sec  4012/0      802 pps
[  3] 130.0000-135.0000 sec  5.62 MBytes  9.44 Mbits/sec  4012/0      802 pps
[  3] 135.0000-140.0000 sec  5.63 MBytes  9.44 Mbits/sec  4013/0      803 pps
[  3] 140.0000-145.0000 sec  5.62 MBytes  9.44 Mbits/sec  4012/0      802 pps
[  3] 145.0000-150.0000 sec  5.63 MBytes  9.44 Mbits/sec  4013/0      803 pps
[  3] 150.0000-155.0000 sec  5.62 MBytes  9.44 Mbits/sec  4012/0      802 pps
[  3] 155.0000-160.0000 sec  5.62 MBytes  9.44 Mbits/sec  4012/0      802 pps
[  3] 160.0000-165.0000 sec  5.63 MBytes  9.44 Mbits/sec  4013/0      802 pps
[  3] 165.0000-170.0000 sec  5.62 MBytes  9.44 Mbits/sec  4012/0      802 pps
[  3] 170.0000-175.0000 sec  5.63 MBytes  9.44 Mbits/sec  4013/0      802 pps
[  3] 175.0000-180.0000 sec  5.62 MBytes  9.44 Mbits/sec  4012/0      803 pps
[  3] 180.0000-185.0000 sec  5.62 MBytes  9.44 Mbits/sec  4012/0      802 pps
[  3] 185.0000-190.0000 sec  5.63 MBytes  9.44 Mbits/sec  4013/0      803 pps
[  3] 190.0000-195.0000 sec  5.62 MBytes  9.44 Mbits/sec  4012/0      802 pps
[  3] 195.0000-200.0000 sec  5.63 MBytes  9.44 Mbits/sec  4013/0      802 pps
[  3] 200.0000-205.0000 sec  5.62 MBytes  9.44 Mbits/sec  4012/0      802 pps
[  3] 205.0000-210.0000 sec  5.62 MBytes  9.44 Mbits/sec  4012/0      803 pps
[  3] 210.0000-215.0000 sec  5.62 MBytes  9.44 Mbits/sec  4012/0      802 pps
[  3] 215.0000-220.0000 sec  5.63 MBytes  9.44 Mbits/sec  4013/0      803 pps
[  3] 220.0000-225.0000 sec  5.63 MBytes  9.44 Mbits/sec  4013/0      803 pps
[  3] 225.0000-230.0000 sec  5.62 MBytes  9.44 Mbits/sec  4012/0      802 pps
[  3] 230.0000-235.0000 sec  5.62 MBytes  9.44 Mbits/sec  4012/0      803 pps
[  3] 235.0000-240.0000 sec  5.63 MBytes  9.44 Mbits/sec  4013/0      803 pps
[  3] 240.0000-245.0000 sec  5.62 MBytes  9.44 Mbits/sec  4012/0      803 pps
[  3] 245.0000-250.0000 sec  5.63 MBytes  9.44 Mbits/sec  4013/0      802 pps
[  3] 250.0000-255.0000 sec  5.62 MBytes  9.44 Mbits/sec  4012/0      803 pps
[  3] 255.0000-260.0000 sec  5.63 MBytes  9.44 Mbits/sec  4013/0      803 pps
[  3] 260.0000-265.0000 sec  5.62 MBytes  9.44 Mbits/sec  4012/0      802 pps
[  3] 265.0000-270.0000 sec  5.62 MBytes  9.44 Mbits/sec  4012/0      802 pps
[  3] 270.0000-275.0000 sec  5.63 MBytes  9.44 Mbits/sec  4013/0      802 pps
[  3] 275.0000-280.0000 sec  5.62 MBytes  9.44 Mbits/sec  4012/0      802 pps
[  3] 280.0000-285.0000 sec  5.63 MBytes  9.44 Mbits/sec  4013/0      803 pps
[  3] 285.0000-290.0000 sec  5.62 MBytes  9.44 Mbits/sec  4012/0      802 pps
[  3] 290.0000-295.0000 sec  5.63 MBytes  9.44 Mbits/sec  4013/0      803 pps
[  3] 0.0000-300.0007 sec   338 MBytes  9.44 Mbits/sec  240745/0      802 pps
[  3] Sent 240745 datagrams
[  3] Server Report:
[  3] 0.0000-301.4618 sec  68.5 MBytes  1.91 Mbits/sec  68.189 ms 191871/240750 (80%) 334.628/ 0.638/1475.055/ 0.216 ms  798 pps  0.71
[  3] 0.0000-301.4618 sec  80 datagrams received out-of-order
------------------------------------------------------------
Client connecting to 10.0.0.3, UDP port 5001 with pid 21234
Sending 1470 byte datagrams, IPG target: 1246.13 us (kalman adjust)
UDP buffer size:  208 KByte (default)
------------------------------------------------------------
[  3] local 10.0.0.1 port 55073 connected with 10.0.0.3 port 5001
[ ID] Interval            Transfer     Bandwidth      Write/Err  PPS
[  3] 0.0000-5.0000 sec  5.63 MBytes  9.44 Mbits/sec  4014/0      803 pps
[  3] 5.0000-10.0000 sec  5.62 MBytes  9.44 Mbits/sec  4012/0      802 pps
[  3] 10.0000-15.0000 sec  5.62 MBytes  9.44 Mbits/sec  4012/0      803 pps
[  3] 15.0000-20.0000 sec  5.63 MBytes  9.44 Mbits/sec  4013/0      803 pps
[  3] 20.0000-25.0000 sec  5.62 MBytes  9.44 Mbits/sec  4012/0      802 pps
[  3] 25.0000-30.0000 sec  5.63 MBytes  9.44 Mbits/sec  4013/0      803 pps
[  3] 30.0000-35.0000 sec  5.62 MBytes  9.44 Mbits/sec  4012/0      803 pps
[  3] 35.0000-40.0000 sec  5.62 MBytes  9.44 Mbits/sec  4012/0      802 pps
[  3] 40.0000-45.0000 sec  5.63 MBytes  9.44 Mbits/sec  4013/0      803 pps
[  3] 45.0000-50.0000 sec  5.62 MBytes  9.44 Mbits/sec  4012/0      803 pps
[  3] 50.0000-55.0000 sec  5.63 MBytes  9.44 Mbits/sec  4013/0      802 pps
[  3] 55.0000-60.0000 sec  5.62 MBytes  9.44 Mbits/sec  4012/0      802 pps
[  3] 60.0000-65.0000 sec  5.63 MBytes  9.44 Mbits/sec  4013/0      803 pps
------------------------------------------------------------
Client connecting to 10.0.0.3, UDP port 5001 with pid 23281
Sending 1470 byte datagrams, IPG target: 1246.13 us (kalman adjust)
UDP buffer size:  208 KByte (default)
------------------------------------------------------------
[  3] local 10.0.0.1 port 39203 connected with 10.0.0.3 port 5001
[ ID] Interval            Transfer     Bandwidth      Write/Err  PPS
[  3] 0.0000-5.0000 sec  5.63 MBytes  9.44 Mbits/sec  4014/0      803 pps
[  3] 5.0000-10.0000 sec  5.62 MBytes  9.44 Mbits/sec  4012/0      802 pps
[  3] 10.0000-15.0000 sec  5.62 MBytes  9.44 Mbits/sec  4012/0      802 pps
[  3] 15.0000-20.0000 sec  5.63 MBytes  9.44 Mbits/sec  4013/0      803 pps
[  3] 20.0000-25.0000 sec  5.62 MBytes  9.44 Mbits/sec  4012/0      802 pps
[  3] 25.0000-30.0000 sec  5.63 MBytes  9.44 Mbits/sec  4013/0      802 pps
[  3] 30.0000-35.0000 sec  5.62 MBytes  9.43 Mbits/sec  4011/0      802 pps
[  3] 35.0000-40.0000 sec  5.63 MBytes  9.44 Mbits/sec  4013/0      802 pps
[  3] 40.0000-45.0000 sec  5.63 MBytes  9.44 Mbits/sec  4013/0      803 pps
[  3] 45.0000-50.0000 sec  5.62 MBytes  9.44 Mbits/sec  4012/0      802 pps
[  3] 50.0000-55.0000 sec  5.62 MBytes  9.44 Mbits/sec  4012/0      802 pps
[  3] 55.0000-60.0000 sec  5.63 MBytes  9.44 Mbits/sec  4013/0      803 pps
[  3] 60.0000-65.0000 sec  5.63 MBytes  9.44 Mbits/sec  4013/0      803 pps
[  3] 65.0000-70.0000 sec  5.62 MBytes  9.44 Mbits/sec  4012/0      802 pps
[  3] 70.0000-75.0000 sec  5.63 MBytes  9.44 Mbits/sec  4013/0      802 pps
[  3] 75.0000-80.0000 sec  5.62 MBytes  9.44 Mbits/sec  4012/0      803 pps
[  3] 80.0000-85.0000 sec  5.62 MBytes  9.44 Mbits/sec  4012/0      802 pps
[  3] 85.0000-90.0000 sec  5.63 MBytes  9.44 Mbits/sec  4013/0      802 pps
[  3] 90.0000-95.0000 sec  5.62 MBytes  9.44 Mbits/sec  4012/0      802 pps
[  3] 95.0000-100.0000 sec  5.63 MBytes  9.44 Mbits/sec  4013/0      802 pps
[  3] 100.0000-105.0000 sec  5.62 MBytes  9.44 Mbits/sec  4012/0      802 pps
[  3] 105.0000-110.0000 sec  5.62 MBytes  9.44 Mbits/sec  4012/0      802 pps
[  3] 110.0000-115.0000 sec  5.63 MBytes  9.44 Mbits/sec  4013/0      802 pps
[  3] 115.0000-120.0000 sec  5.62 MBytes  9.44 Mbits/sec  4012/0      803 pps
[  3] 120.0000-125.0000 sec  5.63 MBytes  9.44 Mbits/sec  4013/0      802 pps
[  3] 125.0000-130.0000 sec  5.62 MBytes  9.44 Mbits/sec  4012/0      802 pps
[  3] 130.0000-135.0000 sec  5.62 MBytes  9.44 Mbits/sec  4012/0      802 pps
[  3] 135.0000-140.0000 sec  5.63 MBytes  9.44 Mbits/sec  4013/0      803 pps
[  3] 140.0000-145.0000 sec  5.62 MBytes  9.44 Mbits/sec  4012/0      802 pps
[  3] 145.0000-150.0000 sec  5.62 MBytes  9.44 Mbits/sec  4012/0      802 pps
[  3] 150.0000-155.0000 sec  5.63 MBytes  9.44 Mbits/sec  4013/0      802 pps
[  3] 155.0000-160.0000 sec  5.62 MBytes  9.44 Mbits/sec  4012/0      803 pps
[  3] 160.0000-165.0000 sec  5.63 MBytes  9.44 Mbits/sec  4013/0      802 pps
[  3] 165.0000-170.0000 sec  5.62 MBytes  9.43 Mbits/sec  4011/0      802 pps
[  3] 170.0000-175.0000 sec  5.63 MBytes  9.44 Mbits/sec  4013/0      803 pps
[  3] 175.0000-180.0000 sec  5.63 MBytes  9.44 Mbits/sec  4013/0      803 pps
[  3] 180.0000-185.0000 sec  5.62 MBytes  9.44 Mbits/sec  4012/0      802 pps
[  3] 185.0000-190.0000 sec  5.63 MBytes  9.44 Mbits/sec  4013/0      802 pps
[  3] 190.0000-195.0000 sec  5.62 MBytes  9.44 Mbits/sec  4012/0      802 pps
[  3] 195.0000-200.0000 sec  5.63 MBytes  9.44 Mbits/sec  4013/0      803 pps
[  3] 200.0000-205.0000 sec  5.62 MBytes  9.44 Mbits/sec  4012/0      802 pps
[  3] 205.0000-210.0000 sec  5.62 MBytes  9.44 Mbits/sec  4012/0      802 pps
[  3] 210.0000-215.0000 sec  5.63 MBytes  9.44 Mbits/sec  4013/0      802 pps
[  3] 215.0000-220.0000 sec  5.62 MBytes  9.44 Mbits/sec  4012/0      803 pps
[  3] 220.0000-225.0000 sec  5.63 MBytes  9.44 Mbits/sec  4013/0      802 pps
[  3] 225.0000-230.0000 sec  5.62 MBytes  9.44 Mbits/sec  4012/0      803 pps
[  3] 230.0000-235.0000 sec  5.62 MBytes  9.44 Mbits/sec  4012/0      802 pps
[  3] 235.0000-240.0000 sec  5.63 MBytes  9.44 Mbits/sec  4013/0      802 pps
[  3] 240.0000-245.0000 sec  5.62 MBytes  9.44 Mbits/sec  4012/0      802 pps
[  3] 245.0000-250.0000 sec  5.62 MBytes  9.44 Mbits/sec  4012/0      802 pps
[  3] 250.0000-255.0000 sec  5.63 MBytes  9.44 Mbits/sec  4013/0      803 pps
[  3] 255.0000-260.0000 sec  5.62 MBytes  9.43 Mbits/sec  4010/0      802 pps
[  3] 260.0000-265.0000 sec  5.63 MBytes  9.44 Mbits/sec  4015/0      803 pps
[  3] 265.0000-270.0000 sec  5.62 MBytes  9.44 Mbits/sec  4012/0      802 pps
[  3] 270.0000-275.0000 sec  5.63 MBytes  9.44 Mbits/sec  4013/0      803 pps
[  3] 275.0000-280.0000 sec  5.62 MBytes  9.44 Mbits/sec  4012/0      802 pps
[  3] 280.0000-285.0000 sec  5.63 MBytes  9.44 Mbits/sec  4013/0      802 pps
[  3] 285.0000-290.0000 sec  5.62 MBytes  9.44 Mbits/sec  4012/0      802 pps
[  3] 290.0000-295.0000 sec  5.62 MBytes  9.44 Mbits/sec  4012/0      802 pps
[  3] 0.0000-300.0007 sec   338 MBytes  9.44 Mbits/sec  240745/0      802 pps
[  3] Sent 240745 datagrams
[  3] Server Report:
[  3] 0.0000-300.6141 sec  91.5 MBytes  2.55 Mbits/sec   0.612 ms 175511/240746 (73%) 465.157/27.479/1160.390/ 0.151 ms  800 pps  0.69
[  3] 0.0000-300.6141 sec  423 datagrams received out-of-order
------------------------------------------------------------
Client connecting to 10.0.0.3, UDP port 5001 with pid 32153
Sending 1470 byte datagrams, IPG target: 1246.13 us (kalman adjust)
UDP buffer size:  208 KByte (default)
------------------------------------------------------------
[  3] local 10.0.0.1 port 53900 connected with 10.0.0.3 port 5001
[ ID] Interval            Transfer     Bandwidth      Write/Err  PPS
[  3] 0.0000-5.0000 sec  5.63 MBytes  9.44 Mbits/sec  4014/0      803 pps
[  3] 5.0000-10.0000 sec  5.62 MBytes  9.44 Mbits/sec  4012/0      802 pps
[  3] 10.0000-15.0000 sec  5.62 MBytes  9.44 Mbits/sec  4012/0      802 pps
[  3] 15.0000-20.0000 sec  5.63 MBytes  9.44 Mbits/sec  4013/0      803 pps
[  3] 20.0000-25.0000 sec  5.63 MBytes  9.44 Mbits/sec  4013/0      802 pps
[  3] 25.0000-30.0000 sec  5.62 MBytes  9.44 Mbits/sec  4012/0      802 pps
[  3] 30.0000-35.0000 sec  5.62 MBytes  9.44 Mbits/sec  4012/0      802 pps
[  3] 35.0000-40.0000 sec  5.63 MBytes  9.44 Mbits/sec  4013/0      802 pps
[  3] 40.0000-45.0000 sec  5.62 MBytes  9.44 Mbits/sec  4012/0      802 pps
[  3] 45.0000-50.0000 sec  5.62 MBytes  9.44 Mbits/sec  4012/0      803 pps
[  3] 50.0000-55.0000 sec  5.62 MBytes  9.44 Mbits/sec  4012/0      802 pps
[  3] 55.0000-60.0000 sec  5.63 MBytes  9.44 Mbits/sec  4013/0      803 pps
[  3] 60.0000-65.0000 sec  5.63 MBytes  9.44 Mbits/sec  4013/0      803 pps
[  3] 65.0000-70.0000 sec  5.62 MBytes  9.44 Mbits/sec  4012/0      802 pps
[  3] 70.0000-75.0000 sec  5.62 MBytes  9.44 Mbits/sec  4012/0      802 pps
[  3] 75.0000-80.0000 sec  5.62 MBytes  9.44 Mbits/sec  4012/0      802 pps
[  3] 80.0000-85.0000 sec  5.63 MBytes  9.44 Mbits/sec  4013/0      803 pps
[  3] 85.0000-90.0000 sec  5.63 MBytes  9.44 Mbits/sec  4013/0      802 pps
[  3] 90.0000-95.0000 sec  5.62 MBytes  9.44 Mbits/sec  4012/0      803 pps
[  3] 95.0000-100.0000 sec  5.63 MBytes  9.44 Mbits/sec  4013/0      802 pps
[  3] 100.0000-105.0000 sec  5.62 MBytes  9.44 Mbits/sec  4012/0      802 pps
[  3] 105.0000-110.0000 sec  5.63 MBytes  9.44 Mbits/sec  4013/0      803 pps
[  3] 110.0000-115.0000 sec  5.62 MBytes  9.44 Mbits/sec  4012/0      803 pps
[  3] 115.0000-120.0000 sec  5.62 MBytes  9.43 Mbits/sec  4011/0      802 pps
[  3] 120.0000-125.0000 sec  5.63 MBytes  9.44 Mbits/sec  4014/0      803 pps
[  3] 125.0000-130.0000 sec  5.62 MBytes  9.44 Mbits/sec  4012/0      802 pps
[  3] 130.0000-135.0000 sec  5.62 MBytes  9.44 Mbits/sec  4012/0      802 pps
[  3] 135.0000-140.0000 sec  5.63 MBytes  9.44 Mbits/sec  4013/0      802 pps
[  3] 140.0000-145.0000 sec  5.62 MBytes  9.44 Mbits/sec  4012/0      802 pps
[  3] 145.0000-150.0000 sec  5.62 MBytes  9.44 Mbits/sec  4012/0      802 pps
[  3] 150.0000-155.0000 sec  5.63 MBytes  9.44 Mbits/sec  4013/0      803 pps
[  3] 155.0000-160.0000 sec  5.62 MBytes  9.44 Mbits/sec  4012/0      802 pps
[  3] 160.0000-165.0000 sec  5.63 MBytes  9.44 Mbits/sec  4013/0      802 pps
[  3] 165.0000-170.0000 sec  5.62 MBytes  9.44 Mbits/sec  4012/0      803 pps
[  3] 170.0000-175.0000 sec  5.63 MBytes  9.44 Mbits/sec  4013/0      802 pps
[  3] 175.0000-180.0000 sec  5.62 MBytes  9.44 Mbits/sec  4012/0      803 pps
[  3] 180.0000-185.0000 sec  5.63 MBytes  9.44 Mbits/sec  4013/0      802 pps
[  3] 185.0000-190.0000 sec  5.62 MBytes  9.43 Mbits/sec  4011/0      802 pps
[  3] 190.0000-195.0000 sec  5.63 MBytes  9.44 Mbits/sec  4013/0      803 pps
[  3] 195.0000-200.0000 sec  5.62 MBytes  9.44 Mbits/sec  4012/0      802 pps
[  3] 200.0000-205.0000 sec  5.63 MBytes  9.44 Mbits/sec  4013/0      803 pps
[  3] 205.0000-210.0000 sec  5.63 MBytes  9.44 Mbits/sec  4013/0      802 pps
[  3] 210.0000-215.0000 sec  5.62 MBytes  9.44 Mbits/sec  4012/0      803 pps
[  3] 215.0000-220.0000 sec  5.62 MBytes  9.44 Mbits/sec  4012/0      802 pps
[  3] 220.0000-225.0000 sec  5.62 MBytes  9.43 Mbits/sec  4011/0      802 pps
[  3] 225.0000-230.0000 sec  5.63 MBytes  9.44 Mbits/sec  4014/0      803 pps
[  3] 230.0000-235.0000 sec  5.62 MBytes  9.43 Mbits/sec  4011/0      802 pps
[  3] 235.0000-240.0000 sec  5.63 MBytes  9.44 Mbits/sec  4014/0      803 pps
[  3] 240.0000-245.0000 sec  5.62 MBytes  9.44 Mbits/sec  4012/0      802 pps
[  3] 245.0000-250.0000 sec  5.62 MBytes  9.44 Mbits/sec  4012/0      802 pps
[  3] 250.0000-255.0000 sec  5.63 MBytes  9.44 Mbits/sec  4013/0      803 pps
[  3] 255.0000-260.0000 sec  5.62 MBytes  9.44 Mbits/sec  4012/0      802 pps
[  3] 260.0000-265.0000 sec  5.63 MBytes  9.44 Mbits/sec  4013/0      803 pps
[  3] 265.0000-270.0000 sec  5.62 MBytes  9.44 Mbits/sec  4012/0      802 pps
[  3] 270.0000-275.0000 sec  5.63 MBytes  9.44 Mbits/sec  4013/0      803 pps
[  3] 275.0000-280.0000 sec  5.62 MBytes  9.44 Mbits/sec  4012/0      802 pps
[  3] 280.0000-285.0000 sec  5.63 MBytes  9.44 Mbits/sec  4013/0      803 pps
[  3] 285.0000-290.0000 sec  5.62 MBytes  9.44 Mbits/sec  4012/0      802 pps
[  3] 290.0000-295.0000 sec  5.62 MBytes  9.44 Mbits/sec  4012/0      802 pps
[  3] 0.0000-300.0009 sec   338 MBytes  9.44 Mbits/sec  240745/0      802 pps
[  3] Sent 240745 datagrams
[  3] Server Report:
[  3] 0.0000-300.6352 sec   132 MBytes  3.68 Mbits/sec   0.698 ms 146742/240745 (61%) 680.575/16.226/4449.109/ 0.167 ms  800 pps  0.68
[  3] 0.0000-300.6352 sec  2675 datagrams received out-of-order
