------------------------------------------------------------
Client connecting to 10.0.0.4, UDP port 5001 with pid 34034
Sending 1470 byte datagrams, IPG target: 1869.20 us (kalman adjust)
UDP buffer size:  208 KByte (default)
------------------------------------------------------------
[  3] local 10.0.0.2 port 56504 connected with 10.0.0.4 port 5001
[ ID] Interval            Transfer     Bandwidth      Write/Err  PPS
[  3] 0.0000-5.0000 sec  3.75 MBytes  6.29 Mbits/sec  2676/0      535 pps
[  3] 5.0000-10.0000 sec  3.75 MBytes  6.29 Mbits/sec  2675/0      535 pps
[  3] 10.0000-15.0000 sec  3.75 MBytes  6.29 Mbits/sec  2675/0      535 pps
[  3] 15.0000-20.0000 sec  3.75 MBytes  6.29 Mbits/sec  2675/0      535 pps
[  3] 20.0000-25.0000 sec  3.75 MBytes  6.29 Mbits/sec  2675/0      535 pps
[  3] 25.0000-30.0000 sec  3.75 MBytes  6.29 Mbits/sec  2675/0      535 pps
[  3] 30.0000-35.0000 sec  3.75 MBytes  6.29 Mbits/sec  2675/0      535 pps
[  3] 35.0000-40.0000 sec  3.75 MBytes  6.29 Mbits/sec  2675/0      535 pps
[  3] 40.0000-45.0000 sec  3.75 MBytes  6.29 Mbits/sec  2675/0      535 pps
[  3] 45.0000-50.0000 sec  3.75 MBytes  6.29 Mbits/sec  2675/0      535 pps
[  3] 50.0000-55.0000 sec  3.75 MBytes  6.29 Mbits/sec  2675/0      535 pps
[  3] 55.0000-60.0000 sec  3.75 MBytes  6.29 Mbits/sec  2675/0      535 pps
[  3] 60.0000-65.0000 sec  3.75 MBytes  6.29 Mbits/sec  2675/0      535 pps
[  3] 65.0000-70.0000 sec  3.75 MBytes  6.29 Mbits/sec  2675/0      535 pps
[  3] 70.0000-75.0000 sec  3.75 MBytes  6.29 Mbits/sec  2675/0      535 pps
[  3] 75.0000-80.0000 sec  3.75 MBytes  6.29 Mbits/sec  2674/0      535 pps
[  3] 80.0000-85.0000 sec  3.75 MBytes  6.29 Mbits/sec  2675/0      535 pps
[  3] 85.0000-90.0000 sec  3.75 MBytes  6.29 Mbits/sec  2675/0      535 pps
[  3] 90.0000-95.0000 sec  3.75 MBytes  6.29 Mbits/sec  2675/0      535 pps
[  3] 95.0000-100.0000 sec  3.75 MBytes  6.29 Mbits/sec  2675/0      535 pps
[  3] 100.0000-105.0000 sec  3.75 MBytes  6.29 Mbits/sec  2675/0      535 pps
[  3] 105.0000-110.0000 sec  3.75 MBytes  6.29 Mbits/sec  2675/0      535 pps
[  3] 110.0000-115.0000 sec  3.75 MBytes  6.29 Mbits/sec  2675/0      535 pps
[  3] 115.0000-120.0000 sec  3.75 MBytes  6.29 Mbits/sec  2675/0      535 pps
[  3] 120.0000-125.0000 sec  3.75 MBytes  6.29 Mbits/sec  2675/0      535 pps
[  3] 125.0000-130.0000 sec  3.75 MBytes  6.29 Mbits/sec  2675/0      535 pps
[  3] 130.0000-135.0000 sec  3.75 MBytes  6.29 Mbits/sec  2675/0      535 pps
[  3] 135.0000-140.0000 sec  3.75 MBytes  6.29 Mbits/sec  2675/0      535 pps
[  3] 140.0000-145.0000 sec  3.75 MBytes  6.29 Mbits/sec  2675/0      535 pps
[  3] 145.0000-150.0000 sec  3.75 MBytes  6.29 Mbits/sec  2675/0      535 pps
[  3] 150.0000-155.0000 sec  3.75 MBytes  6.29 Mbits/sec  2675/0      535 pps
[  3] 155.0000-160.0000 sec  3.75 MBytes  6.29 Mbits/sec  2674/0      535 pps
[  3] 160.0000-165.0000 sec  3.75 MBytes  6.29 Mbits/sec  2675/0      535 pps
[  3] 165.0000-170.0000 sec  3.75 MBytes  6.29 Mbits/sec  2675/0      535 pps
[  3] 170.0000-175.0000 sec  3.75 MBytes  6.29 Mbits/sec  2675/0      535 pps
[  3] 175.0000-180.0000 sec  3.75 MBytes  6.29 Mbits/sec  2675/0      535 pps
[  3] 180.0000-185.0000 sec  3.75 MBytes  6.29 Mbits/sec  2675/0      535 pps
[  3] 185.0000-190.0000 sec  3.75 MBytes  6.29 Mbits/sec  2675/0      535 pps
[  3] 190.0000-195.0000 sec  3.75 MBytes  6.29 Mbits/sec  2675/0      535 pps
[  3] 195.0000-200.0000 sec  3.75 MBytes  6.29 Mbits/sec  2675/0      535 pps
[  3] 200.0000-205.0000 sec  3.75 MBytes  6.29 Mbits/sec  2675/0      535 pps
[  3] 205.0000-210.0000 sec  3.75 MBytes  6.29 Mbits/sec  2675/0      535 pps
[  3] 210.0000-215.0000 sec  3.75 MBytes  6.29 Mbits/sec  2675/0      535 pps
[  3] 215.0000-220.0000 sec  3.75 MBytes  6.29 Mbits/sec  2675/0      535 pps
[  3] 220.0000-225.0000 sec  3.75 MBytes  6.29 Mbits/sec  2675/0      535 pps
[  3] 225.0000-230.0000 sec  3.75 MBytes  6.29 Mbits/sec  2675/0      535 pps
[  3] 230.0000-235.0000 sec  3.75 MBytes  6.29 Mbits/sec  2675/0      535 pps
[  3] 235.0000-240.0000 sec  3.75 MBytes  6.29 Mbits/sec  2675/0      535 pps
[  3] 240.0000-245.0000 sec  3.75 MBytes  6.29 Mbits/sec  2674/0      535 pps
[  3] 245.0000-250.0000 sec  3.75 MBytes  6.29 Mbits/sec  2675/0      535 pps
[  3] 250.0000-255.0000 sec  3.75 MBytes  6.29 Mbits/sec  2675/0      535 pps
[  3] 255.0000-260.0000 sec  3.75 MBytes  6.29 Mbits/sec  2675/0      535 pps
[  3] 260.0000-265.0000 sec  3.75 MBytes  6.29 Mbits/sec  2675/0      535 pps
[  3] 265.0000-270.0000 sec  3.75 MBytes  6.29 Mbits/sec  2675/0      535 pps
[  3] 270.0000-275.0000 sec  3.75 MBytes  6.29 Mbits/sec  2675/0      535 pps
[  3] 275.0000-280.0000 sec  3.75 MBytes  6.29 Mbits/sec  2675/0      535 pps
[  3] 280.0000-285.0000 sec  3.75 MBytes  6.29 Mbits/sec  2675/0      535 pps
[  3] 285.0000-290.0000 sec  3.75 MBytes  6.29 Mbits/sec  2675/0      535 pps
[  3] 290.0000-295.0000 sec  3.75 MBytes  6.29 Mbits/sec  2675/0      535 pps
[  3] 0.0000-300.0015 sec   225 MBytes  6.29 Mbits/sec  160497/0      534 pps
[  3] Sent 160497 datagrams
[  3] Server Report:
[  3] 0.0000-299.9417 sec   179 MBytes  5.02 Mbits/sec   0.435 ms 32476/160497 (20%) 321.275/ 1.085/642.137/ 0.082 ms  535 pps  1.95
[  3] 0.0000-299.9417 sec  174 datagrams received out-of-order
------------------------------------------------------------
Client connecting to 10.0.0.4, UDP port 5001 with pid 37366
Sending 1470 byte datagrams, IPG target: 1869.20 us (kalman adjust)
UDP buffer size:  208 KByte (default)
------------------------------------------------------------
[  3] local 10.0.0.2 port 38885 connected with 10.0.0.4 port 5001
[ ID] Interval            Transfer     Bandwidth      Write/Err  PPS
[  3] 0.0000-5.0000 sec  3.75 MBytes  6.29 Mbits/sec  2676/0      535 pps
[  3] 5.0000-10.0000 sec  3.75 MBytes  6.29 Mbits/sec  2675/0      535 pps
[  3] 10.0000-15.0000 sec  3.75 MBytes  6.29 Mbits/sec  2675/0      535 pps
[  3] 15.0000-20.0000 sec  3.75 MBytes  6.29 Mbits/sec  2675/0      535 pps
[  3] 20.0000-25.0000 sec  3.75 MBytes  6.29 Mbits/sec  2675/0      535 pps
[  3] 25.0000-30.0000 sec  3.75 MBytes  6.29 Mbits/sec  2675/0      535 pps
[  3] 30.0000-35.0000 sec  3.75 MBytes  6.29 Mbits/sec  2675/0      535 pps
[  3] 35.0000-40.0000 sec  3.75 MBytes  6.29 Mbits/sec  2675/0      535 pps
[  3] 40.0000-45.0000 sec  3.75 MBytes  6.29 Mbits/sec  2675/0      535 pps
[  3] 45.0000-50.0000 sec  3.75 MBytes  6.29 Mbits/sec  2675/0      535 pps
[  3] 50.0000-55.0000 sec  3.75 MBytes  6.29 Mbits/sec  2675/0      535 pps
[  3] 55.0000-60.0000 sec  3.75 MBytes  6.29 Mbits/sec  2675/0      535 pps
[  3] 60.0000-65.0000 sec  3.75 MBytes  6.29 Mbits/sec  2675/0      535 pps
[  3] 65.0000-70.0000 sec  3.75 MBytes  6.29 Mbits/sec  2674/0      535 pps
[  3] 70.0000-75.0000 sec  3.75 MBytes  6.29 Mbits/sec  2676/0      535 pps
[  3] 75.0000-80.0000 sec  3.75 MBytes  6.29 Mbits/sec  2674/0      535 pps
[  3] 80.0000-85.0000 sec  3.75 MBytes  6.29 Mbits/sec  2675/0      535 pps
[  3] 85.0000-90.0000 sec  3.75 MBytes  6.29 Mbits/sec  2675/0      535 pps
[  3] 90.0000-95.0000 sec  3.75 MBytes  6.29 Mbits/sec  2675/0      535 pps
[  3] 95.0000-100.0000 sec  3.75 MBytes  6.29 Mbits/sec  2675/0      535 pps
[  3] 100.0000-105.0000 sec  3.75 MBytes  6.29 Mbits/sec  2675/0      535 pps
[  3] 105.0000-110.0000 sec  3.75 MBytes  6.29 Mbits/sec  2675/0      535 pps
[  3] 110.0000-115.0000 sec  3.75 MBytes  6.29 Mbits/sec  2675/0      535 pps
[  3] 115.0000-120.0000 sec  3.75 MBytes  6.29 Mbits/sec  2675/0      535 pps
[  3] 120.0000-125.0000 sec  3.75 MBytes  6.29 Mbits/sec  2675/0      535 pps
[  3] 125.0000-130.0000 sec  3.75 MBytes  6.29 Mbits/sec  2675/0      535 pps
[  3] 130.0000-135.0000 sec  3.75 MBytes  6.29 Mbits/sec  2675/0      535 pps
[  3] 135.0000-140.0000 sec  3.75 MBytes  6.29 Mbits/sec  2675/0      535 pps
[  3] 140.0000-145.0000 sec  3.75 MBytes  6.29 Mbits/sec  2675/0      535 pps
[  3] 145.0000-150.0000 sec  3.75 MBytes  6.29 Mbits/sec  2675/0      535 pps
[  3] 150.0000-155.0000 sec  3.75 MBytes  6.29 Mbits/sec  2675/0      535 pps
[  3] 155.0000-160.0000 sec  3.75 MBytes  6.29 Mbits/sec  2674/0      535 pps
[  3] 160.0000-165.0000 sec  3.75 MBytes  6.29 Mbits/sec  2675/0      535 pps
[  3] 165.0000-170.0000 sec  3.75 MBytes  6.29 Mbits/sec  2675/0      535 pps
[  3] 170.0000-175.0000 sec  3.75 MBytes  6.29 Mbits/sec  2675/0      535 pps
[  3] 175.0000-180.0000 sec  3.75 MBytes  6.29 Mbits/sec  2675/0      535 pps
[  3] 180.0000-185.0000 sec  3.75 MBytes  6.29 Mbits/sec  2675/0      535 pps
[  3] 185.0000-190.0000 sec  3.75 MBytes  6.29 Mbits/sec  2675/0      535 pps
[  3] 190.0000-195.0000 sec  3.75 MBytes  6.29 Mbits/sec  2675/0      535 pps
[  3] 195.0000-200.0000 sec  3.75 MBytes  6.29 Mbits/sec  2675/0      535 pps
[  3] 200.0000-205.0000 sec  3.75 MBytes  6.29 Mbits/sec  2675/0      535 pps
[  3] 205.0000-210.0000 sec  3.75 MBytes  6.29 Mbits/sec  2675/0      535 pps
[  3] 210.0000-215.0000 sec  3.75 MBytes  6.29 Mbits/sec  2675/0      535 pps
[  3] 215.0000-220.0000 sec  3.75 MBytes  6.29 Mbits/sec  2675/0      535 pps
[  3] 220.0000-225.0000 sec  3.75 MBytes  6.29 Mbits/sec  2675/0      535 pps
[  3] 225.0000-230.0000 sec  3.75 MBytes  6.29 Mbits/sec  2675/0      535 pps
[  3] 230.0000-235.0000 sec  3.75 MBytes  6.29 Mbits/sec  2675/0      535 pps
[  3] 235.0000-240.0000 sec  3.75 MBytes  6.29 Mbits/sec  2674/0      535 pps
[  3] 240.0000-245.0000 sec  3.75 MBytes  6.29 Mbits/sec  2675/0      535 pps
[  3] 245.0000-250.0000 sec  3.75 MBytes  6.29 Mbits/sec  2675/0      535 pps
[  3] 250.0000-255.0000 sec  3.75 MBytes  6.29 Mbits/sec  2675/0      535 pps
[  3] 255.0000-260.0000 sec  3.75 MBytes  6.29 Mbits/sec  2675/0      535 pps
[  3] 260.0000-265.0000 sec  3.75 MBytes  6.29 Mbits/sec  2675/0      535 pps
[  3] 265.0000-270.0000 sec  3.75 MBytes  6.29 Mbits/sec  2675/0      535 pps
[  3] 270.0000-275.0000 sec  3.75 MBytes  6.29 Mbits/sec  2675/0      535 pps
[  3] 275.0000-280.0000 sec  3.75 MBytes  6.29 Mbits/sec  2675/0      535 pps
[  3] 280.0000-285.0000 sec  3.75 MBytes  6.29 Mbits/sec  2675/0      535 pps
[  3] 285.0000-290.0000 sec  3.75 MBytes  6.29 Mbits/sec  2675/0      535 pps
[  3] 290.0000-295.0000 sec  3.75 MBytes  6.29 Mbits/sec  2675/0      535 pps
[  3] 0.0000-300.0014 sec   225 MBytes  6.29 Mbits/sec  160497/0      534 pps
[  3] Sent 160497 datagrams
[  3] Server Report:
[  3] 0.0000-299.9459 sec   118 MBytes  3.30 Mbits/sec   0.219 ms 76447/160497 (48%) 258.776/ 0.323/716.657/ 0.220 ms  535 pps  1.59
[  3] 0.0000-299.9459 sec  92 datagrams received out-of-order
------------------------------------------------------------
Client connecting to 10.0.0.4, UDP port 5001 with pid 40627
Sending 1470 byte datagrams, IPG target: 1869.20 us (kalman adjust)
UDP buffer size:  208 KByte (default)
------------------------------------------------------------
[  3] local 10.0.0.2 port 35970 connected with 10.0.0.4 port 5001
[ ID] Interval            Transfer     Bandwidth      Write/Err  PPS
[  3] 0.0000-5.0000 sec  3.75 MBytes  6.29 Mbits/sec  2676/0      535 pps
[  3] 5.0000-10.0000 sec  3.75 MBytes  6.29 Mbits/sec  2675/0      535 pps
[  3] 10.0000-15.0000 sec  3.75 MBytes  6.29 Mbits/sec  2675/0      535 pps
[  3] 15.0000-20.0000 sec  3.75 MBytes  6.29 Mbits/sec  2675/0      535 pps
[  3] 20.0000-25.0000 sec  3.75 MBytes  6.29 Mbits/sec  2675/0      535 pps
[  3] 25.0000-30.0000 sec  3.75 MBytes  6.29 Mbits/sec  2675/0      535 pps
[  3] 30.0000-35.0000 sec  3.75 MBytes  6.29 Mbits/sec  2675/0      535 pps
[  3] 35.0000-40.0000 sec  3.75 MBytes  6.29 Mbits/sec  2675/0      535 pps
[  3] 40.0000-45.0000 sec  3.75 MBytes  6.29 Mbits/sec  2675/0      535 pps
[  3] 45.0000-50.0000 sec  3.75 MBytes  6.29 Mbits/sec  2675/0      535 pps
[  3] 50.0000-55.0000 sec  3.75 MBytes  6.29 Mbits/sec  2675/0      535 pps
[  3] 55.0000-60.0000 sec  3.75 MBytes  6.29 Mbits/sec  2675/0      535 pps
[  3] 60.0000-65.0000 sec  3.75 MBytes  6.29 Mbits/sec  2675/0      535 pps
[  3] 65.0000-70.0000 sec  3.75 MBytes  6.29 Mbits/sec  2675/0      535 pps
[  3] 70.0000-75.0000 sec  3.75 MBytes  6.29 Mbits/sec  2674/0      535 pps
[  3] 75.0000-80.0000 sec  3.75 MBytes  6.29 Mbits/sec  2675/0      535 pps
[  3] 80.0000-85.0000 sec  3.75 MBytes  6.29 Mbits/sec  2675/0      535 pps
[  3] 85.0000-90.0000 sec  3.75 MBytes  6.29 Mbits/sec  2675/0      535 pps
[  3] 90.0000-95.0000 sec  3.75 MBytes  6.29 Mbits/sec  2675/0      535 pps
[  3] 95.0000-100.0000 sec  3.75 MBytes  6.29 Mbits/sec  2675/0      535 pps
[  3] 100.0000-105.0000 sec  3.75 MBytes  6.29 Mbits/sec  2675/0      535 pps
[  3] 105.0000-110.0000 sec  3.75 MBytes  6.29 Mbits/sec  2675/0      535 pps
[  3] 110.0000-115.0000 sec  3.75 MBytes  6.29 Mbits/sec  2675/0      535 pps
[  3] 115.0000-120.0000 sec  3.75 MBytes  6.29 Mbits/sec  2675/0      535 pps
[  3] 120.0000-125.0000 sec  3.75 MBytes  6.29 Mbits/sec  2675/0      535 pps
[  3] 125.0000-130.0000 sec  3.75 MBytes  6.29 Mbits/sec  2675/0      535 pps
[  3] 130.0000-135.0000 sec  3.75 MBytes  6.29 Mbits/sec  2675/0      535 pps
[  3] 135.0000-140.0000 sec  3.75 MBytes  6.29 Mbits/sec  2675/0      535 pps
[  3] 140.0000-145.0000 sec  3.75 MBytes  6.29 Mbits/sec  2675/0      535 pps
[  3] 145.0000-150.0000 sec  3.75 MBytes  6.29 Mbits/sec  2675/0      535 pps
[  3] 150.0000-155.0000 sec  3.75 MBytes  6.29 Mbits/sec  2675/0      535 pps
[  3] 155.0000-160.0000 sec  3.75 MBytes  6.29 Mbits/sec  2674/0      535 pps
[  3] 160.0000-165.0000 sec  3.75 MBytes  6.29 Mbits/sec  2675/0      535 pps
[  3] 165.0000-170.0000 sec  3.75 MBytes  6.29 Mbits/sec  2675/0      535 pps
[  3] 170.0000-175.0000 sec  3.75 MBytes  6.29 Mbits/sec  2675/0      535 pps
[  3] 175.0000-180.0000 sec  3.75 MBytes  6.29 Mbits/sec  2675/0      535 pps
[  3] 180.0000-185.0000 sec  3.75 MBytes  6.29 Mbits/sec  2675/0      535 pps
[  3] 185.0000-190.0000 sec  3.75 MBytes  6.29 Mbits/sec  2675/0      535 pps
[  3] 190.0000-195.0000 sec  3.75 MBytes  6.29 Mbits/sec  2675/0      535 pps
[  3] 195.0000-200.0000 sec  3.75 MBytes  6.29 Mbits/sec  2675/0      535 pps
[  3] 200.0000-205.0000 sec  3.75 MBytes  6.29 Mbits/sec  2675/0      535 pps
[  3] 205.0000-210.0000 sec  3.75 MBytes  6.29 Mbits/sec  2675/0      535 pps
[  3] 210.0000-215.0000 sec  3.75 MBytes  6.29 Mbits/sec  2675/0      535 pps
[  3] 215.0000-220.0000 sec  3.75 MBytes  6.29 Mbits/sec  2675/0      535 pps
[  3] 220.0000-225.0000 sec  3.75 MBytes  6.29 Mbits/sec  2675/0      535 pps
[  3] 225.0000-230.0000 sec  3.75 MBytes  6.29 Mbits/sec  2675/0      535 pps
[  3] 230.0000-235.0000 sec  3.75 MBytes  6.29 Mbits/sec  2675/0      535 pps
[  3] 235.0000-240.0000 sec  3.75 MBytes  6.29 Mbits/sec  2674/0      535 pps
[  3] 240.0000-245.0000 sec  3.75 MBytes  6.29 Mbits/sec  2675/0      535 pps
[  3] 245.0000-250.0000 sec  3.75 MBytes  6.29 Mbits/sec  2675/0      535 pps
[  3] 250.0000-255.0000 sec  3.75 MBytes  6.29 Mbits/sec  2675/0      535 pps
[  3] 255.0000-260.0000 sec  3.75 MBytes  6.29 Mbits/sec  2675/0      535 pps
[  3] 260.0000-265.0000 sec  3.75 MBytes  6.29 Mbits/sec  2675/0      535 pps
[  3] 265.0000-270.0000 sec  3.75 MBytes  6.29 Mbits/sec  2675/0      535 pps
[  3] 270.0000-275.0000 sec  3.75 MBytes  6.29 Mbits/sec  2675/0      535 pps
[  3] 275.0000-280.0000 sec  3.75 MBytes  6.29 Mbits/sec  2675/0      535 pps
[  3] 280.0000-285.0000 sec  3.75 MBytes  6.29 Mbits/sec  2675/0      535 pps
[  3] 285.0000-290.0000 sec  3.75 MBytes  6.29 Mbits/sec  2675/0      535 pps
[  3] 290.0000-295.0000 sec  3.75 MBytes  6.29 Mbits/sec  2675/0      535 pps
[  3] 0.0000-300.0014 sec   225 MBytes  6.29 Mbits/sec  160497/0      534 pps
[  3] Sent 160497 datagrams
[  3] Server Report:
[  3] 0.0000-299.9476 sec   210 MBytes  5.86 Mbits/sec   0.254 ms 11040/160497 (6.9%) 41.932/ 0.236/490.102/ 0.130 ms  535 pps  17.47
[  3] 0.0000-299.9476 sec  98 datagrams received out-of-order
------------------------------------------------------------
Client connecting to 10.0.0.4, UDP port 5001 with pid 9185
Sending 1470 byte datagrams, IPG target: 1869.20 us (kalman adjust)
UDP buffer size:  208 KByte (default)
------------------------------------------------------------
[  3] local 10.0.0.2 port 48538 connected with 10.0.0.4 port 5001
[ ID] Interval            Transfer     Bandwidth      Write/Err  PPS
[  3] 0.0000-5.0000 sec  3.75 MBytes  6.29 Mbits/sec  2676/0      535 pps
[  3] 5.0000-10.0000 sec  3.75 MBytes  6.29 Mbits/sec  2675/0      535 pps
[  3] 10.0000-15.0000 sec  3.75 MBytes  6.29 Mbits/sec  2675/0      535 pps
[  3] 15.0000-20.0000 sec  3.75 MBytes  6.29 Mbits/sec  2675/0      535 pps
[  3] 20.0000-25.0000 sec  3.75 MBytes  6.29 Mbits/sec  2675/0      535 pps
[  3] 25.0000-30.0000 sec  3.75 MBytes  6.29 Mbits/sec  2675/0      535 pps
[  3] 30.0000-35.0000 sec  3.75 MBytes  6.29 Mbits/sec  2675/0      535 pps
[  3] 35.0000-40.0000 sec  3.75 MBytes  6.29 Mbits/sec  2675/0      535 pps
[  3] 40.0000-45.0000 sec  3.75 MBytes  6.29 Mbits/sec  2675/0      535 pps
[  3] 45.0000-50.0000 sec  3.75 MBytes  6.29 Mbits/sec  2675/0      535 pps
[  3] 50.0000-55.0000 sec  3.75 MBytes  6.29 Mbits/sec  2675/0      535 pps
[  3] 55.0000-60.0000 sec  3.75 MBytes  6.29 Mbits/sec  2675/0      535 pps
[  3] 60.0000-65.0000 sec  3.75 MBytes  6.29 Mbits/sec  2674/0      535 pps
[  3] 65.0000-70.0000 sec  3.75 MBytes  6.29 Mbits/sec  2675/0      535 pps
[  3] 70.0000-75.0000 sec  3.75 MBytes  6.29 Mbits/sec  2675/0      535 pps
[  3] 75.0000-80.0000 sec  3.75 MBytes  6.29 Mbits/sec  2675/0      535 pps
[  3] 80.0000-85.0000 sec  3.75 MBytes  6.29 Mbits/sec  2675/0      535 pps
[  3] 85.0000-90.0000 sec  3.75 MBytes  6.29 Mbits/sec  2675/0      535 pps
[  3] 90.0000-95.0000 sec  3.75 MBytes  6.29 Mbits/sec  2675/0      535 pps
[  3] 95.0000-100.0000 sec  3.75 MBytes  6.29 Mbits/sec  2675/0      535 pps
[  3] 100.0000-105.0000 sec  3.75 MBytes  6.29 Mbits/sec  2675/0      535 pps
[  3] 105.0000-110.0000 sec  3.75 MBytes  6.29 Mbits/sec  2675/0      535 pps
[  3] 110.0000-115.0000 sec  3.75 MBytes  6.29 Mbits/sec  2675/0      535 pps
[  3] 115.0000-120.0000 sec  3.75 MBytes  6.29 Mbits/sec  2675/0      535 pps
[  3] 120.0000-125.0000 sec  3.75 MBytes  6.29 Mbits/sec  2675/0      535 pps
[  3] 125.0000-130.0000 sec  3.75 MBytes  6.29 Mbits/sec  2675/0      535 pps
[  3] 130.0000-135.0000 sec  3.75 MBytes  6.29 Mbits/sec  2675/0      535 pps
[  3] 135.0000-140.0000 sec  3.75 MBytes  6.29 Mbits/sec  2675/0      535 pps
[  3] 140.0000-145.0000 sec  3.75 MBytes  6.29 Mbits/sec  2674/0      535 pps
[  3] 145.0000-150.0000 sec  3.75 MBytes  6.29 Mbits/sec  2676/0      535 pps
[  3] 150.0000-155.0000 sec  3.75 MBytes  6.29 Mbits/sec  2674/0      535 pps
[  3] 155.0000-160.0000 sec  3.75 MBytes  6.29 Mbits/sec  2675/0      535 pps
[  3] 160.0000-165.0000 sec  3.75 MBytes  6.29 Mbits/sec  2675/0      535 pps
[  3] 165.0000-170.0000 sec  3.75 MBytes  6.29 Mbits/sec  2675/0      535 pps
[  3] 170.0000-175.0000 sec  3.75 MBytes  6.29 Mbits/sec  2675/0      535 pps
[  3] 175.0000-180.0000 sec  3.75 MBytes  6.29 Mbits/sec  2675/0      535 pps
[  3] 180.0000-185.0000 sec  3.75 MBytes  6.29 Mbits/sec  2675/0      535 pps
[  3] 185.0000-190.0000 sec  3.75 MBytes  6.29 Mbits/sec  2675/0      535 pps
[  3] 190.0000-195.0000 sec  3.75 MBytes  6.29 Mbits/sec  2675/0      535 pps
[  3] 195.0000-200.0000 sec  3.75 MBytes  6.29 Mbits/sec  2675/0      535 pps
[  3] 200.0000-205.0000 sec  3.75 MBytes  6.29 Mbits/sec  2675/0      535 pps
[  3] 205.0000-210.0000 sec  3.75 MBytes  6.29 Mbits/sec  2675/0      535 pps
[  3] 210.0000-215.0000 sec  3.75 MBytes  6.29 Mbits/sec  2675/0      535 pps
[  3] 215.0000-220.0000 sec  3.75 MBytes  6.29 Mbits/sec  2675/0      535 pps
[  3] 220.0000-225.0000 sec  3.75 MBytes  6.29 Mbits/sec  2675/0      535 pps
[  3] 225.0000-230.0000 sec  3.75 MBytes  6.29 Mbits/sec  2675/0      535 pps
[  3] 230.0000-235.0000 sec  3.75 MBytes  6.29 Mbits/sec  2675/0      535 pps
[  3] 235.0000-240.0000 sec  3.75 MBytes  6.29 Mbits/sec  2674/0      535 pps
[  3] 240.0000-245.0000 sec  3.75 MBytes  6.29 Mbits/sec  2675/0      535 pps
[  3] 245.0000-250.0000 sec  3.75 MBytes  6.29 Mbits/sec  2675/0      535 pps
[  3] 250.0000-255.0000 sec  3.75 MBytes  6.29 Mbits/sec  2675/0      535 pps
[  3] 255.0000-260.0000 sec  3.75 MBytes  6.29 Mbits/sec  2675/0      535 pps
[  3] 260.0000-265.0000 sec  3.75 MBytes  6.29 Mbits/sec  2675/0      535 pps
[  3] 265.0000-270.0000 sec  3.75 MBytes  6.29 Mbits/sec  2675/0      535 pps
[  3] 270.0000-275.0000 sec  3.75 MBytes  6.29 Mbits/sec  2675/0      535 pps
[  3] 275.0000-280.0000 sec  3.75 MBytes  6.29 Mbits/sec  2675/0      535 pps
[  3] 280.0000-285.0000 sec  3.75 MBytes  6.29 Mbits/sec  2675/0      535 pps
[  3] 285.0000-290.0000 sec  3.75 MBytes  6.29 Mbits/sec  2675/0      535 pps
[  3] 290.0000-295.0000 sec  3.75 MBytes  6.29 Mbits/sec  2675/0      535 pps
[  3] 0.0000-300.0015 sec   225 MBytes  6.29 Mbits/sec  160497/0      534 pps
[  3] Sent 160497 datagrams
[  3] Server Report:
[  3] 0.0000-299.9893 sec   191 MBytes  5.34 Mbits/sec   0.022 ms 24348/160497 (15%) 12.977/ 0.015/206.311/ 0.130 ms  535 pps  51.41
[  3] 0.0000-299.9893 sec  234 datagrams received out-of-order
------------------------------------------------------------
Client connecting to 10.0.0.4, UDP port 5001 with pid 11705
Sending 1470 byte datagrams, IPG target: 1869.20 us (kalman adjust)
UDP buffer size:  208 KByte (default)
------------------------------------------------------------
[  3] local 10.0.0.2 port 54790 connected with 10.0.0.4 port 5001
[ ID] Interval            Transfer     Bandwidth      Write/Err  PPS
[  3] 0.0000-5.0000 sec  3.75 MBytes  6.29 Mbits/sec  2676/0      535 pps
[  3] 5.0000-10.0000 sec  3.75 MBytes  6.29 Mbits/sec  2675/0      535 pps
[  3] 10.0000-15.0000 sec  3.75 MBytes  6.29 Mbits/sec  2675/0      535 pps
[  3] 15.0000-20.0000 sec  3.75 MBytes  6.29 Mbits/sec  2675/0      535 pps
[  3] 20.0000-25.0000 sec  3.75 MBytes  6.29 Mbits/sec  2675/0      535 pps
[  3] 25.0000-30.0000 sec  3.75 MBytes  6.29 Mbits/sec  2675/0      535 pps
[  3] 30.0000-35.0000 sec  3.75 MBytes  6.29 Mbits/sec  2675/0      535 pps
[  3] 35.0000-40.0000 sec  3.75 MBytes  6.29 Mbits/sec  2675/0      535 pps
[  3] 40.0000-45.0000 sec  3.75 MBytes  6.29 Mbits/sec  2675/0      535 pps
[  3] 45.0000-50.0000 sec  3.75 MBytes  6.29 Mbits/sec  2675/0      535 pps
[  3] 50.0000-55.0000 sec  3.75 MBytes  6.29 Mbits/sec  2675/0      535 pps
[  3] 55.0000-60.0000 sec  3.75 MBytes  6.29 Mbits/sec  2674/0      535 pps
[  3] 60.0000-65.0000 sec  3.75 MBytes  6.29 Mbits/sec  2676/0      535 pps
[  3] 65.0000-70.0000 sec  3.75 MBytes  6.29 Mbits/sec  2675/0      535 pps
[  3] 70.0000-75.0000 sec  3.75 MBytes  6.29 Mbits/sec  2675/0      535 pps
[  3] 75.0000-80.0000 sec  3.75 MBytes  6.29 Mbits/sec  2674/0      535 pps
[  3] 80.0000-85.0000 sec  3.75 MBytes  6.29 Mbits/sec  2675/0      535 pps
[  3] 85.0000-90.0000 sec  3.75 MBytes  6.29 Mbits/sec  2675/0      535 pps
[  3] 90.0000-95.0000 sec  3.75 MBytes  6.29 Mbits/sec  2675/0      535 pps
[  3] 95.0000-100.0000 sec  3.75 MBytes  6.29 Mbits/sec  2675/0      535 pps
[  3] 100.0000-105.0000 sec  3.75 MBytes  6.29 Mbits/sec  2675/0      535 pps
[  3] 105.0000-110.0000 sec  3.75 MBytes  6.29 Mbits/sec  2675/0      535 pps
[  3] 110.0000-115.0000 sec  3.75 MBytes  6.29 Mbits/sec  2675/0      535 pps
[  3] 115.0000-120.0000 sec  3.75 MBytes  6.29 Mbits/sec  2675/0      535 pps
[  3] 120.0000-125.0000 sec  3.75 MBytes  6.29 Mbits/sec  2675/0      535 pps
[  3] 125.0000-130.0000 sec  3.75 MBytes  6.29 Mbits/sec  2675/0      535 pps
[  3] 130.0000-135.0000 sec  3.75 MBytes  6.29 Mbits/sec  2675/0      535 pps
[  3] 135.0000-140.0000 sec  3.75 MBytes  6.29 Mbits/sec  2675/0      535 pps
[  3] 140.0000-145.0000 sec  3.75 MBytes  6.29 Mbits/sec  2675/0      535 pps
[  3] 145.0000-150.0000 sec  3.75 MBytes  6.29 Mbits/sec  2675/0      535 pps
[  3] 150.0000-155.0000 sec  3.75 MBytes  6.29 Mbits/sec  2674/0      535 pps
[  3] 155.0000-160.0000 sec  3.75 MBytes  6.29 Mbits/sec  2675/0      535 pps
[  3] 160.0000-165.0000 sec  3.75 MBytes  6.29 Mbits/sec  2675/0      535 pps
[  3] 165.0000-170.0000 sec  3.75 MBytes  6.29 Mbits/sec  2675/0      535 pps
[  3] 170.0000-175.0000 sec  3.75 MBytes  6.29 Mbits/sec  2675/0      535 pps
[  3] 175.0000-180.0000 sec  3.75 MBytes  6.29 Mbits/sec  2675/0      535 pps
[  3] 180.0000-185.0000 sec  3.75 MBytes  6.29 Mbits/sec  2675/0      535 pps
[  3] 185.0000-190.0000 sec  3.75 MBytes  6.29 Mbits/sec  2675/0      535 pps
[  3] 190.0000-195.0000 sec  3.75 MBytes  6.29 Mbits/sec  2675/0      535 pps
[  3] 195.0000-200.0000 sec  3.75 MBytes  6.29 Mbits/sec  2675/0      535 pps
[  3] 200.0000-205.0000 sec  3.75 MBytes  6.29 Mbits/sec  2675/0      535 pps
[  3] 205.0000-210.0000 sec  3.75 MBytes  6.29 Mbits/sec  2675/0      535 pps
[  3] 210.0000-215.0000 sec  3.75 MBytes  6.29 Mbits/sec  2675/0      535 pps
[  3] 215.0000-220.0000 sec  3.75 MBytes  6.29 Mbits/sec  2675/0      535 pps
[  3] 220.0000-225.0000 sec  3.75 MBytes  6.29 Mbits/sec  2675/0      535 pps
[  3] 225.0000-230.0000 sec  3.75 MBytes  6.29 Mbits/sec  2675/0      535 pps
[  3] 230.0000-235.0000 sec  3.75 MBytes  6.29 Mbits/sec  2675/0      535 pps
[  3] 235.0000-240.0000 sec  3.75 MBytes  6.29 Mbits/sec  2675/0      535 pps
[  3] 240.0000-245.0000 sec  3.75 MBytes  6.29 Mbits/sec  2674/0      535 pps
[  3] 245.0000-250.0000 sec  3.75 MBytes  6.29 Mbits/sec  2675/0      535 pps
[  3] 250.0000-255.0000 sec  3.75 MBytes  6.29 Mbits/sec  2675/0      535 pps
[  3] 255.0000-260.0000 sec  3.75 MBytes  6.29 Mbits/sec  2675/0      535 pps
[  3] 260.0000-265.0000 sec  3.75 MBytes  6.29 Mbits/sec  2675/0      535 pps
[  3] 265.0000-270.0000 sec  3.75 MBytes  6.29 Mbits/sec  2675/0      535 pps
[  3] 270.0000-275.0000 sec  3.75 MBytes  6.29 Mbits/sec  2675/0      535 pps
[  3] 275.0000-280.0000 sec  3.75 MBytes  6.29 Mbits/sec  2675/0      535 pps
[  3] 280.0000-285.0000 sec  3.75 MBytes  6.29 Mbits/sec  2675/0      535 pps
[  3] 285.0000-290.0000 sec  3.75 MBytes  6.29 Mbits/sec  2675/0      535 pps
[  3] 290.0000-295.0000 sec  3.75 MBytes  6.29 Mbits/sec  2675/0      535 pps
[  3] 295.0000-300.0000 sec  3.75 MBytes  6.29 Mbits/sec  2674/0      535 pps
[  3] 0.0000-300.0012 sec   225 MBytes  6.29 Mbits/sec  160497/0      534 pps
[  3] Sent 160497 datagrams
[  3] Server Report:
[  3] 0.0000-299.9889 sec   195 MBytes  5.46 Mbits/sec   0.006 ms 21216/160497 (13%) 13.249/ 0.013/299.243/ 0.070 ms  535 pps  51.51
[  3] 0.0000-299.9889 sec  278 datagrams received out-of-order
------------------------------------------------------------
Client connecting to 10.0.0.4, UDP port 5001 with pid 19134
Sending 1470 byte datagrams, IPG target: 1869.20 us (kalman adjust)
UDP buffer size:  208 KByte (default)
------------------------------------------------------------
[  3] local 10.0.0.2 port 59997 connected with 10.0.0.4 port 5001
[ ID] Interval            Transfer     Bandwidth      Write/Err  PPS
[  3] 0.0000-5.0000 sec  3.75 MBytes  6.29 Mbits/sec  2676/0      535 pps
[  3] 5.0000-10.0000 sec  3.75 MBytes  6.29 Mbits/sec  2675/0      535 pps
[  3] 10.0000-15.0000 sec  3.75 MBytes  6.29 Mbits/sec  2675/0      535 pps
[  3] 15.0000-20.0000 sec  3.75 MBytes  6.29 Mbits/sec  2675/0      535 pps
[  3] 20.0000-25.0000 sec  3.75 MBytes  6.29 Mbits/sec  2675/0      535 pps
[  3] 25.0000-30.0000 sec  3.75 MBytes  6.29 Mbits/sec  2675/0      535 pps
[  3] 30.0000-35.0000 sec  3.75 MBytes  6.29 Mbits/sec  2675/0      535 pps
[  3] 35.0000-40.0000 sec  3.75 MBytes  6.29 Mbits/sec  2675/0      535 pps
[  3] 40.0000-45.0000 sec  3.75 MBytes  6.29 Mbits/sec  2675/0      535 pps
[  3] 45.0000-50.0000 sec  3.75 MBytes  6.29 Mbits/sec  2675/0      535 pps
[  3] 50.0000-55.0000 sec  3.75 MBytes  6.29 Mbits/sec  2675/0      535 pps
[  3] 55.0000-60.0000 sec  3.75 MBytes  6.29 Mbits/sec  2675/0      535 pps
[  3] 60.0000-65.0000 sec  3.75 MBytes  6.29 Mbits/sec  2675/0      535 pps
[  3] 65.0000-70.0000 sec  3.75 MBytes  6.29 Mbits/sec  2674/0      535 pps
[  3] 70.0000-75.0000 sec  3.75 MBytes  6.29 Mbits/sec  2675/0      535 pps
[  3] 75.0000-80.0000 sec  3.75 MBytes  6.29 Mbits/sec  2675/0      535 pps
[  3] 80.0000-85.0000 sec  3.75 MBytes  6.29 Mbits/sec  2675/0      535 pps
[  3] 85.0000-90.0000 sec  3.75 MBytes  6.29 Mbits/sec  2675/0      535 pps
[  3] 90.0000-95.0000 sec  3.75 MBytes  6.29 Mbits/sec  2675/0      535 pps
[  3] 95.0000-100.0000 sec  3.75 MBytes  6.29 Mbits/sec  2675/0      535 pps
[  3] 100.0000-105.0000 sec  3.75 MBytes  6.29 Mbits/sec  2675/0      535 pps
[  3] 105.0000-110.0000 sec  3.75 MBytes  6.29 Mbits/sec  2675/0      535 pps
[  3] 110.0000-115.0000 sec  3.75 MBytes  6.29 Mbits/sec  2675/0      535 pps
[  3] 115.0000-120.0000 sec  3.75 MBytes  6.29 Mbits/sec  2675/0      535 pps
[  3] 120.0000-125.0000 sec  3.75 MBytes  6.29 Mbits/sec  2675/0      535 pps
[  3] 125.0000-130.0000 sec  3.75 MBytes  6.29 Mbits/sec  2675/0      535 pps
[  3] 130.0000-135.0000 sec  3.75 MBytes  6.29 Mbits/sec  2675/0      535 pps
[  3] 135.0000-140.0000 sec  3.75 MBytes  6.29 Mbits/sec  2675/0      535 pps
[  3] 140.0000-145.0000 sec  3.75 MBytes  6.29 Mbits/sec  2675/0      535 pps
[  3] 145.0000-150.0000 sec  3.75 MBytes  6.29 Mbits/sec  2674/0      535 pps
[  3] 150.0000-155.0000 sec  3.75 MBytes  6.29 Mbits/sec  2675/0      535 pps
[  3] 155.0000-160.0000 sec  3.75 MBytes  6.29 Mbits/sec  2675/0      535 pps
[  3] 160.0000-165.0000 sec  3.75 MBytes  6.29 Mbits/sec  2675/0      535 pps
[  3] 165.0000-170.0000 sec  3.75 MBytes  6.29 Mbits/sec  2675/0      535 pps
[  3] 170.0000-175.0000 sec  3.75 MBytes  6.29 Mbits/sec  2675/0      535 pps
[  3] 175.0000-180.0000 sec  3.75 MBytes  6.29 Mbits/sec  2675/0      535 pps
[  3] 180.0000-185.0000 sec  3.75 MBytes  6.29 Mbits/sec  2675/0      535 pps
[  3] 185.0000-190.0000 sec  3.75 MBytes  6.29 Mbits/sec  2675/0      535 pps
[  3] 190.0000-195.0000 sec  3.75 MBytes  6.29 Mbits/sec  2675/0      535 pps
[  3] 195.0000-200.0000 sec  3.75 MBytes  6.29 Mbits/sec  2675/0      535 pps
[  3] 200.0000-205.0000 sec  3.75 MBytes  6.29 Mbits/sec  2675/0      535 pps
[  3] 205.0000-210.0000 sec  3.75 MBytes  6.29 Mbits/sec  2675/0      535 pps
[  3] 210.0000-215.0000 sec  3.75 MBytes  6.29 Mbits/sec  2675/0      535 pps
[  3] 215.0000-220.0000 sec  3.75 MBytes  6.29 Mbits/sec  2675/0      535 pps
[  3] 220.0000-225.0000 sec  3.75 MBytes  6.29 Mbits/sec  2675/0      535 pps
[  3] 225.0000-230.0000 sec  3.75 MBytes  6.29 Mbits/sec  2674/0      535 pps
[  3] 230.0000-235.0000 sec  3.75 MBytes  6.29 Mbits/sec  2675/0      535 pps
[  3] 235.0000-240.0000 sec  3.75 MBytes  6.29 Mbits/sec  2675/0      535 pps
[  3] 240.0000-245.0000 sec  3.75 MBytes  6.29 Mbits/sec  2675/0      535 pps
[  3] 245.0000-250.0000 sec  3.75 MBytes  6.29 Mbits/sec  2675/0      535 pps
[  3] 250.0000-255.0000 sec  3.75 MBytes  6.29 Mbits/sec  2675/0      535 pps
[  3] 255.0000-260.0000 sec  3.75 MBytes  6.29 Mbits/sec  2675/0      535 pps
[  3] 260.0000-265.0000 sec  3.75 MBytes  6.29 Mbits/sec  2675/0      535 pps
[  3] 265.0000-270.0000 sec  3.75 MBytes  6.29 Mbits/sec  2675/0      535 pps
[  3] 270.0000-275.0000 sec  3.75 MBytes  6.29 Mbits/sec  2675/0      535 pps
[  3] 275.0000-280.0000 sec  3.75 MBytes  6.29 Mbits/sec  2675/0      535 pps
[  3] 280.0000-285.0000 sec  3.75 MBytes  6.29 Mbits/sec  2675/0      535 pps
[  3] 285.0000-290.0000 sec  3.75 MBytes  6.29 Mbits/sec  2675/0      535 pps
[  3] 290.0000-295.0000 sec  3.75 MBytes  6.29 Mbits/sec  2675/0      535 pps
[  3] 0.0000-300.0016 sec   225 MBytes  6.29 Mbits/sec  160497/0      534 pps
[  3] Sent 160497 datagrams
[  3] Server Report:
[  3] 0.0000-299.9820 sec   188 MBytes  5.25 Mbits/sec   0.006 ms 26600/160497 (17%) 14.179/ 0.009/269.469/ 0.108 ms  535 pps  46.28
[  3] 0.0000-299.9820 sec  279 datagrams received out-of-order
------------------------------------------------------------
Client connecting to 10.0.0.4, UDP port 5001 with pid 6526
Sending 1470 byte datagrams, IPG target: 1869.20 us (kalman adjust)
UDP buffer size:  208 KByte (default)
------------------------------------------------------------
[  3] local 10.0.0.2 port 56829 connected with 10.0.0.4 port 5001
[ ID] Interval            Transfer     Bandwidth      Write/Err  PPS
[  3] 0.0000-5.0000 sec  3.75 MBytes  6.29 Mbits/sec  2676/0      535 pps
[  3] 5.0000-10.0000 sec  3.75 MBytes  6.29 Mbits/sec  2675/0      535 pps
[  3] 10.0000-15.0000 sec  3.75 MBytes  6.29 Mbits/sec  2675/0      535 pps
[  3] 15.0000-20.0000 sec  3.75 MBytes  6.29 Mbits/sec  2675/0      535 pps
[  3] 20.0000-25.0000 sec  3.75 MBytes  6.29 Mbits/sec  2675/0      535 pps
[  3] 25.0000-30.0000 sec  3.75 MBytes  6.29 Mbits/sec  2675/0      535 pps
[  3] 30.0000-35.0000 sec  3.75 MBytes  6.29 Mbits/sec  2675/0      535 pps
[  3] 35.0000-40.0000 sec  3.75 MBytes  6.29 Mbits/sec  2675/0      535 pps
[  3] 40.0000-45.0000 sec  3.75 MBytes  6.29 Mbits/sec  2675/0      535 pps
[  3] 45.0000-50.0000 sec  3.75 MBytes  6.29 Mbits/sec  2675/0      535 pps
[  3] 50.0000-55.0000 sec  3.75 MBytes  6.29 Mbits/sec  2675/0      535 pps
[  3] 55.0000-60.0000 sec  3.75 MBytes  6.29 Mbits/sec  2675/0      535 pps
[  3] 60.0000-65.0000 sec  3.75 MBytes  6.29 Mbits/sec  2675/0      535 pps
[  3] 65.0000-70.0000 sec  3.75 MBytes  6.29 Mbits/sec  2675/0      535 pps
[  3] 70.0000-75.0000 sec  3.75 MBytes  6.29 Mbits/sec  2674/0      535 pps
[  3] 75.0000-80.0000 sec  3.75 MBytes  6.29 Mbits/sec  2675/0      535 pps
[  3] 80.0000-85.0000 sec  3.75 MBytes  6.29 Mbits/sec  2675/0      535 pps
[  3] 85.0000-90.0000 sec  3.75 MBytes  6.29 Mbits/sec  2675/0      535 pps
[  3] 90.0000-95.0000 sec  3.75 MBytes  6.29 Mbits/sec  2675/0      535 pps
[  3] 95.0000-100.0000 sec  3.75 MBytes  6.29 Mbits/sec  2675/0      535 pps
[  3] 100.0000-105.0000 sec  3.75 MBytes  6.29 Mbits/sec  2675/0      535 pps
[  3] 105.0000-110.0000 sec  3.75 MBytes  6.29 Mbits/sec  2675/0      535 pps
[  3] 110.0000-115.0000 sec  3.75 MBytes  6.29 Mbits/sec  2675/0      535 pps
[  3] 115.0000-120.0000 sec  3.75 MBytes  6.29 Mbits/sec  2675/0      535 pps
[  3] 120.0000-125.0000 sec  3.75 MBytes  6.29 Mbits/sec  2675/0      535 pps
[  3] 125.0000-130.0000 sec  3.75 MBytes  6.29 Mbits/sec  2675/0      535 pps
[  3] 130.0000-135.0000 sec  3.75 MBytes  6.29 Mbits/sec  2675/0      535 pps
[  3] 135.0000-140.0000 sec  3.75 MBytes  6.29 Mbits/sec  2675/0      535 pps
[  3] 140.0000-145.0000 sec  3.75 MBytes  6.29 Mbits/sec  2675/0      535 pps
[  3] 145.0000-150.0000 sec  3.75 MBytes  6.29 Mbits/sec  2675/0      535 pps
[  3] 150.0000-155.0000 sec  3.75 MBytes  6.29 Mbits/sec  2675/0      535 pps
[  3] 155.0000-160.0000 sec  3.75 MBytes  6.29 Mbits/sec  2674/0      535 pps
[  3] 160.0000-165.0000 sec  3.75 MBytes  6.29 Mbits/sec  2675/0      535 pps
[  3] 165.0000-170.0000 sec  3.75 MBytes  6.29 Mbits/sec  2675/0      535 pps
[  3] 170.0000-175.0000 sec  3.75 MBytes  6.29 Mbits/sec  2675/0      535 pps
[  3] 175.0000-180.0000 sec  3.75 MBytes  6.29 Mbits/sec  2675/0      535 pps
[  3] 180.0000-185.0000 sec  3.75 MBytes  6.29 Mbits/sec  2675/0      535 pps
[  3] 185.0000-190.0000 sec  3.75 MBytes  6.29 Mbits/sec  2675/0      535 pps
[  3] 190.0000-195.0000 sec  3.75 MBytes  6.29 Mbits/sec  2675/0      535 pps
[  3] 195.0000-200.0000 sec  3.75 MBytes  6.29 Mbits/sec  2675/0      535 pps
[  3] 200.0000-205.0000 sec  3.75 MBytes  6.29 Mbits/sec  2675/0      535 pps
[  3] 205.0000-210.0000 sec  3.75 MBytes  6.29 Mbits/sec  2675/0      535 pps
[  3] 210.0000-215.0000 sec  3.75 MBytes  6.29 Mbits/sec  2675/0      535 pps
[  3] 215.0000-220.0000 sec  3.75 MBytes  6.29 Mbits/sec  2675/0      535 pps
[  3] 220.0000-225.0000 sec  3.75 MBytes  6.29 Mbits/sec  2675/0      535 pps
[  3] 225.0000-230.0000 sec  3.75 MBytes  6.29 Mbits/sec  2675/0      535 pps
[  3] 230.0000-235.0000 sec  3.75 MBytes  6.29 Mbits/sec  2674/0      535 pps
[  3] 235.0000-240.0000 sec  3.75 MBytes  6.29 Mbits/sec  2675/0      535 pps
[  3] 240.0000-245.0000 sec  3.75 MBytes  6.29 Mbits/sec  2675/0      535 pps
[  3] 245.0000-250.0000 sec  3.75 MBytes  6.29 Mbits/sec  2675/0      535 pps
[  3] 250.0000-255.0000 sec  3.75 MBytes  6.29 Mbits/sec  2675/0      535 pps
[  3] 255.0000-260.0000 sec  3.75 MBytes  6.29 Mbits/sec  2675/0      535 pps
[  3] 260.0000-265.0000 sec  3.75 MBytes  6.29 Mbits/sec  2675/0      535 pps
[  3] 265.0000-270.0000 sec  3.75 MBytes  6.29 Mbits/sec  2675/0      535 pps
[  3] 270.0000-275.0000 sec  3.75 MBytes  6.29 Mbits/sec  2675/0      535 pps
[  3] 275.0000-280.0000 sec  3.75 MBytes  6.29 Mbits/sec  2675/0      535 pps
[  3] 280.0000-285.0000 sec  3.75 MBytes  6.29 Mbits/sec  2675/0      535 pps
[  3] 285.0000-290.0000 sec  3.75 MBytes  6.29 Mbits/sec  2675/0      535 pps
[  3] 290.0000-295.0000 sec  3.75 MBytes  6.29 Mbits/sec  2675/0      535 pps
[  3] 0.0000-300.0016 sec   225 MBytes  6.29 Mbits/sec  160497/0      534 pps
[  3] Sent 160497 datagrams
[  3] Server Report:
[  3] 0.0000-299.9927 sec   190 MBytes  5.32 Mbits/sec   0.009 ms 24701/160497 (15%) 12.945/ 0.004/151.811/ 0.073 ms  535 pps  51.40
[  3] 0.0000-299.9927 sec  184 datagrams received out-of-order
------------------------------------------------------------
Client connecting to 10.0.0.4, UDP port 5001 with pid 13424
Sending 1470 byte datagrams, IPG target: 1869.20 us (kalman adjust)
UDP buffer size:  208 KByte (default)
------------------------------------------------------------
[  3] local 10.0.0.2 port 52393 connected with 10.0.0.4 port 5001
[ ID] Interval            Transfer     Bandwidth      Write/Err  PPS
[  3] 0.0000-5.0000 sec  3.75 MBytes  6.29 Mbits/sec  2676/0      535 pps
[  3] 5.0000-10.0000 sec  3.75 MBytes  6.29 Mbits/sec  2675/0      535 pps
[  3] 10.0000-15.0000 sec  3.75 MBytes  6.29 Mbits/sec  2675/0      535 pps
[  3] 15.0000-20.0000 sec  3.75 MBytes  6.29 Mbits/sec  2675/0      535 pps
[  3] 20.0000-25.0000 sec  3.75 MBytes  6.29 Mbits/sec  2675/0      535 pps
[  3] 25.0000-30.0000 sec  3.75 MBytes  6.29 Mbits/sec  2675/0      535 pps
[  3] 30.0000-35.0000 sec  3.75 MBytes  6.29 Mbits/sec  2675/0      535 pps
[  3] 35.0000-40.0000 sec  3.75 MBytes  6.29 Mbits/sec  2675/0      535 pps
[  3] 40.0000-45.0000 sec  3.75 MBytes  6.29 Mbits/sec  2675/0      535 pps
[  3] 45.0000-50.0000 sec  3.75 MBytes  6.29 Mbits/sec  2675/0      535 pps
[  3] 50.0000-55.0000 sec  3.75 MBytes  6.29 Mbits/sec  2675/0      535 pps
[  3] 55.0000-60.0000 sec  3.75 MBytes  6.29 Mbits/sec  2675/0      535 pps
[  3] 60.0000-65.0000 sec  3.75 MBytes  6.29 Mbits/sec  2675/0      535 pps
[  3] 65.0000-70.0000 sec  3.75 MBytes  6.29 Mbits/sec  2674/0      535 pps
[  3] 70.0000-75.0000 sec  3.75 MBytes  6.29 Mbits/sec  2676/0      535 pps
[  3] 75.0000-80.0000 sec  3.75 MBytes  6.29 Mbits/sec  2674/0      535 pps
[  3] 80.0000-85.0000 sec  3.75 MBytes  6.29 Mbits/sec  2675/0      535 pps
[  3] 85.0000-90.0000 sec  3.75 MBytes  6.29 Mbits/sec  2675/0      535 pps
[  3] 90.0000-95.0000 sec  3.75 MBytes  6.29 Mbits/sec  2675/0      535 pps
[  3] 95.0000-100.0000 sec  3.75 MBytes  6.29 Mbits/sec  2675/0      535 pps
[  3] 100.0000-105.0000 sec  3.75 MBytes  6.29 Mbits/sec  2675/0      535 pps
[  3] 105.0000-110.0000 sec  3.75 MBytes  6.29 Mbits/sec  2675/0      535 pps
[  3] 110.0000-115.0000 sec  3.75 MBytes  6.29 Mbits/sec  2675/0      535 pps
[  3] 115.0000-120.0000 sec  3.75 MBytes  6.29 Mbits/sec  2675/0      535 pps
[  3] 120.0000-125.0000 sec  3.75 MBytes  6.29 Mbits/sec  2675/0      535 pps
[  3] 125.0000-130.0000 sec  3.75 MBytes  6.29 Mbits/sec  2675/0      535 pps
[  3] 130.0000-135.0000 sec  3.75 MBytes  6.29 Mbits/sec  2675/0      535 pps
[  3] 135.0000-140.0000 sec  3.75 MBytes  6.29 Mbits/sec  2675/0      535 pps
[  3] 140.0000-145.0000 sec  3.75 MBytes  6.29 Mbits/sec  2675/0      535 pps
[  3] 145.0000-150.0000 sec  3.75 MBytes  6.29 Mbits/sec  2675/0      535 pps
[  3] 150.0000-155.0000 sec  3.75 MBytes  6.29 Mbits/sec  2675/0      535 pps
[  3] 155.0000-160.0000 sec  3.75 MBytes  6.29 Mbits/sec  2675/0      535 pps
[  3] 160.0000-165.0000 sec  3.75 MBytes  6.29 Mbits/sec  2674/0      535 pps
[  3] 165.0000-170.0000 sec  3.75 MBytes  6.29 Mbits/sec  2675/0      535 pps
[  3] 170.0000-175.0000 sec  3.75 MBytes  6.29 Mbits/sec  2675/0      535 pps
[  3] 175.0000-180.0000 sec  3.75 MBytes  6.29 Mbits/sec  2675/0      535 pps
[  3] 180.0000-185.0000 sec  3.75 MBytes  6.29 Mbits/sec  2675/0      535 pps
[  3] 185.0000-190.0000 sec  3.75 MBytes  6.29 Mbits/sec  2675/0      535 pps
[  3] 190.0000-195.0000 sec  3.75 MBytes  6.29 Mbits/sec  2675/0      535 pps
[  3] 195.0000-200.0000 sec  3.75 MBytes  6.29 Mbits/sec  2675/0      535 pps
[  3] 200.0000-205.0000 sec  3.75 MBytes  6.29 Mbits/sec  2675/0      535 pps
[  3] 205.0000-210.0000 sec  3.75 MBytes  6.29 Mbits/sec  2675/0      535 pps
[  3] 210.0000-215.0000 sec  3.75 MBytes  6.29 Mbits/sec  2675/0      535 pps
[  3] 215.0000-220.0000 sec  3.75 MBytes  6.29 Mbits/sec  2675/0      535 pps
[  3] 220.0000-225.0000 sec  3.75 MBytes  6.29 Mbits/sec  2674/0      535 pps
[  3] 225.0000-230.0000 sec  3.75 MBytes  6.29 Mbits/sec  2676/0      535 pps
[  3] 230.0000-235.0000 sec  3.75 MBytes  6.29 Mbits/sec  2674/0      535 pps
[  3] 235.0000-240.0000 sec  3.75 MBytes  6.29 Mbits/sec  2676/0      535 pps
[  3] 240.0000-245.0000 sec  3.75 MBytes  6.29 Mbits/sec  2674/0      535 pps
[  3] 245.0000-250.0000 sec  3.75 MBytes  6.29 Mbits/sec  2675/0      535 pps
[  3] 250.0000-255.0000 sec  3.75 MBytes  6.29 Mbits/sec  2675/0      535 pps
[  3] 255.0000-260.0000 sec  3.75 MBytes  6.29 Mbits/sec  2675/0      535 pps
[  3] 260.0000-265.0000 sec  3.75 MBytes  6.29 Mbits/sec  2675/0      535 pps
[  3] 265.0000-270.0000 sec  3.75 MBytes  6.29 Mbits/sec  2675/0      535 pps
[  3] 270.0000-275.0000 sec  3.75 MBytes  6.29 Mbits/sec  2675/0      535 pps
[  3] 275.0000-280.0000 sec  3.75 MBytes  6.29 Mbits/sec  2675/0      535 pps
[  3] 280.0000-285.0000 sec  3.75 MBytes  6.29 Mbits/sec  2675/0      535 pps
[  3] 285.0000-290.0000 sec  3.75 MBytes  6.29 Mbits/sec  2675/0      535 pps
[  3] 290.0000-295.0000 sec  3.75 MBytes  6.29 Mbits/sec  2675/0      535 pps
[  3] 0.0000-300.0015 sec   225 MBytes  6.29 Mbits/sec  160497/0      534 pps
[  3] Sent 160497 datagrams
[  3] Server Report:
[  3] 0.0000-299.9914 sec   195 MBytes  5.46 Mbits/sec   0.010 ms 21270/160497 (13%) 11.842/ 0.005/94.388/ 0.104 ms  535 pps  57.61
[  3] 0.0000-299.9914 sec  134 datagrams received out-of-order
------------------------------------------------------------
Client connecting to 10.0.0.4, UDP port 5001 with pid 15464
Sending 1470 byte datagrams, IPG target: 1869.20 us (kalman adjust)
UDP buffer size:  208 KByte (default)
------------------------------------------------------------
[  3] local 10.0.0.2 port 50925 connected with 10.0.0.4 port 5001
[ ID] Interval            Transfer     Bandwidth      Write/Err  PPS
[  3] 0.0000-5.0000 sec  3.75 MBytes  6.29 Mbits/sec  2676/0      535 pps
[  3] 5.0000-10.0000 sec  3.75 MBytes  6.29 Mbits/sec  2675/0      535 pps
[  3] 10.0000-15.0000 sec  3.75 MBytes  6.29 Mbits/sec  2675/0      535 pps
[  3] 15.0000-20.0000 sec  3.75 MBytes  6.29 Mbits/sec  2675/0      535 pps
[  3] 20.0000-25.0000 sec  3.75 MBytes  6.29 Mbits/sec  2675/0      535 pps
[  3] 25.0000-30.0000 sec  3.75 MBytes  6.29 Mbits/sec  2675/0      535 pps
[  3] 30.0000-35.0000 sec  3.75 MBytes  6.29 Mbits/sec  2675/0      535 pps
[  3] 35.0000-40.0000 sec  3.75 MBytes  6.29 Mbits/sec  2675/0      535 pps
[  3] 40.0000-45.0000 sec  3.75 MBytes  6.29 Mbits/sec  2675/0      535 pps
[  3] 45.0000-50.0000 sec  3.75 MBytes  6.29 Mbits/sec  2675/0      535 pps
[  3] 50.0000-55.0000 sec  3.75 MBytes  6.29 Mbits/sec  2675/0      535 pps
[  3] 55.0000-60.0000 sec  3.75 MBytes  6.29 Mbits/sec  2675/0      535 pps
[  3] 60.0000-65.0000 sec  3.75 MBytes  6.29 Mbits/sec  2675/0      535 pps
[  3] 65.0000-70.0000 sec  3.75 MBytes  6.29 Mbits/sec  2675/0      535 pps
[  3] 70.0000-75.0000 sec  3.75 MBytes  6.29 Mbits/sec  2675/0      535 pps
[  3] 75.0000-80.0000 sec  3.75 MBytes  6.29 Mbits/sec  2674/0      535 pps
[  3] 80.0000-85.0000 sec  3.75 MBytes  6.29 Mbits/sec  2675/0      535 pps
[  3] 85.0000-90.0000 sec  3.75 MBytes  6.29 Mbits/sec  2675/0      535 pps
[  3] 90.0000-95.0000 sec  3.75 MBytes  6.29 Mbits/sec  2675/0      535 pps
[  3] 95.0000-100.0000 sec  3.75 MBytes  6.29 Mbits/sec  2675/0      535 pps
[  3] 100.0000-105.0000 sec  3.75 MBytes  6.29 Mbits/sec  2675/0      535 pps
[  3] 105.0000-110.0000 sec  3.75 MBytes  6.29 Mbits/sec  2675/0      535 pps
[  3] 110.0000-115.0000 sec  3.75 MBytes  6.29 Mbits/sec  2675/0      535 pps
[  3] 115.0000-120.0000 sec  3.75 MBytes  6.29 Mbits/sec  2675/0      535 pps
[  3] 120.0000-125.0000 sec  3.75 MBytes  6.29 Mbits/sec  2675/0      535 pps
[  3] 125.0000-130.0000 sec  3.75 MBytes  6.29 Mbits/sec  2675/0      535 pps
[  3] 130.0000-135.0000 sec  3.75 MBytes  6.29 Mbits/sec  2675/0      535 pps
[  3] 135.0000-140.0000 sec  3.75 MBytes  6.29 Mbits/sec  2675/0      535 pps
[  3] 140.0000-145.0000 sec  3.75 MBytes  6.29 Mbits/sec  2675/0      535 pps
[  3] 145.0000-150.0000 sec  3.75 MBytes  6.29 Mbits/sec  2675/0      535 pps
[  3] 150.0000-155.0000 sec  3.75 MBytes  6.29 Mbits/sec  2674/0      535 pps
[  3] 155.0000-160.0000 sec  3.75 MBytes  6.29 Mbits/sec  2675/0      535 pps
[  3] 160.0000-165.0000 sec  3.75 MBytes  6.29 Mbits/sec  2675/0      535 pps
[  3] 165.0000-170.0000 sec  3.75 MBytes  6.29 Mbits/sec  2675/0      535 pps
[  3] 170.0000-175.0000 sec  3.75 MBytes  6.29 Mbits/sec  2675/0      535 pps
[  3] 175.0000-180.0000 sec  3.75 MBytes  6.29 Mbits/sec  2675/0      535 pps
[  3] 180.0000-185.0000 sec  3.75 MBytes  6.29 Mbits/sec  2675/0      535 pps
[  3] 185.0000-190.0000 sec  3.75 MBytes  6.29 Mbits/sec  2675/0      535 pps
[  3] 190.0000-195.0000 sec  3.75 MBytes  6.29 Mbits/sec  2675/0      535 pps
[  3] 195.0000-200.0000 sec  3.75 MBytes  6.29 Mbits/sec  2675/0      535 pps
[  3] 200.0000-205.0000 sec  3.75 MBytes  6.29 Mbits/sec  2675/0      535 pps
[  3] 205.0000-210.0000 sec  3.75 MBytes  6.29 Mbits/sec  2675/0      535 pps
[  3] 210.0000-215.0000 sec  3.75 MBytes  6.29 Mbits/sec  2675/0      535 pps
[  3] 215.0000-220.0000 sec  3.75 MBytes  6.29 Mbits/sec  2675/0      535 pps
[  3] 220.0000-225.0000 sec  3.75 MBytes  6.29 Mbits/sec  2675/0      535 pps
[  3] 225.0000-230.0000 sec  3.75 MBytes  6.29 Mbits/sec  2675/0      535 pps
[  3] 230.0000-235.0000 sec  3.75 MBytes  6.29 Mbits/sec  2674/0      535 pps
[  3] 235.0000-240.0000 sec  3.75 MBytes  6.29 Mbits/sec  2675/0      535 pps
[  3] 240.0000-245.0000 sec  3.75 MBytes  6.29 Mbits/sec  2675/0      535 pps
[  3] 245.0000-250.0000 sec  3.75 MBytes  6.29 Mbits/sec  2675/0      535 pps
[  3] 250.0000-255.0000 sec  3.75 MBytes  6.29 Mbits/sec  2675/0      535 pps
[  3] 255.0000-260.0000 sec  3.75 MBytes  6.29 Mbits/sec  2675/0      535 pps
[  3] 260.0000-265.0000 sec  3.75 MBytes  6.29 Mbits/sec  2675/0      535 pps
[  3] 265.0000-270.0000 sec  3.75 MBytes  6.29 Mbits/sec  2675/0      535 pps
[  3] 270.0000-275.0000 sec  3.75 MBytes  6.29 Mbits/sec  2675/0      535 pps
[  3] 275.0000-280.0000 sec  3.75 MBytes  6.29 Mbits/sec  2675/0      535 pps
[  3] 280.0000-285.0000 sec  3.75 MBytes  6.29 Mbits/sec  2675/0      535 pps
[  3] 285.0000-290.0000 sec  3.75 MBytes  6.29 Mbits/sec  2675/0      535 pps
[  3] 290.0000-295.0000 sec  3.75 MBytes  6.29 Mbits/sec  2675/0      535 pps
[  3] 0.0000-300.0017 sec   225 MBytes  6.29 Mbits/sec  160497/0      534 pps
[  3] Sent 160497 datagrams
[  3] Server Report:
[  3] 0.0000-299.9923 sec   142 MBytes  3.97 Mbits/sec   0.020 ms 59198/160497 (37%) 13.645/ 0.004/74.645/ 0.170 ms  535 pps  36.38
[  3] 0.0000-299.9923 sec  62 datagrams received out-of-order
------------------------------------------------------------
Client connecting to 10.0.0.4, UDP port 5001 with pid 21439
Sending 1470 byte datagrams, IPG target: 1869.20 us (kalman adjust)
UDP buffer size:  208 KByte (default)
------------------------------------------------------------
[  3] local 10.0.0.2 port 41275 connected with 10.0.0.4 port 5001
[ ID] Interval            Transfer     Bandwidth      Write/Err  PPS
[  3] 0.0000-5.0000 sec  3.75 MBytes  6.29 Mbits/sec  2676/0      535 pps
[  3] 5.0000-10.0000 sec  3.75 MBytes  6.29 Mbits/sec  2675/0      535 pps
[  3] 10.0000-15.0000 sec  3.75 MBytes  6.29 Mbits/sec  2675/0      535 pps
[  3] 15.0000-20.0000 sec  3.75 MBytes  6.29 Mbits/sec  2675/0      535 pps
[  3] 20.0000-25.0000 sec  3.75 MBytes  6.29 Mbits/sec  2675/0      535 pps
[  3] 25.0000-30.0000 sec  3.75 MBytes  6.29 Mbits/sec  2675/0      535 pps
[  3] 30.0000-35.0000 sec  3.75 MBytes  6.29 Mbits/sec  2675/0      535 pps
[  3] 35.0000-40.0000 sec  3.75 MBytes  6.29 Mbits/sec  2675/0      535 pps
[  3] 40.0000-45.0000 sec  3.75 MBytes  6.29 Mbits/sec  2675/0      535 pps
[  3] 45.0000-50.0000 sec  3.75 MBytes  6.29 Mbits/sec  2675/0      535 pps
[  3] 50.0000-55.0000 sec  3.75 MBytes  6.29 Mbits/sec  2675/0      535 pps
[  3] 55.0000-60.0000 sec  3.75 MBytes  6.29 Mbits/sec  2675/0      535 pps
[  3] 60.0000-65.0000 sec  3.75 MBytes  6.29 Mbits/sec  2675/0      535 pps
[  3] 65.0000-70.0000 sec  3.75 MBytes  6.29 Mbits/sec  2675/0      535 pps
[  3] 70.0000-75.0000 sec  3.75 MBytes  6.29 Mbits/sec  2674/0      535 pps
[  3] 75.0000-80.0000 sec  3.75 MBytes  6.29 Mbits/sec  2675/0      535 pps
[  3] 80.0000-85.0000 sec  3.75 MBytes  6.29 Mbits/sec  2675/0      535 pps
[  3] 85.0000-90.0000 sec  3.75 MBytes  6.29 Mbits/sec  2675/0      535 pps
[  3] 90.0000-95.0000 sec  3.75 MBytes  6.29 Mbits/sec  2675/0      535 pps
[  3] 95.0000-100.0000 sec  3.75 MBytes  6.29 Mbits/sec  2675/0      535 pps
[  3] 100.0000-105.0000 sec  3.75 MBytes  6.29 Mbits/sec  2675/0      535 pps
[  3] 105.0000-110.0000 sec  3.75 MBytes  6.29 Mbits/sec  2675/0      535 pps
[  3] 110.0000-115.0000 sec  3.75 MBytes  6.29 Mbits/sec  2675/0      535 pps
[  3] 115.0000-120.0000 sec  3.75 MBytes  6.29 Mbits/sec  2675/0      535 pps
[  3] 120.0000-125.0000 sec  3.75 MBytes  6.29 Mbits/sec  2675/0      535 pps
[  3] 125.0000-130.0000 sec  3.75 MBytes  6.29 Mbits/sec  2675/0      535 pps
[  3] 130.0000-135.0000 sec  3.75 MBytes  6.29 Mbits/sec  2675/0      535 pps
[  3] 135.0000-140.0000 sec  3.75 MBytes  6.29 Mbits/sec  2675/0      535 pps
[  3] 140.0000-145.0000 sec  3.75 MBytes  6.29 Mbits/sec  2675/0      535 pps
[  3] 145.0000-150.0000 sec  3.75 MBytes  6.29 Mbits/sec  2675/0      535 pps
[  3] 150.0000-155.0000 sec  3.75 MBytes  6.29 Mbits/sec  2675/0      535 pps
[  3] 155.0000-160.0000 sec  3.75 MBytes  6.29 Mbits/sec  2674/0      535 pps
[  3] 160.0000-165.0000 sec  3.75 MBytes  6.29 Mbits/sec  2675/0      535 pps
[  3] 165.0000-170.0000 sec  3.75 MBytes  6.29 Mbits/sec  2675/0      535 pps
[  3] 170.0000-175.0000 sec  3.75 MBytes  6.29 Mbits/sec  2675/0      535 pps
[  3] 175.0000-180.0000 sec  3.75 MBytes  6.29 Mbits/sec  2675/0      535 pps
[  3] 180.0000-185.0000 sec  3.75 MBytes  6.29 Mbits/sec  2675/0      535 pps
[  3] 185.0000-190.0000 sec  3.75 MBytes  6.29 Mbits/sec  2675/0      535 pps
[  3] 190.0000-195.0000 sec  3.75 MBytes  6.29 Mbits/sec  2675/0      535 pps
[  3] 195.0000-200.0000 sec  3.75 MBytes  6.29 Mbits/sec  2675/0      535 pps
[  3] 200.0000-205.0000 sec  3.75 MBytes  6.29 Mbits/sec  2675/0      535 pps
[  3] 205.0000-210.0000 sec  3.75 MBytes  6.29 Mbits/sec  2675/0      535 pps
[  3] 210.0000-215.0000 sec  3.75 MBytes  6.29 Mbits/sec  2675/0      535 pps
[  3] 215.0000-220.0000 sec  3.75 MBytes  6.29 Mbits/sec  2675/0      535 pps
[  3] 220.0000-225.0000 sec  3.75 MBytes  6.29 Mbits/sec  2675/0      535 pps
[  3] 225.0000-230.0000 sec  3.75 MBytes  6.29 Mbits/sec  2675/0      535 pps
[  3] 230.0000-235.0000 sec  3.75 MBytes  6.29 Mbits/sec  2675/0      535 pps
[  3] 235.0000-240.0000 sec  3.75 MBytes  6.29 Mbits/sec  2674/0      535 pps
[  3] 240.0000-245.0000 sec  3.75 MBytes  6.29 Mbits/sec  2675/0      535 pps
[  3] 245.0000-250.0000 sec  3.75 MBytes  6.29 Mbits/sec  2675/0      535 pps
[  3] 250.0000-255.0000 sec  3.75 MBytes  6.29 Mbits/sec  2675/0      535 pps
[  3] 255.0000-260.0000 sec  3.75 MBytes  6.29 Mbits/sec  2675/0      535 pps
[  3] 260.0000-265.0000 sec  3.75 MBytes  6.29 Mbits/sec  2675/0      535 pps
[  3] 265.0000-270.0000 sec  3.75 MBytes  6.29 Mbits/sec  2675/0      535 pps
[  3] 270.0000-275.0000 sec  3.75 MBytes  6.29 Mbits/sec  2675/0      535 pps
[  3] 275.0000-280.0000 sec  3.75 MBytes  6.29 Mbits/sec  2675/0      535 pps
[  3] 280.0000-285.0000 sec  3.75 MBytes  6.29 Mbits/sec  2675/0      535 pps
[  3] 285.0000-290.0000 sec  3.75 MBytes  6.29 Mbits/sec  2675/0      535 pps
[  3] 290.0000-295.0000 sec  3.75 MBytes  6.29 Mbits/sec  2675/0      535 pps
[  3] 0.0000-300.0015 sec   225 MBytes  6.29 Mbits/sec  160497/0      534 pps
[  3] Sent 160497 datagrams
[  3] Server Report:
[  3] 0.0000-299.9443 sec   211 MBytes  5.89 Mbits/sec   0.558 ms 10261/160497 (6.4%) 11.332/ 0.559/256.450/ 0.122 ms  535 pps  64.97
[  3] 0.0000-299.9443 sec  110 datagrams received out-of-order
------------------------------------------------------------
Client connecting to 10.0.0.4, UDP port 5001 with pid 4327
Sending 1470 byte datagrams, IPG target: 1869.20 us (kalman adjust)
UDP buffer size:  208 KByte (default)
------------------------------------------------------------
[  3] local 10.0.0.2 port 59027 connected with 10.0.0.4 port 5001
[ ID] Interval            Transfer     Bandwidth      Write/Err  PPS
[  3] 0.0000-5.0000 sec  3.75 MBytes  6.29 Mbits/sec  2676/0      535 pps
[  3] 5.0000-10.0000 sec  3.75 MBytes  6.29 Mbits/sec  2675/0      535 pps
[  3] 10.0000-15.0000 sec  3.75 MBytes  6.29 Mbits/sec  2675/0      535 pps
[  3] 15.0000-20.0000 sec  3.75 MBytes  6.29 Mbits/sec  2675/0      535 pps
[  3] 20.0000-25.0000 sec  3.75 MBytes  6.29 Mbits/sec  2675/0      535 pps
[  3] 25.0000-30.0000 sec  3.75 MBytes  6.29 Mbits/sec  2675/0      535 pps
[  3] 30.0000-35.0000 sec  3.75 MBytes  6.29 Mbits/sec  2675/0      535 pps
[  3] 35.0000-40.0000 sec  3.75 MBytes  6.29 Mbits/sec  2675/0      535 pps
[  3] 40.0000-45.0000 sec  3.75 MBytes  6.29 Mbits/sec  2675/0      535 pps
[  3] 45.0000-50.0000 sec  3.75 MBytes  6.29 Mbits/sec  2675/0      535 pps
[  3] 50.0000-55.0000 sec  3.75 MBytes  6.29 Mbits/sec  2675/0      535 pps
[  3] 55.0000-60.0000 sec  3.75 MBytes  6.29 Mbits/sec  2675/0      535 pps
[  3] 60.0000-65.0000 sec  3.75 MBytes  6.29 Mbits/sec  2674/0      535 pps
[  3] 65.0000-70.0000 sec  3.75 MBytes  6.29 Mbits/sec  2675/0      535 pps
[  3] 70.0000-75.0000 sec  3.75 MBytes  6.29 Mbits/sec  2675/0      535 pps
[  3] 75.0000-80.0000 sec  3.75 MBytes  6.29 Mbits/sec  2675/0      535 pps
[  3] 80.0000-85.0000 sec  3.75 MBytes  6.29 Mbits/sec  2675/0      535 pps
[  3] 85.0000-90.0000 sec  3.75 MBytes  6.29 Mbits/sec  2675/0      535 pps
[  3] 90.0000-95.0000 sec  3.75 MBytes  6.29 Mbits/sec  2675/0      535 pps
[  3] 95.0000-100.0000 sec  3.75 MBytes  6.29 Mbits/sec  2675/0      535 pps
[  3] 100.0000-105.0000 sec  3.75 MBytes  6.29 Mbits/sec  2675/0      535 pps
[  3] 105.0000-110.0000 sec  3.75 MBytes  6.29 Mbits/sec  2675/0      535 pps
[  3] 110.0000-115.0000 sec  3.75 MBytes  6.29 Mbits/sec  2675/0      535 pps
[  3] 115.0000-120.0000 sec  3.75 MBytes  6.29 Mbits/sec  2675/0      535 pps
[  3] 120.0000-125.0000 sec  3.75 MBytes  6.29 Mbits/sec  2675/0      535 pps
[  3] 125.0000-130.0000 sec  3.75 MBytes  6.29 Mbits/sec  2675/0      535 pps
[  3] 130.0000-135.0000 sec  3.75 MBytes  6.29 Mbits/sec  2675/0      535 pps
[  3] 135.0000-140.0000 sec  3.75 MBytes  6.29 Mbits/sec  2675/0      535 pps
[  3] 140.0000-145.0000 sec  3.75 MBytes  6.29 Mbits/sec  2675/0      535 pps
[  3] 145.0000-150.0000 sec  3.75 MBytes  6.29 Mbits/sec  2675/0      535 pps
[  3] 150.0000-155.0000 sec  3.75 MBytes  6.29 Mbits/sec  2674/0      535 pps
[  3] 155.0000-160.0000 sec  3.75 MBytes  6.29 Mbits/sec  2675/0      535 pps
[  3] 160.0000-165.0000 sec  3.75 MBytes  6.29 Mbits/sec  2675/0      535 pps
[  3] 165.0000-170.0000 sec  3.75 MBytes  6.29 Mbits/sec  2675/0      535 pps
[  3] 170.0000-175.0000 sec  3.75 MBytes  6.29 Mbits/sec  2675/0      535 pps
[  3] 175.0000-180.0000 sec  3.75 MBytes  6.29 Mbits/sec  2675/0      535 pps
[  3] 180.0000-185.0000 sec  3.75 MBytes  6.29 Mbits/sec  2675/0      535 pps
[  3] 185.0000-190.0000 sec  3.75 MBytes  6.29 Mbits/sec  2675/0      535 pps
[  3] 190.0000-195.0000 sec  3.75 MBytes  6.29 Mbits/sec  2675/0      535 pps
[  3] 195.0000-200.0000 sec  3.75 MBytes  6.29 Mbits/sec  2675/0      535 pps
[  3] 200.0000-205.0000 sec  3.75 MBytes  6.29 Mbits/sec  2675/0      535 pps
[  3] 205.0000-210.0000 sec  3.75 MBytes  6.29 Mbits/sec  2675/0      535 pps
[  3] 210.0000-215.0000 sec  3.75 MBytes  6.29 Mbits/sec  2675/0      535 pps
[  3] 215.0000-220.0000 sec  3.75 MBytes  6.29 Mbits/sec  2675/0      535 pps
[  3] 220.0000-225.0000 sec  3.75 MBytes  6.29 Mbits/sec  2675/0      535 pps
[  3] 225.0000-230.0000 sec  3.75 MBytes  6.29 Mbits/sec  2674/0      535 pps
[  3] 230.0000-235.0000 sec  3.75 MBytes  6.29 Mbits/sec  2675/0      535 pps
[  3] 235.0000-240.0000 sec  3.75 MBytes  6.29 Mbits/sec  2675/0      535 pps
[  3] 240.0000-245.0000 sec  3.75 MBytes  6.29 Mbits/sec  2675/0      535 pps
[  3] 245.0000-250.0000 sec  3.75 MBytes  6.29 Mbits/sec  2675/0      535 pps
[  3] 250.0000-255.0000 sec  3.75 MBytes  6.29 Mbits/sec  2675/0      535 pps
[  3] 255.0000-260.0000 sec  3.75 MBytes  6.29 Mbits/sec  2675/0      535 pps
[  3] 260.0000-265.0000 sec  3.75 MBytes  6.29 Mbits/sec  2675/0      535 pps
[  3] 265.0000-270.0000 sec  3.75 MBytes  6.29 Mbits/sec  2675/0      535 pps
[  3] 270.0000-275.0000 sec  3.75 MBytes  6.29 Mbits/sec  2675/0      535 pps
[  3] 275.0000-280.0000 sec  3.75 MBytes  6.29 Mbits/sec  2675/0      535 pps
[  3] 280.0000-285.0000 sec  3.75 MBytes  6.29 Mbits/sec  2675/0      535 pps
[  3] 285.0000-290.0000 sec  3.75 MBytes  6.29 Mbits/sec  2675/0      535 pps
[  3] 290.0000-295.0000 sec  3.75 MBytes  6.29 Mbits/sec  2675/0      535 pps
[  3] 0.0000-299.3605 sec   225 MBytes  6.29 Mbits/sec  160154/0      534 pps
[  3] Sent 160154 datagrams
[  3] Server Report:
[  3] 0.0000-299.3173 sec   174 MBytes  4.86 Mbits/sec   0.483 ms 36377/160154 (23%) -/-/-/- ms  535 pps
[  3] 0.0000-299.3173 sec  142 datagrams received out-of-order
------------------------------------------------------------
Client connecting to 10.0.0.4, UDP port 5001 with pid 7087
Sending 1470 byte datagrams, IPG target: 1869.20 us (kalman adjust)
UDP buffer size:  208 KByte (default)
------------------------------------------------------------
[  3] local 10.0.0.2 port 52610 connected with 10.0.0.4 port 5001
[ ID] Interval            Transfer     Bandwidth      Write/Err  PPS
[  3] 0.0000-5.0000 sec  3.75 MBytes  6.29 Mbits/sec  2676/0      535 pps
[  3] 5.0000-10.0000 sec  3.75 MBytes  6.29 Mbits/sec  2675/0      535 pps
[  3] 10.0000-15.0000 sec  3.75 MBytes  6.29 Mbits/sec  2675/0      535 pps
[  3] 15.0000-20.0000 sec  3.75 MBytes  6.29 Mbits/sec  2675/0      535 pps
[  3] 20.0000-25.0000 sec  3.75 MBytes  6.29 Mbits/sec  2675/0      535 pps
[  3] 25.0000-30.0000 sec  3.75 MBytes  6.29 Mbits/sec  2675/0      535 pps
[  3] 30.0000-35.0000 sec  3.75 MBytes  6.29 Mbits/sec  2675/0      535 pps
[  3] 35.0000-40.0000 sec  3.75 MBytes  6.29 Mbits/sec  2675/0      535 pps
[  3] 40.0000-45.0000 sec  3.75 MBytes  6.29 Mbits/sec  2675/0      535 pps
[  3] 45.0000-50.0000 sec  3.75 MBytes  6.29 Mbits/sec  2675/0      535 pps
[  3] 50.0000-55.0000 sec  3.75 MBytes  6.29 Mbits/sec  2675/0      535 pps
[  3] 55.0000-60.0000 sec  3.75 MBytes  6.29 Mbits/sec  2675/0      535 pps
[  3] 60.0000-65.0000 sec  3.75 MBytes  6.29 Mbits/sec  2675/0      535 pps
[  3] 65.0000-70.0000 sec  3.75 MBytes  6.29 Mbits/sec  2674/0      535 pps
[  3] 70.0000-75.0000 sec  3.75 MBytes  6.29 Mbits/sec  2675/0      535 pps
[  3] 75.0000-80.0000 sec  3.75 MBytes  6.29 Mbits/sec  2675/0      535 pps
[  3] 80.0000-85.0000 sec  3.75 MBytes  6.29 Mbits/sec  2675/0      535 pps
[  3] 85.0000-90.0000 sec  3.75 MBytes  6.29 Mbits/sec  2675/0      535 pps
[  3] 90.0000-95.0000 sec  3.75 MBytes  6.29 Mbits/sec  2675/0      535 pps
[  3] 95.0000-100.0000 sec  3.75 MBytes  6.29 Mbits/sec  2675/0      535 pps
[  3] 100.0000-105.0000 sec  3.75 MBytes  6.29 Mbits/sec  2675/0      535 pps
[  3] 105.0000-110.0000 sec  3.75 MBytes  6.29 Mbits/sec  2675/0      535 pps
[  3] 110.0000-115.0000 sec  3.75 MBytes  6.29 Mbits/sec  2675/0      535 pps
[  3] 115.0000-120.0000 sec  3.75 MBytes  6.29 Mbits/sec  2675/0      535 pps
[  3] 120.0000-125.0000 sec  3.75 MBytes  6.29 Mbits/sec  2675/0      535 pps
[  3] 125.0000-130.0000 sec  3.75 MBytes  6.29 Mbits/sec  2675/0      535 pps
[  3] 130.0000-135.0000 sec  3.75 MBytes  6.29 Mbits/sec  2675/0      535 pps
[  3] 135.0000-140.0000 sec  3.75 MBytes  6.29 Mbits/sec  2675/0      535 pps
[  3] 140.0000-145.0000 sec  3.75 MBytes  6.29 Mbits/sec  2675/0      535 pps
[  3] 145.0000-150.0000 sec  3.75 MBytes  6.29 Mbits/sec  2675/0      535 pps
[  3] 150.0000-155.0000 sec  3.75 MBytes  6.29 Mbits/sec  2674/0      535 pps
[  3] 155.0000-160.0000 sec  3.75 MBytes  6.29 Mbits/sec  2675/0      535 pps
[  3] 160.0000-165.0000 sec  3.75 MBytes  6.29 Mbits/sec  2675/0      535 pps
[  3] 165.0000-170.0000 sec  3.75 MBytes  6.29 Mbits/sec  2675/0      535 pps
[  3] 170.0000-175.0000 sec  3.75 MBytes  6.29 Mbits/sec  2675/0      535 pps
[  3] 175.0000-180.0000 sec  3.75 MBytes  6.29 Mbits/sec  2675/0      535 pps
[  3] 180.0000-185.0000 sec  3.75 MBytes  6.29 Mbits/sec  2675/0      535 pps
[  3] 185.0000-190.0000 sec  3.75 MBytes  6.29 Mbits/sec  2675/0      535 pps
[  3] 190.0000-195.0000 sec  3.75 MBytes  6.29 Mbits/sec  2675/0      535 pps
[  3] 195.0000-200.0000 sec  3.75 MBytes  6.29 Mbits/sec  2675/0      535 pps
[  3] 200.0000-205.0000 sec  3.75 MBytes  6.29 Mbits/sec  2675/0      535 pps
[  3] 205.0000-210.0000 sec  3.75 MBytes  6.29 Mbits/sec  2675/0      535 pps
[  3] 210.0000-215.0000 sec  3.75 MBytes  6.29 Mbits/sec  2675/0      535 pps
[  3] 215.0000-220.0000 sec  3.75 MBytes  6.29 Mbits/sec  2675/0      535 pps
[  3] 220.0000-225.0000 sec  3.75 MBytes  6.29 Mbits/sec  2675/0      535 pps
[  3] 225.0000-230.0000 sec  3.75 MBytes  6.29 Mbits/sec  2675/0      535 pps
[  3] 230.0000-235.0000 sec  3.75 MBytes  6.29 Mbits/sec  2675/0      535 pps
[  3] 235.0000-240.0000 sec  3.75 MBytes  6.29 Mbits/sec  2674/0      535 pps
[  3] 240.0000-245.0000 sec  3.75 MBytes  6.29 Mbits/sec  2675/0      535 pps
[  3] 245.0000-250.0000 sec  3.75 MBytes  6.29 Mbits/sec  2675/0      535 pps
[  3] 250.0000-255.0000 sec  3.75 MBytes  6.29 Mbits/sec  2675/0      535 pps
[  3] 255.0000-260.0000 sec  3.75 MBytes  6.29 Mbits/sec  2675/0      535 pps
[  3] 260.0000-265.0000 sec  3.75 MBytes  6.29 Mbits/sec  2675/0      535 pps
[  3] 265.0000-270.0000 sec  3.75 MBytes  6.29 Mbits/sec  2675/0      535 pps
[  3] 270.0000-275.0000 sec  3.75 MBytes  6.29 Mbits/sec  2675/0      535 pps
[  3] 275.0000-280.0000 sec  3.75 MBytes  6.29 Mbits/sec  2675/0      535 pps
[  3] 280.0000-285.0000 sec  3.75 MBytes  6.29 Mbits/sec  2675/0      535 pps
[  3] 285.0000-290.0000 sec  3.75 MBytes  6.29 Mbits/sec  2675/0      535 pps
[  3] 290.0000-295.0000 sec  3.75 MBytes  6.29 Mbits/sec  2675/0      535 pps
[  3] 0.0000-300.0014 sec   225 MBytes  6.29 Mbits/sec  160497/0      534 pps
[  3] Sent 160497 datagrams
[  3] Server Report:
[  3] 0.0000-299.9518 sec   125 MBytes  3.50 Mbits/sec   0.543 ms 71200/160497 (44%) 102.682/ 0.330/411.359/ 0.136 ms  535 pps  4.26
[  3] 0.0000-299.9518 sec  92 datagrams received out-of-order
------------------------------------------------------------
Client connecting to 10.0.0.4, UDP port 5001 with pid 9627
Sending 1470 byte datagrams, IPG target: 1869.20 us (kalman adjust)
UDP buffer size:  208 KByte (default)
------------------------------------------------------------
[  3] local 10.0.0.2 port 56829 connected with 10.0.0.4 port 5001
[ ID] Interval            Transfer     Bandwidth      Write/Err  PPS
[  3] 0.0000-5.0000 sec  3.75 MBytes  6.29 Mbits/sec  2676/0      535 pps
[  3] 5.0000-10.0000 sec  3.75 MBytes  6.29 Mbits/sec  2675/0      535 pps
[  3] 10.0000-15.0000 sec  3.75 MBytes  6.29 Mbits/sec  2675/0      535 pps
[  3] 15.0000-20.0000 sec  3.75 MBytes  6.29 Mbits/sec  2675/0      535 pps
[  3] 20.0000-25.0000 sec  3.75 MBytes  6.29 Mbits/sec  2675/0      535 pps
[  3] 25.0000-30.0000 sec  3.75 MBytes  6.29 Mbits/sec  2675/0      535 pps
[  3] 30.0000-35.0000 sec  3.75 MBytes  6.29 Mbits/sec  2675/0      535 pps
[  3] 35.0000-40.0000 sec  3.75 MBytes  6.29 Mbits/sec  2675/0      535 pps
[  3] 40.0000-45.0000 sec  3.75 MBytes  6.29 Mbits/sec  2675/0      535 pps
[  3] 45.0000-50.0000 sec  3.75 MBytes  6.29 Mbits/sec  2675/0      535 pps
[  3] 50.0000-55.0000 sec  3.75 MBytes  6.29 Mbits/sec  2675/0      535 pps
[  3] 55.0000-60.0000 sec  3.75 MBytes  6.29 Mbits/sec  2675/0      535 pps
[  3] 60.0000-65.0000 sec  3.75 MBytes  6.29 Mbits/sec  2675/0      535 pps
[  3] 65.0000-70.0000 sec  3.75 MBytes  6.29 Mbits/sec  2675/0      535 pps
[  3] 70.0000-75.0000 sec  3.75 MBytes  6.29 Mbits/sec  2675/0      535 pps
[  3] 75.0000-80.0000 sec  3.75 MBytes  6.29 Mbits/sec  2674/0      535 pps
[  3] 80.0000-85.0000 sec  3.75 MBytes  6.29 Mbits/sec  2675/0      535 pps
[  3] 85.0000-90.0000 sec  3.75 MBytes  6.29 Mbits/sec  2675/0      535 pps
[  3] 90.0000-95.0000 sec  3.75 MBytes  6.29 Mbits/sec  2675/0      535 pps
[  3] 95.0000-100.0000 sec  3.75 MBytes  6.29 Mbits/sec  2675/0      535 pps
[  3] 100.0000-105.0000 sec  3.75 MBytes  6.29 Mbits/sec  2674/0      535 pps
[  3] 105.0000-110.0000 sec  3.75 MBytes  6.29 Mbits/sec  2676/0      535 pps
[  3] 110.0000-115.0000 sec  3.75 MBytes  6.29 Mbits/sec  2675/0      535 pps
[  3] 115.0000-120.0000 sec  3.75 MBytes  6.29 Mbits/sec  2675/0      535 pps
[  3] 120.0000-125.0000 sec  3.75 MBytes  6.29 Mbits/sec  2675/0      535 pps
[  3] 125.0000-130.0000 sec  3.75 MBytes  6.29 Mbits/sec  2675/0      535 pps
[  3] 130.0000-135.0000 sec  3.75 MBytes  6.29 Mbits/sec  2675/0      535 pps
[  3] 135.0000-140.0000 sec  3.75 MBytes  6.29 Mbits/sec  2675/0      535 pps
[  3] 140.0000-145.0000 sec  3.75 MBytes  6.29 Mbits/sec  2675/0      535 pps
[  3] 145.0000-150.0000 sec  3.75 MBytes  6.29 Mbits/sec  2674/0      535 pps
[  3] 150.0000-155.0000 sec  3.75 MBytes  6.29 Mbits/sec  2675/0      535 pps
[  3] 155.0000-160.0000 sec  3.75 MBytes  6.29 Mbits/sec  2675/0      535 pps
[  3] 160.0000-165.0000 sec  3.75 MBytes  6.29 Mbits/sec  2675/0      535 pps
[  3] 165.0000-170.0000 sec  3.75 MBytes  6.29 Mbits/sec  2675/0      535 pps
[  3] 170.0000-175.0000 sec  3.75 MBytes  6.29 Mbits/sec  2674/0      535 pps
[  3] 175.0000-180.0000 sec  3.75 MBytes  6.29 Mbits/sec  2676/0      535 pps
[  3] 180.0000-185.0000 sec  3.75 MBytes  6.29 Mbits/sec  2675/0      535 pps
[  3] 185.0000-190.0000 sec  3.75 MBytes  6.29 Mbits/sec  2675/0      535 pps
[  3] 190.0000-195.0000 sec  3.75 MBytes  6.29 Mbits/sec  2675/0      535 pps
[  3] 195.0000-200.0000 sec  3.75 MBytes  6.29 Mbits/sec  2674/0      535 pps
[  3] 200.0000-205.0000 sec  3.75 MBytes  6.29 Mbits/sec  2676/0      535 pps
[  3] 205.0000-210.0000 sec  3.75 MBytes  6.29 Mbits/sec  2675/0      535 pps
[  3] 210.0000-215.0000 sec  3.75 MBytes  6.29 Mbits/sec  2675/0      535 pps
[  3] 215.0000-220.0000 sec  3.75 MBytes  6.29 Mbits/sec  2675/0      535 pps
[  3] 220.0000-225.0000 sec  3.75 MBytes  6.29 Mbits/sec  2675/0      535 pps
[  3] 225.0000-230.0000 sec  3.75 MBytes  6.29 Mbits/sec  2675/0      535 pps
[  3] 230.0000-235.0000 sec  3.75 MBytes  6.29 Mbits/sec  2675/0      535 pps
[  3] 235.0000-240.0000 sec  3.75 MBytes  6.29 Mbits/sec  2674/0      535 pps
[  3] 240.0000-245.0000 sec  3.75 MBytes  6.29 Mbits/sec  2675/0      535 pps
[  3] 245.0000-250.0000 sec  3.75 MBytes  6.29 Mbits/sec  2675/0      535 pps
[  3] 250.0000-255.0000 sec  3.75 MBytes  6.29 Mbits/sec  2675/0      535 pps
[  3] 255.0000-260.0000 sec  3.75 MBytes  6.29 Mbits/sec  2675/0      535 pps
[  3] 260.0000-265.0000 sec  3.75 MBytes  6.29 Mbits/sec  2675/0      535 pps
[  3] 265.0000-270.0000 sec  3.75 MBytes  6.29 Mbits/sec  2675/0      535 pps
[  3] 270.0000-275.0000 sec  3.75 MBytes  6.29 Mbits/sec  2674/0      535 pps
[  3] 275.0000-280.0000 sec  3.75 MBytes  6.29 Mbits/sec  2676/0      535 pps
[  3] 280.0000-285.0000 sec  3.75 MBytes  6.29 Mbits/sec  2675/0      535 pps
[  3] 285.0000-290.0000 sec  3.75 MBytes  6.29 Mbits/sec  2675/0      535 pps
[  3] 290.0000-295.0000 sec  3.75 MBytes  6.29 Mbits/sec  2675/0      535 pps
[  3] 0.0000-300.0015 sec   225 MBytes  6.29 Mbits/sec  160497/0      534 pps
[  3] Sent 160497 datagrams
[  3] Server Report:
[  3] 0.0000-299.9921 sec   191 MBytes  5.34 Mbits/sec   0.054 ms 24243/160497 (15%) 14.318/ 0.004/1940.050/ 0.166 ms  535 pps  46.63
[  3] 0.0000-299.9921 sec  580 datagrams received out-of-order
------------------------------------------------------------
Client connecting to 10.0.0.4, UDP port 5001 with pid 11886
Sending 1470 byte datagrams, IPG target: 1869.20 us (kalman adjust)
UDP buffer size:  208 KByte (default)
------------------------------------------------------------
[  3] local 10.0.0.2 port 59749 connected with 10.0.0.4 port 5001
[ ID] Interval            Transfer     Bandwidth      Write/Err  PPS
[  3] 0.0000-5.0000 sec  3.75 MBytes  6.29 Mbits/sec  2676/0      535 pps
[  3] 5.0000-10.0000 sec  3.75 MBytes  6.29 Mbits/sec  2675/0      535 pps
[  3] 10.0000-15.0000 sec  3.75 MBytes  6.29 Mbits/sec  2675/0      535 pps
[  3] 15.0000-20.0000 sec  3.75 MBytes  6.29 Mbits/sec  2675/0      535 pps
[  3] 20.0000-25.0000 sec  3.75 MBytes  6.29 Mbits/sec  2675/0      535 pps
[  3] 25.0000-30.0000 sec  3.75 MBytes  6.29 Mbits/sec  2675/0      535 pps
[  3] 30.0000-35.0000 sec  3.75 MBytes  6.29 Mbits/sec  2675/0      535 pps
[  3] 35.0000-40.0000 sec  3.75 MBytes  6.29 Mbits/sec  2675/0      535 pps
[  3] 40.0000-45.0000 sec  3.75 MBytes  6.29 Mbits/sec  2675/0      535 pps
[  3] 45.0000-50.0000 sec  3.75 MBytes  6.29 Mbits/sec  2675/0      535 pps
[  3] 50.0000-55.0000 sec  3.75 MBytes  6.29 Mbits/sec  2674/0      535 pps
[  3] 55.0000-60.0000 sec  3.75 MBytes  6.29 Mbits/sec  2676/0      535 pps
[  3] 60.0000-65.0000 sec  3.75 MBytes  6.29 Mbits/sec  2674/0      535 pps
[  3] 65.0000-70.0000 sec  3.75 MBytes  6.29 Mbits/sec  2676/0      535 pps
[  3] 70.0000-75.0000 sec  3.75 MBytes  6.29 Mbits/sec  2674/0      535 pps
[  3] 75.0000-80.0000 sec  3.75 MBytes  6.29 Mbits/sec  2675/0      535 pps
[  3] 80.0000-85.0000 sec  3.75 MBytes  6.29 Mbits/sec  2675/0      535 pps
[  3] 85.0000-90.0000 sec  3.75 MBytes  6.29 Mbits/sec  2675/0      535 pps
[  3] 90.0000-95.0000 sec  3.75 MBytes  6.29 Mbits/sec  2675/0      535 pps
[  3] 95.0000-100.0000 sec  3.75 MBytes  6.29 Mbits/sec  2675/0      535 pps
[  3] 100.0000-105.0000 sec  3.75 MBytes  6.29 Mbits/sec  2675/0      535 pps
[  3] 105.0000-110.0000 sec  3.75 MBytes  6.29 Mbits/sec  2675/0      535 pps
[  3] 110.0000-115.0000 sec  3.75 MBytes  6.29 Mbits/sec  2675/0      535 pps
[  3] 115.0000-120.0000 sec  3.75 MBytes  6.29 Mbits/sec  2675/0      535 pps
[  3] 120.0000-125.0000 sec  3.75 MBytes  6.29 Mbits/sec  2674/0      535 pps
[  3] 125.0000-130.0000 sec  3.75 MBytes  6.29 Mbits/sec  2676/0      535 pps
[  3] 130.0000-135.0000 sec  3.75 MBytes  6.29 Mbits/sec  2674/0      535 pps
[  3] 135.0000-140.0000 sec  3.75 MBytes  6.29 Mbits/sec  2676/0      535 pps
[  3] 140.0000-145.0000 sec  3.75 MBytes  6.29 Mbits/sec  2674/0      535 pps
[  3] 145.0000-150.0000 sec  3.75 MBytes  6.29 Mbits/sec  2675/0      535 pps
[  3] 150.0000-155.0000 sec  3.75 MBytes  6.29 Mbits/sec  2676/0      535 pps
[  3] 155.0000-160.0000 sec  3.75 MBytes  6.29 Mbits/sec  2674/0      535 pps
[  3] 160.0000-165.0000 sec  3.75 MBytes  6.29 Mbits/sec  2675/0      535 pps
[  3] 165.0000-170.0000 sec  3.75 MBytes  6.29 Mbits/sec  2675/0      535 pps
[  3] 170.0000-175.0000 sec  3.75 MBytes  6.29 Mbits/sec  2675/0      535 pps
[  3] 175.0000-180.0000 sec  3.75 MBytes  6.29 Mbits/sec  2675/0      535 pps
[  3] 180.0000-185.0000 sec  3.75 MBytes  6.29 Mbits/sec  2675/0      535 pps
[  3] 185.0000-190.0000 sec  3.75 MBytes  6.29 Mbits/sec  2675/0      535 pps
[  3] 190.0000-195.0000 sec  3.75 MBytes  6.29 Mbits/sec  2675/0      535 pps
[  3] 195.0000-200.0000 sec  3.75 MBytes  6.29 Mbits/sec  2675/0      535 pps
[  3] 200.0000-205.0000 sec  3.75 MBytes  6.29 Mbits/sec  2675/0      535 pps
[  3] 205.0000-210.0000 sec  3.75 MBytes  6.29 Mbits/sec  2675/0      535 pps
[  3] 210.0000-215.0000 sec  3.75 MBytes  6.29 Mbits/sec  2675/0      535 pps
[  3] 215.0000-220.0000 sec  3.75 MBytes  6.29 Mbits/sec  2675/0      535 pps
[  3] 220.0000-225.0000 sec  3.75 MBytes  6.29 Mbits/sec  2675/0      535 pps
[  3] 225.0000-230.0000 sec  3.75 MBytes  6.29 Mbits/sec  2674/0      535 pps
[  3] 230.0000-235.0000 sec  3.75 MBytes  6.29 Mbits/sec  2675/0      535 pps
[  3] 235.0000-240.0000 sec  3.75 MBytes  6.29 Mbits/sec  2675/0      535 pps
[  3] 240.0000-245.0000 sec  3.75 MBytes  6.29 Mbits/sec  2675/0      535 pps
[  3] 245.0000-250.0000 sec  3.75 MBytes  6.29 Mbits/sec  2675/0      535 pps
[  3] 250.0000-255.0000 sec  3.75 MBytes  6.29 Mbits/sec  2675/0      535 pps
[  3] 255.0000-260.0000 sec  3.75 MBytes  6.29 Mbits/sec  2675/0      535 pps
[  3] 260.0000-265.0000 sec  3.75 MBytes  6.29 Mbits/sec  2675/0      535 pps
[  3] 265.0000-270.0000 sec  3.75 MBytes  6.29 Mbits/sec  2675/0      535 pps
[  3] 270.0000-275.0000 sec  3.75 MBytes  6.29 Mbits/sec  2675/0      535 pps
[  3] 275.0000-280.0000 sec  3.75 MBytes  6.29 Mbits/sec  2675/0      535 pps
[  3] 280.0000-285.0000 sec  3.75 MBytes  6.29 Mbits/sec  2674/0      535 pps
[  3] 285.0000-290.0000 sec  3.75 MBytes  6.29 Mbits/sec  2676/0      535 pps
[  3] 290.0000-295.0000 sec  3.75 MBytes  6.29 Mbits/sec  2675/0      535 pps
[  3] 0.0000-300.0015 sec   225 MBytes  6.29 Mbits/sec  160497/0      534 pps
[  3] Sent 160497 datagrams
[  3] Server Report:
[  3] 0.0000-299.9835 sec   190 MBytes  5.32 Mbits/sec   0.005 ms 24718/160497 (15%) 15.807/ 0.009/2064.709/ 0.168 ms  535 pps  42.09
[  3] 0.0000-299.9835 sec  471 datagrams received out-of-order
------------------------------------------------------------
Client connecting to 10.0.0.4, UDP port 5001 with pid 13782
Sending 1470 byte datagrams, IPG target: 1869.20 us (kalman adjust)
UDP buffer size:  208 KByte (default)
------------------------------------------------------------
[  3] local 10.0.0.2 port 39179 connected with 10.0.0.4 port 5001
[ ID] Interval            Transfer     Bandwidth      Write/Err  PPS
[  3] 0.0000-5.0000 sec  3.75 MBytes  6.29 Mbits/sec  2676/0      535 pps
[  3] 5.0000-10.0000 sec  3.75 MBytes  6.29 Mbits/sec  2675/0      535 pps
[  3] 10.0000-15.0000 sec  3.75 MBytes  6.29 Mbits/sec  2675/0      535 pps
[  3] 15.0000-20.0000 sec  3.75 MBytes  6.29 Mbits/sec  2675/0      535 pps
[  3] 20.0000-25.0000 sec  3.75 MBytes  6.29 Mbits/sec  2675/0      535 pps
[  3] 25.0000-30.0000 sec  3.75 MBytes  6.29 Mbits/sec  2675/0      535 pps
[  3] 30.0000-35.0000 sec  3.75 MBytes  6.29 Mbits/sec  2675/0      535 pps
[  3] 35.0000-40.0000 sec  3.75 MBytes  6.29 Mbits/sec  2675/0      535 pps
[  3] 40.0000-45.0000 sec  3.75 MBytes  6.29 Mbits/sec  2675/0      535 pps
[  3] 45.0000-50.0000 sec  3.75 MBytes  6.29 Mbits/sec  2675/0      535 pps
[  3] 50.0000-55.0000 sec  3.75 MBytes  6.29 Mbits/sec  2675/0      535 pps
[  3] 55.0000-60.0000 sec  3.75 MBytes  6.29 Mbits/sec  2675/0      535 pps
[  3] 60.0000-65.0000 sec  3.75 MBytes  6.29 Mbits/sec  2675/0      535 pps
[  3] 65.0000-70.0000 sec  3.75 MBytes  6.29 Mbits/sec  2675/0      535 pps
[  3] 70.0000-75.0000 sec  3.75 MBytes  6.29 Mbits/sec  2675/0      535 pps
[  3] 75.0000-80.0000 sec  3.75 MBytes  6.29 Mbits/sec  2674/0      535 pps
[  3] 80.0000-85.0000 sec  3.75 MBytes  6.29 Mbits/sec  2675/0      535 pps
[  3] 85.0000-90.0000 sec  3.75 MBytes  6.29 Mbits/sec  2675/0      535 pps
[  3] 90.0000-95.0000 sec  3.75 MBytes  6.29 Mbits/sec  2675/0      535 pps
[  3] 95.0000-100.0000 sec  3.75 MBytes  6.29 Mbits/sec  2675/0      535 pps
[  3] 100.0000-105.0000 sec  3.75 MBytes  6.29 Mbits/sec  2675/0      535 pps
[  3] 105.0000-110.0000 sec  3.75 MBytes  6.29 Mbits/sec  2675/0      535 pps
[  3] 110.0000-115.0000 sec  3.75 MBytes  6.29 Mbits/sec  2675/0      535 pps
[  3] 115.0000-120.0000 sec  3.75 MBytes  6.29 Mbits/sec  2675/0      535 pps
[  3] 120.0000-125.0000 sec  3.75 MBytes  6.29 Mbits/sec  2675/0      535 pps
[  3] 125.0000-130.0000 sec  3.75 MBytes  6.29 Mbits/sec  2675/0      535 pps
[  3] 130.0000-135.0000 sec  3.75 MBytes  6.29 Mbits/sec  2675/0      535 pps
[  3] 135.0000-140.0000 sec  3.75 MBytes  6.29 Mbits/sec  2675/0      535 pps
[  3] 140.0000-145.0000 sec  3.75 MBytes  6.29 Mbits/sec  2675/0      535 pps
[  3] 145.0000-150.0000 sec  3.75 MBytes  6.29 Mbits/sec  2675/0      535 pps
[  3] 150.0000-155.0000 sec  3.75 MBytes  6.29 Mbits/sec  2674/0      535 pps
[  3] 155.0000-160.0000 sec  3.75 MBytes  6.29 Mbits/sec  2675/0      535 pps
[  3] 160.0000-165.0000 sec  3.75 MBytes  6.29 Mbits/sec  2675/0      535 pps
[  3] 165.0000-170.0000 sec  3.75 MBytes  6.29 Mbits/sec  2675/0      535 pps
[  3] 170.0000-175.0000 sec  3.75 MBytes  6.29 Mbits/sec  2675/0      535 pps
[  3] 175.0000-180.0000 sec  3.75 MBytes  6.29 Mbits/sec  2675/0      535 pps
[  3] 180.0000-185.0000 sec  3.75 MBytes  6.29 Mbits/sec  2675/0      535 pps
[  3] 185.0000-190.0000 sec  3.75 MBytes  6.29 Mbits/sec  2675/0      535 pps
[  3] 190.0000-195.0000 sec  3.75 MBytes  6.29 Mbits/sec  2675/0      535 pps
[  3] 195.0000-200.0000 sec  3.75 MBytes  6.29 Mbits/sec  2675/0      535 pps
[  3] 200.0000-205.0000 sec  3.75 MBytes  6.29 Mbits/sec  2675/0      535 pps
[  3] 205.0000-210.0000 sec  3.75 MBytes  6.29 Mbits/sec  2675/0      535 pps
[  3] 210.0000-215.0000 sec  3.75 MBytes  6.29 Mbits/sec  2675/0      535 pps
[  3] 215.0000-220.0000 sec  3.75 MBytes  6.29 Mbits/sec  2674/0      535 pps
[  3] 220.0000-225.0000 sec  3.75 MBytes  6.29 Mbits/sec  2676/0      535 pps
[  3] 225.0000-230.0000 sec  3.75 MBytes  6.29 Mbits/sec  2674/0      535 pps
[  3] 230.0000-235.0000 sec  3.75 MBytes  6.29 Mbits/sec  2675/0      535 pps
[  3] 235.0000-240.0000 sec  3.75 MBytes  6.29 Mbits/sec  2675/0      535 pps
[  3] 240.0000-245.0000 sec  3.75 MBytes  6.29 Mbits/sec  2675/0      535 pps
[  3] 245.0000-250.0000 sec  3.75 MBytes  6.29 Mbits/sec  2675/0      535 pps
[  3] 250.0000-255.0000 sec  3.75 MBytes  6.29 Mbits/sec  2675/0      535 pps
[  3] 255.0000-260.0000 sec  3.75 MBytes  6.29 Mbits/sec  2675/0      535 pps
[  3] 260.0000-265.0000 sec  3.75 MBytes  6.29 Mbits/sec  2675/0      535 pps
[  3] 265.0000-270.0000 sec  3.75 MBytes  6.29 Mbits/sec  2675/0      535 pps
[  3] 270.0000-275.0000 sec  3.75 MBytes  6.29 Mbits/sec  2675/0      535 pps
[  3] 275.0000-280.0000 sec  3.75 MBytes  6.29 Mbits/sec  2675/0      535 pps
[  3] 280.0000-285.0000 sec  3.75 MBytes  6.29 Mbits/sec  2675/0      535 pps
[  3] 285.0000-290.0000 sec  3.75 MBytes  6.29 Mbits/sec  2675/0      535 pps
[  3] 290.0000-295.0000 sec  3.75 MBytes  6.29 Mbits/sec  2675/0      535 pps
[  3] 295.0000-300.0000 sec  3.75 MBytes  6.29 Mbits/sec  2674/0      535 pps
[  3] 0.0000-300.0018 sec   225 MBytes  6.29 Mbits/sec  160497/0      534 pps
[  3] Sent 160497 datagrams
[  3] Server Report:
[  3] 0.0000-300.5122 sec   147 MBytes  4.09 Mbits/sec   0.916 ms 55858/160498 (35%) 612.556/55.748/1102.468/ 0.141 ms  534 pps  0.84
[  3] 0.0000-300.5122 sec  333 datagrams received out-of-order
------------------------------------------------------------
Client connecting to 10.0.0.4, UDP port 5001 with pid 23296
Sending 1470 byte datagrams, IPG target: 1869.20 us (kalman adjust)
UDP buffer size:  208 KByte (default)
------------------------------------------------------------
[  3] local 10.0.0.2 port 37382 connected with 10.0.0.4 port 5001
[ ID] Interval            Transfer     Bandwidth      Write/Err  PPS
[  3] 0.0000-5.0000 sec  3.75 MBytes  6.29 Mbits/sec  2676/0      535 pps
[  3] 5.0000-10.0000 sec  3.75 MBytes  6.29 Mbits/sec  2675/0      535 pps
[  3] 10.0000-15.0000 sec  3.75 MBytes  6.29 Mbits/sec  2675/0      535 pps
[  3] 15.0000-20.0000 sec  3.75 MBytes  6.29 Mbits/sec  2675/0      535 pps
[  3] 20.0000-25.0000 sec  3.75 MBytes  6.29 Mbits/sec  2675/0      535 pps
[  3] 25.0000-30.0000 sec  3.75 MBytes  6.29 Mbits/sec  2675/0      535 pps
[  3] 30.0000-35.0000 sec  3.75 MBytes  6.29 Mbits/sec  2675/0      535 pps
[  3] 35.0000-40.0000 sec  3.75 MBytes  6.29 Mbits/sec  2675/0      535 pps
[  3] 40.0000-45.0000 sec  3.75 MBytes  6.29 Mbits/sec  2675/0      535 pps
[  3] 45.0000-50.0000 sec  3.75 MBytes  6.29 Mbits/sec  2675/0      535 pps
[  3] 50.0000-55.0000 sec  3.75 MBytes  6.29 Mbits/sec  2675/0      535 pps
[  3] 55.0000-60.0000 sec  3.75 MBytes  6.29 Mbits/sec  2675/0      535 pps
[  3] 60.0000-65.0000 sec  3.75 MBytes  6.29 Mbits/sec  2675/0      535 pps
[  3] 65.0000-70.0000 sec  3.75 MBytes  6.29 Mbits/sec  2675/0      535 pps
[  3] 70.0000-75.0000 sec  3.75 MBytes  6.29 Mbits/sec  2675/0      535 pps
[  3] 75.0000-80.0000 sec  3.75 MBytes  6.29 Mbits/sec  2674/0      535 pps
[  3] 80.0000-85.0000 sec  3.25 MBytes  5.44 Mbits/sec  2315/0      440 pps
[  3] 85.0000-90.0000 sec  4.25 MBytes  7.14 Mbits/sec  3035/0      640 pps
[  3] 90.0000-95.0000 sec  3.75 MBytes  6.29 Mbits/sec  2675/0      535 pps
[  3] 95.0000-100.0000 sec  3.75 MBytes  6.29 Mbits/sec  2675/0      535 pps
[  3] 100.0000-105.0000 sec  3.75 MBytes  6.29 Mbits/sec  2675/0      535 pps
[  3] 105.0000-110.0000 sec  3.75 MBytes  6.29 Mbits/sec  2675/0      535 pps
[  3] 110.0000-115.0000 sec  3.75 MBytes  6.29 Mbits/sec  2675/0      535 pps
[  3] 115.0000-120.0000 sec  3.75 MBytes  6.29 Mbits/sec  2675/0      535 pps
[  3] 120.0000-125.0000 sec  3.75 MBytes  6.29 Mbits/sec  2675/0      535 pps
[  3] 125.0000-130.0000 sec  3.75 MBytes  6.29 Mbits/sec  2675/0      535 pps
[  3] 130.0000-135.0000 sec  3.75 MBytes  6.29 Mbits/sec  2675/0      535 pps
[  3] 135.0000-140.0000 sec  3.75 MBytes  6.29 Mbits/sec  2675/0      535 pps
[  3] 140.0000-145.0000 sec  3.75 MBytes  6.29 Mbits/sec  2675/0      535 pps
[  3] 145.0000-150.0000 sec  3.75 MBytes  6.29 Mbits/sec  2674/0      535 pps
[  3] 150.0000-155.0000 sec  3.75 MBytes  6.29 Mbits/sec  2676/0      535 pps
[  3] 155.0000-160.0000 sec  3.75 MBytes  6.29 Mbits/sec  2674/0      535 pps
[  3] 160.0000-165.0000 sec  3.75 MBytes  6.29 Mbits/sec  2675/0      535 pps
[  3] 165.0000-170.0000 sec  3.75 MBytes  6.29 Mbits/sec  2675/0      535 pps
[  3] 170.0000-175.0000 sec  3.75 MBytes  6.29 Mbits/sec  2675/0      535 pps
[  3] 175.0000-180.0000 sec  3.75 MBytes  6.29 Mbits/sec  2675/0      535 pps
[  3] 180.0000-185.0000 sec  3.75 MBytes  6.29 Mbits/sec  2675/0      535 pps
[  3] 185.0000-190.0000 sec  3.75 MBytes  6.29 Mbits/sec  2675/0      535 pps
[  3] 190.0000-195.0000 sec  3.75 MBytes  6.29 Mbits/sec  2675/0      535 pps
[  3] 195.0000-200.0000 sec  3.75 MBytes  6.29 Mbits/sec  2675/0      535 pps
[  3] 200.0000-205.0000 sec  3.75 MBytes  6.29 Mbits/sec  2675/0      535 pps
[  3] 205.0000-210.0000 sec  3.75 MBytes  6.29 Mbits/sec  2675/0      535 pps
[  3] 210.0000-215.0000 sec  3.75 MBytes  6.29 Mbits/sec  2675/0      535 pps
[  3] 215.0000-220.0000 sec  3.75 MBytes  6.29 Mbits/sec  2675/0      535 pps
[  3] 220.0000-225.0000 sec  3.75 MBytes  6.29 Mbits/sec  2675/0      535 pps
[  3] 225.0000-230.0000 sec  3.75 MBytes  6.29 Mbits/sec  2675/0      535 pps
[  3] 230.0000-235.0000 sec  3.75 MBytes  6.29 Mbits/sec  2674/0      535 pps
[  3] 235.0000-240.0000 sec  3.75 MBytes  6.29 Mbits/sec  2675/0      535 pps
[  3] 240.0000-245.0000 sec  3.75 MBytes  6.29 Mbits/sec  2675/0      535 pps
[  3] 245.0000-250.0000 sec  3.75 MBytes  6.29 Mbits/sec  2675/0      535 pps
[  3] 250.0000-255.0000 sec  3.75 MBytes  6.29 Mbits/sec  2675/0      535 pps
[  3] 255.0000-260.0000 sec  3.75 MBytes  6.29 Mbits/sec  2675/0      535 pps
[  3] 260.0000-265.0000 sec  3.75 MBytes  6.29 Mbits/sec  2675/0      535 pps
[  3] 265.0000-270.0000 sec  3.75 MBytes  6.29 Mbits/sec  2675/0      535 pps
[  3] 270.0000-275.0000 sec  3.75 MBytes  6.29 Mbits/sec  2675/0      535 pps
[  3] 275.0000-280.0000 sec  3.75 MBytes  6.29 Mbits/sec  2675/0      535 pps
[  3] 280.0000-285.0000 sec  3.75 MBytes  6.29 Mbits/sec  2675/0      535 pps
[  3] 285.0000-290.0000 sec  3.75 MBytes  6.29 Mbits/sec  2675/0      535 pps
[  3] 290.0000-295.0000 sec  3.75 MBytes  6.29 Mbits/sec  2675/0      535 pps
[  3] 0.0000-300.0013 sec   225 MBytes  6.29 Mbits/sec  160497/0      534 pps
[  3] Sent 160497 datagrams
[  3] Server Report:
[  3] 0.0000-300.5348 sec   141 MBytes  3.94 Mbits/sec   0.701 ms 59838/160497 (37%) 674.079/60.327/1322.133/ 0.193 ms  534 pps  0.73
[  3] 0.0000-300.5348 sec  315 datagrams received out-of-order
------------------------------------------------------------
Client connecting to 10.0.0.4, UDP port 5001 with pid 32171
Sending 1470 byte datagrams, IPG target: 1869.20 us (kalman adjust)
UDP buffer size:  208 KByte (default)
------------------------------------------------------------
[  3] local 10.0.0.2 port 58371 connected with 10.0.0.4 port 5001
[ ID] Interval            Transfer     Bandwidth      Write/Err  PPS
[  3] 0.0000-5.0000 sec  3.75 MBytes  6.29 Mbits/sec  2676/0      535 pps
[  3] 5.0000-10.0000 sec  3.75 MBytes  6.29 Mbits/sec  2675/0      535 pps
[  3] 10.0000-15.0000 sec  3.75 MBytes  6.29 Mbits/sec  2675/0      535 pps
[  3] 15.0000-20.0000 sec  3.75 MBytes  6.29 Mbits/sec  2675/0      535 pps
[  3] 20.0000-25.0000 sec  3.75 MBytes  6.29 Mbits/sec  2675/0      535 pps
[  3] 25.0000-30.0000 sec  3.75 MBytes  6.29 Mbits/sec  2675/0      535 pps
[  3] 30.0000-35.0000 sec  3.75 MBytes  6.29 Mbits/sec  2675/0      535 pps
[  3] 35.0000-40.0000 sec  3.75 MBytes  6.29 Mbits/sec  2675/0      535 pps
[  3] 40.0000-45.0000 sec  3.75 MBytes  6.29 Mbits/sec  2675/0      535 pps
[  3] 45.0000-50.0000 sec  3.75 MBytes  6.29 Mbits/sec  2675/0      535 pps
[  3] 50.0000-55.0000 sec  3.75 MBytes  6.29 Mbits/sec  2675/0      535 pps
[  3] 55.0000-60.0000 sec  3.75 MBytes  6.29 Mbits/sec  2675/0      535 pps
[  3] 60.0000-65.0000 sec  3.75 MBytes  6.29 Mbits/sec  2675/0      535 pps
[  3] 65.0000-70.0000 sec  3.75 MBytes  6.29 Mbits/sec  2675/0      535 pps
[  3] 70.0000-75.0000 sec  3.75 MBytes  6.29 Mbits/sec  2675/0      535 pps
[  3] 75.0000-80.0000 sec  3.75 MBytes  6.29 Mbits/sec  2674/0      535 pps
[  3] 80.0000-85.0000 sec  3.75 MBytes  6.29 Mbits/sec  2675/0      535 pps
[  3] 85.0000-90.0000 sec  3.75 MBytes  6.29 Mbits/sec  2675/0      535 pps
[  3] 90.0000-95.0000 sec  3.75 MBytes  6.29 Mbits/sec  2675/0      535 pps
[  3] 95.0000-100.0000 sec  3.75 MBytes  6.29 Mbits/sec  2675/0      535 pps
[  3] 100.0000-105.0000 sec  3.75 MBytes  6.29 Mbits/sec  2675/0      535 pps
[  3] 105.0000-110.0000 sec  3.75 MBytes  6.29 Mbits/sec  2675/0      535 pps
[  3] 110.0000-115.0000 sec  3.75 MBytes  6.29 Mbits/sec  2675/0      535 pps
[  3] 115.0000-120.0000 sec  3.75 MBytes  6.29 Mbits/sec  2675/0      535 pps
[  3] 120.0000-125.0000 sec  3.75 MBytes  6.29 Mbits/sec  2675/0      535 pps
[  3] 125.0000-130.0000 sec  3.75 MBytes  6.29 Mbits/sec  2675/0      535 pps
[  3] 130.0000-135.0000 sec  3.75 MBytes  6.29 Mbits/sec  2674/0      535 pps
[  3] 135.0000-140.0000 sec  3.75 MBytes  6.29 Mbits/sec  2676/0      535 pps
[  3] 140.0000-145.0000 sec  3.75 MBytes  6.29 Mbits/sec  2674/0      535 pps
[  3] 145.0000-150.0000 sec  3.75 MBytes  6.29 Mbits/sec  2676/0      535 pps
[  3] 150.0000-155.0000 sec  3.75 MBytes  6.29 Mbits/sec  2675/0      535 pps
[  3] 155.0000-160.0000 sec  3.75 MBytes  6.29 Mbits/sec  2675/0      535 pps
[  3] 160.0000-165.0000 sec  3.75 MBytes  6.29 Mbits/sec  2674/0      535 pps
[  3] 165.0000-170.0000 sec  3.75 MBytes  6.29 Mbits/sec  2675/0      535 pps
[  3] 170.0000-175.0000 sec  3.75 MBytes  6.29 Mbits/sec  2675/0      535 pps
[  3] 175.0000-180.0000 sec  3.75 MBytes  6.29 Mbits/sec  2675/0      535 pps
[  3] 180.0000-185.0000 sec  3.75 MBytes  6.29 Mbits/sec  2675/0      535 pps
[  3] 185.0000-190.0000 sec  3.75 MBytes  6.29 Mbits/sec  2675/0      535 pps
[  3] 190.0000-195.0000 sec  3.75 MBytes  6.29 Mbits/sec  2675/0      535 pps
[  3] 195.0000-200.0000 sec  3.75 MBytes  6.29 Mbits/sec  2675/0      535 pps
[  3] 200.0000-205.0000 sec  3.75 MBytes  6.29 Mbits/sec  2675/0      535 pps
[  3] 205.0000-210.0000 sec  3.75 MBytes  6.29 Mbits/sec  2675/0      535 pps
[  3] 210.0000-215.0000 sec  3.75 MBytes  6.29 Mbits/sec  2675/0      535 pps
[  3] 215.0000-220.0000 sec  3.75 MBytes  6.29 Mbits/sec  2675/0      535 pps
[  3] 220.0000-225.0000 sec  3.75 MBytes  6.29 Mbits/sec  2675/0      535 pps
[  3] 225.0000-230.0000 sec  3.75 MBytes  6.29 Mbits/sec  2675/0      535 pps
[  3] 230.0000-235.0000 sec  3.75 MBytes  6.29 Mbits/sec  2674/0      535 pps
[  3] 235.0000-240.0000 sec  3.75 MBytes  6.29 Mbits/sec  2675/0      535 pps
[  3] 240.0000-245.0000 sec  3.75 MBytes  6.29 Mbits/sec  2675/0      535 pps
[  3] 245.0000-250.0000 sec  3.75 MBytes  6.29 Mbits/sec  2675/0      535 pps
[  3] 250.0000-255.0000 sec  3.75 MBytes  6.29 Mbits/sec  2674/0      535 pps
[  3] 255.0000-260.0000 sec  3.75 MBytes  6.29 Mbits/sec  2676/0      535 pps
[  3] 260.0000-265.0000 sec  3.75 MBytes  6.29 Mbits/sec  2675/0      535 pps
[  3] 265.0000-270.0000 sec  3.75 MBytes  6.29 Mbits/sec  2675/0      535 pps
[  3] 270.0000-275.0000 sec  3.75 MBytes  6.29 Mbits/sec  2675/0      535 pps
[  3] 275.0000-280.0000 sec  3.75 MBytes  6.29 Mbits/sec  2675/0      535 pps
[  3] 280.0000-285.0000 sec  3.75 MBytes  6.29 Mbits/sec  2675/0      535 pps
[  3] 285.0000-290.0000 sec  3.75 MBytes  6.29 Mbits/sec  2675/0      535 pps
[  3] 290.0000-295.0000 sec  3.75 MBytes  6.29 Mbits/sec  2675/0      535 pps
[  3] 0.0000-300.0013 sec   225 MBytes  6.29 Mbits/sec  160497/0      534 pps
[  3] Sent 160497 datagrams
[  3] Server Report:
[  3] 0.0000-300.5024 sec   148 MBytes  4.12 Mbits/sec   0.723 ms 55212/160497 (34%) 724.523/111.027/1655.710/ 0.165 ms  534 pps  0.71
[  3] 0.0000-300.5024 sec  372 datagrams received out-of-order
