------------------------------------------------------------
Client connecting to 10.0.0.10, UDP port 5001 with pid 34021
Sending 1470 byte datagrams, IPG target: 1246.13 us (kalman adjust)
UDP buffer size:  208 KByte (default)
------------------------------------------------------------
[  3] local 10.0.0.9 port 46766 connected with 10.0.0.10 port 5001
[ ID] Interval            Transfer     Bandwidth      Write/Err  PPS
[  3] 0.0000-5.0000 sec  5.63 MBytes  9.44 Mbits/sec  4014/0      803 pps
[  3] 5.0000-10.0000 sec  5.62 MBytes  9.44 Mbits/sec  4012/0      802 pps
[  3] 10.0000-15.0000 sec  5.63 MBytes  9.44 Mbits/sec  4013/0      802 pps
[  3] 15.0000-20.0000 sec  5.62 MBytes  9.44 Mbits/sec  4012/0      802 pps
[  3] 20.0000-25.0000 sec  5.62 MBytes  9.44 Mbits/sec  4012/0      802 pps
[  3] 25.0000-30.0000 sec  5.63 MBytes  9.44 Mbits/sec  4013/0      802 pps
[  3] 30.0000-35.0000 sec  5.62 MBytes  9.44 Mbits/sec  4012/0      802 pps
[  3] 35.0000-40.0000 sec  5.63 MBytes  9.44 Mbits/sec  4013/0      802 pps
[  3] 40.0000-45.0000 sec  5.62 MBytes  9.44 Mbits/sec  4012/0      802 pps
[  3] 45.0000-50.0000 sec  5.62 MBytes  9.44 Mbits/sec  4012/0      802 pps
[  3] 50.0000-55.0000 sec  5.63 MBytes  9.44 Mbits/sec  4013/0      802 pps
[  3] 55.0000-60.0000 sec  5.62 MBytes  9.44 Mbits/sec  4012/0      803 pps
[  3] 60.0000-65.0000 sec  5.63 MBytes  9.44 Mbits/sec  4013/0      802 pps
[  3] 65.0000-70.0000 sec  5.62 MBytes  9.44 Mbits/sec  4012/0      802 pps
[  3] 70.0000-75.0000 sec  5.62 MBytes  9.44 Mbits/sec  4012/0      802 pps
[  3] 75.0000-80.0000 sec  5.63 MBytes  9.44 Mbits/sec  4013/0      802 pps
[  3] 80.0000-85.0000 sec  5.62 MBytes  9.44 Mbits/sec  4012/0      802 pps
[  3] 85.0000-90.0000 sec  5.63 MBytes  9.44 Mbits/sec  4013/0      802 pps
[  3] 90.0000-95.0000 sec  5.62 MBytes  9.44 Mbits/sec  4012/0      802 pps
[  3] 95.0000-100.0000 sec  5.63 MBytes  9.44 Mbits/sec  4013/0      802 pps
[  3] 100.0000-105.0000 sec  5.62 MBytes  9.44 Mbits/sec  4012/0      802 pps
[  3] 105.0000-110.0000 sec  5.62 MBytes  9.44 Mbits/sec  4012/0      802 pps
[  3] 110.0000-115.0000 sec  5.63 MBytes  9.44 Mbits/sec  4013/0      802 pps
[  3] 115.0000-120.0000 sec  5.62 MBytes  9.44 Mbits/sec  4012/0      803 pps
[  3] 120.0000-125.0000 sec  5.63 MBytes  9.44 Mbits/sec  4013/0      802 pps
[  3] 125.0000-130.0000 sec  5.62 MBytes  9.44 Mbits/sec  4012/0      802 pps
[  3] 130.0000-135.0000 sec  5.62 MBytes  9.44 Mbits/sec  4012/0      802 pps
[  3] 135.0000-140.0000 sec  5.63 MBytes  9.44 Mbits/sec  4013/0      802 pps
[  3] 140.0000-145.0000 sec  5.62 MBytes  9.44 Mbits/sec  4012/0      803 pps
[  3] 145.0000-150.0000 sec  5.63 MBytes  9.44 Mbits/sec  4013/0      802 pps
[  3] 150.0000-155.0000 sec  5.62 MBytes  9.44 Mbits/sec  4012/0      802 pps
[  3] 155.0000-160.0000 sec  5.62 MBytes  9.44 Mbits/sec  4012/0      802 pps
[  3] 160.0000-165.0000 sec  5.63 MBytes  9.44 Mbits/sec  4013/0      802 pps
[  3] 165.0000-170.0000 sec  5.62 MBytes  9.44 Mbits/sec  4012/0      802 pps
[  3] 170.0000-175.0000 sec  5.63 MBytes  9.44 Mbits/sec  4013/0      802 pps
[  3] 175.0000-180.0000 sec  5.62 MBytes  9.44 Mbits/sec  4012/0      802 pps
[  3] 180.0000-185.0000 sec  5.62 MBytes  9.44 Mbits/sec  4012/0      802 pps
[  3] 185.0000-190.0000 sec  5.63 MBytes  9.44 Mbits/sec  4013/0      802 pps
[  3] 190.0000-195.0000 sec  5.62 MBytes  9.44 Mbits/sec  4012/0      802 pps
[  3] 195.0000-200.0000 sec  5.63 MBytes  9.44 Mbits/sec  4013/0      802 pps
[  3] 200.0000-205.0000 sec  5.62 MBytes  9.44 Mbits/sec  4012/0      802 pps
[  3] 205.0000-210.0000 sec  5.62 MBytes  9.44 Mbits/sec  4012/0      802 pps
[  3] 210.0000-215.0000 sec  5.63 MBytes  9.44 Mbits/sec  4013/0      802 pps
[  3] 215.0000-220.0000 sec  5.62 MBytes  9.44 Mbits/sec  4012/0      802 pps
[  3] 220.0000-225.0000 sec  5.63 MBytes  9.44 Mbits/sec  4013/0      802 pps
[  3] 225.0000-230.0000 sec  5.62 MBytes  9.44 Mbits/sec  4012/0      802 pps
[  3] 230.0000-235.0000 sec  5.63 MBytes  9.44 Mbits/sec  4013/0      803 pps
[  3] 235.0000-240.0000 sec  5.62 MBytes  9.44 Mbits/sec  4012/0      802 pps
[  3] 240.0000-245.0000 sec  5.62 MBytes  9.44 Mbits/sec  4012/0      802 pps
[  3] 245.0000-250.0000 sec  5.63 MBytes  9.44 Mbits/sec  4013/0      802 pps
[  3] 250.0000-255.0000 sec  5.62 MBytes  9.44 Mbits/sec  4012/0      802 pps
[  3] 255.0000-260.0000 sec  5.63 MBytes  9.44 Mbits/sec  4013/0      803 pps
[  3] 260.0000-265.0000 sec  5.62 MBytes  9.44 Mbits/sec  4012/0      802 pps
[  3] 265.0000-270.0000 sec  5.62 MBytes  9.44 Mbits/sec  4012/0      802 pps
[  3] 270.0000-275.0000 sec  5.63 MBytes  9.44 Mbits/sec  4013/0      802 pps
[  3] 275.0000-280.0000 sec  5.62 MBytes  9.44 Mbits/sec  4012/0      802 pps
[  3] 280.0000-285.0000 sec  5.63 MBytes  9.44 Mbits/sec  4013/0      802 pps
[  3] 285.0000-290.0000 sec  5.62 MBytes  9.44 Mbits/sec  4012/0      803 pps
[  3] 290.0000-295.0000 sec  5.62 MBytes  9.44 Mbits/sec  4012/0      802 pps
[  3] 0.0000-300.0008 sec   338 MBytes  9.44 Mbits/sec  240745/0      802 pps
[  3] Sent 240745 datagrams
[  3] Server Report:
[  3] 0.0000-300.3254 sec   229 MBytes  6.39 Mbits/sec   0.689 ms 77457/240745 (32%) 259.590/10.959/430.086/ 0.125 ms  801 pps  3.08
[  3] 0.0000-300.3254 sec  193 datagrams received out-of-order
------------------------------------------------------------
Client connecting to 10.0.0.10, UDP port 5001 with pid 37352
Sending 1470 byte datagrams, IPG target: 1246.13 us (kalman adjust)
UDP buffer size:  208 KByte (default)
------------------------------------------------------------
[  3] local 10.0.0.9 port 56245 connected with 10.0.0.10 port 5001
[ ID] Interval            Transfer     Bandwidth      Write/Err  PPS
[  3] 0.0000-5.0000 sec  5.63 MBytes  9.44 Mbits/sec  4013/0      803 pps
[  3] 5.0000-10.0000 sec  5.63 MBytes  9.44 Mbits/sec  4013/0      802 pps
[  3] 10.0000-15.0000 sec  5.62 MBytes  9.44 Mbits/sec  4012/0      803 pps
[  3] 15.0000-20.0000 sec  5.63 MBytes  9.44 Mbits/sec  4013/0      802 pps
[  3] 20.0000-25.0000 sec  5.62 MBytes  9.44 Mbits/sec  4012/0      802 pps
[  3] 25.0000-30.0000 sec  5.63 MBytes  9.44 Mbits/sec  4013/0      802 pps
[  3] 30.0000-35.0000 sec  5.62 MBytes  9.44 Mbits/sec  4012/0      802 pps
[  3] 35.0000-40.0000 sec  5.62 MBytes  9.44 Mbits/sec  4012/0      803 pps
[  3] 40.0000-45.0000 sec  5.63 MBytes  9.44 Mbits/sec  4013/0      802 pps
[  3] 45.0000-50.0000 sec  5.62 MBytes  9.44 Mbits/sec  4012/0      802 pps
[  3] 50.0000-55.0000 sec  5.63 MBytes  9.44 Mbits/sec  4013/0      802 pps
[  3] 55.0000-60.0000 sec  5.62 MBytes  9.44 Mbits/sec  4012/0      802 pps
[  3] 60.0000-65.0000 sec  5.62 MBytes  9.44 Mbits/sec  4012/0      802 pps
[  3] 65.0000-70.0000 sec  5.63 MBytes  9.44 Mbits/sec  4013/0      802 pps
[  3] 70.0000-75.0000 sec  5.62 MBytes  9.44 Mbits/sec  4012/0      802 pps
[  3] 75.0000-80.0000 sec  5.63 MBytes  9.44 Mbits/sec  4013/0      802 pps
[  3] 80.0000-85.0000 sec  5.62 MBytes  9.44 Mbits/sec  4012/0      802 pps
[  3] 85.0000-90.0000 sec  5.62 MBytes  9.44 Mbits/sec  4012/0      802 pps
[  3] 90.0000-95.0000 sec  5.63 MBytes  9.44 Mbits/sec  4013/0      802 pps
[  3] 95.0000-100.0000 sec  5.62 MBytes  9.44 Mbits/sec  4012/0      802 pps
[  3] 100.0000-105.0000 sec  5.63 MBytes  9.44 Mbits/sec  4013/0      803 pps
[  3] 105.0000-110.0000 sec  5.62 MBytes  9.44 Mbits/sec  4012/0      802 pps
[  3] 110.0000-115.0000 sec  5.62 MBytes  9.44 Mbits/sec  4012/0      802 pps
[  3] 115.0000-120.0000 sec  5.63 MBytes  9.44 Mbits/sec  4013/0      802 pps
[  3] 120.0000-125.0000 sec  5.62 MBytes  9.44 Mbits/sec  4012/0      802 pps
[  3] 125.0000-130.0000 sec  5.63 MBytes  9.44 Mbits/sec  4013/0      802 pps
[  3] 130.0000-135.0000 sec  5.62 MBytes  9.44 Mbits/sec  4012/0      803 pps
[  3] 135.0000-140.0000 sec  5.62 MBytes  9.44 Mbits/sec  4012/0      802 pps
[  3] 140.0000-145.0000 sec  5.63 MBytes  9.44 Mbits/sec  4013/0      803 pps
[  3] 145.0000-150.0000 sec  5.62 MBytes  9.44 Mbits/sec  4012/0      802 pps
[  3] 150.0000-155.0000 sec  5.63 MBytes  9.44 Mbits/sec  4013/0      802 pps
[  3] 155.0000-160.0000 sec  5.62 MBytes  9.44 Mbits/sec  4012/0      802 pps
[  3] 160.0000-165.0000 sec  5.63 MBytes  9.44 Mbits/sec  4013/0      802 pps
[  3] 165.0000-170.0000 sec  5.62 MBytes  9.44 Mbits/sec  4012/0      802 pps
[  3] 170.0000-175.0000 sec  5.62 MBytes  9.44 Mbits/sec  4012/0      803 pps
[  3] 175.0000-180.0000 sec  5.63 MBytes  9.44 Mbits/sec  4013/0      802 pps
[  3] 180.0000-185.0000 sec  5.62 MBytes  9.44 Mbits/sec  4012/0      802 pps
[  3] 185.0000-190.0000 sec  5.63 MBytes  9.44 Mbits/sec  4013/0      802 pps
[  3] 190.0000-195.0000 sec  5.62 MBytes  9.44 Mbits/sec  4012/0      802 pps
[  3] 195.0000-200.0000 sec  5.62 MBytes  9.44 Mbits/sec  4012/0      802 pps
[  3] 200.0000-205.0000 sec  5.63 MBytes  9.44 Mbits/sec  4013/0      802 pps
[  3] 205.0000-210.0000 sec  5.62 MBytes  9.44 Mbits/sec  4012/0      802 pps
[  3] 210.0000-215.0000 sec  5.63 MBytes  9.44 Mbits/sec  4013/0      802 pps
[  3] 215.0000-220.0000 sec  5.62 MBytes  9.44 Mbits/sec  4012/0      802 pps
[  3] 220.0000-225.0000 sec  5.62 MBytes  9.44 Mbits/sec  4012/0      802 pps
[  3] 225.0000-230.0000 sec  5.63 MBytes  9.44 Mbits/sec  4013/0      802 pps
[  3] 230.0000-235.0000 sec  5.62 MBytes  9.44 Mbits/sec  4012/0      802 pps
[  3] 235.0000-240.0000 sec  5.63 MBytes  9.44 Mbits/sec  4013/0      802 pps
[  3] 240.0000-245.0000 sec  5.62 MBytes  9.44 Mbits/sec  4012/0      802 pps
[  3] 245.0000-250.0000 sec  5.62 MBytes  9.44 Mbits/sec  4012/0      802 pps
[  3] 250.0000-255.0000 sec  5.63 MBytes  9.44 Mbits/sec  4013/0      803 pps
[  3] 255.0000-260.0000 sec  5.62 MBytes  9.44 Mbits/sec  4012/0      802 pps
[  3] 260.0000-265.0000 sec  5.63 MBytes  9.44 Mbits/sec  4013/0      802 pps
[  3] 265.0000-270.0000 sec  5.62 MBytes  9.44 Mbits/sec  4012/0      802 pps
[  3] 270.0000-275.0000 sec  5.63 MBytes  9.44 Mbits/sec  4013/0      802 pps
[  3] 275.0000-280.0000 sec  5.62 MBytes  9.44 Mbits/sec  4012/0      802 pps
[  3] 280.0000-285.0000 sec  5.62 MBytes  9.44 Mbits/sec  4012/0      802 pps
[  3] 285.0000-290.0000 sec  5.63 MBytes  9.44 Mbits/sec  4013/0      802 pps
[  3] 290.0000-295.0000 sec  5.62 MBytes  9.44 Mbits/sec  4012/0      802 pps
[  3] 0.0000-300.0011 sec   338 MBytes  9.44 Mbits/sec  240745/0      802 pps
[  3] Sent 240745 datagrams
[  3] Server Report:
[  3] 0.0000-300.3047 sec   222 MBytes  6.21 Mbits/sec   0.617 ms 82263/240746 (34%) 274.948/14.699/479.973/ 0.080 ms  801 pps  2.82
[  3] 0.0000-300.3047 sec  196 datagrams received out-of-order
------------------------------------------------------------
Client connecting to 10.0.0.10, UDP port 5001 with pid 40510
Sending 1470 byte datagrams, IPG target: 1246.13 us (kalman adjust)
UDP buffer size:  208 KByte (default)
------------------------------------------------------------
[  3] local 10.0.0.9 port 51097 connected with 10.0.0.10 port 5001
[ ID] Interval            Transfer     Bandwidth      Write/Err  PPS
[  3] 0.0000-5.0000 sec  5.63 MBytes  9.44 Mbits/sec  4014/0      803 pps
[  3] 5.0000-10.0000 sec  5.62 MBytes  9.44 Mbits/sec  4012/0      802 pps
[  3] 10.0000-15.0000 sec  5.63 MBytes  9.44 Mbits/sec  4013/0      802 pps
[  3] 15.0000-20.0000 sec  5.62 MBytes  9.44 Mbits/sec  4012/0      802 pps
[  3] 20.0000-25.0000 sec  5.62 MBytes  9.44 Mbits/sec  4012/0      802 pps
[  3] 25.0000-30.0000 sec  5.63 MBytes  9.44 Mbits/sec  4013/0      802 pps
[  3] 30.0000-35.0000 sec  5.62 MBytes  9.44 Mbits/sec  4012/0      803 pps
[  3] 35.0000-40.0000 sec  5.63 MBytes  9.44 Mbits/sec  4013/0      802 pps
[  3] 40.0000-45.0000 sec  5.62 MBytes  9.44 Mbits/sec  4012/0      802 pps
[  3] 45.0000-50.0000 sec  5.62 MBytes  9.44 Mbits/sec  4012/0      802 pps
[  3] 50.0000-55.0000 sec  5.63 MBytes  9.44 Mbits/sec  4013/0      802 pps
[  3] 55.0000-60.0000 sec  5.62 MBytes  9.44 Mbits/sec  4012/0      802 pps
[  3] 60.0000-65.0000 sec  5.63 MBytes  9.44 Mbits/sec  4013/0      802 pps
[  3] 65.0000-70.0000 sec  5.62 MBytes  9.44 Mbits/sec  4012/0      802 pps
[  3] 70.0000-75.0000 sec  5.63 MBytes  9.44 Mbits/sec  4013/0      802 pps
[  3] 75.0000-80.0000 sec  5.62 MBytes  9.44 Mbits/sec  4012/0      802 pps
[  3] 80.0000-85.0000 sec  5.62 MBytes  9.44 Mbits/sec  4012/0      802 pps
[  3] 85.0000-90.0000 sec  5.63 MBytes  9.44 Mbits/sec  4013/0      802 pps
[  3] 90.0000-95.0000 sec  5.62 MBytes  9.44 Mbits/sec  4012/0      802 pps
[  3] 95.0000-100.0000 sec  5.63 MBytes  9.44 Mbits/sec  4013/0      802 pps
[  3] 100.0000-105.0000 sec  5.62 MBytes  9.43 Mbits/sec  4011/0      802 pps
[  3] 105.0000-110.0000 sec  5.63 MBytes  9.44 Mbits/sec  4013/0      803 pps
[  3] 110.0000-115.0000 sec  5.63 MBytes  9.44 Mbits/sec  4013/0      802 pps
[  3] 115.0000-120.0000 sec  5.62 MBytes  9.44 Mbits/sec  4012/0      803 pps
[  3] 120.0000-125.0000 sec  5.63 MBytes  9.44 Mbits/sec  4013/0      802 pps
[  3] 125.0000-130.0000 sec  5.62 MBytes  9.44 Mbits/sec  4012/0      803 pps
[  3] 130.0000-135.0000 sec  5.62 MBytes  9.44 Mbits/sec  4012/0      802 pps
[  3] 135.0000-140.0000 sec  5.63 MBytes  9.44 Mbits/sec  4013/0      803 pps
[  3] 140.0000-145.0000 sec  5.62 MBytes  9.44 Mbits/sec  4012/0      802 pps
[  3] 145.0000-150.0000 sec  5.63 MBytes  9.44 Mbits/sec  4013/0      802 pps
[  3] 150.0000-155.0000 sec  5.62 MBytes  9.44 Mbits/sec  4012/0      802 pps
[  3] 155.0000-160.0000 sec  5.62 MBytes  9.44 Mbits/sec  4012/0      802 pps
[  3] 160.0000-165.0000 sec  5.63 MBytes  9.44 Mbits/sec  4013/0      802 pps
[  3] 165.0000-170.0000 sec  5.62 MBytes  9.44 Mbits/sec  4012/0      802 pps
[  3] 170.0000-175.0000 sec  5.63 MBytes  9.44 Mbits/sec  4013/0      802 pps
[  3] 175.0000-180.0000 sec  5.62 MBytes  9.44 Mbits/sec  4012/0      802 pps
[  3] 180.0000-185.0000 sec  5.63 MBytes  9.44 Mbits/sec  4013/0      802 pps
[  3] 185.0000-190.0000 sec  5.62 MBytes  9.44 Mbits/sec  4012/0      802 pps
[  3] 190.0000-195.0000 sec  5.62 MBytes  9.44 Mbits/sec  4012/0      802 pps
[  3] 195.0000-200.0000 sec  5.63 MBytes  9.44 Mbits/sec  4013/0      802 pps
[  3] 200.0000-205.0000 sec  5.62 MBytes  9.44 Mbits/sec  4012/0      802 pps
[  3] 205.0000-210.0000 sec  5.63 MBytes  9.44 Mbits/sec  4013/0      802 pps
[  3] 210.0000-215.0000 sec  5.62 MBytes  9.44 Mbits/sec  4012/0      803 pps
[  3] 215.0000-220.0000 sec  5.62 MBytes  9.44 Mbits/sec  4012/0      802 pps
[  3] 220.0000-225.0000 sec  5.63 MBytes  9.44 Mbits/sec  4013/0      802 pps
[  3] 225.0000-230.0000 sec  5.62 MBytes  9.44 Mbits/sec  4012/0      802 pps
[  3] 230.0000-235.0000 sec  5.63 MBytes  9.44 Mbits/sec  4013/0      802 pps
[  3] 235.0000-240.0000 sec  5.62 MBytes  9.44 Mbits/sec  4012/0      803 pps
[  3] 240.0000-245.0000 sec  5.62 MBytes  9.44 Mbits/sec  4012/0      802 pps
[  3] 245.0000-250.0000 sec  5.63 MBytes  9.44 Mbits/sec  4013/0      802 pps
[  3] 250.0000-255.0000 sec  5.62 MBytes  9.44 Mbits/sec  4012/0      802 pps
[  3] 255.0000-260.0000 sec  5.63 MBytes  9.44 Mbits/sec  4013/0      802 pps
[  3] 260.0000-265.0000 sec  5.62 MBytes  9.44 Mbits/sec  4012/0      802 pps
[  3] 265.0000-270.0000 sec  5.62 MBytes  9.44 Mbits/sec  4012/0      803 pps
[  3] 270.0000-275.0000 sec  5.63 MBytes  9.44 Mbits/sec  4013/0      802 pps
[  3] 275.0000-280.0000 sec  5.62 MBytes  9.44 Mbits/sec  4012/0      802 pps
[  3] 280.0000-285.0000 sec  5.63 MBytes  9.44 Mbits/sec  4013/0      802 pps
[  3] 285.0000-290.0000 sec  5.62 MBytes  9.44 Mbits/sec  4012/0      802 pps
[  3] 290.0000-295.0000 sec  5.62 MBytes  9.44 Mbits/sec  4012/0      802 pps
[  3] 0.0000-300.0008 sec   338 MBytes  9.44 Mbits/sec  240745/0      802 pps
[  3] Sent 240745 datagrams
------------------------------------------------------------
Client connecting to 10.0.0.10, UDP port 5001 with pid 9170
Sending 1470 byte datagrams, IPG target: 1246.13 us (kalman adjust)
UDP buffer size:  208 KByte (default)
------------------------------------------------------------
[  3] local 10.0.0.9 port 49836 connected with 10.0.0.10 port 5001
[ ID] Interval            Transfer     Bandwidth      Write/Err  PPS
[  3] 0.0000-5.0000 sec  5.63 MBytes  9.44 Mbits/sec  4014/0      803 pps
[  3] 5.0000-10.0000 sec  5.62 MBytes  9.44 Mbits/sec  4012/0      802 pps
[  3] 10.0000-15.0000 sec  5.63 MBytes  9.44 Mbits/sec  4013/0      802 pps
[  3] 15.0000-20.0000 sec  5.62 MBytes  9.44 Mbits/sec  4012/0      802 pps
[  3] 20.0000-25.0000 sec  5.62 MBytes  9.44 Mbits/sec  4012/0      802 pps
[  3] 25.0000-30.0000 sec  5.63 MBytes  9.44 Mbits/sec  4013/0      802 pps
[  3] 30.0000-35.0000 sec  5.62 MBytes  9.44 Mbits/sec  4012/0      802 pps
[  3] 35.0000-40.0000 sec  5.63 MBytes  9.44 Mbits/sec  4013/0      802 pps
[  3] 40.0000-45.0000 sec  5.62 MBytes  9.44 Mbits/sec  4012/0      802 pps
[  3] 45.0000-50.0000 sec  5.62 MBytes  9.44 Mbits/sec  4012/0      802 pps
[  3] 50.0000-55.0000 sec  5.63 MBytes  9.44 Mbits/sec  4013/0      802 pps
[  3] 55.0000-60.0000 sec  5.62 MBytes  9.44 Mbits/sec  4012/0      802 pps
[  3] 60.0000-65.0000 sec  5.63 MBytes  9.44 Mbits/sec  4013/0      802 pps
[  3] 65.0000-70.0000 sec  5.62 MBytes  9.44 Mbits/sec  4012/0      802 pps
[  3] 70.0000-75.0000 sec  5.62 MBytes  9.44 Mbits/sec  4012/0      802 pps
[  3] 75.0000-80.0000 sec  5.63 MBytes  9.44 Mbits/sec  4013/0      802 pps
[  3] 80.0000-85.0000 sec  5.62 MBytes  9.44 Mbits/sec  4012/0      802 pps
[  3] 85.0000-90.0000 sec  5.63 MBytes  9.44 Mbits/sec  4013/0      802 pps
[  3] 90.0000-95.0000 sec  5.62 MBytes  9.44 Mbits/sec  4012/0      802 pps
[  3] 95.0000-100.0000 sec  5.62 MBytes  9.44 Mbits/sec  4012/0      802 pps
[  3] 100.0000-105.0000 sec  5.63 MBytes  9.44 Mbits/sec  4013/0      802 pps
[  3] 105.0000-110.0000 sec  5.62 MBytes  9.44 Mbits/sec  4012/0      803 pps
[  3] 110.0000-115.0000 sec  5.63 MBytes  9.44 Mbits/sec  4013/0      802 pps
[  3] 115.0000-120.0000 sec  5.62 MBytes  9.44 Mbits/sec  4012/0      802 pps
[  3] 120.0000-125.0000 sec  5.62 MBytes  9.44 Mbits/sec  4012/0      802 pps
[  3] 125.0000-130.0000 sec  5.63 MBytes  9.44 Mbits/sec  4013/0      802 pps
[  3] 130.0000-135.0000 sec  5.62 MBytes  9.44 Mbits/sec  4012/0      802 pps
[  3] 135.0000-140.0000 sec  5.63 MBytes  9.44 Mbits/sec  4013/0      802 pps
[  3] 140.0000-145.0000 sec  5.62 MBytes  9.44 Mbits/sec  4012/0      803 pps
[  3] 145.0000-150.0000 sec  5.62 MBytes  9.44 Mbits/sec  4012/0      802 pps
[  3] 150.0000-155.0000 sec  5.63 MBytes  9.44 Mbits/sec  4013/0      802 pps
[  3] 155.0000-160.0000 sec  5.62 MBytes  9.44 Mbits/sec  4012/0      802 pps
[  3] 160.0000-165.0000 sec  5.63 MBytes  9.44 Mbits/sec  4013/0      803 pps
[  3] 165.0000-170.0000 sec  5.62 MBytes  9.44 Mbits/sec  4012/0      802 pps
[  3] 170.0000-175.0000 sec  5.62 MBytes  9.44 Mbits/sec  4012/0      802 pps
[  3] 175.0000-180.0000 sec  5.63 MBytes  9.44 Mbits/sec  4013/0      803 pps
[  3] 180.0000-185.0000 sec  5.62 MBytes  9.44 Mbits/sec  4012/0      802 pps
[  3] 185.0000-190.0000 sec  5.63 MBytes  9.44 Mbits/sec  4013/0      802 pps
[  3] 190.0000-195.0000 sec  5.62 MBytes  9.44 Mbits/sec  4012/0      803 pps
[  3] 195.0000-200.0000 sec  5.63 MBytes  9.44 Mbits/sec  4013/0      802 pps
[  3] 200.0000-205.0000 sec  5.62 MBytes  9.44 Mbits/sec  4012/0      802 pps
[  3] 205.0000-210.0000 sec  5.62 MBytes  9.44 Mbits/sec  4012/0      802 pps
[  3] 210.0000-215.0000 sec  5.63 MBytes  9.44 Mbits/sec  4013/0      803 pps
[  3] 215.0000-220.0000 sec  5.62 MBytes  9.44 Mbits/sec  4012/0      802 pps
[  3] 220.0000-225.0000 sec  5.62 MBytes  9.44 Mbits/sec  4012/0      803 pps
[  3] 225.0000-230.0000 sec  5.63 MBytes  9.44 Mbits/sec  4013/0      802 pps
[  3] 230.0000-235.0000 sec  5.62 MBytes  9.44 Mbits/sec  4012/0      802 pps
[  3] 235.0000-240.0000 sec  5.63 MBytes  9.44 Mbits/sec  4013/0      803 pps
[  3] 240.0000-245.0000 sec  5.63 MBytes  9.44 Mbits/sec  4013/0      803 pps
[  3] 245.0000-250.0000 sec  5.62 MBytes  9.43 Mbits/sec  4011/0      802 pps
[  3] 250.0000-255.0000 sec  5.63 MBytes  9.44 Mbits/sec  4013/0      803 pps
[  3] 255.0000-260.0000 sec  5.62 MBytes  9.44 Mbits/sec  4012/0      803 pps
[  3] 260.0000-265.0000 sec  5.63 MBytes  9.44 Mbits/sec  4013/0      802 pps
[  3] 265.0000-270.0000 sec  5.62 MBytes  9.44 Mbits/sec  4012/0      803 pps
[  3] 270.0000-275.0000 sec  5.63 MBytes  9.44 Mbits/sec  4013/0      803 pps
[  3] 275.0000-280.0000 sec  5.62 MBytes  9.44 Mbits/sec  4012/0      802 pps
[  3] 280.0000-285.0000 sec  5.63 MBytes  9.44 Mbits/sec  4013/0      802 pps
[  3] 285.0000-290.0000 sec  5.62 MBytes  9.44 Mbits/sec  4012/0      803 pps
[  3] 290.0000-295.0000 sec  5.62 MBytes  9.44 Mbits/sec  4012/0      802 pps
[  3] 0.0000-300.0008 sec   338 MBytes  9.44 Mbits/sec  240745/0      802 pps
[  3] Sent 240745 datagrams
------------------------------------------------------------
Client connecting to 10.0.0.10, UDP port 5001 with pid 11695
Sending 1470 byte datagrams, IPG target: 1246.13 us (kalman adjust)
UDP buffer size:  208 KByte (default)
------------------------------------------------------------
[  3] local 10.0.0.9 port 52355 connected with 10.0.0.10 port 5001
[ ID] Interval            Transfer     Bandwidth      Write/Err  PPS
[  3] 0.0000-5.0000 sec  5.63 MBytes  9.44 Mbits/sec  4014/0      803 pps
[  3] 5.0000-10.0000 sec  5.62 MBytes  9.44 Mbits/sec  4012/0      803 pps
[  3] 10.0000-15.0000 sec  5.63 MBytes  9.44 Mbits/sec  4013/0      802 pps
[  3] 15.0000-20.0000 sec  5.62 MBytes  9.44 Mbits/sec  4012/0      802 pps
[  3] 20.0000-25.0000 sec  5.62 MBytes  9.44 Mbits/sec  4012/0      802 pps
[  3] 25.0000-30.0000 sec  5.63 MBytes  9.44 Mbits/sec  4013/0      802 pps
[  3] 30.0000-35.0000 sec  5.62 MBytes  9.44 Mbits/sec  4012/0      802 pps
[  3] 35.0000-40.0000 sec  5.63 MBytes  9.44 Mbits/sec  4013/0      802 pps
[  3] 40.0000-45.0000 sec  5.62 MBytes  9.44 Mbits/sec  4012/0      802 pps
[  3] 45.0000-50.0000 sec  5.62 MBytes  9.44 Mbits/sec  4012/0      802 pps
[  3] 50.0000-55.0000 sec  5.63 MBytes  9.44 Mbits/sec  4013/0      802 pps
[  3] 55.0000-60.0000 sec  5.62 MBytes  9.44 Mbits/sec  4012/0      802 pps
[  3] 60.0000-65.0000 sec  5.63 MBytes  9.44 Mbits/sec  4013/0      802 pps
[  3] 65.0000-70.0000 sec  5.62 MBytes  9.44 Mbits/sec  4012/0      802 pps
[  3] 70.0000-75.0000 sec  5.63 MBytes  9.44 Mbits/sec  4013/0      803 pps
[  3] 75.0000-80.0000 sec  5.62 MBytes  9.44 Mbits/sec  4012/0      802 pps
[  3] 80.0000-85.0000 sec  5.62 MBytes  9.44 Mbits/sec  4012/0      802 pps
[  3] 85.0000-90.0000 sec  5.63 MBytes  9.44 Mbits/sec  4013/0      802 pps
[  3] 90.0000-95.0000 sec  5.62 MBytes  9.44 Mbits/sec  4012/0      802 pps
[  3] 95.0000-100.0000 sec  5.62 MBytes  9.44 Mbits/sec  4012/0      802 pps
[  3] 100.0000-105.0000 sec  5.63 MBytes  9.44 Mbits/sec  4013/0      802 pps
[  3] 105.0000-110.0000 sec  5.62 MBytes  9.44 Mbits/sec  4012/0      802 pps
[  3] 110.0000-115.0000 sec  5.63 MBytes  9.44 Mbits/sec  4013/0      803 pps
[  3] 115.0000-120.0000 sec  5.62 MBytes  9.44 Mbits/sec  4012/0      802 pps
[  3] 120.0000-125.0000 sec  5.62 MBytes  9.44 Mbits/sec  4012/0      802 pps
[  3] 125.0000-130.0000 sec  5.63 MBytes  9.44 Mbits/sec  4013/0      803 pps
[  3] 130.0000-135.0000 sec  5.62 MBytes  9.44 Mbits/sec  4012/0      802 pps
[  3] 135.0000-140.0000 sec  5.63 MBytes  9.44 Mbits/sec  4013/0      802 pps
[  3] 140.0000-145.0000 sec  5.62 MBytes  9.44 Mbits/sec  4012/0      802 pps
[  3] 145.0000-150.0000 sec  5.63 MBytes  9.44 Mbits/sec  4013/0      803 pps
[  3] 150.0000-155.0000 sec  5.62 MBytes  9.44 Mbits/sec  4012/0      802 pps
[  3] 155.0000-160.0000 sec  5.63 MBytes  9.44 Mbits/sec  4013/0      803 pps
[  3] 160.0000-165.0000 sec  5.62 MBytes  9.44 Mbits/sec  4012/0      802 pps
[  3] 165.0000-170.0000 sec  5.62 MBytes  9.44 Mbits/sec  4012/0      802 pps
[  3] 170.0000-175.0000 sec  5.62 MBytes  9.44 Mbits/sec  4012/0      802 pps
[  3] 175.0000-180.0000 sec  5.63 MBytes  9.44 Mbits/sec  4013/0      803 pps
[  3] 180.0000-185.0000 sec  5.63 MBytes  9.44 Mbits/sec  4013/0      802 pps
[  3] 185.0000-190.0000 sec  5.62 MBytes  9.44 Mbits/sec  4012/0      802 pps
[  3] 190.0000-195.0000 sec  5.62 MBytes  9.44 Mbits/sec  4012/0      803 pps
[  3] 195.0000-200.0000 sec  5.62 MBytes  9.44 Mbits/sec  4012/0      802 pps
[  3] 200.0000-205.0000 sec  5.63 MBytes  9.44 Mbits/sec  4013/0      802 pps
[  3] 205.0000-210.0000 sec  5.62 MBytes  9.44 Mbits/sec  4012/0      803 pps
[  3] 210.0000-215.0000 sec  5.62 MBytes  9.44 Mbits/sec  4012/0      802 pps
[  3] 215.0000-220.0000 sec  5.63 MBytes  9.44 Mbits/sec  4013/0      802 pps
[  3] 220.0000-225.0000 sec  5.62 MBytes  9.44 Mbits/sec  4012/0      803 pps
[  3] 225.0000-230.0000 sec  5.63 MBytes  9.44 Mbits/sec  4013/0      803 pps
[  3] 230.0000-235.0000 sec  5.62 MBytes  9.44 Mbits/sec  4012/0      802 pps
[  3] 235.0000-240.0000 sec  5.62 MBytes  9.44 Mbits/sec  4012/0      802 pps
[  3] 240.0000-245.0000 sec  5.63 MBytes  9.44 Mbits/sec  4013/0      803 pps
[  3] 245.0000-250.0000 sec  5.62 MBytes  9.44 Mbits/sec  4012/0      802 pps
[  3] 250.0000-255.0000 sec  5.63 MBytes  9.44 Mbits/sec  4013/0      803 pps
[  3] 255.0000-260.0000 sec  5.62 MBytes  9.44 Mbits/sec  4012/0      802 pps
[  3] 260.0000-265.0000 sec  5.63 MBytes  9.44 Mbits/sec  4013/0      803 pps
[  3] 265.0000-270.0000 sec  5.62 MBytes  9.44 Mbits/sec  4012/0      802 pps
[  3] 270.0000-275.0000 sec  5.63 MBytes  9.44 Mbits/sec  4013/0      803 pps
[  3] 275.0000-280.0000 sec  5.62 MBytes  9.44 Mbits/sec  4012/0      802 pps
[  3] 280.0000-285.0000 sec  5.62 MBytes  9.44 Mbits/sec  4012/0      803 pps
[  3] 285.0000-290.0000 sec  5.63 MBytes  9.44 Mbits/sec  4013/0      803 pps
[  3] 290.0000-295.0000 sec  5.62 MBytes  9.44 Mbits/sec  4012/0      802 pps
[  3] 0.0000-300.0007 sec   338 MBytes  9.44 Mbits/sec  240745/0      802 pps
[  3] Sent 240745 datagrams
------------------------------------------------------------
Client connecting to 10.0.0.10, UDP port 5001 with pid 19123
Sending 1470 byte datagrams, IPG target: 1246.13 us (kalman adjust)
UDP buffer size:  208 KByte (default)
------------------------------------------------------------
[  3] local 10.0.0.9 port 49776 connected with 10.0.0.10 port 5001
[ ID] Interval            Transfer     Bandwidth      Write/Err  PPS
[  3] 0.0000-5.0000 sec  5.63 MBytes  9.44 Mbits/sec  4014/0      803 pps
[  3] 5.0000-10.0000 sec  5.62 MBytes  9.44 Mbits/sec  4012/0      802 pps
[  3] 10.0000-15.0000 sec  5.63 MBytes  9.44 Mbits/sec  4013/0      802 pps
[  3] 15.0000-20.0000 sec  5.62 MBytes  9.44 Mbits/sec  4012/0      802 pps
[  3] 20.0000-25.0000 sec  5.62 MBytes  9.44 Mbits/sec  4012/0      802 pps
[  3] 25.0000-30.0000 sec  5.63 MBytes  9.44 Mbits/sec  4013/0      802 pps
[  3] 30.0000-35.0000 sec  5.62 MBytes  9.44 Mbits/sec  4012/0      802 pps
[  3] 35.0000-40.0000 sec  5.62 MBytes  9.44 Mbits/sec  4012/0      802 pps
[  3] 40.0000-45.0000 sec  5.63 MBytes  9.44 Mbits/sec  4013/0      802 pps
[  3] 45.0000-50.0000 sec  5.62 MBytes  9.44 Mbits/sec  4012/0      802 pps
[  3] 50.0000-55.0000 sec  5.63 MBytes  9.44 Mbits/sec  4013/0      802 pps
[  3] 55.0000-60.0000 sec  5.62 MBytes  9.44 Mbits/sec  4012/0      802 pps
[  3] 60.0000-65.0000 sec  5.63 MBytes  9.44 Mbits/sec  4013/0      802 pps
[  3] 65.0000-70.0000 sec  5.62 MBytes  9.44 Mbits/sec  4012/0      803 pps
[  3] 70.0000-75.0000 sec  5.62 MBytes  9.44 Mbits/sec  4012/0      802 pps
[  3] 75.0000-80.0000 sec  5.63 MBytes  9.44 Mbits/sec  4013/0      803 pps
[  3] 80.0000-85.0000 sec  5.62 MBytes  9.44 Mbits/sec  4012/0      802 pps
[  3] 85.0000-90.0000 sec  5.62 MBytes  9.44 Mbits/sec  4012/0      802 pps
[  3] 90.0000-95.0000 sec  5.63 MBytes  9.44 Mbits/sec  4013/0      802 pps
[  3] 95.0000-100.0000 sec  5.62 MBytes  9.44 Mbits/sec  4012/0      803 pps
[  3] 100.0000-105.0000 sec  5.63 MBytes  9.44 Mbits/sec  4013/0      802 pps
[  3] 105.0000-110.0000 sec  5.62 MBytes  9.44 Mbits/sec  4012/0      802 pps
[  3] 110.0000-115.0000 sec  5.63 MBytes  9.44 Mbits/sec  4013/0      802 pps
[  3] 115.0000-120.0000 sec  5.62 MBytes  9.44 Mbits/sec  4012/0      802 pps
[  3] 120.0000-125.0000 sec  5.63 MBytes  9.44 Mbits/sec  4013/0      802 pps
[  3] 125.0000-130.0000 sec  5.62 MBytes  9.44 Mbits/sec  4012/0      802 pps
[  3] 130.0000-135.0000 sec  5.62 MBytes  9.44 Mbits/sec  4012/0      803 pps
[  3] 135.0000-140.0000 sec  5.62 MBytes  9.44 Mbits/sec  4012/0      802 pps
[  3] 140.0000-145.0000 sec  5.63 MBytes  9.44 Mbits/sec  4013/0      802 pps
[  3] 145.0000-150.0000 sec  5.62 MBytes  9.44 Mbits/sec  4012/0      802 pps
[  3] 150.0000-155.0000 sec  5.63 MBytes  9.44 Mbits/sec  4013/0      803 pps
[  3] 155.0000-160.0000 sec  5.62 MBytes  9.44 Mbits/sec  4012/0      803 pps
[  3] 160.0000-165.0000 sec  5.63 MBytes  9.44 Mbits/sec  4013/0      802 pps
[  3] 165.0000-170.0000 sec  5.62 MBytes  9.44 Mbits/sec  4012/0      802 pps
[  3] 170.0000-175.0000 sec  5.63 MBytes  9.44 Mbits/sec  4013/0      802 pps
[  3] 175.0000-180.0000 sec  5.62 MBytes  9.44 Mbits/sec  4012/0      803 pps
[  3] 180.0000-185.0000 sec  5.63 MBytes  9.44 Mbits/sec  4013/0      802 pps
[  3] 185.0000-190.0000 sec  5.62 MBytes  9.44 Mbits/sec  4012/0      802 pps
[  3] 190.0000-195.0000 sec  5.62 MBytes  9.44 Mbits/sec  4012/0      802 pps
[  3] 195.0000-200.0000 sec  5.63 MBytes  9.44 Mbits/sec  4013/0      802 pps
[  3] 200.0000-205.0000 sec  5.62 MBytes  9.44 Mbits/sec  4012/0      802 pps
[  3] 205.0000-210.0000 sec  5.63 MBytes  9.44 Mbits/sec  4013/0      802 pps
[  3] 210.0000-215.0000 sec  5.62 MBytes  9.44 Mbits/sec  4012/0      802 pps
[  3] 215.0000-220.0000 sec  5.62 MBytes  9.44 Mbits/sec  4012/0      803 pps
[  3] 220.0000-225.0000 sec  5.63 MBytes  9.44 Mbits/sec  4013/0      802 pps
[  3] 225.0000-230.0000 sec  5.62 MBytes  9.44 Mbits/sec  4012/0      802 pps
[  3] 230.0000-235.0000 sec  5.63 MBytes  9.44 Mbits/sec  4013/0      802 pps
[  3] 235.0000-240.0000 sec  5.62 MBytes  9.44 Mbits/sec  4012/0      802 pps
[  3] 240.0000-245.0000 sec  5.62 MBytes  9.44 Mbits/sec  4012/0      802 pps
[  3] 245.0000-250.0000 sec  5.62 MBytes  9.44 Mbits/sec  4012/0      802 pps
[  3] 250.0000-255.0000 sec  5.63 MBytes  9.44 Mbits/sec  4013/0      802 pps
[  3] 255.0000-260.0000 sec  5.62 MBytes  9.44 Mbits/sec  4012/0      802 pps
[  3] 260.0000-265.0000 sec  5.63 MBytes  9.44 Mbits/sec  4013/0      803 pps
[  3] 265.0000-270.0000 sec  5.62 MBytes  9.44 Mbits/sec  4012/0      802 pps
[  3] 270.0000-275.0000 sec  5.62 MBytes  9.44 Mbits/sec  4012/0      802 pps
[  3] 275.0000-280.0000 sec  5.63 MBytes  9.44 Mbits/sec  4013/0      803 pps
[  3] 280.0000-285.0000 sec  5.62 MBytes  9.44 Mbits/sec  4012/0      802 pps
[  3] 285.0000-290.0000 sec  5.63 MBytes  9.44 Mbits/sec  4013/0      802 pps
[  3] 290.0000-295.0000 sec  5.62 MBytes  9.44 Mbits/sec  4012/0      803 pps
[  3] 295.0000-300.0000 sec  5.62 MBytes  9.44 Mbits/sec  4012/0      802 pps
[  3] 0.0000-300.0014 sec   338 MBytes  9.44 Mbits/sec  240745/0      802 pps
[  3] Sent 240745 datagrams
------------------------------------------------------------
Client connecting to 10.0.0.10, UDP port 5001 with pid 6514
Sending 1470 byte datagrams, IPG target: 1246.13 us (kalman adjust)
UDP buffer size:  208 KByte (default)
------------------------------------------------------------
[  3] local 10.0.0.9 port 48141 connected with 10.0.0.10 port 5001
[ ID] Interval            Transfer     Bandwidth      Write/Err  PPS
[  3] 0.0000-5.0000 sec  5.63 MBytes  9.44 Mbits/sec  4014/0      803 pps
[  3] 5.0000-10.0000 sec  5.62 MBytes  9.44 Mbits/sec  4012/0      802 pps
[  3] 10.0000-15.0000 sec  5.62 MBytes  9.44 Mbits/sec  4012/0      802 pps
[  3] 15.0000-20.0000 sec  5.63 MBytes  9.44 Mbits/sec  4013/0      802 pps
[  3] 20.0000-25.0000 sec  5.62 MBytes  9.44 Mbits/sec  4012/0      803 pps
[  3] 25.0000-30.0000 sec  5.63 MBytes  9.44 Mbits/sec  4013/0      802 pps
[  3] 30.0000-35.0000 sec  5.62 MBytes  9.44 Mbits/sec  4012/0      802 pps
[  3] 35.0000-40.0000 sec  5.63 MBytes  9.44 Mbits/sec  4013/0      802 pps
[  3] 40.0000-45.0000 sec  5.62 MBytes  9.44 Mbits/sec  4012/0      802 pps
[  3] 45.0000-50.0000 sec  5.62 MBytes  9.44 Mbits/sec  4012/0      802 pps
[  3] 50.0000-55.0000 sec  5.63 MBytes  9.44 Mbits/sec  4013/0      802 pps
[  3] 55.0000-60.0000 sec  5.62 MBytes  9.44 Mbits/sec  4012/0      802 pps
[  3] 60.0000-65.0000 sec  5.62 MBytes  9.44 Mbits/sec  4012/0      802 pps
[  3] 65.0000-70.0000 sec  5.63 MBytes  9.44 Mbits/sec  4013/0      803 pps
[  3] 70.0000-75.0000 sec  5.63 MBytes  9.44 Mbits/sec  4013/0      802 pps
[  3] 75.0000-80.0000 sec  5.62 MBytes  9.44 Mbits/sec  4012/0      802 pps
[  3] 80.0000-85.0000 sec  5.62 MBytes  9.44 Mbits/sec  4012/0      802 pps
[  3] 85.0000-90.0000 sec  5.63 MBytes  9.44 Mbits/sec  4013/0      802 pps
[  3] 90.0000-95.0000 sec  5.62 MBytes  9.44 Mbits/sec  4012/0      802 pps
[  3] 95.0000-100.0000 sec  5.63 MBytes  9.44 Mbits/sec  4013/0      802 pps
[  3] 100.0000-105.0000 sec  5.62 MBytes  9.44 Mbits/sec  4012/0      802 pps
[  3] 105.0000-110.0000 sec  5.62 MBytes  9.44 Mbits/sec  4012/0      802 pps
[  3] 110.0000-115.0000 sec  5.63 MBytes  9.44 Mbits/sec  4013/0      802 pps
[  3] 115.0000-120.0000 sec  5.62 MBytes  9.44 Mbits/sec  4012/0      802 pps
[  3] 120.0000-125.0000 sec  5.63 MBytes  9.44 Mbits/sec  4013/0      802 pps
[  3] 125.0000-130.0000 sec  5.62 MBytes  9.44 Mbits/sec  4012/0      802 pps
[  3] 130.0000-135.0000 sec  5.62 MBytes  9.44 Mbits/sec  4012/0      802 pps
[  3] 135.0000-140.0000 sec  5.63 MBytes  9.44 Mbits/sec  4013/0      802 pps
[  3] 140.0000-145.0000 sec  5.62 MBytes  9.44 Mbits/sec  4012/0      802 pps
[  3] 145.0000-150.0000 sec  5.63 MBytes  9.44 Mbits/sec  4013/0      802 pps
[  3] 150.0000-155.0000 sec  5.62 MBytes  9.44 Mbits/sec  4012/0      802 pps
[  3] 155.0000-160.0000 sec  5.62 MBytes  9.44 Mbits/sec  4012/0      802 pps
[  3] 160.0000-165.0000 sec  5.63 MBytes  9.44 Mbits/sec  4013/0      802 pps
[  3] 165.0000-170.0000 sec  5.62 MBytes  9.44 Mbits/sec  4012/0      803 pps
[  3] 170.0000-175.0000 sec  5.63 MBytes  9.44 Mbits/sec  4013/0      802 pps
[  3] 175.0000-180.0000 sec  5.62 MBytes  9.44 Mbits/sec  4012/0      802 pps
[  3] 180.0000-185.0000 sec  5.62 MBytes  9.44 Mbits/sec  4012/0      802 pps
[  3] 185.0000-190.0000 sec  5.63 MBytes  9.44 Mbits/sec  4013/0      802 pps
[  3] 190.0000-195.0000 sec  5.62 MBytes  9.44 Mbits/sec  4012/0      803 pps
[  3] 195.0000-200.0000 sec  5.63 MBytes  9.44 Mbits/sec  4013/0      802 pps
[  3] 200.0000-205.0000 sec  5.62 MBytes  9.44 Mbits/sec  4012/0      802 pps
[  3] 205.0000-210.0000 sec  5.63 MBytes  9.44 Mbits/sec  4013/0      802 pps
[  3] 210.0000-215.0000 sec  5.62 MBytes  9.44 Mbits/sec  4012/0      802 pps
[  3] 215.0000-220.0000 sec  5.62 MBytes  9.44 Mbits/sec  4012/0      802 pps
[  3] 220.0000-225.0000 sec  5.63 MBytes  9.44 Mbits/sec  4013/0      802 pps
[  3] 225.0000-230.0000 sec  5.62 MBytes  9.44 Mbits/sec  4012/0      802 pps
[  3] 230.0000-235.0000 sec  5.63 MBytes  9.44 Mbits/sec  4013/0      802 pps
[  3] 235.0000-240.0000 sec  5.62 MBytes  9.44 Mbits/sec  4012/0      802 pps
[  3] 240.0000-245.0000 sec  5.62 MBytes  9.44 Mbits/sec  4012/0      802 pps
[  3] 245.0000-250.0000 sec  5.63 MBytes  9.44 Mbits/sec  4013/0      802 pps
[  3] 250.0000-255.0000 sec  5.62 MBytes  9.44 Mbits/sec  4012/0      803 pps
[  3] 255.0000-260.0000 sec  5.62 MBytes  9.44 Mbits/sec  4012/0      802 pps
[  3] 260.0000-265.0000 sec  5.63 MBytes  9.44 Mbits/sec  4013/0      802 pps
[  3] 265.0000-270.0000 sec  5.62 MBytes  9.44 Mbits/sec  4012/0      802 pps
[  3] 270.0000-275.0000 sec  5.63 MBytes  9.44 Mbits/sec  4013/0      802 pps
[  3] 275.0000-280.0000 sec  5.62 MBytes  9.44 Mbits/sec  4012/0      802 pps
[  3] 280.0000-285.0000 sec  5.62 MBytes  9.44 Mbits/sec  4012/0      802 pps
[  3] 285.0000-290.0000 sec  5.63 MBytes  9.44 Mbits/sec  4013/0      802 pps
[  3] 290.0000-295.0000 sec  5.62 MBytes  9.44 Mbits/sec  4012/0      803 pps
[  3] 0.0000-300.0008 sec   338 MBytes  9.44 Mbits/sec  240745/0      802 pps
[  3] Sent 240745 datagrams
[  3] Server Report:
[  3] 0.0000-300.0190 sec   173 MBytes  4.83 Mbits/sec   0.287 ms 117446/240745 (49%) 130.738/ 0.002/65708.426/ 0.110 ms  802 pps  4.62
[  3] 0.0000-300.0190 sec  361 datagrams received out-of-order
------------------------------------------------------------
Client connecting to 10.0.0.10, UDP port 5001 with pid 13408
Sending 1470 byte datagrams, IPG target: 1246.13 us (kalman adjust)
UDP buffer size:  208 KByte (default)
------------------------------------------------------------
[  3] local 10.0.0.9 port 49411 connected with 10.0.0.10 port 5001
[ ID] Interval            Transfer     Bandwidth      Write/Err  PPS
[  3] 0.0000-5.0000 sec  5.63 MBytes  9.44 Mbits/sec  4014/0      803 pps
[  3] 5.0000-10.0000 sec  5.62 MBytes  9.44 Mbits/sec  4012/0      802 pps
[  3] 10.0000-15.0000 sec  5.63 MBytes  9.44 Mbits/sec  4013/0      802 pps
[  3] 15.0000-20.0000 sec  5.62 MBytes  9.44 Mbits/sec  4012/0      802 pps
[  3] 20.0000-25.0000 sec  5.62 MBytes  9.44 Mbits/sec  4012/0      802 pps
[  3] 25.0000-30.0000 sec  5.63 MBytes  9.44 Mbits/sec  4013/0      803 pps
[  3] 30.0000-35.0000 sec  5.62 MBytes  9.44 Mbits/sec  4012/0      802 pps
[  3] 35.0000-40.0000 sec  5.63 MBytes  9.44 Mbits/sec  4013/0      802 pps
[  3] 40.0000-45.0000 sec  5.62 MBytes  9.44 Mbits/sec  4012/0      802 pps
[  3] 45.0000-50.0000 sec  5.62 MBytes  9.44 Mbits/sec  4012/0      802 pps
[  3] 50.0000-55.0000 sec  5.63 MBytes  9.44 Mbits/sec  4013/0      802 pps
[  3] 55.0000-60.0000 sec  5.62 MBytes  9.44 Mbits/sec  4012/0      802 pps
[  3] 60.0000-65.0000 sec  5.63 MBytes  9.44 Mbits/sec  4013/0      803 pps
[  3] 65.0000-70.0000 sec  5.62 MBytes  9.44 Mbits/sec  4012/0      802 pps
[  3] 70.0000-75.0000 sec  5.63 MBytes  9.44 Mbits/sec  4013/0      803 pps
[  3] 75.0000-80.0000 sec  5.62 MBytes  9.44 Mbits/sec  4012/0      802 pps
[  3] 80.0000-85.0000 sec  5.62 MBytes  9.44 Mbits/sec  4012/0      802 pps
[  3] 85.0000-90.0000 sec  5.63 MBytes  9.44 Mbits/sec  4013/0      802 pps
[  3] 90.0000-95.0000 sec  5.62 MBytes  9.44 Mbits/sec  4012/0      802 pps
[  3] 95.0000-100.0000 sec  5.63 MBytes  9.44 Mbits/sec  4013/0      802 pps
[  3] 100.0000-105.0000 sec  5.62 MBytes  9.44 Mbits/sec  4012/0      802 pps
[  3] 105.0000-110.0000 sec  5.62 MBytes  9.44 Mbits/sec  4012/0      803 pps
[  3] 110.0000-115.0000 sec  5.63 MBytes  9.44 Mbits/sec  4013/0      802 pps
[  3] 115.0000-120.0000 sec  5.62 MBytes  9.44 Mbits/sec  4012/0      802 pps
[  3] 120.0000-125.0000 sec  5.63 MBytes  9.44 Mbits/sec  4013/0      802 pps
[  3] 125.0000-130.0000 sec  5.62 MBytes  9.44 Mbits/sec  4012/0      802 pps
[  3] 130.0000-135.0000 sec  5.62 MBytes  9.44 Mbits/sec  4012/0      803 pps
[  3] 135.0000-140.0000 sec  5.63 MBytes  9.44 Mbits/sec  4013/0      802 pps
[  3] 140.0000-145.0000 sec  5.62 MBytes  9.44 Mbits/sec  4012/0      802 pps
[  3] 145.0000-150.0000 sec  5.62 MBytes  9.44 Mbits/sec  4012/0      802 pps
[  3] 150.0000-155.0000 sec  5.63 MBytes  9.44 Mbits/sec  4013/0      802 pps
[  3] 155.0000-160.0000 sec  5.62 MBytes  9.44 Mbits/sec  4012/0      802 pps
[  3] 160.0000-165.0000 sec  5.63 MBytes  9.44 Mbits/sec  4013/0      802 pps
[  3] 165.0000-170.0000 sec  5.62 MBytes  9.44 Mbits/sec  4012/0      802 pps
[  3] 170.0000-175.0000 sec  5.63 MBytes  9.44 Mbits/sec  4013/0      803 pps
[  3] 175.0000-180.0000 sec  5.62 MBytes  9.44 Mbits/sec  4012/0      802 pps
[  3] 180.0000-185.0000 sec  5.62 MBytes  9.44 Mbits/sec  4012/0      802 pps
[  3] 185.0000-190.0000 sec  5.63 MBytes  9.44 Mbits/sec  4013/0      802 pps
[  3] 190.0000-195.0000 sec  5.62 MBytes  9.44 Mbits/sec  4012/0      802 pps
[  3] 195.0000-200.0000 sec  5.63 MBytes  9.44 Mbits/sec  4013/0      802 pps
[  3] 200.0000-205.0000 sec  5.62 MBytes  9.44 Mbits/sec  4012/0      802 pps
[  3] 205.0000-210.0000 sec  5.63 MBytes  9.44 Mbits/sec  4013/0      802 pps
[  3] 210.0000-215.0000 sec  5.62 MBytes  9.44 Mbits/sec  4012/0      802 pps
[  3] 215.0000-220.0000 sec  5.62 MBytes  9.44 Mbits/sec  4012/0      802 pps
[  3] 220.0000-225.0000 sec  5.63 MBytes  9.44 Mbits/sec  4013/0      802 pps
[  3] 225.0000-230.0000 sec  5.62 MBytes  9.44 Mbits/sec  4012/0      802 pps
[  3] 230.0000-235.0000 sec  5.62 MBytes  9.44 Mbits/sec  4012/0      802 pps
[  3] 235.0000-240.0000 sec  5.63 MBytes  9.44 Mbits/sec  4013/0      802 pps
[  3] 240.0000-245.0000 sec  5.62 MBytes  9.44 Mbits/sec  4012/0      802 pps
[  3] 245.0000-250.0000 sec  5.63 MBytes  9.44 Mbits/sec  4013/0      802 pps
[  3] 250.0000-255.0000 sec  5.62 MBytes  9.44 Mbits/sec  4012/0      803 pps
[  3] 255.0000-260.0000 sec  5.63 MBytes  9.44 Mbits/sec  4013/0      802 pps
[  3] 260.0000-265.0000 sec  5.62 MBytes  9.44 Mbits/sec  4012/0      802 pps
[  3] 265.0000-270.0000 sec  5.62 MBytes  9.44 Mbits/sec  4012/0      802 pps
[  3] 270.0000-275.0000 sec  5.63 MBytes  9.44 Mbits/sec  4013/0      802 pps
[  3] 275.0000-280.0000 sec  5.62 MBytes  9.44 Mbits/sec  4012/0      802 pps
[  3] 280.0000-285.0000 sec  5.63 MBytes  9.44 Mbits/sec  4013/0      802 pps
[  3] 285.0000-290.0000 sec  5.62 MBytes  9.44 Mbits/sec  4012/0      802 pps
[  3] 290.0000-295.0000 sec  5.63 MBytes  9.44 Mbits/sec  4013/0      802 pps
[  3] 0.0000-300.0007 sec   338 MBytes  9.44 Mbits/sec  240745/0      802 pps
[  3] Sent 240745 datagrams
------------------------------------------------------------
Client connecting to 10.0.0.10, UDP port 5001 with pid 15451
Sending 1470 byte datagrams, IPG target: 1246.13 us (kalman adjust)
UDP buffer size:  208 KByte (default)
------------------------------------------------------------
[  3] local 10.0.0.9 port 39694 connected with 10.0.0.10 port 5001
[ ID] Interval            Transfer     Bandwidth      Write/Err  PPS
[  3] 0.0000-5.0000 sec  5.63 MBytes  9.44 Mbits/sec  4014/0      803 pps
[  3] 5.0000-10.0000 sec  5.62 MBytes  9.44 Mbits/sec  4012/0      802 pps
[  3] 10.0000-15.0000 sec  5.63 MBytes  9.44 Mbits/sec  4013/0      802 pps
[  3] 15.0000-20.0000 sec  5.62 MBytes  9.44 Mbits/sec  4012/0      802 pps
[  3] 20.0000-25.0000 sec  5.62 MBytes  9.44 Mbits/sec  4012/0      802 pps
[  3] 25.0000-30.0000 sec  5.63 MBytes  9.44 Mbits/sec  4013/0      802 pps
[  3] 30.0000-35.0000 sec  5.62 MBytes  9.44 Mbits/sec  4012/0      802 pps
[  3] 35.0000-40.0000 sec  5.63 MBytes  9.44 Mbits/sec  4013/0      802 pps
[  3] 40.0000-45.0000 sec  5.62 MBytes  9.44 Mbits/sec  4012/0      803 pps
[  3] 45.0000-50.0000 sec  5.62 MBytes  9.44 Mbits/sec  4012/0      802 pps
[  3] 50.0000-55.0000 sec  5.63 MBytes  9.44 Mbits/sec  4013/0      802 pps
[  3] 55.0000-60.0000 sec  5.62 MBytes  9.44 Mbits/sec  4012/0      802 pps
[  3] 60.0000-65.0000 sec  5.63 MBytes  9.44 Mbits/sec  4013/0      802 pps
[  3] 65.0000-70.0000 sec  5.62 MBytes  9.44 Mbits/sec  4012/0      802 pps
[  3] 70.0000-75.0000 sec  5.62 MBytes  9.44 Mbits/sec  4012/0      803 pps
[  3] 75.0000-80.0000 sec  5.63 MBytes  9.44 Mbits/sec  4013/0      802 pps
[  3] 80.0000-85.0000 sec  5.62 MBytes  9.44 Mbits/sec  4012/0      802 pps
[  3] 85.0000-90.0000 sec  5.63 MBytes  9.44 Mbits/sec  4013/0      802 pps
[  3] 90.0000-95.0000 sec  5.62 MBytes  9.44 Mbits/sec  4012/0      802 pps
[  3] 95.0000-100.0000 sec  5.62 MBytes  9.44 Mbits/sec  4012/0      802 pps
[  3] 100.0000-105.0000 sec  5.63 MBytes  9.44 Mbits/sec  4013/0      803 pps
[  3] 105.0000-110.0000 sec  5.62 MBytes  9.44 Mbits/sec  4012/0      802 pps
[  3] 110.0000-115.0000 sec  5.63 MBytes  9.44 Mbits/sec  4013/0      802 pps
[  3] 115.0000-120.0000 sec  5.62 MBytes  9.44 Mbits/sec  4012/0      802 pps
[  3] 120.0000-125.0000 sec  5.62 MBytes  9.44 Mbits/sec  4012/0      802 pps
[  3] 125.0000-130.0000 sec  5.63 MBytes  9.44 Mbits/sec  4013/0      803 pps
[  3] 130.0000-135.0000 sec  5.62 MBytes  9.44 Mbits/sec  4012/0      802 pps
[  3] 135.0000-140.0000 sec  5.63 MBytes  9.44 Mbits/sec  4013/0      802 pps
[  3] 140.0000-145.0000 sec  5.62 MBytes  9.44 Mbits/sec  4012/0      802 pps
[  3] 145.0000-150.0000 sec  5.63 MBytes  9.44 Mbits/sec  4013/0      802 pps
[  3] 150.0000-155.0000 sec  5.62 MBytes  9.44 Mbits/sec  4012/0      802 pps
[  3] 155.0000-160.0000 sec  5.62 MBytes  9.44 Mbits/sec  4012/0      802 pps
[  3] 160.0000-165.0000 sec  5.63 MBytes  9.44 Mbits/sec  4013/0      803 pps
[  3] 165.0000-170.0000 sec  5.62 MBytes  9.44 Mbits/sec  4012/0      802 pps
[  3] 170.0000-175.0000 sec  5.63 MBytes  9.44 Mbits/sec  4013/0      802 pps
[  3] 175.0000-180.0000 sec  5.62 MBytes  9.44 Mbits/sec  4012/0      802 pps
[  3] 180.0000-185.0000 sec  5.63 MBytes  9.44 Mbits/sec  4013/0      802 pps
[  3] 185.0000-190.0000 sec  5.62 MBytes  9.44 Mbits/sec  4012/0      802 pps
[  3] 190.0000-195.0000 sec  5.62 MBytes  9.44 Mbits/sec  4012/0      802 pps
[  3] 195.0000-200.0000 sec  5.63 MBytes  9.44 Mbits/sec  4013/0      802 pps
[  3] 200.0000-205.0000 sec  5.62 MBytes  9.44 Mbits/sec  4012/0      803 pps
[  3] 205.0000-210.0000 sec  5.63 MBytes  9.44 Mbits/sec  4013/0      802 pps
[  3] 210.0000-215.0000 sec  5.62 MBytes  9.44 Mbits/sec  4012/0      802 pps
[  3] 215.0000-220.0000 sec  5.62 MBytes  9.44 Mbits/sec  4012/0      802 pps
[  3] 220.0000-225.0000 sec  5.63 MBytes  9.44 Mbits/sec  4013/0      802 pps
[  3] 225.0000-230.0000 sec  5.62 MBytes  9.44 Mbits/sec  4012/0      802 pps
[  3] 230.0000-235.0000 sec  5.62 MBytes  9.44 Mbits/sec  4012/0      802 pps
[  3] 235.0000-240.0000 sec  5.63 MBytes  9.44 Mbits/sec  4013/0      802 pps
[  3] 240.0000-245.0000 sec  5.62 MBytes  9.44 Mbits/sec  4012/0      803 pps
[  3] 245.0000-250.0000 sec  5.63 MBytes  9.44 Mbits/sec  4013/0      802 pps
[  3] 250.0000-255.0000 sec  5.62 MBytes  9.44 Mbits/sec  4012/0      802 pps
[  3] 255.0000-260.0000 sec  5.63 MBytes  9.44 Mbits/sec  4013/0      802 pps
[  3] 260.0000-265.0000 sec  5.62 MBytes  9.44 Mbits/sec  4012/0      802 pps
[  3] 265.0000-270.0000 sec  5.62 MBytes  9.44 Mbits/sec  4012/0      802 pps
[  3] 270.0000-275.0000 sec  5.63 MBytes  9.44 Mbits/sec  4013/0      802 pps
[  3] 275.0000-280.0000 sec  5.62 MBytes  9.44 Mbits/sec  4012/0      802 pps
[  3] 280.0000-285.0000 sec  5.63 MBytes  9.44 Mbits/sec  4013/0      802 pps
[  3] 285.0000-290.0000 sec  5.62 MBytes  9.44 Mbits/sec  4012/0      802 pps
[  3] 290.0000-295.0000 sec  5.62 MBytes  9.44 Mbits/sec  4012/0      802 pps
[  3] 0.0000-300.0008 sec   338 MBytes  9.44 Mbits/sec  240745/0      802 pps
[  3] Sent 240745 datagrams
[  3] Server Report:
[  3] 0.0000-299.9943 sec   338 MBytes  9.44 Mbits/sec   0.005 ms    0/240745 (0%)  0.038/ 0.003/32.230/ 0.072 ms  802 pps  31029.20
[  3] 0.0000-299.9943 sec  123 datagrams received out-of-order
------------------------------------------------------------
Client connecting to 10.0.0.10, UDP port 5001 with pid 21163
Sending 1470 byte datagrams, IPG target: 1246.13 us (kalman adjust)
UDP buffer size:  208 KByte (default)
------------------------------------------------------------
[  3] local 10.0.0.9 port 58906 connected with 10.0.0.10 port 5001
[ ID] Interval            Transfer     Bandwidth      Write/Err  PPS
[  3] 0.0000-5.0000 sec  5.63 MBytes  9.44 Mbits/sec  4014/0      803 pps
[  3] 5.0000-10.0000 sec  5.62 MBytes  9.44 Mbits/sec  4012/0      802 pps
[  3] 10.0000-15.0000 sec  5.63 MBytes  9.44 Mbits/sec  4013/0      802 pps
[  3] 15.0000-20.0000 sec  5.62 MBytes  9.44 Mbits/sec  4012/0      802 pps
[  3] 20.0000-25.0000 sec  5.62 MBytes  9.44 Mbits/sec  4012/0      802 pps
[  3] 25.0000-30.0000 sec  5.63 MBytes  9.44 Mbits/sec  4013/0      802 pps
[  3] 30.0000-35.0000 sec  5.62 MBytes  9.44 Mbits/sec  4012/0      802 pps
[  3] 35.0000-40.0000 sec  5.63 MBytes  9.44 Mbits/sec  4013/0      802 pps
[  3] 40.0000-45.0000 sec  5.62 MBytes  9.44 Mbits/sec  4012/0      802 pps
[  3] 45.0000-50.0000 sec  5.63 MBytes  9.44 Mbits/sec  4013/0      802 pps
[  3] 50.0000-55.0000 sec  5.62 MBytes  9.44 Mbits/sec  4012/0      803 pps
[  3] 55.0000-60.0000 sec  5.62 MBytes  9.44 Mbits/sec  4012/0      802 pps
[  3] 60.0000-65.0000 sec  5.63 MBytes  9.44 Mbits/sec  4013/0      802 pps
[  3] 65.0000-70.0000 sec  5.62 MBytes  9.44 Mbits/sec  4012/0      802 pps
[  3] 70.0000-75.0000 sec  5.63 MBytes  9.44 Mbits/sec  4013/0      802 pps
[  3] 75.0000-80.0000 sec  5.62 MBytes  9.44 Mbits/sec  4012/0      802 pps
[  3] 80.0000-85.0000 sec  5.62 MBytes  9.44 Mbits/sec  4012/0      802 pps
[  3] 85.0000-90.0000 sec  5.63 MBytes  9.44 Mbits/sec  4013/0      802 pps
[  3] 90.0000-95.0000 sec  5.62 MBytes  9.44 Mbits/sec  4012/0      802 pps
[  3] 95.0000-100.0000 sec  5.63 MBytes  9.44 Mbits/sec  4013/0      803 pps
[  3] 100.0000-105.0000 sec  5.62 MBytes  9.44 Mbits/sec  4012/0      802 pps
[  3] 105.0000-110.0000 sec  5.62 MBytes  9.44 Mbits/sec  4012/0      802 pps
[  3] 110.0000-115.0000 sec  5.63 MBytes  9.44 Mbits/sec  4013/0      802 pps
[  3] 115.0000-120.0000 sec  5.62 MBytes  9.44 Mbits/sec  4012/0      803 pps
[  3] 120.0000-125.0000 sec  5.62 MBytes  9.44 Mbits/sec  4012/0      802 pps
[  3] 125.0000-130.0000 sec  5.63 MBytes  9.44 Mbits/sec  4013/0      803 pps
[  3] 130.0000-135.0000 sec  5.63 MBytes  9.44 Mbits/sec  4013/0      803 pps
[  3] 135.0000-140.0000 sec  5.62 MBytes  9.44 Mbits/sec  4012/0      802 pps
[  3] 140.0000-145.0000 sec  5.62 MBytes  9.44 Mbits/sec  4012/0      802 pps
[  3] 145.0000-150.0000 sec  5.63 MBytes  9.44 Mbits/sec  4013/0      802 pps
[  3] 150.0000-155.0000 sec  5.62 MBytes  9.44 Mbits/sec  4012/0      802 pps
[  3] 155.0000-160.0000 sec  5.62 MBytes  9.44 Mbits/sec  4012/0      802 pps
[  3] 160.0000-165.0000 sec  5.63 MBytes  9.44 Mbits/sec  4013/0      803 pps
[  3] 165.0000-170.0000 sec  5.62 MBytes  9.44 Mbits/sec  4012/0      802 pps
[  3] 170.0000-175.0000 sec  5.63 MBytes  9.44 Mbits/sec  4013/0      802 pps
[  3] 175.0000-180.0000 sec  5.62 MBytes  9.44 Mbits/sec  4012/0      802 pps
[  3] 180.0000-185.0000 sec  5.62 MBytes  9.44 Mbits/sec  4012/0      802 pps
[  3] 185.0000-190.0000 sec  5.63 MBytes  9.44 Mbits/sec  4013/0      802 pps
[  3] 190.0000-195.0000 sec  5.62 MBytes  9.44 Mbits/sec  4012/0      802 pps
[  3] 195.0000-200.0000 sec  5.63 MBytes  9.44 Mbits/sec  4013/0      802 pps
[  3] 200.0000-205.0000 sec  5.62 MBytes  9.44 Mbits/sec  4012/0      802 pps
[  3] 205.0000-210.0000 sec  5.63 MBytes  9.44 Mbits/sec  4013/0      802 pps
[  3] 210.0000-215.0000 sec  5.62 MBytes  9.44 Mbits/sec  4012/0      802 pps
[  3] 215.0000-220.0000 sec  5.62 MBytes  9.44 Mbits/sec  4012/0      803 pps
[  3] 220.0000-225.0000 sec  5.63 MBytes  9.44 Mbits/sec  4013/0      802 pps
[  3] 225.0000-230.0000 sec  5.62 MBytes  9.44 Mbits/sec  4012/0      802 pps
[  3] 230.0000-235.0000 sec  5.62 MBytes  9.44 Mbits/sec  4012/0      802 pps
[  3] 235.0000-240.0000 sec  5.63 MBytes  9.44 Mbits/sec  4013/0      802 pps
[  3] 240.0000-245.0000 sec  5.62 MBytes  9.44 Mbits/sec  4012/0      803 pps
[  3] 245.0000-250.0000 sec  5.63 MBytes  9.44 Mbits/sec  4013/0      802 pps
[  3] 250.0000-255.0000 sec  5.62 MBytes  9.44 Mbits/sec  4012/0      802 pps
[  3] 255.0000-260.0000 sec  5.63 MBytes  9.44 Mbits/sec  4013/0      802 pps
[  3] 260.0000-265.0000 sec  5.62 MBytes  9.44 Mbits/sec  4012/0      803 pps
[  3] 265.0000-270.0000 sec  5.62 MBytes  9.44 Mbits/sec  4012/0      802 pps
[  3] 270.0000-275.0000 sec  5.63 MBytes  9.44 Mbits/sec  4013/0      802 pps
[  3] 275.0000-280.0000 sec  5.62 MBytes  9.44 Mbits/sec  4012/0      803 pps
[  3] 280.0000-285.0000 sec  5.63 MBytes  9.44 Mbits/sec  4013/0      802 pps
[  3] 285.0000-290.0000 sec  5.62 MBytes  9.44 Mbits/sec  4012/0      802 pps
[  3] 290.0000-295.0000 sec  5.63 MBytes  9.44 Mbits/sec  4013/0      802 pps
[  3] 0.0000-300.0008 sec   338 MBytes  9.44 Mbits/sec  240745/0      802 pps
[  3] Sent 240745 datagrams
------------------------------------------------------------
Client connecting to 10.0.0.10, UDP port 5001 with pid 4300
Sending 1470 byte datagrams, IPG target: 1246.13 us (kalman adjust)
UDP buffer size:  208 KByte (default)
------------------------------------------------------------
[  3] local 10.0.0.9 port 41550 connected with 10.0.0.10 port 5001
[ ID] Interval            Transfer     Bandwidth      Write/Err  PPS
[  3] 0.0000-5.0000 sec  5.63 MBytes  9.44 Mbits/sec  4014/0      803 pps
[  3] 5.0000-10.0000 sec  5.62 MBytes  9.44 Mbits/sec  4012/0      802 pps
[  3] 10.0000-15.0000 sec  5.63 MBytes  9.44 Mbits/sec  4013/0      803 pps
[  3] 15.0000-20.0000 sec  5.62 MBytes  9.44 Mbits/sec  4012/0      802 pps
[  3] 20.0000-25.0000 sec  5.62 MBytes  9.44 Mbits/sec  4012/0      802 pps
[  3] 25.0000-30.0000 sec  5.63 MBytes  9.44 Mbits/sec  4013/0      802 pps
[  3] 30.0000-35.0000 sec  5.62 MBytes  9.44 Mbits/sec  4012/0      803 pps
[  3] 35.0000-40.0000 sec  5.63 MBytes  9.44 Mbits/sec  4013/0      802 pps
[  3] 40.0000-45.0000 sec  5.62 MBytes  9.44 Mbits/sec  4012/0      802 pps
[  3] 45.0000-50.0000 sec  5.62 MBytes  9.44 Mbits/sec  4012/0      802 pps
[  3] 50.0000-55.0000 sec  5.63 MBytes  9.44 Mbits/sec  4013/0      802 pps
[  3] 55.0000-60.0000 sec  5.62 MBytes  9.44 Mbits/sec  4012/0      802 pps
[  3] 60.0000-65.0000 sec  5.63 MBytes  9.44 Mbits/sec  4013/0      803 pps
[  3] 65.0000-70.0000 sec  5.62 MBytes  9.44 Mbits/sec  4012/0      802 pps
[  3] 70.0000-75.0000 sec  5.63 MBytes  9.44 Mbits/sec  4013/0      802 pps
[  3] 75.0000-80.0000 sec  5.62 MBytes  9.44 Mbits/sec  4012/0      802 pps
[  3] 80.0000-85.0000 sec  5.62 MBytes  9.44 Mbits/sec  4012/0      803 pps
[  3] 85.0000-90.0000 sec  5.63 MBytes  9.44 Mbits/sec  4013/0      802 pps
[  3] 90.0000-95.0000 sec  5.62 MBytes  9.44 Mbits/sec  4012/0      802 pps
[  3] 95.0000-100.0000 sec  5.63 MBytes  9.44 Mbits/sec  4013/0      803 pps
[  3] 100.0000-105.0000 sec  5.62 MBytes  9.44 Mbits/sec  4012/0      802 pps
[  3] 105.0000-110.0000 sec  5.62 MBytes  9.44 Mbits/sec  4012/0      802 pps
[  3] 110.0000-115.0000 sec  5.63 MBytes  9.44 Mbits/sec  4013/0      802 pps
[  3] 115.0000-120.0000 sec  5.62 MBytes  9.44 Mbits/sec  4012/0      802 pps
[  3] 120.0000-125.0000 sec  5.63 MBytes  9.44 Mbits/sec  4013/0      803 pps
[  3] 125.0000-130.0000 sec  5.62 MBytes  9.44 Mbits/sec  4012/0      802 pps
[  3] 130.0000-135.0000 sec  5.62 MBytes  9.44 Mbits/sec  4012/0      802 pps
[  3] 135.0000-140.0000 sec  5.63 MBytes  9.44 Mbits/sec  4013/0      802 pps
[  3] 140.0000-145.0000 sec  5.62 MBytes  9.44 Mbits/sec  4012/0      802 pps
[  3] 145.0000-150.0000 sec  5.63 MBytes  9.44 Mbits/sec  4013/0      802 pps
[  3] 150.0000-155.0000 sec  5.62 MBytes  9.44 Mbits/sec  4012/0      802 pps
[  3] 155.0000-160.0000 sec  5.63 MBytes  9.44 Mbits/sec  4013/0      803 pps
[  3] 160.0000-165.0000 sec  5.62 MBytes  9.44 Mbits/sec  4012/0      802 pps
[  3] 165.0000-170.0000 sec  5.62 MBytes  9.44 Mbits/sec  4012/0      802 pps
[  3] 170.0000-175.0000 sec  5.63 MBytes  9.44 Mbits/sec  4013/0      802 pps
[  3] 175.0000-180.0000 sec  5.62 MBytes  9.44 Mbits/sec  4012/0      802 pps
[  3] 180.0000-185.0000 sec  5.62 MBytes  9.44 Mbits/sec  4012/0      802 pps
[  3] 185.0000-190.0000 sec  5.63 MBytes  9.44 Mbits/sec  4013/0      802 pps
[  3] 190.0000-195.0000 sec  5.62 MBytes  9.44 Mbits/sec  4012/0      803 pps
[  3] 195.0000-200.0000 sec  5.63 MBytes  9.44 Mbits/sec  4013/0      802 pps
[  3] 200.0000-205.0000 sec  5.62 MBytes  9.44 Mbits/sec  4012/0      802 pps
[  3] 205.0000-210.0000 sec  5.62 MBytes  9.44 Mbits/sec  4012/0      802 pps
[  3] 210.0000-215.0000 sec  5.63 MBytes  9.44 Mbits/sec  4013/0      802 pps
[  3] 215.0000-220.0000 sec  5.62 MBytes  9.44 Mbits/sec  4012/0      802 pps
[  3] 220.0000-225.0000 sec  5.63 MBytes  9.44 Mbits/sec  4013/0      802 pps
[  3] 225.0000-230.0000 sec  5.62 MBytes  9.44 Mbits/sec  4012/0      802 pps
[  3] 230.0000-235.0000 sec  5.63 MBytes  9.44 Mbits/sec  4013/0      802 pps
[  3] 235.0000-240.0000 sec  5.62 MBytes  9.44 Mbits/sec  4012/0      802 pps
[  3] 240.0000-245.0000 sec  5.62 MBytes  9.44 Mbits/sec  4012/0      802 pps
[  3] 245.0000-250.0000 sec  5.63 MBytes  9.44 Mbits/sec  4013/0      802 pps
[  3] 250.0000-255.0000 sec  5.62 MBytes  9.44 Mbits/sec  4012/0      802 pps
[  3] 255.0000-260.0000 sec  5.63 MBytes  9.44 Mbits/sec  4013/0      802 pps
[  3] 260.0000-265.0000 sec  5.62 MBytes  9.44 Mbits/sec  4012/0      802 pps
[  3] 265.0000-270.0000 sec  5.62 MBytes  9.44 Mbits/sec  4012/0      802 pps
[  3] 270.0000-275.0000 sec  5.63 MBytes  9.44 Mbits/sec  4013/0      803 pps
[  3] 275.0000-280.0000 sec  5.62 MBytes  9.44 Mbits/sec  4012/0      802 pps
[  3] 280.0000-285.0000 sec  5.63 MBytes  9.44 Mbits/sec  4013/0      802 pps
[  3] 285.0000-290.0000 sec  5.62 MBytes  9.44 Mbits/sec  4012/0      802 pps
[  3] 290.0000-295.0000 sec  5.63 MBytes  9.44 Mbits/sec  4013/0      802 pps
[  3] 0.0000-300.0008 sec   338 MBytes  9.44 Mbits/sec  240745/0      802 pps
[  3] Sent 240745 datagrams
[  3] Server Report:
[  3] 0.0000-300.2894 sec   256 MBytes  7.16 Mbits/sec   0.554 ms 57805/240745 (24%) 217.111/ 0.019/822.691/ 0.061 ms  801 pps  4.12
[  3] 0.0000-300.2894 sec  461 datagrams received out-of-order
------------------------------------------------------------
Client connecting to 10.0.0.10, UDP port 5001 with pid 7073
Sending 1470 byte datagrams, IPG target: 1246.13 us (kalman adjust)
UDP buffer size:  208 KByte (default)
------------------------------------------------------------
[  3] local 10.0.0.9 port 35740 connected with 10.0.0.10 port 5001
[ ID] Interval            Transfer     Bandwidth      Write/Err  PPS
[  3] 0.0000-5.0000 sec  5.63 MBytes  9.44 Mbits/sec  4014/0      803 pps
[  3] 5.0000-10.0000 sec  5.62 MBytes  9.44 Mbits/sec  4012/0      803 pps
[  3] 10.0000-15.0000 sec  5.63 MBytes  9.44 Mbits/sec  4013/0      802 pps
[  3] 15.0000-20.0000 sec  5.62 MBytes  9.44 Mbits/sec  4012/0      802 pps
[  3] 20.0000-25.0000 sec  5.62 MBytes  9.44 Mbits/sec  4012/0      802 pps
[  3] 25.0000-30.0000 sec  5.63 MBytes  9.44 Mbits/sec  4013/0      802 pps
[  3] 30.0000-35.0000 sec  5.62 MBytes  9.44 Mbits/sec  4012/0      802 pps
[  3] 35.0000-40.0000 sec  5.63 MBytes  9.44 Mbits/sec  4013/0      802 pps
[  3] 40.0000-45.0000 sec  5.62 MBytes  9.44 Mbits/sec  4012/0      802 pps
[  3] 45.0000-50.0000 sec  5.62 MBytes  9.44 Mbits/sec  4012/0      802 pps
[  3] 50.0000-55.0000 sec  5.63 MBytes  9.44 Mbits/sec  4013/0      802 pps
[  3] 55.0000-60.0000 sec  5.62 MBytes  9.44 Mbits/sec  4012/0      802 pps
[  3] 60.0000-65.0000 sec  5.63 MBytes  9.44 Mbits/sec  4013/0      802 pps
[  3] 65.0000-70.0000 sec  5.62 MBytes  9.44 Mbits/sec  4012/0      803 pps
[  3] 70.0000-75.0000 sec  5.63 MBytes  9.44 Mbits/sec  4013/0      802 pps
[  3] 75.0000-80.0000 sec  5.62 MBytes  9.44 Mbits/sec  4012/0      803 pps
[  3] 80.0000-85.0000 sec  5.62 MBytes  9.44 Mbits/sec  4012/0      802 pps
[  3] 85.0000-90.0000 sec  5.63 MBytes  9.44 Mbits/sec  4013/0      802 pps
[  3] 90.0000-95.0000 sec  5.62 MBytes  9.44 Mbits/sec  4012/0      803 pps
[  3] 95.0000-100.0000 sec  5.63 MBytes  9.44 Mbits/sec  4013/0      802 pps
[  3] 100.0000-105.0000 sec  5.62 MBytes  9.44 Mbits/sec  4012/0      803 pps
[  3] 105.0000-110.0000 sec  5.62 MBytes  9.44 Mbits/sec  4012/0      802 pps
[  3] 110.0000-115.0000 sec  5.63 MBytes  9.44 Mbits/sec  4013/0      802 pps
[  3] 115.0000-120.0000 sec  5.62 MBytes  9.44 Mbits/sec  4012/0      802 pps
[  3] 120.0000-125.0000 sec  5.63 MBytes  9.44 Mbits/sec  4013/0      802 pps
[  3] 125.0000-130.0000 sec  5.62 MBytes  9.44 Mbits/sec  4012/0      802 pps
[  3] 130.0000-135.0000 sec  5.62 MBytes  9.44 Mbits/sec  4012/0      802 pps
[  3] 135.0000-140.0000 sec  5.62 MBytes  9.44 Mbits/sec  4012/0      802 pps
[  3] 140.0000-145.0000 sec  5.63 MBytes  9.44 Mbits/sec  4013/0      803 pps
[  3] 145.0000-150.0000 sec  5.63 MBytes  9.44 Mbits/sec  4013/0      802 pps
[  3] 150.0000-155.0000 sec  5.62 MBytes  9.44 Mbits/sec  4012/0      802 pps
[  3] 155.0000-160.0000 sec  5.62 MBytes  9.44 Mbits/sec  4012/0      803 pps
[  3] 160.0000-165.0000 sec  5.63 MBytes  9.44 Mbits/sec  4013/0      802 pps
[  3] 165.0000-170.0000 sec  5.62 MBytes  9.44 Mbits/sec  4012/0      802 pps
[  3] 170.0000-175.0000 sec  5.63 MBytes  9.44 Mbits/sec  4013/0      802 pps
[  3] 175.0000-180.0000 sec  5.62 MBytes  9.44 Mbits/sec  4012/0      802 pps
[  3] 180.0000-185.0000 sec  5.62 MBytes  9.44 Mbits/sec  4012/0      802 pps
[  3] 185.0000-190.0000 sec  5.63 MBytes  9.44 Mbits/sec  4013/0      802 pps
[  3] 190.0000-195.0000 sec  5.62 MBytes  9.44 Mbits/sec  4012/0      802 pps
[  3] 195.0000-200.0000 sec  5.63 MBytes  9.44 Mbits/sec  4013/0      802 pps
[  3] 200.0000-205.0000 sec  5.62 MBytes  9.44 Mbits/sec  4012/0      802 pps
[  3] 205.0000-210.0000 sec  5.63 MBytes  9.44 Mbits/sec  4013/0      802 pps
[  3] 210.0000-215.0000 sec  5.62 MBytes  9.44 Mbits/sec  4012/0      802 pps
[  3] 215.0000-220.0000 sec  5.62 MBytes  9.44 Mbits/sec  4012/0      802 pps
[  3] 220.0000-225.0000 sec  5.63 MBytes  9.44 Mbits/sec  4013/0      802 pps
[  3] 225.0000-230.0000 sec  5.62 MBytes  9.44 Mbits/sec  4012/0      802 pps
[  3] 230.0000-235.0000 sec  5.63 MBytes  9.44 Mbits/sec  4013/0      802 pps
[  3] 235.0000-240.0000 sec  5.62 MBytes  9.44 Mbits/sec  4012/0      802 pps
[  3] 240.0000-245.0000 sec  5.62 MBytes  9.44 Mbits/sec  4012/0      802 pps
[  3] 245.0000-250.0000 sec  5.63 MBytes  9.44 Mbits/sec  4013/0      802 pps
[  3] 250.0000-255.0000 sec  5.62 MBytes  9.44 Mbits/sec  4012/0      802 pps
[  3] 255.0000-260.0000 sec  5.63 MBytes  9.44 Mbits/sec  4013/0      802 pps
[  3] 260.0000-265.0000 sec  5.62 MBytes  9.44 Mbits/sec  4012/0      802 pps
[  3] 265.0000-270.0000 sec  5.62 MBytes  9.44 Mbits/sec  4012/0      802 pps
[  3] 270.0000-275.0000 sec  5.63 MBytes  9.44 Mbits/sec  4013/0      802 pps
[  3] 275.0000-280.0000 sec  5.62 MBytes  9.44 Mbits/sec  4012/0      802 pps
[  3] 280.0000-285.0000 sec  5.63 MBytes  9.44 Mbits/sec  4013/0      802 pps
[  3] 285.0000-290.0000 sec  5.62 MBytes  9.44 Mbits/sec  4012/0      802 pps
[  3] 290.0000-295.0000 sec  5.62 MBytes  9.44 Mbits/sec  4012/0      802 pps
[  3] 0.0000-300.0008 sec   338 MBytes  9.44 Mbits/sec  240745/0      802 pps
[  3] Sent 240745 datagrams
[  3] Server Report:
[  3] 0.0000-300.2841 sec   267 MBytes  7.46 Mbits/sec   0.537 ms 50214/240745 (21%) 248.712/ 8.341/445.743/ 0.048 ms  801 pps  3.75
[  3] 0.0000-300.2841 sec  219 datagrams received out-of-order
------------------------------------------------------------
Client connecting to 10.0.0.10, UDP port 5001 with pid 9616
Sending 1470 byte datagrams, IPG target: 1246.13 us (kalman adjust)
UDP buffer size:  208 KByte (default)
------------------------------------------------------------
[  3] local 10.0.0.9 port 54074 connected with 10.0.0.10 port 5001
[ ID] Interval            Transfer     Bandwidth      Write/Err  PPS
[  3] 0.0000-5.0000 sec  5.63 MBytes  9.44 Mbits/sec  4014/0      803 pps
[  3] 5.0000-10.0000 sec  5.62 MBytes  9.44 Mbits/sec  4012/0      802 pps
[  3] 10.0000-15.0000 sec  5.63 MBytes  9.44 Mbits/sec  4013/0      802 pps
[  3] 15.0000-20.0000 sec  5.62 MBytes  9.44 Mbits/sec  4012/0      802 pps
[  3] 20.0000-25.0000 sec  5.62 MBytes  9.44 Mbits/sec  4012/0      802 pps
[  3] 25.0000-30.0000 sec  5.63 MBytes  9.44 Mbits/sec  4013/0      802 pps
[  3] 30.0000-35.0000 sec  5.62 MBytes  9.44 Mbits/sec  4012/0      802 pps
[  3] 35.0000-40.0000 sec  5.63 MBytes  9.44 Mbits/sec  4013/0      802 pps
[  3] 40.0000-45.0000 sec  5.62 MBytes  9.44 Mbits/sec  4012/0      802 pps
[  3] 45.0000-50.0000 sec  5.62 MBytes  9.44 Mbits/sec  4012/0      802 pps
[  3] 50.0000-55.0000 sec  5.63 MBytes  9.44 Mbits/sec  4013/0      803 pps
[  3] 55.0000-60.0000 sec  5.62 MBytes  9.44 Mbits/sec  4012/0      802 pps
[  3] 60.0000-65.0000 sec  5.63 MBytes  9.44 Mbits/sec  4013/0      802 pps
[  3] 65.0000-70.0000 sec  5.62 MBytes  9.44 Mbits/sec  4012/0      802 pps
[  3] 70.0000-75.0000 sec  5.63 MBytes  9.44 Mbits/sec  4013/0      802 pps
[  3] 75.0000-80.0000 sec  5.62 MBytes  9.44 Mbits/sec  4012/0      803 pps
[  3] 80.0000-85.0000 sec  5.62 MBytes  9.44 Mbits/sec  4012/0      802 pps
[  3] 85.0000-90.0000 sec  5.63 MBytes  9.44 Mbits/sec  4013/0      802 pps
[  3] 90.0000-95.0000 sec  5.62 MBytes  9.44 Mbits/sec  4012/0      802 pps
[  3] 95.0000-100.0000 sec  5.63 MBytes  9.44 Mbits/sec  4013/0      802 pps
[  3] 100.0000-105.0000 sec  5.62 MBytes  9.44 Mbits/sec  4012/0      802 pps
[  3] 105.0000-110.0000 sec  5.62 MBytes  9.44 Mbits/sec  4012/0      802 pps
[  3] 110.0000-115.0000 sec  5.63 MBytes  9.44 Mbits/sec  4013/0      802 pps
[  3] 115.0000-120.0000 sec  5.62 MBytes  9.44 Mbits/sec  4012/0      802 pps
[  3] 120.0000-125.0000 sec  5.62 MBytes  9.44 Mbits/sec  4012/0      802 pps
[  3] 125.0000-130.0000 sec  5.63 MBytes  9.44 Mbits/sec  4013/0      802 pps
[  3] 130.0000-135.0000 sec  5.62 MBytes  9.44 Mbits/sec  4012/0      802 pps
[  3] 135.0000-140.0000 sec  5.63 MBytes  9.44 Mbits/sec  4013/0      803 pps
[  3] 140.0000-145.0000 sec  5.62 MBytes  9.44 Mbits/sec  4012/0      802 pps
[  3] 145.0000-150.0000 sec  5.62 MBytes  9.44 Mbits/sec  4012/0      802 pps
[  3] 150.0000-155.0000 sec  5.63 MBytes  9.44 Mbits/sec  4013/0      802 pps
[  3] 155.0000-160.0000 sec  5.62 MBytes  9.44 Mbits/sec  4012/0      803 pps
[  3] 160.0000-165.0000 sec  5.63 MBytes  9.44 Mbits/sec  4013/0      803 pps
[  3] 165.0000-170.0000 sec  5.62 MBytes  9.44 Mbits/sec  4012/0      802 pps
[  3] 170.0000-175.0000 sec  5.63 MBytes  9.44 Mbits/sec  4013/0      802 pps
[  3] 175.0000-180.0000 sec  5.62 MBytes  9.44 Mbits/sec  4012/0      802 pps
[  3] 180.0000-185.0000 sec  5.62 MBytes  9.44 Mbits/sec  4012/0      803 pps
[  3] 185.0000-190.0000 sec  5.63 MBytes  9.44 Mbits/sec  4013/0      802 pps
[  3] 190.0000-195.0000 sec  5.62 MBytes  9.44 Mbits/sec  4012/0      802 pps
[  3] 195.0000-200.0000 sec  5.63 MBytes  9.44 Mbits/sec  4013/0      802 pps
[  3] 200.0000-205.0000 sec  5.62 MBytes  9.44 Mbits/sec  4012/0      802 pps
[  3] 205.0000-210.0000 sec  5.62 MBytes  9.44 Mbits/sec  4012/0      802 pps
[  3] 210.0000-215.0000 sec  5.62 MBytes  9.44 Mbits/sec  4012/0      802 pps
[  3] 215.0000-220.0000 sec  5.63 MBytes  9.44 Mbits/sec  4013/0      803 pps
[  3] 220.0000-225.0000 sec  5.63 MBytes  9.44 Mbits/sec  4013/0      802 pps
[  3] 225.0000-230.0000 sec  5.62 MBytes  9.43 Mbits/sec  4011/0      802 pps
[  3] 230.0000-235.0000 sec  5.63 MBytes  9.44 Mbits/sec  4013/0      803 pps
[  3] 235.0000-240.0000 sec  5.63 MBytes  9.44 Mbits/sec  4013/0      802 pps
[  3] 240.0000-245.0000 sec  5.62 MBytes  9.44 Mbits/sec  4012/0      802 pps
[  3] 245.0000-250.0000 sec  5.62 MBytes  9.44 Mbits/sec  4012/0      802 pps
[  3] 250.0000-255.0000 sec  5.62 MBytes  9.44 Mbits/sec  4012/0      803 pps
[  3] 255.0000-260.0000 sec  5.63 MBytes  9.44 Mbits/sec  4013/0      802 pps
[  3] 260.0000-265.0000 sec  5.63 MBytes  9.44 Mbits/sec  4013/0      803 pps
[  3] 265.0000-270.0000 sec  5.62 MBytes  9.44 Mbits/sec  4012/0      802 pps
[  3] 270.0000-275.0000 sec  5.62 MBytes  9.44 Mbits/sec  4012/0      803 pps
[  3] 275.0000-280.0000 sec  5.62 MBytes  9.44 Mbits/sec  4012/0      802 pps
[  3] 280.0000-285.0000 sec  5.63 MBytes  9.44 Mbits/sec  4013/0      803 pps
[  3] 285.0000-290.0000 sec  5.63 MBytes  9.44 Mbits/sec  4013/0      803 pps
[  3] 290.0000-295.0000 sec  5.62 MBytes  9.44 Mbits/sec  4012/0      802 pps
[  3] 0.0000-300.0006 sec   338 MBytes  9.44 Mbits/sec  240745/0      802 pps
[  3] Sent 240745 datagrams
------------------------------------------------------------
Client connecting to 10.0.0.10, UDP port 5001 with pid 11875
Sending 1470 byte datagrams, IPG target: 1246.13 us (kalman adjust)
UDP buffer size:  208 KByte (default)
------------------------------------------------------------
[  3] local 10.0.0.9 port 52656 connected with 10.0.0.10 port 5001
[ ID] Interval            Transfer     Bandwidth      Write/Err  PPS
[  3] 0.0000-5.0000 sec  5.63 MBytes  9.44 Mbits/sec  4013/0      802 pps
[  3] 5.0000-10.0000 sec  5.63 MBytes  9.44 Mbits/sec  4013/0      803 pps
[  3] 10.0000-15.0000 sec  5.63 MBytes  9.44 Mbits/sec  4013/0      803 pps
[  3] 15.0000-20.0000 sec  5.62 MBytes  9.43 Mbits/sec  4011/0      802 pps
[  3] 20.0000-25.0000 sec  5.63 MBytes  9.44 Mbits/sec  4013/0      803 pps
[  3] 25.0000-30.0000 sec  5.63 MBytes  9.44 Mbits/sec  4013/0      802 pps
[  3] 30.0000-35.0000 sec  5.62 MBytes  9.44 Mbits/sec  4012/0      803 pps
[  3] 35.0000-40.0000 sec  5.62 MBytes  9.43 Mbits/sec  4011/0      802 pps
[  3] 40.0000-45.0000 sec  5.63 MBytes  9.44 Mbits/sec  4014/0      803 pps
[  3] 45.0000-50.0000 sec  5.62 MBytes  9.44 Mbits/sec  4012/0      803 pps
[  3] 50.0000-55.0000 sec  5.63 MBytes  9.44 Mbits/sec  4013/0      802 pps
[  3] 55.0000-60.0000 sec  5.62 MBytes  9.44 Mbits/sec  4012/0      802 pps
[  3] 60.0000-65.0000 sec  5.63 MBytes  9.44 Mbits/sec  4013/0      802 pps
[  3] 65.0000-70.0000 sec  5.62 MBytes  9.44 Mbits/sec  4012/0      803 pps
[  3] 70.0000-75.0000 sec  5.62 MBytes  9.43 Mbits/sec  4011/0      802 pps
[  3] 75.0000-80.0000 sec  5.63 MBytes  9.44 Mbits/sec  4014/0      803 pps
[  3] 80.0000-85.0000 sec  5.62 MBytes  9.44 Mbits/sec  4012/0      802 pps
[  3] 85.0000-90.0000 sec  5.62 MBytes  9.44 Mbits/sec  4012/0      802 pps
[  3] 90.0000-95.0000 sec  5.63 MBytes  9.44 Mbits/sec  4013/0      803 pps
[  3] 95.0000-100.0000 sec  5.62 MBytes  9.44 Mbits/sec  4012/0      802 pps
[  3] 100.0000-105.0000 sec  5.63 MBytes  9.44 Mbits/sec  4013/0      803 pps
[  3] 105.0000-110.0000 sec  5.62 MBytes  9.44 Mbits/sec  4012/0      802 pps
[  3] 110.0000-115.0000 sec  5.63 MBytes  9.44 Mbits/sec  4013/0      802 pps
[  3] 115.0000-120.0000 sec  5.62 MBytes  9.44 Mbits/sec  4012/0      802 pps
[  3] 120.0000-125.0000 sec  5.62 MBytes  9.44 Mbits/sec  4012/0      802 pps
[  3] 125.0000-130.0000 sec  5.63 MBytes  9.44 Mbits/sec  4013/0      803 pps
[  3] 130.0000-135.0000 sec  5.62 MBytes  9.44 Mbits/sec  4012/0      802 pps
[  3] 135.0000-140.0000 sec  5.62 MBytes  9.44 Mbits/sec  4012/0      802 pps
[  3] 140.0000-145.0000 sec  5.63 MBytes  9.44 Mbits/sec  4013/0      803 pps
[  3] 145.0000-150.0000 sec  5.62 MBytes  9.44 Mbits/sec  4012/0      802 pps
[  3] 150.0000-155.0000 sec  5.63 MBytes  9.44 Mbits/sec  4013/0      803 pps
[  3] 155.0000-160.0000 sec  5.63 MBytes  9.44 Mbits/sec  4013/0      802 pps
[  3] 160.0000-165.0000 sec  5.62 MBytes  9.43 Mbits/sec  4011/0      802 pps
[  3] 165.0000-170.0000 sec  5.63 MBytes  9.44 Mbits/sec  4013/0      803 pps
[  3] 170.0000-175.0000 sec  5.63 MBytes  9.44 Mbits/sec  4013/0      803 pps
[  3] 175.0000-180.0000 sec  5.62 MBytes  9.44 Mbits/sec  4012/0      802 pps
[  3] 180.0000-185.0000 sec  5.62 MBytes  9.44 Mbits/sec  4012/0      802 pps
[  3] 185.0000-190.0000 sec  5.63 MBytes  9.44 Mbits/sec  4013/0      803 pps
[  3] 190.0000-195.0000 sec  5.62 MBytes  9.44 Mbits/sec  4012/0      802 pps
[  3] 195.0000-200.0000 sec  5.63 MBytes  9.44 Mbits/sec  4013/0      803 pps
[  3] 200.0000-205.0000 sec  5.62 MBytes  9.44 Mbits/sec  4012/0      802 pps
[  3] 205.0000-210.0000 sec  5.63 MBytes  9.44 Mbits/sec  4013/0      802 pps
[  3] 210.0000-215.0000 sec  5.62 MBytes  9.44 Mbits/sec  4012/0      803 pps
[  3] 215.0000-220.0000 sec  5.62 MBytes  9.44 Mbits/sec  4012/0      802 pps
[  3] 220.0000-225.0000 sec  5.63 MBytes  9.44 Mbits/sec  4013/0      802 pps
[  3] 225.0000-230.0000 sec  5.62 MBytes  9.44 Mbits/sec  4012/0      802 pps
[  3] 230.0000-235.0000 sec  5.62 MBytes  9.44 Mbits/sec  4012/0      802 pps
[  3] 235.0000-240.0000 sec  5.63 MBytes  9.44 Mbits/sec  4013/0      802 pps
[  3] 240.0000-245.0000 sec  5.62 MBytes  9.44 Mbits/sec  4012/0      803 pps
[  3] 245.0000-250.0000 sec  5.63 MBytes  9.44 Mbits/sec  4013/0      802 pps
[  3] 250.0000-255.0000 sec  5.62 MBytes  9.44 Mbits/sec  4012/0      803 pps
[  3] 255.0000-260.0000 sec  5.63 MBytes  9.44 Mbits/sec  4013/0      802 pps
[  3] 260.0000-265.0000 sec  5.62 MBytes  9.44 Mbits/sec  4012/0      802 pps
[  3] 265.0000-270.0000 sec  5.62 MBytes  9.44 Mbits/sec  4012/0      802 pps
[  3] 270.0000-275.0000 sec  5.63 MBytes  9.44 Mbits/sec  4013/0      803 pps
[  3] 275.0000-280.0000 sec  5.62 MBytes  9.44 Mbits/sec  4012/0      802 pps
[  3] 280.0000-285.0000 sec  5.62 MBytes  9.44 Mbits/sec  4012/0      802 pps
[  3] 285.0000-290.0000 sec  5.63 MBytes  9.44 Mbits/sec  4013/0      803 pps
[  3] 290.0000-295.0000 sec  5.62 MBytes  9.44 Mbits/sec  4012/0      802 pps
[  3] 0.0000-300.0010 sec   338 MBytes  9.44 Mbits/sec  240745/0      802 pps
[  3] Sent 240745 datagrams
------------------------------------------------------------
Client connecting to 10.0.0.10, UDP port 5001 with pid 13771
Sending 1470 byte datagrams, IPG target: 1246.13 us (kalman adjust)
UDP buffer size:  208 KByte (default)
------------------------------------------------------------
[  3] local 10.0.0.9 port 59123 connected with 10.0.0.10 port 5001
[ ID] Interval            Transfer     Bandwidth      Write/Err  PPS
[  3] 0.0000-5.0000 sec  5.63 MBytes  9.44 Mbits/sec  4014/0      803 pps
[  3] 5.0000-10.0000 sec  5.62 MBytes  9.44 Mbits/sec  4012/0      802 pps
[  3] 10.0000-15.0000 sec  5.63 MBytes  9.44 Mbits/sec  4013/0      803 pps
[  3] 15.0000-20.0000 sec  5.62 MBytes  9.44 Mbits/sec  4012/0      802 pps
[  3] 20.0000-25.0000 sec  5.63 MBytes  9.44 Mbits/sec  4013/0      802 pps
[  3] 25.0000-30.0000 sec  5.62 MBytes  9.44 Mbits/sec  4012/0      802 pps
[  3] 30.0000-35.0000 sec  5.62 MBytes  9.44 Mbits/sec  4012/0      802 pps
[  3] 35.0000-40.0000 sec  5.63 MBytes  9.44 Mbits/sec  4013/0      802 pps
[  3] 40.0000-45.0000 sec  5.62 MBytes  9.44 Mbits/sec  4012/0      802 pps
[  3] 45.0000-50.0000 sec  5.62 MBytes  9.44 Mbits/sec  4012/0      802 pps
[  3] 50.0000-55.0000 sec  5.63 MBytes  9.44 Mbits/sec  4013/0      803 pps
[  3] 55.0000-60.0000 sec  5.62 MBytes  9.44 Mbits/sec  4012/0      802 pps
[  3] 60.0000-65.0000 sec  5.63 MBytes  9.44 Mbits/sec  4013/0      802 pps
[  3] 65.0000-70.0000 sec  5.62 MBytes  9.44 Mbits/sec  4012/0      802 pps
[  3] 70.0000-75.0000 sec  5.63 MBytes  9.44 Mbits/sec  4013/0      803 pps
[  3] 75.0000-80.0000 sec  5.62 MBytes  9.44 Mbits/sec  4012/0      802 pps
[  3] 80.0000-85.0000 sec  5.62 MBytes  9.44 Mbits/sec  4012/0      802 pps
[  3] 85.0000-90.0000 sec  5.62 MBytes  9.44 Mbits/sec  4012/0      802 pps
[  3] 90.0000-95.0000 sec  5.63 MBytes  9.44 Mbits/sec  4013/0      803 pps
[  3] 95.0000-100.0000 sec  5.63 MBytes  9.44 Mbits/sec  4013/0      802 pps
[  3] 100.0000-105.0000 sec  5.62 MBytes  9.44 Mbits/sec  4012/0      803 pps
[  3] 105.0000-110.0000 sec  5.62 MBytes  9.44 Mbits/sec  4012/0      802 pps
[  3] 110.0000-115.0000 sec  5.63 MBytes  9.44 Mbits/sec  4013/0      802 pps
[  3] 115.0000-120.0000 sec  5.62 MBytes  9.44 Mbits/sec  4012/0      802 pps
[  3] 120.0000-125.0000 sec  5.63 MBytes  9.44 Mbits/sec  4013/0      803 pps
[  3] 125.0000-130.0000 sec  5.62 MBytes  9.44 Mbits/sec  4012/0      802 pps
[  3] 130.0000-135.0000 sec  5.62 MBytes  9.44 Mbits/sec  4012/0      803 pps
[  3] 135.0000-140.0000 sec  5.63 MBytes  9.44 Mbits/sec  4013/0      803 pps
[  3] 140.0000-145.0000 sec  5.62 MBytes  9.44 Mbits/sec  4012/0      802 pps
[  3] 145.0000-150.0000 sec  5.63 MBytes  9.44 Mbits/sec  4013/0      803 pps
[  3] 150.0000-155.0000 sec  5.62 MBytes  9.44 Mbits/sec  4012/0      802 pps
[  3] 155.0000-160.0000 sec  5.62 MBytes  9.44 Mbits/sec  4012/0      803 pps
[  3] 160.0000-165.0000 sec  5.63 MBytes  9.44 Mbits/sec  4013/0      802 pps
[  3] 165.0000-170.0000 sec  5.62 MBytes  9.44 Mbits/sec  4012/0      802 pps
[  3] 170.0000-175.0000 sec  5.62 MBytes  9.44 Mbits/sec  4012/0      802 pps
[  3] 175.0000-180.0000 sec  5.63 MBytes  9.44 Mbits/sec  4013/0      803 pps
[  3] 180.0000-185.0000 sec  5.63 MBytes  9.44 Mbits/sec  4013/0      803 pps
[  3] 185.0000-190.0000 sec  5.62 MBytes  9.44 Mbits/sec  4012/0      802 pps
[  3] 190.0000-195.0000 sec  5.62 MBytes  9.44 Mbits/sec  4012/0      802 pps
[  3] 195.0000-200.0000 sec  5.62 MBytes  9.44 Mbits/sec  4012/0      802 pps
[  3] 200.0000-205.0000 sec  5.63 MBytes  9.44 Mbits/sec  4013/0      803 pps
[  3] 205.0000-210.0000 sec  5.63 MBytes  9.44 Mbits/sec  4013/0      803 pps
[  3] 210.0000-215.0000 sec  5.62 MBytes  9.43 Mbits/sec  4011/0      802 pps
[  3] 215.0000-220.0000 sec  5.63 MBytes  9.44 Mbits/sec  4013/0      803 pps
[  3] 220.0000-225.0000 sec  5.63 MBytes  9.44 Mbits/sec  4013/0      803 pps
[  3] 225.0000-230.0000 sec  5.62 MBytes  9.44 Mbits/sec  4012/0      803 pps
[  3] 230.0000-235.0000 sec  5.63 MBytes  9.44 Mbits/sec  4013/0      802 pps
[  3] 235.0000-240.0000 sec  5.62 MBytes  9.44 Mbits/sec  4012/0      803 pps
[  3] 240.0000-245.0000 sec  5.62 MBytes  9.44 Mbits/sec  4012/0      802 pps
[  3] 245.0000-250.0000 sec  5.63 MBytes  9.44 Mbits/sec  4013/0      803 pps
[  3] 250.0000-255.0000 sec  5.62 MBytes  9.44 Mbits/sec  4012/0      802 pps
[  3] 255.0000-260.0000 sec  5.63 MBytes  9.44 Mbits/sec  4013/0      803 pps
[  3] 260.0000-265.0000 sec  5.62 MBytes  9.44 Mbits/sec  4012/0      802 pps
[  3] 265.0000-270.0000 sec  5.62 MBytes  9.44 Mbits/sec  4012/0      802 pps
[  3] 270.0000-275.0000 sec  5.62 MBytes  9.44 Mbits/sec  4012/0      802 pps
[  3] 275.0000-280.0000 sec  5.63 MBytes  9.44 Mbits/sec  4013/0      803 pps
[  3] 280.0000-285.0000 sec  5.63 MBytes  9.44 Mbits/sec  4013/0      803 pps
[  3] 285.0000-290.0000 sec  5.62 MBytes  9.44 Mbits/sec  4012/0      802 pps
[  3] 290.0000-295.0000 sec  5.63 MBytes  9.44 Mbits/sec  4013/0      802 pps
[  3] 295.0000-300.0000 sec  5.62 MBytes  9.44 Mbits/sec  4012/0      802 pps
[  3] 0.0000-300.0023 sec   338 MBytes  9.44 Mbits/sec  240746/0      802 pps
[  3] Sent 240746 datagrams
[  3] Server Report:
[  3] 0.0000-300.2743 sec   171 MBytes  4.77 Mbits/sec   1.034 ms 118996/240747 (49%) 345.392/ 0.775/796.939/ 0.031 ms  801 pps  1.73
[  3] 0.0000-300.2743 sec  202 datagrams received out-of-order
------------------------------------------------------------
Client connecting to 10.0.0.10, UDP port 5001 with pid 21238
Sending 1470 byte datagrams, IPG target: 1246.13 us (kalman adjust)
UDP buffer size:  208 KByte (default)
------------------------------------------------------------
[  3] local 10.0.0.9 port 45031 connected with 10.0.0.10 port 5001
[ ID] Interval            Transfer     Bandwidth      Write/Err  PPS
[  3] 0.0000-5.0000 sec  5.63 MBytes  9.44 Mbits/sec  4014/0      803 pps
[  3] 5.0000-10.0000 sec  5.62 MBytes  9.44 Mbits/sec  4012/0      802 pps
[  3] 10.0000-15.0000 sec  5.63 MBytes  9.44 Mbits/sec  4013/0      802 pps
[  3] 15.0000-20.0000 sec  5.62 MBytes  9.44 Mbits/sec  4012/0      802 pps
[  3] 20.0000-25.0000 sec  5.62 MBytes  9.44 Mbits/sec  4012/0      803 pps
[  3] 25.0000-30.0000 sec  5.63 MBytes  9.44 Mbits/sec  4013/0      802 pps
[  3] 30.0000-35.0000 sec  5.62 MBytes  9.44 Mbits/sec  4012/0      803 pps
[  3] 35.0000-40.0000 sec  5.63 MBytes  9.44 Mbits/sec  4013/0      802 pps
[  3] 40.0000-45.0000 sec  5.62 MBytes  9.44 Mbits/sec  4012/0      803 pps
[  3] 45.0000-50.0000 sec  5.62 MBytes  9.44 Mbits/sec  4012/0      802 pps
[  3] 50.0000-55.0000 sec  5.63 MBytes  9.44 Mbits/sec  4013/0      802 pps
[  3] 55.0000-60.0000 sec  5.62 MBytes  9.44 Mbits/sec  4012/0      802 pps
[  3] 60.0000-65.0000 sec  5.63 MBytes  9.44 Mbits/sec  4013/0      802 pps
------------------------------------------------------------
Client connecting to 10.0.0.10, UDP port 5001 with pid 23285
Sending 1470 byte datagrams, IPG target: 1246.13 us (kalman adjust)
UDP buffer size:  208 KByte (default)
------------------------------------------------------------
[  3] local 10.0.0.9 port 59605 connected with 10.0.0.10 port 5001
[ ID] Interval            Transfer     Bandwidth      Write/Err  PPS
[  3] 0.0000-5.0000 sec  5.63 MBytes  9.44 Mbits/sec  4013/0      803 pps
[  3] 5.0000-10.0000 sec  5.63 MBytes  9.44 Mbits/sec  4013/0      803 pps
[  3] 10.0000-15.0000 sec  5.62 MBytes  9.44 Mbits/sec  4012/0      802 pps
[  3] 15.0000-20.0000 sec  5.63 MBytes  9.44 Mbits/sec  4013/0      803 pps
[  3] 20.0000-25.0000 sec  5.62 MBytes  9.43 Mbits/sec  4011/0      802 pps
[  3] 25.0000-30.0000 sec  5.63 MBytes  9.44 Mbits/sec  4014/0      803 pps
[  3] 30.0000-35.0000 sec  5.62 MBytes  9.44 Mbits/sec  4012/0      802 pps
[  3] 35.0000-40.0000 sec  5.62 MBytes  9.44 Mbits/sec  4012/0      802 pps
[  3] 40.0000-45.0000 sec  5.63 MBytes  9.44 Mbits/sec  4013/0      803 pps
[  3] 45.0000-50.0000 sec  5.62 MBytes  9.44 Mbits/sec  4012/0      802 pps
[  3] 50.0000-55.0000 sec  5.62 MBytes  9.44 Mbits/sec  4012/0      802 pps
[  3] 55.0000-60.0000 sec  5.63 MBytes  9.44 Mbits/sec  4013/0      803 pps
[  3] 60.0000-65.0000 sec  5.63 MBytes  9.44 Mbits/sec  4013/0      802 pps
[  3] 65.0000-70.0000 sec  5.62 MBytes  9.44 Mbits/sec  4012/0      802 pps
[  3] 70.0000-75.0000 sec  5.62 MBytes  9.44 Mbits/sec  4012/0      802 pps
[  3] 75.0000-80.0000 sec  5.63 MBytes  9.44 Mbits/sec  4013/0      803 pps
[  3] 80.0000-85.0000 sec  5.62 MBytes  9.44 Mbits/sec  4012/0      802 pps
[  3] 85.0000-90.0000 sec  5.63 MBytes  9.44 Mbits/sec  4013/0      802 pps
[  3] 90.0000-95.0000 sec  5.62 MBytes  9.44 Mbits/sec  4012/0      803 pps
[  3] 95.0000-100.0000 sec  5.63 MBytes  9.44 Mbits/sec  4013/0      803 pps
[  3] 100.0000-105.0000 sec  5.62 MBytes  9.44 Mbits/sec  4012/0      802 pps
[  3] 105.0000-110.0000 sec  5.62 MBytes  9.44 Mbits/sec  4012/0      802 pps
[  3] 110.0000-115.0000 sec  5.63 MBytes  9.44 Mbits/sec  4013/0      802 pps
[  3] 115.0000-120.0000 sec  5.62 MBytes  9.44 Mbits/sec  4012/0      802 pps
[  3] 120.0000-125.0000 sec  5.63 MBytes  9.44 Mbits/sec  4013/0      802 pps
[  3] 125.0000-130.0000 sec  5.62 MBytes  9.44 Mbits/sec  4012/0      803 pps
[  3] 130.0000-135.0000 sec  5.62 MBytes  9.43 Mbits/sec  4011/0      802 pps
[  3] 135.0000-140.0000 sec  5.63 MBytes  9.44 Mbits/sec  4014/0      803 pps
[  3] 140.0000-145.0000 sec  5.62 MBytes  9.44 Mbits/sec  4012/0      802 pps
[  3] 145.0000-150.0000 sec  5.63 MBytes  9.44 Mbits/sec  4013/0      802 pps
[  3] 150.0000-155.0000 sec  5.62 MBytes  9.44 Mbits/sec  4012/0      802 pps
[  3] 155.0000-160.0000 sec  5.62 MBytes  9.44 Mbits/sec  4012/0      802 pps
[  3] 160.0000-165.0000 sec  5.63 MBytes  9.44 Mbits/sec  4013/0      803 pps
[  3] 165.0000-170.0000 sec  5.62 MBytes  9.44 Mbits/sec  4012/0      802 pps
[  3] 170.0000-175.0000 sec  5.62 MBytes  9.44 Mbits/sec  4012/0      802 pps
[  3] 175.0000-180.0000 sec  5.63 MBytes  9.44 Mbits/sec  4013/0      803 pps
[  3] 180.0000-185.0000 sec  5.62 MBytes  9.44 Mbits/sec  4012/0      802 pps
[  3] 185.0000-190.0000 sec  5.63 MBytes  9.44 Mbits/sec  4013/0      802 pps
[  3] 190.0000-195.0000 sec  5.62 MBytes  9.44 Mbits/sec  4012/0      802 pps
[  3] 195.0000-200.0000 sec  5.63 MBytes  9.44 Mbits/sec  4013/0      802 pps
[  3] 200.0000-205.0000 sec  5.62 MBytes  9.44 Mbits/sec  4012/0      803 pps
[  3] 205.0000-210.0000 sec  5.62 MBytes  9.44 Mbits/sec  4012/0      802 pps
[  3] 210.0000-215.0000 sec  5.63 MBytes  9.44 Mbits/sec  4013/0      802 pps
[  3] 215.0000-220.0000 sec  5.62 MBytes  9.44 Mbits/sec  4012/0      802 pps
[  3] 220.0000-225.0000 sec  5.62 MBytes  9.44 Mbits/sec  4012/0      802 pps
[  3] 225.0000-230.0000 sec  5.63 MBytes  9.44 Mbits/sec  4013/0      803 pps
[  3] 230.0000-235.0000 sec  5.63 MBytes  9.44 Mbits/sec  4013/0      803 pps
[  3] 235.0000-240.0000 sec  5.62 MBytes  9.44 Mbits/sec  4012/0      802 pps
[  3] 240.0000-245.0000 sec  5.62 MBytes  9.44 Mbits/sec  4012/0      802 pps
[  3] 245.0000-250.0000 sec  5.63 MBytes  9.44 Mbits/sec  4013/0      802 pps
[  3] 250.0000-255.0000 sec  5.62 MBytes  9.44 Mbits/sec  4012/0      802 pps
[  3] 255.0000-260.0000 sec  5.63 MBytes  9.44 Mbits/sec  4013/0      802 pps
[  3] 260.0000-265.0000 sec  5.62 MBytes  9.44 Mbits/sec  4012/0      803 pps
[  3] 265.0000-270.0000 sec  5.62 MBytes  9.44 Mbits/sec  4012/0      802 pps
[  3] 270.0000-275.0000 sec  5.62 MBytes  9.44 Mbits/sec  4012/0      802 pps
[  3] 275.0000-280.0000 sec  5.63 MBytes  9.44 Mbits/sec  4013/0      803 pps
[  3] 280.0000-285.0000 sec  5.62 MBytes  9.44 Mbits/sec  4012/0      802 pps
[  3] 285.0000-290.0000 sec  5.63 MBytes  9.44 Mbits/sec  4013/0      803 pps
[  3] 290.0000-295.0000 sec  5.63 MBytes  9.44 Mbits/sec  4013/0      802 pps
[  3] 0.0000-300.0008 sec   338 MBytes  9.44 Mbits/sec  240745/0      802 pps
[  3] Sent 240745 datagrams
[  3] Server Report:
[  3] 0.0000-300.5975 sec   136 MBytes  3.78 Mbits/sec  64.671 ms 144002/240747 (60%) 427.557/28.774/871.082/ 0.182 ms  800 pps  1.11
[  3] 0.0000-300.5975 sec  145 datagrams received out-of-order
------------------------------------------------------------
Client connecting to 10.0.0.10, UDP port 5001 with pid 32157
Sending 1470 byte datagrams, IPG target: 1246.13 us (kalman adjust)
UDP buffer size:  208 KByte (default)
------------------------------------------------------------
[  3] local 10.0.0.9 port 60023 connected with 10.0.0.10 port 5001
[ ID] Interval            Transfer     Bandwidth      Write/Err  PPS
[  3] 0.0000-5.0000 sec  5.63 MBytes  9.44 Mbits/sec  4013/0      802 pps
[  3] 5.0000-10.0000 sec  5.63 MBytes  9.44 Mbits/sec  4013/0      803 pps
[  3] 10.0000-15.0000 sec  5.63 MBytes  9.44 Mbits/sec  4013/0      803 pps
[  3] 15.0000-20.0000 sec  5.62 MBytes  9.44 Mbits/sec  4012/0      803 pps
[  3] 20.0000-25.0000 sec  5.63 MBytes  9.44 Mbits/sec  4013/0      802 pps
[  3] 25.0000-30.0000 sec  5.62 MBytes  9.44 Mbits/sec  4012/0      802 pps
[  3] 30.0000-35.0000 sec  5.62 MBytes  9.44 Mbits/sec  4012/0      802 pps
[  3] 35.0000-40.0000 sec  5.63 MBytes  9.44 Mbits/sec  4013/0      802 pps
[  3] 40.0000-45.0000 sec  5.62 MBytes  9.44 Mbits/sec  4012/0      802 pps
[  3] 45.0000-50.0000 sec  5.62 MBytes  9.44 Mbits/sec  4012/0      802 pps
[  3] 50.0000-55.0000 sec  5.63 MBytes  9.44 Mbits/sec  4013/0      803 pps
[  3] 55.0000-60.0000 sec  5.62 MBytes  9.44 Mbits/sec  4012/0      802 pps
[  3] 60.0000-65.0000 sec  5.63 MBytes  9.44 Mbits/sec  4013/0      803 pps
[  3] 65.0000-70.0000 sec  5.62 MBytes  9.44 Mbits/sec  4012/0      802 pps
[  3] 70.0000-75.0000 sec  5.63 MBytes  9.44 Mbits/sec  4013/0      802 pps
[  3] 75.0000-80.0000 sec  5.62 MBytes  9.44 Mbits/sec  4012/0      803 pps
[  3] 80.0000-85.0000 sec  5.63 MBytes  9.44 Mbits/sec  4013/0      802 pps
[  3] 85.0000-90.0000 sec  5.62 MBytes  9.44 Mbits/sec  4012/0      802 pps
[  3] 90.0000-95.0000 sec  5.62 MBytes  9.44 Mbits/sec  4012/0      802 pps
[  3] 95.0000-100.0000 sec  5.63 MBytes  9.44 Mbits/sec  4013/0      803 pps
[  3] 100.0000-105.0000 sec  5.62 MBytes  9.44 Mbits/sec  4012/0      802 pps
[  3] 105.0000-110.0000 sec  5.62 MBytes  9.44 Mbits/sec  4012/0      802 pps
[  3] 110.0000-115.0000 sec  5.63 MBytes  9.44 Mbits/sec  4013/0      803 pps
[  3] 115.0000-120.0000 sec  5.62 MBytes  9.44 Mbits/sec  4012/0      803 pps
[  3] 120.0000-125.0000 sec  5.63 MBytes  9.44 Mbits/sec  4013/0      802 pps
[  3] 125.0000-130.0000 sec  5.62 MBytes  9.44 Mbits/sec  4012/0      802 pps
[  3] 130.0000-135.0000 sec  5.62 MBytes  9.44 Mbits/sec  4012/0      802 pps
[  3] 135.0000-140.0000 sec  5.63 MBytes  9.44 Mbits/sec  4013/0      802 pps
[  3] 140.0000-145.0000 sec  5.62 MBytes  9.44 Mbits/sec  4012/0      802 pps
[  3] 145.0000-150.0000 sec  5.63 MBytes  9.44 Mbits/sec  4013/0      803 pps
[  3] 150.0000-155.0000 sec  5.62 MBytes  9.44 Mbits/sec  4012/0      803 pps
[  3] 155.0000-160.0000 sec  5.62 MBytes  9.44 Mbits/sec  4012/0      802 pps
[  3] 160.0000-165.0000 sec  5.62 MBytes  9.44 Mbits/sec  4012/0      802 pps
[  3] 165.0000-170.0000 sec  5.63 MBytes  9.44 Mbits/sec  4013/0      803 pps
[  3] 170.0000-175.0000 sec  5.63 MBytes  9.44 Mbits/sec  4013/0      802 pps
[  3] 175.0000-180.0000 sec  5.62 MBytes  9.44 Mbits/sec  4012/0      803 pps
[  3] 180.0000-185.0000 sec  5.62 MBytes  9.44 Mbits/sec  4012/0      803 pps
[  3] 185.0000-190.0000 sec  5.63 MBytes  9.44 Mbits/sec  4013/0      802 pps
[  3] 190.0000-195.0000 sec  5.62 MBytes  9.44 Mbits/sec  4012/0      802 pps
[  3] 195.0000-200.0000 sec  5.63 MBytes  9.44 Mbits/sec  4013/0      802 pps
[  3] 200.0000-205.0000 sec  5.62 MBytes  9.44 Mbits/sec  4012/0      803 pps
[  3] 205.0000-210.0000 sec  5.62 MBytes  9.44 Mbits/sec  4012/0      802 pps
[  3] 210.0000-215.0000 sec  5.63 MBytes  9.44 Mbits/sec  4013/0      803 pps
[  3] 215.0000-220.0000 sec  5.62 MBytes  9.44 Mbits/sec  4012/0      802 pps
[  3] 220.0000-225.0000 sec  5.62 MBytes  9.44 Mbits/sec  4012/0      802 pps
[  3] 225.0000-230.0000 sec  5.63 MBytes  9.44 Mbits/sec  4013/0      803 pps
[  3] 230.0000-235.0000 sec  5.62 MBytes  9.44 Mbits/sec  4012/0      802 pps
[  3] 235.0000-240.0000 sec  5.63 MBytes  9.44 Mbits/sec  4013/0      803 pps
[  3] 240.0000-245.0000 sec  5.62 MBytes  9.43 Mbits/sec  4011/0      802 pps
[  3] 245.0000-250.0000 sec  5.63 MBytes  9.44 Mbits/sec  4014/0      803 pps
[  3] 250.0000-255.0000 sec  5.62 MBytes  9.44 Mbits/sec  4012/0      802 pps
[  3] 255.0000-260.0000 sec  5.63 MBytes  9.44 Mbits/sec  4013/0      802 pps
[  3] 260.0000-265.0000 sec  5.62 MBytes  9.44 Mbits/sec  4012/0      803 pps
[  3] 265.0000-270.0000 sec  5.62 MBytes  9.44 Mbits/sec  4012/0      802 pps
[  3] 270.0000-275.0000 sec  5.63 MBytes  9.44 Mbits/sec  4013/0      802 pps
[  3] 275.0000-280.0000 sec  5.62 MBytes  9.44 Mbits/sec  4012/0      803 pps
[  3] 280.0000-285.0000 sec  5.62 MBytes  9.44 Mbits/sec  4012/0      802 pps
[  3] 285.0000-290.0000 sec  5.63 MBytes  9.44 Mbits/sec  4013/0      803 pps
[  3] 290.0000-295.0000 sec  5.62 MBytes  9.44 Mbits/sec  4012/0      802 pps
[  3] 0.0000-300.0006 sec   338 MBytes  9.44 Mbits/sec  240745/0      802 pps
[  3] Sent 240745 datagrams
[  3] Server Report:
[  3] 0.0000-300.4717 sec   152 MBytes  4.25 Mbits/sec   0.669 ms 132075/240745 (55%) 420.011/25.416/4390.565/ 0.125 ms  801 pps  1.27
[  3] 0.0000-300.4717 sec  976 datagrams received out-of-order
