------------------------------------------------------------
Server listening on UDP port 5001 with pid 17424
Receiving 1470 byte datagrams
UDP buffer size:  208 KByte (default)
------------------------------------------------------------
[  3] local 10.0.0.1 port 5001 connected with 10.0.0.3 port 33941
[ ID] Interval       Transfer     Bandwidth        Jitter   Lost/Total  Latency avg/min/max/stdev PPS
[  3] 0.00-5.00 sec  2.24 MBytes  3.75 Mbits/sec   0.710 ms 1399/ 2994 (47%) 26.047/ 7.445/245.208/12.882 ms  319 pps
[  3] 0.00-5.00 sec  20 datagrams received out-of-order
[  3] 5.00-10.00 sec  2.23 MBytes  3.73 Mbits/sec   0.821 ms 1387/ 2975 (47%) 23.792/18.182/36.004/ 1.102 ms  318 pps
[  3] 10.00-15.00 sec  2.21 MBytes  3.71 Mbits/sec   1.627 ms 1395/ 2974 (47%) 23.745/19.789/32.365/ 0.924 ms  316 pps
[  3] 15.00-20.00 sec  2.16 MBytes  3.62 Mbits/sec   0.709 ms 1439/ 2979 (48%) 24.253/15.523/40.014/ 2.027 ms  308 pps
[  3] 20.00-25.00 sec  2.19 MBytes  3.68 Mbits/sec   0.640 ms 1413/ 2977 (47%) 23.700/22.128/33.647/ 0.947 ms  313 pps
[  3] 25.00-30.00 sec  2.18 MBytes  3.65 Mbits/sec   0.790 ms 1423/ 2976 (48%) 23.765/13.847/36.587/ 1.293 ms  311 pps
[  3] 30.00-35.00 sec  3.74 MBytes  6.28 Mbits/sec   0.210 ms  321/ 2989 (11%)  4.085/ 0.249/39.673/ 8.044 ms  534 pps
[  3] 30.00-35.00 sec  3 datagrams received out-of-order
[  3] 35.00-40.00 sec  4.17 MBytes  7.00 Mbits/sec   0.349 ms    0/ 2976 (0%)  0.699/ 0.356/ 7.676/ 0.418 ms  595 pps
[  3] 40.00-45.00 sec  4.17 MBytes  7.00 Mbits/sec   0.317 ms    0/ 2976 (0%)  0.740/ 0.350/ 7.914/ 0.404 ms  595 pps
[  3] 45.00-50.00 sec  4.17 MBytes  7.00 Mbits/sec   0.268 ms    4/ 2977 (0.13%)  0.789/ 0.143/16.978/ 0.728 ms  595 pps
[  3] 45.00-50.00 sec  4 datagrams received out-of-order
[  3] 50.00-55.00 sec  4.17 MBytes  7.00 Mbits/sec   0.223 ms    0/ 2976 (0%)  0.760/ 0.300/13.352/ 0.751 ms  595 pps
[  3] 55.00-60.00 sec  4.17 MBytes  7.00 Mbits/sec   0.456 ms    0/ 2976 (0%)  0.758/ 0.288/10.379/ 0.634 ms  595 pps
[  3] 60.00-65.00 sec  4.17 MBytes  7.00 Mbits/sec   0.397 ms    0/ 2976 (0%)  0.836/ 0.291/12.360/ 0.837 ms  595 pps
[  3] 65.00-70.00 sec  4.17 MBytes  7.00 Mbits/sec   0.345 ms    0/ 2976 (0%)  0.814/ 0.321/12.051/ 0.773 ms  595 pps
[  3] 70.00-75.00 sec  4.17 MBytes  7.00 Mbits/sec   0.598 ms    0/ 2977 (0%)  0.756/ 0.210/14.081/ 0.607 ms  595 pps
[  3] 75.00-80.00 sec  4.17 MBytes  7.00 Mbits/sec   0.203 ms    3/ 2976 (0.1%)  0.726/ 0.323/14.036/ 0.796 ms  595 pps
[  3] 75.00-80.00 sec  3 datagrams received out-of-order
[  3] 80.00-85.00 sec  4.17 MBytes  7.00 Mbits/sec   0.193 ms    0/ 2975 (0%)  0.685/ 0.352/ 9.949/ 0.570 ms  595 pps
[  3] 0.00-89.95 sec  62.8 MBytes  5.86 Mbits/sec   0.384 ms 8777/53573 (16%)  5.883/ 0.143/245.208/10.028 ms  497 pps
[  3] 0.00-89.95 sec  30 datagrams received out-of-order
