------------------------------------------------------------
Server listening on UDP port 5001 with pid 17414
Receiving 1470 byte datagrams
UDP buffer size:  208 KByte (default)
------------------------------------------------------------
[  3] local 10.0.0.2 port 5001 connected with 10.0.0.4 port 33038
[ ID] Interval       Transfer     Bandwidth        Jitter   Lost/Total  Latency avg/min/max/stdev PPS
[  3] 0.00-5.00 sec  4.79 MBytes  8.03 Mbits/sec   0.449 ms    9/ 3414 (0.26%)  0.997/ 0.361/34.050/ 1.869 ms  683 pps
[  3] 0.00-5.00 sec  9 datagrams received out-of-order
[  3] 5.00-10.00 sec  4.77 MBytes  8.00 Mbits/sec   0.333 ms    0/ 3402 (0%)  0.972/ 0.353/15.904/ 1.441 ms  680 pps
[  3] 10.00-15.00 sec  4.77 MBytes  7.99 Mbits/sec   0.605 ms    0/ 3399 (0%)  0.850/ 0.354/ 9.967/ 0.794 ms  680 pps
[  3] 15.00-20.00 sec  3.55 MBytes  5.95 Mbits/sec   0.783 ms  860/ 3389 (25%) 30.107/ 0.432/458.830/46.051 ms  506 pps
[  3] 15.00-20.00 sec  40 datagrams received out-of-order
[  3] 20.00-25.00 sec  3.57 MBytes  5.99 Mbits/sec   0.810 ms  857/ 3402 (25%) 23.397/17.561/35.290/ 1.188 ms  509 pps
[  3] 20.00-25.00 sec  1 datagrams received out-of-order
[  3] 25.00-30.00 sec  3.58 MBytes  6.00 Mbits/sec   1.096 ms  848/ 3401 (25%) 23.303/19.128/32.158/ 0.945 ms  511 pps
[  3] 25.00-30.00 sec  2 datagrams received out-of-order
[  3] 30.00-35.00 sec  3.64 MBytes  6.10 Mbits/sec   0.669 ms  805/ 3400 (24%) 24.065/14.190/66.396/ 2.925 ms  519 pps
[  3] 30.00-35.00 sec  7 datagrams received out-of-order
[  3] 35.00-40.00 sec  3.60 MBytes  6.04 Mbits/sec   0.598 ms  836/ 3402 (25%) 23.315/21.137/33.670/ 0.917 ms  513 pps
[  3] 40.00-45.00 sec  3.62 MBytes  6.07 Mbits/sec   0.743 ms  822/ 3402 (24%) 23.441/20.858/36.559/ 1.333 ms  516 pps
[  3] 45.00-50.00 sec  4.53 MBytes  7.59 Mbits/sec   0.221 ms  187/ 3415 (5.5%)  8.414/ 0.933/209.268/17.979 ms  646 pps
[  3] 45.00-50.00 sec  50 datagrams received out-of-order
[  3] 50.00-55.00 sec  4.77 MBytes  8.00 Mbits/sec   0.286 ms    0/ 3402 (0%)  1.543/ 0.889/ 9.204/ 0.553 ms  680 pps
[  3] 55.00-60.00 sec  4.77 MBytes  8.00 Mbits/sec   0.545 ms    0/ 3401 (0%)  1.651/ 1.098/ 9.107/ 0.603 ms  680 pps
[  3] 60.00-65.00 sec  4.79 MBytes  8.03 Mbits/sec   0.330 ms   25/ 3402 (0.73%)  3.336/ 1.075/144.338/10.498 ms  683 pps
[  3] 60.00-65.00 sec  39 datagrams received out-of-order
[  3] 65.00-70.00 sec  4.77 MBytes  8.00 Mbits/sec   0.299 ms    0/ 3401 (0%)  1.659/ 0.861/17.479/ 1.005 ms  680 pps
[  3] 70.00-75.00 sec  4.77 MBytes  8.00 Mbits/sec   0.444 ms    0/ 3401 (0%)  1.665/ 1.069/13.725/ 0.916 ms  680 pps
[  3] 75.00-80.00 sec  4.79 MBytes  8.04 Mbits/sec   0.596 ms   19/ 3400 (0.56%)  3.313/ 1.032/96.444/ 8.252 ms  684 pps
[  3] 75.00-80.00 sec  39 datagrams received out-of-order
[  3] 80.00-85.00 sec  4.77 MBytes  8.00 Mbits/sec   0.877 ms    0/ 3403 (0%)  1.754/ 1.051/16.522/ 1.127 ms  681 pps
[  3] 0.00-89.99 sec  78.6 MBytes  7.32 Mbits/sec   0.984 ms 5181/61226 (8.5%)  8.404/ 0.353/458.830/15.158 ms  622 pps
[  3] 0.00-89.99 sec  187 datagrams received out-of-order
