------------------------------------------------------------
Server listening on UDP port 5001 with pid 17434
Receiving 1470 byte datagrams
UDP buffer size:  208 KByte (default)
------------------------------------------------------------
[  3] local 10.0.0.8 port 5001 connected with 10.0.0.7 port 38368
[ ID] Interval       Transfer     Bandwidth        Jitter   Lost/Total  Latency avg/min/max/stdev PPS
[  3] 0.00-5.00 sec  5.38 MBytes  9.02 Mbits/sec   0.332 ms    0/ 3837 (0%)  1.160/ 0.327/17.281/ 1.650 ms  767 pps
[  3] 5.00-10.00 sec  5.36 MBytes  9.00 Mbits/sec   0.230 ms    0/ 3826 (0%)  0.720/ 0.327/10.287/ 0.689 ms  765 pps
[  3] 10.00-15.00 sec  5.37 MBytes  9.00 Mbits/sec   0.255 ms    0/ 3827 (0%)  0.790/ 0.332/14.711/ 0.983 ms  765 pps
[  3] 15.00-20.00 sec  5.37 MBytes  9.00 Mbits/sec   0.172 ms    0/ 3827 (0%)  0.745/ 0.334/ 7.897/ 0.544 ms  765 pps
[  3] 20.00-25.00 sec  5.36 MBytes  9.00 Mbits/sec   0.312 ms    0/ 3826 (0%)  0.663/ 0.209/ 7.965/ 0.387 ms  765 pps
[  3] 25.00-30.00 sec  5.37 MBytes  9.00 Mbits/sec   0.247 ms    0/ 3827 (0%)  0.723/ 0.331/ 7.699/ 0.448 ms  765 pps
[  3] 30.00-35.00 sec  5.36 MBytes  9.00 Mbits/sec   0.639 ms    0/ 3825 (0%)  0.753/ 0.336/ 9.056/ 0.551 ms  765 pps
[  3] 35.00-40.00 sec  5.37 MBytes  9.00 Mbits/sec   0.206 ms    0/ 3828 (0%)  0.742/ 0.152/14.359/ 0.841 ms  765 pps
[  3] 40.00-45.00 sec  5.36 MBytes  9.00 Mbits/sec   0.412 ms    0/ 3826 (0%)  0.751/ 0.339/11.237/ 0.741 ms  765 pps
[  3] 45.00-50.00 sec  5.37 MBytes  9.00 Mbits/sec   0.285 ms    2/ 3827 (0.052%)  0.861/ 0.306/13.346/ 1.053 ms  765 pps
[  3] 45.00-50.00 sec  2 datagrams received out-of-order
[  3] 50.00-55.00 sec  5.36 MBytes  9.00 Mbits/sec   0.216 ms    0/ 3826 (0%)  0.811/ 0.228/13.450/ 0.955 ms  765 pps
[  3] 55.00-60.00 sec  5.37 MBytes  9.00 Mbits/sec   0.448 ms    0/ 3827 (0%)  0.775/ 0.158/14.004/ 0.954 ms  765 pps
[  3] 60.00-65.00 sec  5.36 MBytes  9.00 Mbits/sec   0.434 ms    4/ 3825 (0.1%)  0.723/ 0.272/14.496/ 0.828 ms  765 pps
[  3] 60.00-65.00 sec  4 datagrams received out-of-order
[  3] 65.00-70.00 sec  5.37 MBytes  9.00 Mbits/sec   0.319 ms    0/ 3828 (0%)  0.687/ 0.337/10.056/ 0.549 ms  765 pps
[  3] 70.00-75.00 sec  5.36 MBytes  9.00 Mbits/sec   0.400 ms    0/ 3826 (0%)  0.726/ 0.327/11.661/ 0.661 ms  765 pps
[  3] 75.00-80.00 sec  5.37 MBytes  9.00 Mbits/sec   0.603 ms    2/ 3827 (0.052%)  0.688/ 0.339/ 8.745/ 0.522 ms  766 pps
[  3] 75.00-80.00 sec  2 datagrams received out-of-order
[  3] 80.00-85.00 sec  5.37 MBytes  9.00 Mbits/sec   0.242 ms    0/ 3827 (0%)  0.825/ 0.332/13.252/ 0.866 ms  765 pps
[  3] 85.00-90.00 sec  5.36 MBytes  9.00 Mbits/sec   0.459 ms    0/ 3826 (0%)  0.835/ 0.345/15.923/ 0.974 ms  766 pps
[  3] 90.00-95.00 sec  5.36 MBytes  9.00 Mbits/sec   0.540 ms    0/ 3826 (0%)  0.837/ 0.013/20.965/ 1.239 ms  765 pps
[  3] 95.00-100.00 sec  5.37 MBytes  9.00 Mbits/sec   0.438 ms    0/ 3827 (0%)  0.866/ 0.332/12.717/ 1.016 ms  765 pps
[  3] 100.00-105.00 sec  5.36 MBytes  9.00 Mbits/sec   0.244 ms    0/ 3826 (0%)  0.802/ 0.329/11.644/ 0.791 ms  765 pps
[  3] 105.00-110.00 sec  5.37 MBytes  9.00 Mbits/sec   0.290 ms    0/ 3827 (0%)  0.915/ 0.349/19.517/ 1.410 ms  765 pps
[  3] 110.00-115.00 sec  5.37 MBytes  9.00 Mbits/sec   0.596 ms    0/ 3827 (0%)  0.852/ 0.286/14.174/ 0.993 ms  765 pps
[  3] 0.00-119.99 sec   129 MBytes  9.00 Mbits/sec   0.347 ms    8/91838 (0.0087%)  0.796/ 0.013/20.965/ 0.910 ms  765 pps
[  3] 0.00-119.99 sec  8 datagrams received out-of-order
