Bandwidth      Lost      Total Datagrams       avglatntence       maxlatntence
9.02           0              3837                1.160    
9.00           0              3826                0.720    
9.00           0              3827                0.790    
9.00           0              3827                0.745    
9.00           0              3826                0.663    
9.00           0              3827                0.723    
9.00           0              3825                0.753    
9.00           0              3828                0.742    
9.00           0              3826                0.751    
9.00           2              3827                0.861    
9.00           0              3826                0.811    
9.00           0              3827                0.775    
9.00           4              3825                0.723    
9.00           0              3828                0.687    
9.00           0              3826                0.726    
9.00           2              3827                0.688    
9.00           0              3827                0.825    
9.00           0              3826                0.835    
9.00           0              3826                0.837    
9.00           0              3827                0.866    
9.00           0              3826                0.802    
9.00           0              3827                0.915    
9.00           0              3827                0.852    
9.00           8/9183         (0.0087%)           0.013                        
9.006667  	9.000000  	9.000000  	9.000000  	9.000000  	9.000000  	9.000000  	9.000000  	
 sum=18.263000 count=24.000000  0.760958 