Bandwidth      Lost      Total Datagrams       avglatntence       maxlatntence
3.75           1399           2994                26.047   
3.73           1387           2975                23.792              36.004   
3.71           1395           2974                23.745              32.365   
3.62           1439           2979                24.253              40.014   
3.68           1413           2977                23.700              33.647   
3.65           1423           2976                23.765              36.587   
6.28           321            2989                4.085    
7.00           0              2976                0.699    
7.00           0              2976                0.740    
7.00           4              2977                0.789    
7.00           0              2976                0.760    
7.00           0              2976                0.758    
7.00           0              2976                0.836    
7.00           0              2976                0.814    
7.00           0              2977                0.756    
7.00           3              2976                0.726    
7.00           0              2975                0.685    
5.86           8777/5357      (16%)               0.143               10.028   
3.730000  	3.650000  	6.760000  	7.000000  	7.000000  	6.620000  	
 sum=157.093000 count=18.000000  8.727389 