Bandwidth      Lost      Total Datagrams       avglatntence       maxlatntence
8.03           9              3414                0.997    
8.00           0              3402                0.972    
7.99           0              3399                0.850    
5.95           860            3389                30.107   
5.99           857            3402                23.397              35.290   
6.00           848            3401                23.303              32.158   
6.10           805            3400                24.065              66.396   
6.04           836            3402                23.315              33.670   
6.07           822            3402                23.441              36.559   
7.59           187            3415                8.414    
8.00           0              3402                1.543    
8.00           0              3401                1.651    
8.03           25             3402                3.336    
8.00           0              3401                1.659    
8.00           0              3401                1.665    
8.04           19             3400                3.313    
8.00           0              3403                1.754    
7.32           5181/6122      (8.5%)              0.353               15.158   
8.006667  	5.980000  	6.070000  	7.863333  	8.010000  	7.786667  	
 sum=174.135000 count=18.000000  9.674167 