------------------------------------------------------------
Server listening on UDP port 5001 with pid 12327
Receiving 1470 byte datagrams
UDP buffer size:  208 KByte (default)
------------------------------------------------------------
[  3] local 10.0.0.2 port 5001 connected with 10.0.0.4 port 49516
[ ID] Interval       Transfer     Bandwidth        Jitter   Lost/Total  Latency avg/min/max/stdev PPS
[  3] 0.00-5.00 sec  4.76 MBytes  7.98 Mbits/sec   0.199 ms   20/ 3412 (0.59%)  2.462/ 0.368/72.903/ 5.126 ms  678 pps
[  3] 0.00-5.00 sec  4 datagrams received out-of-order
[  3] 5.00-10.00 sec  4.77 MBytes  8.00 Mbits/sec   0.315 ms    0/ 3401 (0%)  0.935/ 0.362/16.009/ 1.200 ms  680 pps
[  3] 10.00-15.00 sec  4.77 MBytes  8.00 Mbits/sec   0.402 ms    0/ 3401 (0%)  0.837/ 0.200/11.313/ 0.782 ms  680 pps
[  3] 15.00-20.00 sec  3.59 MBytes  6.02 Mbits/sec   1.127 ms  826/ 3386 (24%) 25.568/ 0.567/143.364/11.577 ms  512 pps
[  3] 15.00-20.00 sec  23 datagrams received out-of-order
[  3] 20.00-25.00 sec  3.58 MBytes  6.01 Mbits/sec   0.885 ms  847/ 3402 (25%) 23.507/14.158/34.239/ 1.365 ms  511 pps
[  3] 20.00-25.00 sec  3 datagrams received out-of-order
[  3] 25.00-30.00 sec  3.52 MBytes  5.91 Mbits/sec   0.983 ms  890/ 3402 (26%) 23.649/13.273/51.276/ 2.285 ms  502 pps
[  3] 25.00-30.00 sec  3 datagrams received out-of-order
[  3] 30.00-35.00 sec  3.56 MBytes  5.97 Mbits/sec   0.720 ms  861/ 3401 (25%) 30.458/ 5.013/494.504/43.953 ms  508 pps
[  3] 30.00-35.00 sec  37 datagrams received out-of-order
[  3] 35.00-40.00 sec  3.60 MBytes  6.04 Mbits/sec   0.605 ms  835/ 3401 (25%) 24.172/13.355/45.719/ 2.996 ms  513 pps
[  3] 40.00-45.00 sec  3.60 MBytes  6.04 Mbits/sec   0.901 ms  835/ 3403 (25%) 23.700/14.161/43.436/ 1.915 ms  513 pps
[  3] 45.00-50.00 sec  4.54 MBytes  7.62 Mbits/sec   0.952 ms  176/ 3415 (5.2%)  9.925/ 1.061/305.763/24.707 ms  648 pps
[  3] 45.00-50.00 sec  63 datagrams received out-of-order
[  3] 50.00-55.00 sec  4.77 MBytes  8.00 Mbits/sec   0.441 ms    0/ 3401 (0%)  1.675/ 1.004/13.748/ 0.849 ms  680 pps
[  3] 55.00-60.00 sec  4.77 MBytes  8.00 Mbits/sec   0.537 ms    0/ 3402 (0%)  1.692/ 0.977/10.861/ 0.810 ms  680 pps
[  3] 60.00-65.00 sec  4.77 MBytes  8.00 Mbits/sec   0.508 ms    3/ 3400 (0.088%)  2.631/ 0.978/32.289/ 3.477 ms  680 pps
[  3] 60.00-65.00 sec  4 datagrams received out-of-order
[  3] 65.00-70.00 sec  4.77 MBytes  8.00 Mbits/sec   0.419 ms    0/ 3402 (0%)  5.425/ 1.093/63.763/ 9.642 ms  680 pps
[  3] 70.00-75.00 sec  4.77 MBytes  8.00 Mbits/sec   0.455 ms    0/ 3402 (0%)  1.724/ 1.062/14.977/ 1.054 ms  680 pps
[  3] 75.00-80.00 sec  4.80 MBytes  8.06 Mbits/sec   0.354 ms   30/ 3401 (0.88%)  5.010/ 1.039/333.703/23.544 ms  685 pps
[  3] 75.00-80.00 sec  56 datagrams received out-of-order
[  3] 80.00-85.00 sec  4.77 MBytes  8.00 Mbits/sec   0.388 ms    0/ 3402 (0%)  1.627/ 1.084/11.184/ 0.678 ms  680 pps
[  3] 0.00-89.99 sec  78.5 MBytes  7.31 Mbits/sec   0.479 ms 5263/61226 (8.6%)  9.017/ 0.200/494.504/16.628 ms  621 pps
[  3] 0.00-89.99 sec  193 datagrams received out-of-order
