------------------------------------------------------------
Server listening on UDP port 5001 with pid 12346
Receiving 1470 byte datagrams
UDP buffer size:  208 KByte (default)
------------------------------------------------------------
[  3] local 10.0.0.8 port 5001 connected with 10.0.0.7 port 47310
[ ID] Interval       Transfer     Bandwidth        Jitter   Lost/Total  Latency avg/min/max/stdev PPS
[  3] 0.00-5.00 sec  5.38 MBytes  9.03 Mbits/sec   0.174 ms    0/ 3838 (0%)  1.982/ 0.274/19.207/ 2.977 ms  768 pps
[  3] 5.00-10.00 sec  5.37 MBytes  9.00 Mbits/sec   0.345 ms    0/ 3827 (0%)  1.283/ 0.335/21.366/ 2.200 ms  765 pps
[  3] 10.00-15.00 sec  5.36 MBytes  9.00 Mbits/sec   0.483 ms    0/ 3826 (0%)  0.935/ 0.338/18.616/ 1.339 ms  765 pps
[  3] 15.00-20.00 sec  5.37 MBytes  9.00 Mbits/sec   0.667 ms    0/ 3827 (0%)  0.825/ 0.331/ 8.793/ 0.703 ms  765 pps
[  3] 20.00-25.00 sec  5.36 MBytes  9.00 Mbits/sec   0.221 ms    0/ 3826 (0%)  0.767/ 0.298/ 9.174/ 0.611 ms  765 pps
[  3] 25.00-30.00 sec  5.37 MBytes  9.00 Mbits/sec   0.434 ms    0/ 3827 (0%)  0.783/ 0.340/ 9.598/ 0.645 ms  765 pps
[  3] 30.00-35.00 sec  5.37 MBytes  9.00 Mbits/sec   0.337 ms    0/ 3827 (0%)  1.597/ 0.343/34.963/ 3.520 ms  765 pps
[  3] 35.00-40.00 sec  5.36 MBytes  8.98 Mbits/sec   0.360 ms    0/ 3820 (0%)  4.244/ 0.213/67.591/10.112 ms  764 pps
[  3] 40.00-45.00 sec  5.37 MBytes  9.02 Mbits/sec   0.401 ms    0/ 3833 (0%)  0.811/ 0.347/10.635/ 0.795 ms  767 pps
[  3] 45.00-50.00 sec  5.36 MBytes  9.00 Mbits/sec   0.583 ms    3/ 3826 (0.078%)  0.843/ 0.340/11.796/ 0.931 ms  765 pps
[  3] 45.00-50.00 sec  3 datagrams received out-of-order
[  3] 50.00-55.00 sec  5.37 MBytes  9.00 Mbits/sec   0.262 ms    0/ 3827 (0%)  0.736/ 0.327/10.583/ 0.534 ms  765 pps
[  3] 55.00-60.00 sec  5.36 MBytes  9.00 Mbits/sec   0.404 ms    0/ 3826 (0%)  0.791/ 0.270/10.457/ 0.707 ms  765 pps
[  3] 60.00-65.00 sec  5.37 MBytes  9.00 Mbits/sec   0.298 ms    0/ 3827 (0%)  0.769/ 0.336/ 8.771/ 0.647 ms  765 pps
[  3] 65.00-70.00 sec  5.36 MBytes  8.99 Mbits/sec   0.723 ms    0/ 3824 (0%)  0.965/ 0.329/18.559/ 1.445 ms  765 pps
[  3] 70.00-75.00 sec  5.37 MBytes  9.00 Mbits/sec   1.146 ms    0/ 3827 (0%)  3.132/ 0.335/34.423/ 5.073 ms  765 pps
[  3] 75.00-80.00 sec  5.37 MBytes  9.00 Mbits/sec   0.333 ms    1/ 3827 (0.026%)  1.041/ 0.202/12.088/ 1.283 ms  765 pps
[  3] 75.00-80.00 sec  1 datagrams received out-of-order
[  3] 80.00-85.00 sec  5.37 MBytes  9.00 Mbits/sec   0.474 ms    2/ 3827 (0.052%)  0.945/ 0.274/10.741/ 1.022 ms  765 pps
[  3] 80.00-85.00 sec  2 datagrams received out-of-order
[  3] 85.00-90.00 sec  5.37 MBytes  9.00 Mbits/sec   0.309 ms    0/ 3827 (0%)  0.928/ 0.334/14.931/ 1.189 ms  765 pps
[  3] 90.00-95.00 sec  5.36 MBytes  9.00 Mbits/sec   0.363 ms    0/ 3826 (0%)  0.932/ 0.348/11.492/ 1.118 ms  765 pps
[  3] 95.00-100.00 sec  5.37 MBytes  9.00 Mbits/sec   0.388 ms    0/ 3828 (0%)  0.837/ 0.330/ 9.369/ 0.744 ms  765 pps
[  3] 100.00-105.00 sec  5.36 MBytes  9.00 Mbits/sec   0.382 ms    0/ 3825 (0%)  0.752/ 0.249/ 8.951/ 0.636 ms  765 pps
[  3] 105.00-110.00 sec  5.37 MBytes  9.00 Mbits/sec   0.376 ms    2/ 3828 (0.052%)  0.878/ 0.325/12.223/ 0.925 ms  765 pps
[  3] 105.00-110.00 sec  2 datagrams received out-of-order
[  3] 110.00-115.00 sec  5.36 MBytes  9.00 Mbits/sec   0.385 ms    0/ 3826 (0%)  0.940/ 0.340/11.008/ 1.176 ms  765 pps
[  3] 0.00-119.99 sec   129 MBytes  9.00 Mbits/sec   0.235 ms    8/91838 (0.0087%)  1.195/ 0.202/67.591/ 2.796 ms  765 pps
[  3] 0.00-119.99 sec  8 datagrams received out-of-order
