Bandwidth      Lost      Total Datagrams       avglatntence       maxlatntence
9.03           0              3838                1.982    
9.00           0              3827                1.283    
9.00           0              3826                0.935    
9.00           0              3827                0.825    
9.00           0              3826                0.767    
9.00           0              3827                0.783    
9.00           0              3827                1.597    
8.98           0              3820                4.244    
9.02           0              3833                0.811    
9.00           3              3826                0.843    
9.00           0              3827                0.736    
9.00           0              3826                0.791    
9.00           0              3827                0.769    
8.99           0              3824                0.965    
9.00           0              3827                3.132    
9.00           1              3827                1.041    
9.00           2              3827                0.945    
9.00           0              3827                0.928    
9.00           0              3826                0.932    
9.00           0              3828                0.837    
9.00           0              3825                0.752    
9.00           2              3828                0.878    
9.00           0              3826                0.940    
9.00           8/9183         (0.0087%)           0.202                        
9.010000  	9.000000  	9.000000  	9.000000  	8.996667  	9.000000  	9.000000  	9.000000  	
 sum=27.918000 count=24.000000  1.163250 