Bandwidth      Lost      Total Datagrams       avglatntence       maxlatntence
7.98           20             3412                2.462    
8.00           0              3401                0.935    
8.00           0              3401                0.837    
6.02           826            3386                25.568   
6.01           847            3402                23.507              34.239   
5.91           890            3402                23.649              51.276   
5.97           861            3401                30.458   
6.04           835            3401                24.172              45.719   
6.04           835            3403                23.700              43.436   
7.62           176            3415                9.925    
8.00           0              3401                1.675    
8.00           0              3402                1.692    
8.00           3              3400                2.631    
8.00           0              3402                5.425    
8.00           0              3402                1.724    
8.06           30             3401                5.010    
8.00           0              3402                1.627    
7.31           5263/6122      (8.6%)              0.200               16.628   
7.993333  	5.980000  	6.016667  	7.873333  	8.000000  	7.790000  	
 sum=185.197000 count=18.000000  10.288722