Bandwidth      Lost      Total Datagrams       avglatntence       maxlatntence
3.72           1392           2973                24.789   
3.71           1400           2977                23.856              35.257   
3.78           1364           2973                23.983              52.545   
3.65           1428           2980                31.457   
3.69           1409           2977                24.409              45.755   
3.68           1410           2975                23.944              42.357   
6.29           312            2985                5.610    
7.01           0              2980                0.754    
7.00           0              2976                0.741    
7.00           1              2976                1.275    
7.00           0              2977                2.863    
7.00           0              2976                0.777    
7.00           58             2976                5.610    
7.00           0              2976                0.723    
7.00           0              2976                0.748    
7.00           0              2976                0.747    
7.00           0              2977                0.906    
5.86           8715/5357      (16%)               0.224               16.653   
3.736667  	3.673333  	6.766667  	7.000000  	7.000000  	6.620000  	
 sum=173.416000 count=18.000000  9.634222 