------------------------------------------------------------
Client connecting to 10.0.0.8, UDP port 5001 with pid 12349
Sending 1470 byte datagrams, IPG target: 1306.67 us (kalman adjust)
UDP buffer size:  208 KByte (default)
------------------------------------------------------------
[  3] local 10.0.0.7 port 47310 connected with 10.0.0.8 port 5001
[ ID] Interval       Transfer     Bandwidth      PPS
[  3] 0.00-5.00 sec  5.37 MBytes  9.00 Mbits/sec  766 pps
[  3] 5.00-10.00 sec  5.37 MBytes  9.00 Mbits/sec  765 pps
[  3] 10.00-15.00 sec  5.36 MBytes  9.00 Mbits/sec  765 pps
[  3] 15.00-20.00 sec  5.37 MBytes  9.00 Mbits/sec  765 pps
[  3] 20.00-25.00 sec  5.36 MBytes  9.00 Mbits/sec  765 pps
[  3] 25.00-30.00 sec  5.37 MBytes  9.00 Mbits/sec  765 pps
[  3] 30.00-35.00 sec  5.36 MBytes  9.00 Mbits/sec  765 pps
[  3] 35.00-40.00 sec  5.37 MBytes  9.00 Mbits/sec  765 pps
[  3] 40.00-45.00 sec  5.36 MBytes  9.00 Mbits/sec  765 pps
[  3] 45.00-50.00 sec  5.37 MBytes  9.00 Mbits/sec  765 pps
[  3] 50.00-55.00 sec  5.36 MBytes  9.00 Mbits/sec  765 pps
[  3] 55.00-60.00 sec  5.37 MBytes  9.00 Mbits/sec  765 pps
[  3] 60.00-65.00 sec  5.36 MBytes  9.00 Mbits/sec  765 pps
[  3] 65.00-70.00 sec  5.37 MBytes  9.00 Mbits/sec  765 pps
[  3] 70.00-75.00 sec  5.36 MBytes  9.00 Mbits/sec  765 pps
[  3] 75.00-80.00 sec  5.37 MBytes  9.00 Mbits/sec  765 pps
[  3] 80.00-85.00 sec  5.36 MBytes  9.00 Mbits/sec  765 pps
[  3] 85.00-90.00 sec  5.37 MBytes  9.00 Mbits/sec  765 pps
[  3] 90.00-95.00 sec  5.37 MBytes  9.00 Mbits/sec  765 pps
[  3] 95.00-100.00 sec  5.36 MBytes  9.00 Mbits/sec  765 pps
[  3] 100.00-105.00 sec  5.37 MBytes  9.00 Mbits/sec  765 pps
[  3] 105.00-110.00 sec  5.36 MBytes  9.00 Mbits/sec  765 pps
[  3] 110.00-115.00 sec  5.36 MBytes  9.00 Mbits/sec  765 pps
[  3] 115.00-120.00 sec  5.37 MBytes  9.00 Mbits/sec  766 pps
[  3] 0.00-120.00 sec   129 MBytes  9.00 Mbits/sec  765 pps
[  3] Sent 91838 datagrams
[  3] Server Report:
[  3]  0.0-120.0 sec   129 MBytes  9.00 Mbits/sec   0.234 ms    8/91838 (0.0087%)
[  3] 0.00-119.99 sec  8 datagrams received out-of-order
