------------------------------------------------------------
Server listening on UDP port 5001 with pid 14168
Receiving 1470 byte datagrams
UDP buffer size:  208 KByte (default)
------------------------------------------------------------
[  3] local 10.0.0.2 port 5001 connected with 10.0.0.4 port 38259
[ ID] Interval       Transfer     Bandwidth        Jitter   Lost/Total  Latency avg/min/max/stdev PPS
[  3] 0.00-5.00 sec  4.81 MBytes  8.07 Mbits/sec   0.331 ms   14/ 3429 (0.41%)  1.691/ 0.294/56.648/ 4.310 ms  686 pps
[  3] 0.00-5.00 sec  14 datagrams received out-of-order
[  3] 5.00-10.00 sec  4.77 MBytes  8.00 Mbits/sec   0.303 ms    0/ 3401 (0%)  0.867/ 0.406/10.459/ 0.729 ms  680 pps
[  3] 10.00-15.00 sec  4.77 MBytes  8.00 Mbits/sec   0.466 ms    0/ 3402 (0%)  0.814/ 0.407/ 8.746/ 0.620 ms  680 pps
[  3] 15.00-20.00 sec  3.52 MBytes  5.90 Mbits/sec   0.755 ms  877/ 3386 (26%) 25.665/ 0.816/387.001/20.071 ms  502 pps
[  3] 15.00-20.00 sec  19 datagrams received out-of-order
[  3] 20.00-25.00 sec  3.59 MBytes  6.03 Mbits/sec   0.810 ms  839/ 3402 (25%) 23.535/11.700/34.023/ 1.456 ms  513 pps
[  3] 20.00-25.00 sec  3 datagrams received out-of-order
[  3] 25.00-30.00 sec  3.56 MBytes  5.98 Mbits/sec   1.060 ms  859/ 3401 (25%) 23.418/17.727/35.012/ 1.208 ms  508 pps
[  3] 25.00-30.00 sec  3 datagrams received out-of-order
[  3] 30.00-35.00 sec  3.72 MBytes  6.24 Mbits/sec   1.066 ms  747/ 3401 (22%) 26.123/17.852/132.077/10.433 ms  531 pps
[  3] 30.00-35.00 sec  15 datagrams received out-of-order
[  3] 35.00-40.00 sec  3.70 MBytes  6.20 Mbits/sec   0.643 ms  765/ 3401 (22%) 23.451/17.524/32.647/ 1.072 ms  527 pps
[  3] 40.00-45.00 sec  3.74 MBytes  6.28 Mbits/sec   0.806 ms  733/ 3402 (22%) 23.396/19.399/34.251/ 0.948 ms  534 pps
[  3] 40.00-45.00 sec  1 datagrams received out-of-order
[  3] 45.00-50.00 sec  3.70 MBytes  6.21 Mbits/sec   0.671 ms  759/ 3401 (22%) 23.494/12.189/44.590/ 1.897 ms  528 pps
[  3] 45.00-50.00 sec  6 datagrams received out-of-order
[  3] 50.00-55.00 sec  3.72 MBytes  6.24 Mbits/sec   0.582 ms  752/ 3403 (22%) 23.327/12.706/43.015/ 1.567 ms  530 pps
[  3] 55.00-60.00 sec  3.71 MBytes  6.22 Mbits/sec   0.621 ms  756/ 3401 (22%) 23.976/16.343/45.371/ 2.430 ms  529 pps
[  3] 60.00-65.00 sec  3.69 MBytes  6.20 Mbits/sec   0.971 ms  766/ 3401 (23%) 23.944/19.810/43.989/ 2.193 ms  527 pps
[  3] 60.00-65.00 sec  5 datagrams received out-of-order
[  3] 65.00-70.00 sec  3.72 MBytes  6.24 Mbits/sec   0.675 ms  746/ 3401 (22%) 23.343/17.870/31.129/ 0.858 ms  531 pps
[  3] 70.00-75.00 sec  3.74 MBytes  6.28 Mbits/sec   0.780 ms  733/ 3402 (22%) 23.354/16.724/31.871/ 0.873 ms  534 pps
[  3] 75.00-80.00 sec  3.73 MBytes  6.25 Mbits/sec   0.687 ms  743/ 3401 (22%) 23.421/11.478/43.430/ 1.320 ms  531 pps
[  3] 75.00-80.00 sec  4 datagrams received out-of-order
[  3] 80.00-85.00 sec  3.70 MBytes  6.20 Mbits/sec   0.754 ms  766/ 3402 (23%) 23.351/ 9.775/31.027/ 0.929 ms  527 pps
[  3] 0.00-89.98 sec  69.6 MBytes  6.48 Mbits/sec   0.748 ms 11611/61225 (19%) 19.119/ 0.294/387.001/10.664 ms  551 pps
[  3] 0.00-89.98 sec  70 datagrams received out-of-order
