Bandwidth      Lost      Total Datagrams       avglatntence       maxlatntence
8.07           14             3429                1.691    
8.00           0              3401                0.867    
8.00           0              3402                0.814    
5.90           877            3386                25.665   
6.03           839            3402                23.535              34.023   
5.98           859            3401                23.418              35.012   
6.24           747            3401                26.123              132.077  
6.20           765            3401                23.451              32.647   
6.28           733            3402                23.396              34.251   
6.21           759            3401                23.494              44.590   
6.24           752            3403                23.327              43.015   
6.22           756            3401                23.976              45.371   
6.20           766            3401                23.944              43.989   
6.24           746            3401                23.343              31.129   
6.28           733            3402                23.354              31.871   
6.25           743            3401                23.421              43.430   
6.20           766            3402                23.351   
6.48           11611/6122      (19%)               0.294               10.664   
8.023333  	5.970000  	6.240000  	6.223333  	6.240000  	6.310000  	
 sum=337.464000 count=18.000000  18.748000