Bandwidth      Lost      Total Datagrams       avglatntence       maxlatntence
3.81           1357           2978                24.840   
3.69           1402           2973                23.912              33.984   
3.74           1386           2977                23.808              34.441   
3.48           1498           2977                25.828              78.145   
3.53           1477           2976                23.712              33.028   
3.44           1511           2975                23.742              34.255   
3.51           1488           2980                24.592              141.067  
3.49           1492           2974                23.608              40.735   
3.50           1488           2976                24.283              44.160   
3.52           1479           2977                24.230              38.420   
3.48           1497           2975                23.604              30.443   
3.45           1511           2976                23.672              30.471   
3.47           1504           2979                23.783              65.334   
3.52           1478           2976                23.635              31.734   
3.57           1463           2979                23.574              36.077   
7.02           0              2985                0.795    
7.00           0              2975                0.729    
4.12           22031/5357      (41%)               0.353               10.891   
3.746667  	3.483333  	3.500000  	3.483333  	3.520000  	6.046667  	
 sum=362.700000 count=18.000000  20.150000