Bandwidth      Lost      Total Datagrams       avglatntence       maxlatntence
9.05           15             3846                2.866    
9.00           0              3827                0.773    
9.00           0              3826                0.767    
9.00           3              3826                0.847    
9.00           0              3827                0.712    
9.00           0              3827                1.079    
9.00           25             3826                1.490    
9.00           0              3827                0.696    
9.00           0              3826                0.709    
9.00           3              3826                0.757    
9.00           0              3827                0.734    
9.00           0              3827                0.716    
9.00           0              3826                0.716    
9.00           0              3827                0.747    
9.00           0              3826                0.725    
9.00           0              3827                0.830    
9.00           0              3826                0.956    
9.00           0              3827                0.918    
9.00           5              3826                0.857    
9.00           0              3827                0.792    
9.00           0              3826                0.775    
9.00           1              3826                0.752    
9.00           0              3828                0.778    
9.00           52/9183        (0.057%)            0.085                        
9.016667  	9.000000  	9.000000  	9.000000  	9.000000  	9.000000  	9.000000  	9.000000  	
 sum=21.077000 count=24.000000  0.878208 