------------------------------------------------------------
Server listening on UDP port 5001 with pid 10857
Receiving 1470 byte datagrams
UDP buffer size:  208 KByte (default)
------------------------------------------------------------
[  3] local 10.0.0.8 port 5001 connected with 10.0.0.10 port 47577
[ ID] Interval       Transfer     Bandwidth        Jitter   Lost/Total  Latency avg/min/max/stdev PPS
[  3] 0.00-5.00 sec  1.45 MBytes  2.44 Mbits/sec   1.114 ms 2391/ 3428 (70%) 26.824/18.369/87.244/10.133 ms  207 pps
[  3] 0.00-5.00 sec  4 datagrams received out-of-order
[  3] 5.00-10.00 sec  1.31 MBytes  2.21 Mbits/sec   0.901 ms 2462/ 3400 (72%) 24.010/15.154/42.659/ 2.043 ms  188 pps
[  3] 10.00-15.00 sec  1.47 MBytes  2.46 Mbits/sec   0.427 ms 2368/ 3415 (69%) 21.687/ 0.519/53.233/ 6.626 ms  210 pps
[  3] 15.00-20.00 sec  4.77 MBytes  8.00 Mbits/sec   0.430 ms    2/ 3401 (0.059%)  1.248/ 0.406/17.775/ 1.931 ms  680 pps
[  3] 15.00-20.00 sec  2 datagrams received out-of-order
[  3] 20.00-25.00 sec  4.77 MBytes  8.00 Mbits/sec   0.328 ms    0/ 3402 (0%)  1.210/ 0.411/23.964/ 2.077 ms  680 pps
[  3] 25.00-30.00 sec  4.76 MBytes  7.99 Mbits/sec   0.735 ms    0/ 3397 (0%)  1.503/ 0.400/30.033/ 3.006 ms  679 pps
[  3] 30.00-35.00 sec  4.77 MBytes  8.01 Mbits/sec   0.285 ms    5/ 3405 (0.15%)  7.067/ 0.422/54.415/11.174 ms  681 pps
[  3] 30.00-35.00 sec  5 datagrams received out-of-order
[  3] 35.00-40.00 sec  4.77 MBytes  8.00 Mbits/sec   0.221 ms    0/ 3402 (0%)  1.258/ 0.405/20.408/ 1.590 ms  680 pps
[  3] 40.00-45.00 sec  4.70 MBytes  7.88 Mbits/sec   2.097 ms    0/ 3351 (0%)  3.766/ 0.421/76.468/ 7.920 ms  670 pps
[  3] 45.00-50.00 sec  4.84 MBytes  8.11 Mbits/sec   0.476 ms   22/ 3450 (0.64%)  6.260/ 0.402/154.126/17.350 ms  690 pps
[  3] 45.00-50.00 sec  22 datagrams received out-of-order
[  3] 50.00-55.00 sec  4.77 MBytes  8.00 Mbits/sec   0.567 ms    0/ 3403 (0%)  1.607/ 0.405/33.489/ 2.996 ms  681 pps
[  3] 55.00-60.00 sec  4.77 MBytes  8.00 Mbits/sec   0.228 ms    0/ 3401 (0%)  2.095/ 0.386/44.479/ 5.590 ms  680 pps
[  3] 60.00-65.00 sec  4.77 MBytes  8.00 Mbits/sec   0.394 ms    2/ 3401 (0.059%)  1.594/ 0.399/33.226/ 3.259 ms  680 pps
[  3] 60.00-65.00 sec  2 datagrams received out-of-order
[  3] 65.00-70.00 sec  4.77 MBytes  8.00 Mbits/sec   0.595 ms    0/ 3402 (0%)  3.765/ 0.352/42.324/ 6.127 ms  680 pps
[  3] 70.00-75.00 sec  4.77 MBytes  8.00 Mbits/sec   0.391 ms    0/ 3401 (0%)  2.920/ 0.394/39.121/ 4.655 ms  680 pps
[  3] 75.00-80.00 sec  4.77 MBytes  8.00 Mbits/sec   0.252 ms    9/ 3402 (0.26%)  2.832/ 0.433/55.436/ 4.309 ms  681 pps
[  3] 75.00-80.00 sec  9 datagrams received out-of-order
[  3] 80.00-85.00 sec  4.77 MBytes  8.00 Mbits/sec   0.470 ms    0/ 3401 (0%)  3.612/ 0.404/40.150/ 5.926 ms  680 pps
[  3] 85.00-90.00 sec  4.77 MBytes  8.00 Mbits/sec   0.416 ms    0/ 3401 (0%)  4.170/ 0.424/50.451/ 6.713 ms  680 pps
[  3] 90.00-95.00 sec  4.77 MBytes  8.00 Mbits/sec   0.978 ms   14/ 3400 (0.41%)  2.181/ 0.419/86.436/ 5.125 ms  680 pps
[  3] 90.00-95.00 sec  14 datagrams received out-of-order
[  3] 95.00-100.00 sec  4.77 MBytes  8.00 Mbits/sec   0.686 ms    0/ 3400 (0%)  3.441/ 0.406/46.205/ 5.745 ms  680 pps
[  3] 100.00-105.00 sec  4.77 MBytes  8.01 Mbits/sec   0.233 ms    0/ 3405 (0%)  2.148/ 0.400/35.437/ 4.157 ms  681 pps
[  3] 105.00-110.00 sec  4.77 MBytes  8.00 Mbits/sec   0.546 ms    5/ 3401 (0.15%)  2.515/ 0.410/32.024/ 4.497 ms  680 pps
[  3] 105.00-110.00 sec  5 datagrams received out-of-order
[  3] 110.00-115.00 sec  4.77 MBytes  8.00 Mbits/sec   0.503 ms    0/ 3401 (0%)  1.986/ 0.406/18.967/ 3.260 ms  680 pps
[  3] 115.00-120.00 sec  4.77 MBytes  8.00 Mbits/sec   0.268 ms    0/ 3402 (0%)  3.421/ 0.365/48.166/ 7.332 ms  680 pps
[  3] 120.00-125.00 sec  4.77 MBytes  8.00 Mbits/sec   0.318 ms    5/ 3401 (0.15%)  1.675/ 0.377/32.013/ 3.073 ms  680 pps
[  3] 120.00-125.00 sec  5 datagrams received out-of-order
[  3] 125.00-130.00 sec  4.77 MBytes  8.00 Mbits/sec   0.346 ms    0/ 3401 (0%)  3.074/ 0.423/45.279/ 5.603 ms  680 pps
[  3] 130.00-135.00 sec  4.77 MBytes  8.00 Mbits/sec   0.186 ms    0/ 3402 (0%)  3.598/ 0.408/33.971/ 5.857 ms  680 pps
[  3] 135.00-140.00 sec  4.77 MBytes  8.00 Mbits/sec   0.191 ms   11/ 3401 (0.32%)  1.772/ 0.392/54.014/ 3.439 ms  680 pps
[  3] 135.00-140.00 sec  11 datagrams received out-of-order
[  3] 140.00-145.00 sec  4.77 MBytes  8.00 Mbits/sec   0.369 ms    0/ 3401 (0%)  1.187/ 0.393/18.151/ 1.676 ms  680 pps
[  3] 145.00-150.00 sec  4.77 MBytes  8.00 Mbits/sec   0.271 ms    0/ 3400 (0%)  1.720/ 0.331/36.915/ 4.368 ms  680 pps
[  3] 150.00-155.00 sec  4.77 MBytes  8.00 Mbits/sec   0.308 ms    4/ 3403 (0.12%)  1.447/ 0.391/30.430/ 2.369 ms  681 pps
[  3] 150.00-155.00 sec  4 datagrams received out-of-order
[  3] 155.00-160.00 sec  4.77 MBytes  8.00 Mbits/sec   0.417 ms    0/ 3401 (0%)  1.012/ 0.407/10.287/ 1.043 ms  680 pps
[  3] 160.00-165.00 sec  4.77 MBytes  8.00 Mbits/sec   0.333 ms    0/ 3402 (0%)  1.244/ 0.380/19.376/ 1.911 ms  680 pps
[  3] 165.00-170.00 sec  4.77 MBytes  8.00 Mbits/sec   0.396 ms    1/ 3401 (0.029%)  2.370/ 0.417/47.565/ 5.761 ms  680 pps
[  3] 165.00-170.00 sec  1 datagrams received out-of-order
[  3] 170.00-175.00 sec  4.77 MBytes  8.00 Mbits/sec   0.254 ms    0/ 3402 (0%)  1.641/ 0.412/31.064/ 3.151 ms  680 pps
[  3] 175.00-180.00 sec  4.77 MBytes  8.00 Mbits/sec   0.347 ms    0/ 3401 (0%)  2.111/ 0.393/33.465/ 3.969 ms  680 pps
[  3] 180.00-185.00 sec  4.77 MBytes  8.00 Mbits/sec   0.499 ms   12/ 3401 (0.35%)  1.652/ 0.328/56.103/ 4.134 ms  680 pps
[  3] 180.00-185.00 sec  12 datagrams received out-of-order
[  3] 185.00-190.00 sec  4.77 MBytes  8.00 Mbits/sec   0.580 ms    0/ 3401 (0%)  1.229/ 0.391/18.634/ 1.969 ms  680 pps
[  3] 190.00-195.00 sec  4.77 MBytes  8.00 Mbits/sec   0.384 ms    0/ 3402 (0%)  1.031/ 0.391/10.094/ 1.036 ms  680 pps
[  3] 195.00-200.00 sec  4.77 MBytes  8.00 Mbits/sec   0.218 ms    6/ 3401 (0.18%)  1.428/ 0.407/30.103/ 2.785 ms  680 pps
[  3] 195.00-200.00 sec  6 datagrams received out-of-order
[  3] 200.00-205.00 sec  4.77 MBytes  8.00 Mbits/sec   0.433 ms    0/ 3401 (0%)  1.272/ 0.406/26.677/ 2.284 ms  680 pps
[  3] 205.00-210.00 sec  4.77 MBytes  8.00 Mbits/sec   0.303 ms    0/ 3402 (0%)  1.582/ 0.392/20.152/ 2.400 ms  680 pps
[  3] 210.00-215.00 sec  4.77 MBytes  8.00 Mbits/sec   0.250 ms    2/ 3401 (0.059%)  0.924/ 0.401/17.153/ 1.121 ms  680 pps
[  3] 210.00-215.00 sec  2 datagrams received out-of-order
[  3] 215.00-220.00 sec  4.77 MBytes  8.00 Mbits/sec   0.268 ms    0/ 3402 (0%)  0.827/ 0.383/10.083/ 0.709 ms  680 pps
[  3] 220.00-225.00 sec  4.77 MBytes  8.00 Mbits/sec   0.224 ms    0/ 3401 (0%)  0.912/ 0.413/19.373/ 1.254 ms  680 pps
[  3] 225.00-230.00 sec  4.77 MBytes  8.00 Mbits/sec   0.202 ms    6/ 3401 (0.18%)  2.521/ 0.383/57.856/ 6.628 ms  680 pps
[  3] 225.00-230.00 sec  6 datagrams received out-of-order
[  3] 230.00-235.00 sec  4.77 MBytes  8.00 Mbits/sec   0.410 ms    0/ 3400 (0%)  1.049/ 0.420/14.475/ 1.191 ms  680 pps
[  3] 235.00-240.00 sec  4.77 MBytes  8.00 Mbits/sec   0.313 ms    0/ 3403 (0%)  1.451/ 0.412/27.235/ 2.843 ms  681 pps
[  3] 240.00-245.00 sec  4.77 MBytes  8.00 Mbits/sec   0.259 ms    0/ 3402 (0%)  1.343/ 0.399/20.105/ 2.224 ms  680 pps
[  3] 245.00-250.00 sec  4.77 MBytes  8.00 Mbits/sec   0.288 ms    0/ 3401 (0%)  0.986/ 0.415/15.766/ 1.167 ms  680 pps
[  3] 0.00-254.94 sec   233 MBytes  7.67 Mbits/sec   0.343 ms 7221/173470 (4.2%)  2.543/ 0.328/154.126/ 5.933 ms  652 pps
[  3] 0.00-254.94 sec  110 datagrams received out-of-order
