------------------------------------------------------------
Server listening on UDP port 5001 with pid 10803
Receiving 1470 byte datagrams
UDP buffer size:  208 KByte (default)
------------------------------------------------------------
[  3] local 10.0.0.9 port 5001 connected with 10.0.0.10 port 42783
[ ID] Interval       Transfer     Bandwidth        Jitter   Lost/Total  Latency avg/min/max/stdev PPS
[  3] 0.00-5.00 sec  4.78 MBytes  8.03 Mbits/sec   0.145 ms    1/ 3413 (0.029%)  0.816/ 0.013/17.954/ 1.838 ms  682 pps
[  3] 0.00-5.00 sec  1 datagrams received out-of-order
[  3] 5.00-10.00 sec  4.77 MBytes  8.00 Mbits/sec   0.234 ms    0/ 3401 (0%)  0.502/ 0.071/15.023/ 1.138 ms  680 pps
[  3] 10.00-15.00 sec  4.77 MBytes  8.00 Mbits/sec   0.614 ms    0/ 3400 (0%)  0.444/-0.001/13.489/ 0.718 ms  679 pps
[  3] 15.00-20.00 sec  4.77 MBytes  8.01 Mbits/sec   0.160 ms    0/ 3404 (0%)  2.329/ 0.072/41.649/ 6.181 ms  681 pps
[  3] 20.00-25.00 sec  4.77 MBytes  8.00 Mbits/sec   0.190 ms    0/ 3401 (0%)  0.475/ 0.070/14.804/ 0.922 ms  680 pps
[  3] 25.00-30.00 sec  4.76 MBytes  7.99 Mbits/sec   0.232 ms    3/ 3401 (0.088%)  1.279/ 0.069/50.590/ 4.974 ms  680 pps
[  3] 30.00-35.00 sec  4.76 MBytes  7.99 Mbits/sec   0.210 ms    3/ 3401 (0.088%)  2.769/ 0.068/122.168/10.987 ms  680 pps
[  3] 30.00-35.00 sec  24 datagrams received out-of-order
[  3] 35.00-40.00 sec  4.77 MBytes  8.00 Mbits/sec   0.270 ms    0/ 3402 (0%)  0.580/ 0.072/17.098/ 1.302 ms  680 pps
[  3] 40.00-45.00 sec  4.77 MBytes  8.00 Mbits/sec   0.191 ms    0/ 3401 (0%)  0.554/ 0.000/14.888/ 1.106 ms  680 pps
[  3] 45.00-50.00 sec  4.77 MBytes  8.00 Mbits/sec   0.167 ms   32/ 3402 (0.94%)  3.283/ 0.068/154.062/14.813 ms  680 pps
[  3] 45.00-50.00 sec  32 datagrams received out-of-order
[  3] 50.00-55.00 sec  4.77 MBytes  8.00 Mbits/sec   0.150 ms    0/ 3401 (0%)  0.461/ 0.062/11.531/ 0.876 ms  680 pps
[  3] 55.00-60.00 sec  4.77 MBytes  7.99 Mbits/sec   0.680 ms    0/ 3399 (0%)  0.544/ 0.071/22.172/ 1.412 ms  680 pps
[  3] 60.00-65.00 sec  4.65 MBytes  7.79 Mbits/sec   0.292 ms   90/ 3404 (2.6%) 16.597/ 0.068/428.614/63.390 ms  663 pps
[  3] 60.00-65.00 sec  79 datagrams received out-of-order
[  3] 65.00-70.00 sec  4.77 MBytes  8.00 Mbits/sec   0.330 ms    0/ 3400 (0%)  0.490/-0.001/10.029/ 0.832 ms  680 pps
[  3] 70.00-75.00 sec  4.77 MBytes  8.00 Mbits/sec   0.223 ms    0/ 3402 (0%)  0.490/ 0.064/10.246/ 0.830 ms  680 pps
[  3] 75.00-80.00 sec  4.77 MBytes  8.00 Mbits/sec   0.172 ms    1/ 3402 (0.029%)  0.626/ 0.069/16.663/ 1.470 ms  680 pps
[  3] 75.00-80.00 sec  1 datagrams received out-of-order
[  3] 80.00-85.00 sec  4.77 MBytes  8.00 Mbits/sec   0.271 ms    0/ 3401 (0%)  0.473/ 0.072/10.719/ 0.808 ms  680 pps
[  3] 85.00-90.00 sec  4.77 MBytes  8.00 Mbits/sec   0.326 ms    0/ 3401 (0%)  0.579/ 0.064/16.035/ 1.222 ms  680 pps
[  3] 90.00-95.00 sec  4.77 MBytes  8.00 Mbits/sec   0.324 ms    1/ 3402 (0.029%)  3.415/ 0.070/143.407/11.898 ms  680 pps
[  3] 90.00-95.00 sec  27 datagrams received out-of-order
[  3] 95.00-100.00 sec  4.77 MBytes  8.00 Mbits/sec   0.425 ms    0/ 3401 (0%)  0.575/ 0.068/14.131/ 1.146 ms  680 pps
[  3] 100.00-105.00 sec  4.77 MBytes  8.00 Mbits/sec   0.171 ms    0/ 3402 (0%)  0.518/ 0.075/13.407/ 0.944 ms  680 pps
[  3] 105.00-110.00 sec  4.77 MBytes  8.00 Mbits/sec   0.216 ms    0/ 3401 (0%)  1.218/ 0.000/41.477/ 4.315 ms  680 pps
[  3] 110.00-115.00 sec  4.76 MBytes  7.99 Mbits/sec   0.946 ms    0/ 3396 (0%)  0.483/ 0.066/15.107/ 0.906 ms  679 pps
[  3] 115.00-120.00 sec  4.78 MBytes  8.01 Mbits/sec   0.400 ms    0/ 3407 (0%)  0.605/ 0.073/20.633/ 1.397 ms  682 pps
[  3] 120.00-125.00 sec  4.77 MBytes  8.00 Mbits/sec   0.356 ms    0/ 3401 (0%)  0.656/ 0.069/17.038/ 1.425 ms  680 pps
[  3] 125.00-130.00 sec  4.77 MBytes  8.00 Mbits/sec   0.183 ms    0/ 3401 (0%)  0.453/ 0.067/ 9.213/ 0.756 ms  680 pps
[  3] 130.00-135.00 sec  4.76 MBytes  7.99 Mbits/sec   0.804 ms    0/ 3396 (0%)  0.598/ 0.070/19.941/ 1.425 ms  679 pps
[  3] 135.00-140.00 sec  4.78 MBytes  8.01 Mbits/sec   0.518 ms    0/ 3407 (0%)  0.728/ 0.068/19.637/ 1.668 ms  681 pps
[  3] 140.00-145.00 sec  4.77 MBytes  8.00 Mbits/sec   0.267 ms    0/ 3401 (0%)  0.547/ 0.066/17.819/ 1.132 ms  680 pps
[  3] 145.00-150.00 sec  4.77 MBytes  8.00 Mbits/sec   0.292 ms    0/ 3402 (0%)  0.705/ 0.074/22.608/ 1.984 ms  680 pps
[  3] 150.00-155.00 sec  4.76 MBytes  7.99 Mbits/sec   0.311 ms    3/ 3401 (0.088%)  2.639/ 0.066/166.126/14.618 ms  680 pps
[  3] 150.00-155.00 sec  44 datagrams received out-of-order
[  3] 155.00-160.00 sec  4.76 MBytes  7.99 Mbits/sec   0.182 ms    0/ 3397 (0%)  0.546/ 0.071/14.409/ 1.137 ms  678 pps
[  3] 160.00-165.00 sec  4.77 MBytes  8.01 Mbits/sec   0.248 ms    0/ 3406 (0%)  0.556/ 0.068/15.759/ 1.088 ms  682 pps
[  3] 165.00-170.00 sec  4.77 MBytes  8.00 Mbits/sec   0.308 ms   15/ 3401 (0.44%)  1.298/ 0.072/51.560/ 4.813 ms  680 pps
[  3] 165.00-170.00 sec  15 datagrams received out-of-order
[  3] 170.00-175.00 sec  4.77 MBytes  8.00 Mbits/sec   0.244 ms    0/ 3402 (0%)  0.500/ 0.071/12.616/ 0.940 ms  680 pps
[  3] 175.00-180.00 sec  4.77 MBytes  8.00 Mbits/sec   0.387 ms    0/ 3401 (0%)  0.584/ 0.066/11.942/ 1.162 ms  680 pps
[  3] 180.00-185.00 sec  4.77 MBytes  8.00 Mbits/sec   0.135 ms    9/ 3401 (0.26%)  3.190/ 0.072/46.045/ 7.762 ms  680 pps
[  3] 180.00-185.00 sec  9 datagrams received out-of-order
[  3] 185.00-190.00 sec  4.77 MBytes  8.00 Mbits/sec   0.173 ms    0/ 3402 (0%)  0.624/ 0.067/16.038/ 1.401 ms  680 pps
[  3] 190.00-195.00 sec  4.77 MBytes  8.00 Mbits/sec   0.243 ms    0/ 3401 (0%)  0.978/ 0.067/22.756/ 2.501 ms  680 pps
[  3] 195.00-200.00 sec  4.38 MBytes  7.35 Mbits/sec   0.712 ms  262/ 3386 (7.7%) 23.194/ 0.074/63.118/ 6.730 ms  625 pps
[  3] 195.00-200.00 sec  6 datagrams received out-of-order
[  3] 200.00-205.00 sec  4.47 MBytes  7.49 Mbits/sec   0.493 ms  216/ 3402 (6.3%) 23.149/19.878/40.682/ 1.654 ms  637 pps
[  3] 205.00-210.00 sec  4.51 MBytes  7.56 Mbits/sec   0.440 ms  186/ 3401 (5.5%) 23.103/19.559/49.005/ 2.122 ms  643 pps
[  3] 0.00-210.01 sec   199 MBytes  7.96 Mbits/sec   0.454 ms  764/142859 (0.53%)  2.851/-0.001/428.614/12.345 ms  676 pps
[  3] 0.00-210.01 sec  238 datagrams received out-of-order
