------------------------------------------------------------
Server listening on UDP port 5001 with pid 22934
Receiving 1470 byte datagrams
UDP buffer size:  208 KByte (default)
------------------------------------------------------------
[  3] local 10.0.0.4 port 5001 connected with 10.0.0.2 port 55325
[ ID] Interval       Transfer     Bandwidth        Jitter   Lost/Total  Latency avg/min/max/stdev PPS
[  3] 0.00-5.00 sec  2.11 MBytes  3.54 Mbits/sec   0.842 ms 1070/ 2574 (42%) 26.214/ 1.723/227.803/15.161 ms  301 pps
[  3] 0.00-5.00 sec  18 datagrams received out-of-order
[  3] 5.00-10.00 sec  2.08 MBytes  3.50 Mbits/sec   0.611 ms 1065/ 2552 (42%) 23.380/16.992/39.949/ 1.542 ms  297 pps
[  3] 10.00-15.00 sec  2.06 MBytes  3.46 Mbits/sec   0.815 ms 1078/ 2550 (42%) 23.272/19.556/35.375/ 1.126 ms  295 pps
[  3] 15.00-20.00 sec  2.07 MBytes  3.48 Mbits/sec   1.293 ms 1069/ 2548 (42%) 23.377/14.319/38.448/ 1.857 ms  296 pps
[  3] 20.00-25.00 sec  2.07 MBytes  3.48 Mbits/sec   0.930 ms 1077/ 2556 (42%) 23.428/11.706/36.631/ 1.669 ms  296 pps
[  3] 25.00-30.00 sec  2.07 MBytes  3.47 Mbits/sec   0.454 ms 1072/ 2549 (42%) 23.257/12.611/35.156/ 1.414 ms  296 pps
[  3] 30.00-35.00 sec  2.07 MBytes  3.46 Mbits/sec   2.578 ms 1075/ 2548 (42%) 23.500/12.954/48.677/ 2.436 ms  294 pps
[  3] 30.00-35.00 sec  2 datagrams received out-of-order
[  3] 35.00-40.00 sec  2.05 MBytes  3.45 Mbits/sec   0.670 ms 1090/ 2555 (43%) 26.846/14.320/84.347/10.740 ms  294 pps
[  3] 40.00-45.00 sec  2.03 MBytes  3.41 Mbits/sec   0.576 ms 1100/ 2550 (43%) 23.396/13.495/36.199/ 1.464 ms  290 pps
[  3] 45.00-50.00 sec  2.05 MBytes  3.43 Mbits/sec   0.735 ms 1092/ 2552 (43%) 23.511/20.429/42.758/ 1.649 ms  292 pps
[  3] 45.00-50.00 sec  5 datagrams received out-of-order
[  3] 50.00-55.00 sec  1.99 MBytes  3.34 Mbits/sec   1.147 ms 1130/ 2552 (44%) 23.490/18.944/37.685/ 1.634 ms  284 pps
[  3] 55.00-60.00 sec  2.09 MBytes  3.51 Mbits/sec   0.478 ms 1056/ 2550 (41%) 23.342/13.771/42.371/ 1.621 ms  299 pps
[  3] 60.00-65.00 sec  2.01 MBytes  3.37 Mbits/sec   0.532 ms 1123/ 2554 (44%) 23.548/11.195/49.304/ 2.763 ms  286 pps
[  3] 60.00-65.00 sec  2 datagrams received out-of-order
[  3] 65.00-70.00 sec  1.95 MBytes  3.27 Mbits/sec   0.629 ms 1158/ 2547 (45%) 23.352/13.119/38.781/ 1.379 ms  278 pps
[  3] 70.00-75.00 sec  1.94 MBytes  3.26 Mbits/sec   0.361 ms 1164/ 2551 (46%) 23.813/12.546/46.259/ 2.721 ms  277 pps
[  3] 75.00-80.00 sec  1.97 MBytes  3.31 Mbits/sec   0.457 ms 1144/ 2551 (45%) 23.642/18.609/48.800/ 2.932 ms  281 pps
[  3] 75.00-80.00 sec  4 datagrams received out-of-order
[  3] 80.00-85.00 sec  1.97 MBytes  3.31 Mbits/sec   0.938 ms 1148/ 2554 (45%) 23.593/15.525/39.914/ 2.044 ms  280 pps
[  3] 85.00-90.00 sec  2.00 MBytes  3.35 Mbits/sec   0.604 ms 1123/ 2547 (44%) 23.361/17.187/36.287/ 1.429 ms  286 pps
[  3] 90.00-95.00 sec  1.95 MBytes  3.26 Mbits/sec   0.873 ms 1164/ 2552 (46%) 23.890/16.967/51.529/ 3.354 ms  278 pps
[  3] 95.00-100.00 sec  2.03 MBytes  3.40 Mbits/sec   0.545 ms 1104/ 2551 (43%) 23.580/10.097/41.288/ 2.044 ms  289 pps
[  3] 100.00-105.00 sec  1.94 MBytes  3.25 Mbits/sec   0.673 ms 1169/ 2550 (46%) 23.608/18.733/46.405/ 2.661 ms  276 pps
[  3] 105.00-110.00 sec  2.07 MBytes  3.46 Mbits/sec   0.767 ms 1079/ 2552 (42%) 23.417/18.367/37.918/ 1.607 ms  295 pps
[  3] 110.00-115.00 sec  1.96 MBytes  3.29 Mbits/sec   0.635 ms 1151/ 2551 (45%) 23.298/17.625/34.840/ 1.112 ms  280 pps
[  3] 115.00-120.00 sec  2.00 MBytes  3.35 Mbits/sec   0.552 ms 1127/ 2553 (44%) 23.322/17.357/38.541/ 1.097 ms  285 pps
[  3] 120.00-125.00 sec  2.08 MBytes  3.49 Mbits/sec   1.220 ms 1063/ 2547 (42%) 23.449/12.438/34.964/ 1.535 ms  297 pps
[  3] 120.00-125.00 sec  1 datagrams received out-of-order
[  3] 125.00-130.00 sec  1.95 MBytes  3.27 Mbits/sec   1.052 ms 1160/ 2550 (45%) 23.407/12.275/36.241/ 1.484 ms  278 pps
[  3] 130.00-135.00 sec  2.06 MBytes  3.46 Mbits/sec   0.713 ms 1082/ 2554 (42%) 23.388/16.826/36.397/ 1.452 ms  294 pps
[  3] 135.00-140.00 sec  2.03 MBytes  3.40 Mbits/sec   0.496 ms 1105/ 2552 (43%) 23.495/16.960/37.796/ 1.731 ms  289 pps
[  3] 135.00-140.00 sec  3 datagrams received out-of-order
[  3] 140.00-145.00 sec  1.99 MBytes  3.34 Mbits/sec   0.650 ms 1129/ 2550 (44%) 23.555/20.601/36.162/ 1.547 ms  284 pps
[  3] 145.00-150.00 sec  2.03 MBytes  3.41 Mbits/sec   0.477 ms 1101/ 2552 (43%) 23.391/13.268/37.359/ 1.446 ms  290 pps
[  3] 150.00-155.00 sec  1.98 MBytes  3.32 Mbits/sec   0.627 ms 1140/ 2550 (45%) 23.747/20.102/47.532/ 3.030 ms  282 pps
[  3] 155.00-160.00 sec  2.01 MBytes  3.37 Mbits/sec   0.976 ms 1115/ 2549 (44%) 23.530/11.230/38.987/ 2.038 ms  287 pps
[  3] 160.00-165.00 sec  2.13 MBytes  3.58 Mbits/sec   0.643 ms 1033/ 2554 (40%) 23.557/15.055/42.837/ 2.129 ms  304 pps
[  3] 165.00-170.00 sec  1.98 MBytes  3.31 Mbits/sec   0.605 ms 1141/ 2550 (45%) 23.515/15.718/42.595/ 2.056 ms  282 pps
[  3] 165.00-170.00 sec  3 datagrams received out-of-order
[  3] 170.00-175.00 sec  2.00 MBytes  3.36 Mbits/sec   0.575 ms 1124/ 2553 (44%) 23.508/10.092/43.638/ 2.542 ms  286 pps
[  3] 175.00-180.00 sec  2.00 MBytes  3.36 Mbits/sec   0.522 ms 1121/ 2549 (44%) 23.277/15.855/33.883/ 1.145 ms  286 pps
[  3] 180.00-185.00 sec  2.02 MBytes  3.39 Mbits/sec   0.809 ms 1110/ 2553 (43%) 23.628/11.434/45.825/ 2.553 ms  288 pps
[  3] 185.00-190.00 sec  2.04 MBytes  3.43 Mbits/sec   0.611 ms 1090/ 2548 (43%) 24.314/14.469/62.967/ 5.166 ms  292 pps
[  3] 190.00-195.00 sec  2.06 MBytes  3.46 Mbits/sec   0.870 ms 1080/ 2552 (42%) 23.418/15.231/36.898/ 1.658 ms  295 pps
[  3] 195.00-200.00 sec  1.93 MBytes  3.25 Mbits/sec   0.665 ms 1171/ 2551 (46%) 23.663/16.994/46.116/ 2.384 ms  276 pps
[  3] 195.00-200.00 sec  2 datagrams received out-of-order
[  3] 200.00-205.00 sec  2.01 MBytes  3.37 Mbits/sec   0.947 ms 1123/ 2555 (44%) 25.738/ 9.945/75.747/ 6.714 ms  286 pps
[  3] 205.00-210.00 sec  2.11 MBytes  3.53 Mbits/sec   0.896 ms 1045/ 2547 (41%) 24.709/16.449/42.493/ 2.998 ms  301 pps
[  3] 210.00-215.00 sec  2.10 MBytes  3.52 Mbits/sec   1.960 ms 1049/ 2546 (41%) 24.307/12.957/40.569/ 2.581 ms  299 pps
[  3] 215.00-220.00 sec  2.06 MBytes  3.45 Mbits/sec   0.945 ms 1087/ 2555 (43%) 25.546/14.776/66.943/ 6.318 ms  294 pps
[  3] 220.00-225.00 sec  2.07 MBytes  3.47 Mbits/sec   0.432 ms 1087/ 2564 (42%) 24.194/ 0.475/59.179/ 6.166 ms  295 pps
[  3] 225.00-230.00 sec  3.57 MBytes  5.99 Mbits/sec   0.479 ms    0/ 2547 (0%)  1.642/ 0.351/15.794/ 1.888 ms  509 pps
[  3] 230.00-235.00 sec  3.58 MBytes  6.00 Mbits/sec   0.239 ms    0/ 2551 (0%)  1.656/ 0.419/22.318/ 2.314 ms  511 pps
[  3] 235.00-240.00 sec  3.58 MBytes  6.01 Mbits/sec   1.097 ms    0/ 2555 (0%)  1.040/ 0.436/13.291/ 1.256 ms  511 pps
[  3] 240.00-245.00 sec  3.58 MBytes  6.00 Mbits/sec   0.220 ms    0/ 2551 (0%)  1.003/ 0.409/11.765/ 1.165 ms  510 pps
[  3] 245.00-250.00 sec  3.58 MBytes  6.00 Mbits/sec   0.458 ms    0/ 2551 (0%)  0.941/ 0.413/12.111/ 1.041 ms  510 pps
[  3] 250.00-255.00 sec  3.58 MBytes  6.00 Mbits/sec   0.164 ms    0/ 2551 (0%)  1.144/ 0.274/16.254/ 1.475 ms  510 pps
[  3] 255.00-260.00 sec  3.58 MBytes  6.00 Mbits/sec   0.303 ms    2/ 2551 (0.078%)  0.967/ 0.405/12.838/ 1.120 ms  510 pps
[  3] 255.00-260.00 sec  2 datagrams received out-of-order
[  3] 260.00-265.00 sec  3.58 MBytes  6.00 Mbits/sec   0.865 ms    0/ 2551 (0%)  1.819/ 0.402/24.496/ 2.980 ms  510 pps
[  3] 265.00-270.00 sec  3.58 MBytes  6.00 Mbits/sec   0.169 ms    0/ 2551 (0%)  1.303/ 0.413/20.351/ 2.043 ms  510 pps
[  3] 270.00-275.00 sec  3.57 MBytes  6.00 Mbits/sec   0.387 ms    0/ 2549 (0%)  1.332/ 0.364/14.877/ 1.960 ms  510 pps
[  3] 275.00-280.00 sec  3.58 MBytes  6.00 Mbits/sec   0.356 ms    0/ 2553 (0%)  0.978/ 0.422/15.462/ 1.201 ms  511 pps
[  3] 280.00-285.00 sec  3.58 MBytes  6.00 Mbits/sec   0.646 ms    0/ 2551 (0%)  0.877/ 0.391/12.200/ 0.811 ms  510 pps
[  3] 285.00-290.00 sec  3.57 MBytes  5.99 Mbits/sec   1.155 ms    0/ 2547 (0%)  0.891/ 0.452/14.495/ 1.047 ms  509 pps
[  3] 290.00-295.00 sec  3.58 MBytes  6.01 Mbits/sec   0.409 ms    0/ 2554 (0%)  0.806/ 0.422/12.971/ 0.623 ms  511 pps
[  3] 0.00-299.94 sec   145 MBytes  4.05 Mbits/sec   0.404 ms 49784/153063 (33%) 15.404/ 0.274/227.803/11.407 ms  344 pps
[  3] 0.00-299.94 sec  42 datagrams received out-of-order
