------------------------------------------------------------
Server listening on UDP port 5001 with pid 10820
Receiving 1470 byte datagrams
UDP buffer size:  208 KByte (default)
------------------------------------------------------------
[  3] local 10.0.0.2 port 5001 connected with 10.0.0.3 port 35008
[ ID] Interval       Transfer     Bandwidth        Jitter   Lost/Total  Latency avg/min/max/stdev PPS
[  3] 0.00-5.00 sec  1.54 MBytes  2.58 Mbits/sec   0.749 ms 1461/ 2558 (57%) 26.012/14.274/70.682/ 7.592 ms  219 pps
[  3] 0.00-5.00 sec  3 datagrams received out-of-order
[  3] 5.00-10.00 sec  1.50 MBytes  2.52 Mbits/sec   0.754 ms 1481/ 2552 (58%) 23.688/14.044/38.394/ 1.385 ms  214 pps
[  3] 10.00-15.00 sec  1.49 MBytes  2.51 Mbits/sec   0.565 ms 1485/ 2551 (58%) 24.443/16.020/70.245/ 5.259 ms  213 pps
[  3] 15.00-20.00 sec  1.46 MBytes  2.46 Mbits/sec   0.778 ms 1511/ 2555 (59%) 29.057/16.312/488.978/38.394 ms  208 pps
[  3] 15.00-20.00 sec  14 datagrams received out-of-order
[  3] 20.00-25.00 sec  1.45 MBytes  2.43 Mbits/sec   0.856 ms 1513/ 2548 (59%) 24.184/19.536/39.926/ 2.054 ms  207 pps
[  3] 25.00-30.00 sec  1.47 MBytes  2.46 Mbits/sec   0.478 ms 1506/ 2552 (59%) 23.998/15.991/41.624/ 1.506 ms  209 pps
[  3] 30.00-35.00 sec  1.50 MBytes  2.51 Mbits/sec   0.917 ms 1480/ 2549 (58%) 28.328/15.212/305.253/26.640 ms  214 pps
[  3] 30.00-35.00 sec  20 datagrams received out-of-order
[  3] 35.00-40.00 sec  1.44 MBytes  2.41 Mbits/sec   0.413 ms 1528/ 2554 (60%) 23.848/21.231/37.583/ 1.296 ms  205 pps
[  3] 40.00-45.00 sec  1.44 MBytes  2.42 Mbits/sec   1.226 ms 1520/ 2549 (60%) 23.932/12.911/45.293/ 2.201 ms  206 pps
[  3] 45.00-50.00 sec  1.48 MBytes  2.49 Mbits/sec   0.786 ms 1492/ 2550 (59%) 36.545/ 0.548/490.434/50.026 ms  212 pps
[  3] 45.00-50.00 sec  14 datagrams received out-of-order
[  3] 50.00-55.00 sec  1.49 MBytes  2.50 Mbits/sec   0.755 ms 1488/ 2552 (58%) 23.837/13.832/34.649/ 1.318 ms  213 pps
[  3] 55.00-60.00 sec  1.49 MBytes  2.50 Mbits/sec   0.665 ms 1489/ 2550 (58%) 23.927/18.703/33.116/ 1.189 ms  212 pps
[  3] 60.00-65.00 sec  1.44 MBytes  2.41 Mbits/sec   0.762 ms 1525/ 2551 (60%) 24.081/15.227/57.219/ 2.100 ms  205 pps
[  3] 60.00-65.00 sec  2 datagrams received out-of-order
[  3] 65.00-70.00 sec  1.41 MBytes  2.36 Mbits/sec   1.235 ms 1551/ 2555 (61%) 23.759/15.148/33.911/ 1.162 ms  201 pps
[  3] 70.00-75.00 sec  1.49 MBytes  2.49 Mbits/sec   0.589 ms 1486/ 2546 (58%) 24.126/15.141/39.186/ 1.884 ms  212 pps
[  3] 75.00-80.00 sec  1.45 MBytes  2.43 Mbits/sec   0.689 ms 1522/ 2554 (60%) 50.183/11.501/982.774/131.545 ms  206 pps
[  3] 75.00-80.00 sec  39 datagrams received out-of-order
[  3] 80.00-85.00 sec  1.49 MBytes  2.49 Mbits/sec   1.081 ms 1489/ 2549 (58%) 24.084/16.661/39.057/ 1.768 ms  212 pps
[  3] 85.00-90.00 sec  1.44 MBytes  2.42 Mbits/sec   0.853 ms 1527/ 2555 (60%) 23.929/20.176/37.773/ 1.408 ms  205 pps
[  3] 90.00-95.00 sec  1.49 MBytes  2.51 Mbits/sec   0.814 ms 1481/ 2547 (58%) 25.005/12.911/83.921/ 6.566 ms  214 pps
[  3] 90.00-95.00 sec  3 datagrams received out-of-order
[  3] 95.00-100.00 sec  1.46 MBytes  2.45 Mbits/sec   1.237 ms 1511/ 2552 (59%) 23.900/13.823/40.097/ 1.661 ms  208 pps
[  3] 100.00-105.00 sec  1.49 MBytes  2.50 Mbits/sec   0.971 ms 1489/ 2553 (58%) 24.031/11.434/44.127/ 2.102 ms  213 pps
[  3] 105.00-110.00 sec  1.50 MBytes  2.52 Mbits/sec   0.870 ms 1478/ 2549 (58%) 24.893/13.912/139.240/ 7.619 ms  214 pps
[  3] 105.00-110.00 sec  8 datagrams received out-of-order
[  3] 110.00-115.00 sec  1.48 MBytes  2.48 Mbits/sec   0.520 ms 1495/ 2551 (59%) 23.765/15.203/34.636/ 1.208 ms  211 pps
[  3] 115.00-120.00 sec  1.49 MBytes  2.50 Mbits/sec   1.127 ms 1489/ 2552 (58%) 24.079/13.888/44.013/ 2.299 ms  213 pps
[  3] 120.00-125.00 sec  1.45 MBytes  2.44 Mbits/sec   1.073 ms 1512/ 2549 (59%) 24.351/ 3.545/135.468/ 6.305 ms  208 pps
[  3] 120.00-125.00 sec  3 datagrams received out-of-order
[  3] 125.00-130.00 sec  1.46 MBytes  2.45 Mbits/sec   0.825 ms 1512/ 2554 (59%) 23.963/19.657/38.236/ 1.279 ms  208 pps
[  3] 130.00-135.00 sec  1.42 MBytes  2.39 Mbits/sec   0.540 ms 1534/ 2549 (60%) 24.275/12.059/48.929/ 2.988 ms  203 pps
[  3] 135.00-140.00 sec  1.49 MBytes  2.50 Mbits/sec   0.816 ms 1491/ 2552 (58%) 23.932/16.931/88.849/ 3.458 ms  212 pps
[  3] 135.00-140.00 sec  5 datagrams received out-of-order
[  3] 140.00-145.00 sec  1.54 MBytes  2.58 Mbits/sec   1.733 ms 1455/ 2550 (57%) 23.917/ 9.156/37.839/ 1.787 ms  219 pps
[  3] 145.00-150.00 sec  1.47 MBytes  2.47 Mbits/sec   0.661 ms 1500/ 2552 (59%) 23.929/10.514/39.292/ 1.902 ms  210 pps
[  3] 150.00-155.00 sec  1.47 MBytes  2.46 Mbits/sec   0.666 ms 1503/ 2551 (59%) 25.183/19.967/65.213/ 6.354 ms  210 pps
[  3] 150.00-155.00 sec  1 datagrams received out-of-order
[  3] 155.00-160.00 sec  1.43 MBytes  2.40 Mbits/sec   0.923 ms 1528/ 2549 (60%) 23.930/18.158/38.052/ 1.380 ms  204 pps
[  3] 160.00-165.00 sec  1.49 MBytes  2.51 Mbits/sec   0.712 ms 1486/ 2552 (58%) 24.074/18.938/37.893/ 1.812 ms  213 pps
[  3] 165.00-170.00 sec  1.57 MBytes  2.63 Mbits/sec   0.606 ms 1432/ 2552 (56%) 29.397/ 5.952/176.193/15.422 ms  224 pps
[  3] 165.00-170.00 sec  6 datagrams received out-of-order
[  3] 170.00-175.00 sec  1.47 MBytes  2.47 Mbits/sec   0.728 ms 1499/ 2550 (59%) 23.912/13.408/41.383/ 1.859 ms  210 pps
[  3] 175.00-180.00 sec  1.58 MBytes  2.66 Mbits/sec   0.551 ms 1421/ 2551 (56%) 24.751/18.736/47.403/ 4.024 ms  226 pps
[  3] 180.00-185.00 sec  1.63 MBytes  2.74 Mbits/sec   1.122 ms 1388/ 2551 (54%) 26.403/ 3.162/200.434/11.143 ms  233 pps
[  3] 180.00-185.00 sec  8 datagrams received out-of-order
[  3] 185.00-190.00 sec  1.57 MBytes  2.63 Mbits/sec   0.536 ms 1433/ 2550 (56%) 24.187/16.275/42.684/ 2.027 ms  223 pps
[  3] 190.00-195.00 sec  1.59 MBytes  2.67 Mbits/sec   0.959 ms 1423/ 2557 (56%) 24.247/12.689/50.407/ 3.119 ms  227 pps
[  3] 195.00-200.00 sec  3.58 MBytes  6.01 Mbits/sec   0.408 ms    0/ 2557 (0%)  0.906/ 0.355/13.320/ 1.081 ms  511 pps
[  3] 200.00-205.00 sec  3.58 MBytes  6.00 Mbits/sec   0.366 ms    0/ 2551 (0%)  0.829/ 0.353/12.595/ 0.902 ms  510 pps
[  3] 205.00-210.00 sec  3.58 MBytes  6.00 Mbits/sec   0.216 ms    0/ 2551 (0%)  0.951/ 0.353/19.113/ 1.526 ms  510 pps
[  3] 210.00-215.00 sec  3.58 MBytes  6.00 Mbits/sec   0.205 ms    0/ 2551 (0%)  1.764/ 0.360/31.370/ 3.370 ms  510 pps
[  3] 215.00-220.00 sec  3.58 MBytes  6.00 Mbits/sec   0.333 ms    0/ 2551 (0%)  0.867/ 0.365/10.824/ 0.839 ms  510 pps
[  3] 0.00-224.97 sec  79.5 MBytes  2.96 Mbits/sec   0.289 ms 58114/114797 (51%) 18.959/ 0.353/982.774/23.466 ms  251 pps
[  3] 0.00-224.97 sec  126 datagrams received out-of-order
