------------------------------------------------------------
Server listening on UDP port 5001 with pid 10814
Receiving 1470 byte datagrams
UDP buffer size:  208 KByte (default)
------------------------------------------------------------
[  3] local 10.0.0.1 port 5001 connected with 10.0.0.4 port 43600
[ ID] Interval       Transfer     Bandwidth        Jitter   Lost/Total  Latency avg/min/max/stdev PPS
[  3] 0.00-5.00 sec  4.26 MBytes  7.15 Mbits/sec   0.708 ms  788/ 3828 (21%) 25.466/16.287/77.378/ 7.211 ms  608 pps
[  3] 5.00-10.00 sec  4.29 MBytes  7.20 Mbits/sec   0.588 ms  767/ 3827 (20%) 23.533/13.570/39.006/ 1.499 ms  612 pps
[  3] 10.00-15.00 sec  4.28 MBytes  7.18 Mbits/sec   0.456 ms  772/ 3826 (20%) 24.045/14.558/74.754/ 4.934 ms  611 pps
[  3] 15.00-20.00 sec  4.27 MBytes  7.16 Mbits/sec   0.847 ms  783/ 3827 (20%) 27.609/15.927/500.580/35.182 ms  609 pps
[  3] 15.00-20.00 sec  27 datagrams received out-of-order
[  3] 20.00-25.00 sec  4.34 MBytes  7.28 Mbits/sec   0.625 ms  730/ 3826 (19%) 23.828/17.594/41.754/ 2.003 ms  619 pps
[  3] 25.00-30.00 sec  4.33 MBytes  7.27 Mbits/sec   0.560 ms  738/ 3827 (19%) 23.780/14.985/42.912/ 1.802 ms  618 pps
[  3] 25.00-30.00 sec  1 datagrams received out-of-order
[  3] 30.00-35.00 sec  4.29 MBytes  7.20 Mbits/sec   0.734 ms  764/ 3825 (20%) 24.852/ 9.090/225.918/ 9.983 ms  612 pps
[  3] 30.00-35.00 sec  16 datagrams received out-of-order
[  3] 35.00-40.00 sec  4.36 MBytes  7.31 Mbits/sec   0.457 ms  720/ 3828 (19%) 23.547/12.124/36.613/ 1.350 ms  621 pps
[  3] 40.00-45.00 sec  4.35 MBytes  7.30 Mbits/sec   1.033 ms  722/ 3825 (19%) 23.646/13.721/46.176/ 1.999 ms  621 pps
[  3] 40.00-45.00 sec  1 datagrams received out-of-order
[  3] 45.00-50.00 sec  4.17 MBytes  7.00 Mbits/sec   1.238 ms  853/ 3830 (22%) 35.115/ 0.527/495.893/49.150 ms  595 pps
[  3] 45.00-50.00 sec  30 datagrams received out-of-order
[  3] 50.00-55.00 sec  4.30 MBytes  7.22 Mbits/sec   0.412 ms  757/ 3825 (20%) 23.603/13.243/34.913/ 1.372 ms  614 pps
[  3] 55.00-60.00 sec  4.30 MBytes  7.22 Mbits/sec   0.375 ms  756/ 3826 (20%) 23.621/17.531/36.983/ 1.336 ms  614 pps
[  3] 60.00-65.00 sec  4.36 MBytes  7.31 Mbits/sec   0.782 ms  717/ 3827 (19%) 23.873/14.016/55.827/ 2.364 ms  622 pps
[  3] 60.00-65.00 sec  9 datagrams received out-of-order
[  3] 65.00-70.00 sec  4.39 MBytes  7.36 Mbits/sec   0.852 ms  698/ 3826 (18%) 23.620/18.244/34.992/ 1.283 ms  626 pps
[  3] 70.00-75.00 sec  4.31 MBytes  7.23 Mbits/sec   0.641 ms  753/ 3826 (20%) 23.835/17.282/39.256/ 1.838 ms  615 pps
[  3] 70.00-75.00 sec  1 datagrams received out-of-order
[  3] 75.00-80.00 sec  4.15 MBytes  6.96 Mbits/sec   0.711 ms  866/ 3827 (23%) 33.829/ 1.715/959.231/74.923 ms  592 pps
[  3] 75.00-80.00 sec  42 datagrams received out-of-order
[  3] 80.00-85.00 sec  4.31 MBytes  7.22 Mbits/sec   0.809 ms  756/ 3827 (20%) 23.823/14.146/38.859/ 1.843 ms  614 pps
[  3] 80.00-85.00 sec  2 datagrams received out-of-order
[  3] 85.00-90.00 sec  4.35 MBytes  7.30 Mbits/sec   0.561 ms  722/ 3826 (19%) 23.776/18.987/38.776/ 1.727 ms  621 pps
[  3] 90.00-95.00 sec  4.30 MBytes  7.22 Mbits/sec   0.292 ms  759/ 3827 (20%) 24.717/14.184/125.919/ 7.400 ms  614 pps
[  3] 90.00-95.00 sec  16 datagrams received out-of-order
[  3] 95.00-100.00 sec  4.33 MBytes  7.27 Mbits/sec   0.919 ms  733/ 3823 (19%) 23.667/13.066/38.927/ 1.673 ms  618 pps
[  3] 95.00-100.00 sec  1 datagrams received out-of-order
[  3] 100.00-105.00 sec  4.30 MBytes  7.22 Mbits/sec   0.746 ms  762/ 3830 (20%) 23.769/11.363/43.443/ 1.920 ms  614 pps
[  3] 100.00-105.00 sec  2 datagrams received out-of-order
[  3] 105.00-110.00 sec  4.29 MBytes  7.19 Mbits/sec   0.541 ms  768/ 3827 (20%) 23.910/15.464/73.083/ 2.670 ms  612 pps
[  3] 105.00-110.00 sec  6 datagrams received out-of-order
[  3] 110.00-115.00 sec  4.31 MBytes  7.23 Mbits/sec   0.505 ms  750/ 3826 (20%) 23.532/16.413/33.007/ 1.154 ms  615 pps
[  3] 110.00-115.00 sec  1 datagrams received out-of-order
[  3] 115.00-120.00 sec  4.30 MBytes  7.22 Mbits/sec   1.008 ms  752/ 3822 (20%) 23.848/13.633/44.007/ 2.218 ms  614 pps
[  3] 115.00-120.00 sec  4 datagrams received out-of-order
[  3] 120.00-125.00 sec  4.34 MBytes  7.28 Mbits/sec   0.839 ms  733/ 3830 (19%) 24.528/ 2.358/164.806/ 8.047 ms  619 pps
[  3] 120.00-125.00 sec  20 datagrams received out-of-order
[  3] 125.00-130.00 sec  4.33 MBytes  7.26 Mbits/sec   0.878 ms  738/ 3825 (19%) 23.704/19.019/46.079/ 1.678 ms  617 pps
[  3] 130.00-135.00 sec  4.37 MBytes  7.33 Mbits/sec   0.598 ms  711/ 3829 (19%) 23.986/10.619/48.901/ 3.003 ms  624 pps
[  3] 135.00-140.00 sec  4.31 MBytes  7.23 Mbits/sec   0.511 ms  752/ 3827 (20%) 23.670/16.213/90.802/ 3.243 ms  615 pps
[  3] 135.00-140.00 sec  10 datagrams received out-of-order
[  3] 140.00-145.00 sec  4.26 MBytes  7.14 Mbits/sec   1.535 ms  786/ 3823 (21%) 23.709/10.043/40.069/ 1.791 ms  607 pps
[  3] 145.00-150.00 sec  4.32 MBytes  7.24 Mbits/sec   0.712 ms  749/ 3829 (20%) 23.772/11.053/39.734/ 1.846 ms  616 pps
[  3] 150.00-155.00 sec  4.33 MBytes  7.26 Mbits/sec   0.715 ms  741/ 3827 (19%) 24.387/11.912/69.299/ 5.331 ms  617 pps
[  3] 150.00-155.00 sec  4 datagrams received out-of-order
[  3] 155.00-160.00 sec  4.36 MBytes  7.32 Mbits/sec   0.725 ms  716/ 3828 (19%) 23.648/16.746/39.032/ 1.518 ms  622 pps
[  3] 160.00-165.00 sec  4.30 MBytes  7.21 Mbits/sec   0.872 ms  759/ 3825 (20%) 23.824/18.972/41.320/ 1.884 ms  613 pps
[  3] 160.00-165.00 sec  1 datagrams received out-of-order
[  3] 165.00-170.00 sec  4.22 MBytes  7.08 Mbits/sec   0.316 ms  815/ 3827 (21%) 29.303/ 5.259/177.488/17.263 ms  602 pps
[  3] 165.00-170.00 sec  15 datagrams received out-of-order
[  3] 170.00-175.00 sec  4.32 MBytes  7.24 Mbits/sec   0.452 ms  746/ 3826 (19%) 23.766/13.210/41.690/ 2.088 ms  616 pps
[  3] 175.00-180.00 sec  4.21 MBytes  7.06 Mbits/sec   0.655 ms  825/ 3827 (22%) 24.545/18.515/53.936/ 4.372 ms  600 pps
[  3] 180.00-185.00 sec  4.17 MBytes  6.99 Mbits/sec   0.767 ms  855/ 3826 (22%) 26.013/ 2.578/199.902/ 9.877 ms  594 pps
[  3] 180.00-185.00 sec  14 datagrams received out-of-order
[  3] 185.00-190.00 sec  4.23 MBytes  7.10 Mbits/sec   0.557 ms  809/ 3827 (21%) 24.025/14.810/43.776/ 2.117 ms  604 pps
[  3] 185.00-190.00 sec  1 datagrams received out-of-order
[  3] 0.00-195.00 sec   168 MBytes  7.21 Mbits/sec   0.759 ms 29739/149236 (20%) 24.729/ 0.527/959.231/16.076 ms  612 pps
[  3] 0.00-195.00 sec  224 datagrams received out-of-order
