------------------------------------------------------------
Server listening on UDP port 5001 with pid 10844
Receiving 1470 byte datagrams
UDP buffer size:  208 KByte (default)
------------------------------------------------------------
[  3] local 10.0.0.7 port 5001 connected with 10.0.0.5 port 55201
[ ID] Interval       Transfer     Bandwidth        Jitter   Lost/Total  Latency avg/min/max/stdev PPS
[  3] 0.00-5.00 sec  3.04 MBytes  5.10 Mbits/sec   0.216 ms   33/ 2169 (1.5%)  5.147/ 0.451/227.948/22.686 ms  434 pps
[  3] 0.00-5.00 sec  33 datagrams received out-of-order
[  3] 5.00-10.00 sec  2.98 MBytes  5.00 Mbits/sec   0.562 ms    0/ 2126 (0%)  1.031/ 0.455/12.491/ 1.120 ms  425 pps
[  3] 10.00-15.00 sec  2.96 MBytes  4.97 Mbits/sec   2.302 ms    0/ 2112 (0%)  1.445/ 0.434/42.783/ 3.357 ms  422 pps
[  3] 15.00-20.00 sec  3.00 MBytes  5.03 Mbits/sec   1.401 ms    6/ 2139 (0.28%)  2.055/ 0.467/40.497/ 4.068 ms  428 pps
[  3] 15.00-20.00 sec  6 datagrams received out-of-order
[  3] 20.00-25.00 sec  2.98 MBytes  5.00 Mbits/sec   0.747 ms    0/ 2126 (0%)  1.192/ 0.466/15.702/ 1.228 ms  425 pps
[  3] 25.00-30.00 sec  2.98 MBytes  5.00 Mbits/sec   0.734 ms    0/ 2126 (0%)  1.251/ 0.463/15.250/ 1.487 ms  425 pps
[  3] 30.00-35.00 sec  2.98 MBytes  5.00 Mbits/sec   1.381 ms    5/ 2125 (0.24%)  1.481/ 0.429/27.327/ 2.032 ms  424 pps
[  3] 30.00-35.00 sec  5 datagrams received out-of-order
[  3] 35.00-40.00 sec  2.98 MBytes  5.00 Mbits/sec   0.617 ms    0/ 2127 (0%)  1.360/ 0.422/16.449/ 1.695 ms  426 pps
[  3] 40.00-45.00 sec  2.97 MBytes  4.97 Mbits/sec   2.210 ms    0/ 2115 (0%)  1.659/ 0.454/29.028/ 2.721 ms  423 pps
[  3] 45.00-50.00 sec  3.00 MBytes  5.03 Mbits/sec   0.434 ms    3/ 2137 (0.14%)  6.685/ 0.421/50.137/10.106 ms  428 pps
[  3] 45.00-50.00 sec  3 datagrams received out-of-order
[  3] 50.00-55.00 sec  2.98 MBytes  5.00 Mbits/sec   0.493 ms    0/ 2125 (0%)  1.413/ 0.416/16.396/ 1.420 ms  425 pps
[  3] 55.00-60.00 sec  2.96 MBytes  4.96 Mbits/sec   2.149 ms    0/ 2110 (0%)  4.405/ 0.437/63.248/ 8.957 ms  421 pps
[  3] 60.00-65.00 sec  3.00 MBytes  5.04 Mbits/sec   1.306 ms    4/ 2142 (0.19%)  4.251/ 0.431/54.904/ 9.247 ms  429 pps
[  3] 60.00-65.00 sec  4 datagrams received out-of-order
[  3] 65.00-70.00 sec  2.98 MBytes  5.00 Mbits/sec   0.654 ms    0/ 2126 (0%)  1.863/ 0.432/41.856/ 3.417 ms  426 pps
[  3] 70.00-75.00 sec  2.98 MBytes  5.00 Mbits/sec   0.655 ms    0/ 2126 (0%)  2.049/ 0.422/33.550/ 4.500 ms  426 pps
[  3] 75.00-80.00 sec  2.98 MBytes  5.00 Mbits/sec   0.388 ms    2/ 2126 (0.094%)  1.723/ 0.420/26.591/ 2.707 ms  425 pps
[  3] 75.00-80.00 sec  2 datagrams received out-of-order
[  3] 80.00-85.00 sec  2.98 MBytes  5.00 Mbits/sec   0.966 ms    0/ 2126 (0%)  3.636/ 0.426/30.299/ 5.193 ms  425 pps
[  3] 85.00-90.00 sec  2.98 MBytes  5.00 Mbits/sec   0.476 ms    0/ 2126 (0%)  2.923/ 0.438/33.967/ 3.885 ms  425 pps
[  3] 90.00-95.00 sec  2.98 MBytes  5.00 Mbits/sec   0.393 ms    3/ 2125 (0.14%)  2.879/ 0.426/26.781/ 3.625 ms  425 pps
[  3] 90.00-95.00 sec  3 datagrams received out-of-order
[  3] 95.00-100.00 sec  2.98 MBytes  5.00 Mbits/sec   0.601 ms    0/ 2126 (0%)  3.358/ 0.468/40.518/ 5.054 ms  425 pps
[  3] 100.00-105.00 sec  2.98 MBytes  5.00 Mbits/sec   0.631 ms    0/ 2126 (0%)  3.920/ 0.469/37.803/ 5.345 ms  425 pps
[  3] 105.00-110.00 sec  2.97 MBytes  4.99 Mbits/sec   1.410 ms    4/ 2122 (0.19%)  2.050/ 0.459/28.865/ 2.446 ms  425 pps
[  3] 105.00-110.00 sec  4 datagrams received out-of-order
[  3] 110.00-115.00 sec  2.99 MBytes  5.01 Mbits/sec   0.712 ms    0/ 2130 (0%)  3.182/ 0.435/32.099/ 4.518 ms  426 pps
[  3] 115.00-120.00 sec  2.98 MBytes  5.00 Mbits/sec   0.423 ms    0/ 2125 (0%)  2.157/ 0.425/26.557/ 3.403 ms  423 pps
[  3] 120.00-125.00 sec  2.98 MBytes  5.00 Mbits/sec   0.695 ms    7/ 2126 (0.33%)  2.626/ 0.409/59.640/ 4.776 ms  427 pps
[  3] 120.00-125.00 sec  7 datagrams received out-of-order
[  3] 125.00-130.00 sec  2.98 MBytes  5.00 Mbits/sec   0.484 ms    0/ 2126 (0%)  2.077/ 0.354/20.114/ 3.001 ms  425 pps
[  3] 130.00-135.00 sec  2.98 MBytes  5.00 Mbits/sec   0.599 ms    0/ 2126 (0%)  3.378/ 0.428/47.686/ 6.692 ms  425 pps
[  3] 135.00-140.00 sec  2.98 MBytes  5.00 Mbits/sec   1.257 ms    1/ 2125 (0.047%)  1.742/ 0.386/23.904/ 2.540 ms  424 pps
[  3] 135.00-140.00 sec  1 datagrams received out-of-order
[  3] 140.00-145.00 sec  2.98 MBytes  5.00 Mbits/sec   0.541 ms    0/ 2127 (0%)  3.027/ 0.426/40.261/ 4.953 ms  426 pps
[  3] 145.00-150.00 sec  2.98 MBytes  5.00 Mbits/sec   0.513 ms    0/ 2126 (0%)  3.516/ 0.456/33.796/ 5.282 ms  424 pps
[  3] 150.00-155.00 sec  2.98 MBytes  5.00 Mbits/sec   0.261 ms    7/ 2126 (0.33%)  2.052/ 0.435/89.379/ 5.418 ms  426 pps
[  3] 150.00-155.00 sec  7 datagrams received out-of-order
[  3] 155.00-160.00 sec  2.98 MBytes  5.00 Mbits/sec   0.676 ms    0/ 2125 (0%)  1.335/ 0.408/14.264/ 1.372 ms  425 pps
[  3] 160.00-165.00 sec  2.98 MBytes  5.00 Mbits/sec   0.458 ms    0/ 2126 (0%)  1.721/ 0.425/29.328/ 3.366 ms  424 pps
[  3] 165.00-170.00 sec  2.98 MBytes  5.00 Mbits/sec   0.992 ms    4/ 2126 (0.19%)  1.558/ 0.416/25.447/ 2.066 ms  426 pps
[  3] 165.00-170.00 sec  4 datagrams received out-of-order
[  3] 170.00-175.00 sec  2.98 MBytes  5.00 Mbits/sec   1.052 ms    0/ 2125 (0%)  1.207/ 0.423/10.897/ 1.033 ms  426 pps
[  3] 175.00-180.00 sec  2.98 MBytes  5.00 Mbits/sec   0.798 ms    0/ 2127 (0%)  1.372/ 0.420/16.938/ 1.635 ms  426 pps
[  3] 180.00-185.00 sec  2.98 MBytes  5.00 Mbits/sec   0.495 ms    2/ 2125 (0.094%)  2.347/ 0.414/43.353/ 4.768 ms  425 pps
[  3] 180.00-185.00 sec  2 datagrams received out-of-order
[  3] 185.00-190.00 sec  2.98 MBytes  5.00 Mbits/sec   0.931 ms    0/ 2126 (0%)  1.784/ 0.427/28.999/ 2.707 ms  425 pps
[  3] 190.00-195.00 sec  2.98 MBytes  5.00 Mbits/sec   0.611 ms    0/ 2127 (0%)  2.134/ 0.424/27.414/ 3.285 ms  425 pps
[  3] 195.00-200.00 sec  2.98 MBytes  5.00 Mbits/sec   1.180 ms    1/ 2125 (0.047%)  1.684/ 0.416/29.009/ 2.805 ms  425 pps
[  3] 195.00-200.00 sec  1 datagrams received out-of-order
[  3] 200.00-205.00 sec  2.98 MBytes  5.00 Mbits/sec   0.914 ms    0/ 2126 (0%)  1.384/ 0.428/16.905/ 1.697 ms  426 pps
[  3] 205.00-210.00 sec  2.98 MBytes  5.00 Mbits/sec   1.519 ms    0/ 2125 (0%)  1.237/ 0.427/16.631/ 1.099 ms  424 pps
[  3] 210.00-215.00 sec  2.98 MBytes  5.00 Mbits/sec   0.555 ms    2/ 2127 (0.094%)  1.524/ 0.425/18.453/ 2.207 ms  427 pps
[  3] 210.00-215.00 sec  2 datagrams received out-of-order
[  3] 215.00-220.00 sec  2.98 MBytes  5.00 Mbits/sec   0.676 ms    0/ 2126 (0%)  1.380/ 0.416/21.051/ 1.847 ms  425 pps
[  3] 0.00-224.91 sec   134 MBytes  5.00 Mbits/sec   0.790 ms   84/95665 (0.088%)  2.309/ 0.354/227.948/ 5.464 ms  425 pps
[  3] 0.00-224.91 sec  84 datagrams received out-of-order
