------------------------------------------------------------
Server listening on UDP port 5001 with pid 10868
Receiving 1470 byte datagrams
UDP buffer size:  208 KByte (default)
------------------------------------------------------------
[  3] local 10.0.0.4 port 5001 connected with 10.0.0.7 port 35903
[ ID] Interval       Transfer     Bandwidth        Jitter   Lost/Total  Latency avg/min/max/stdev PPS
[  3] 0.00-5.00 sec  4.22 MBytes  7.07 Mbits/sec   0.341 ms    6/ 3008 (0.2%)  3.163/ 0.741/56.547/ 5.564 ms  601 pps
[  3] 0.00-5.00 sec  6 datagrams received out-of-order
[  3] 5.00-10.00 sec  4.17 MBytes  7.00 Mbits/sec   0.576 ms    0/ 2976 (0%)  1.468/ 0.739/12.416/ 0.952 ms  595 pps
[  3] 10.00-15.00 sec  4.16 MBytes  6.97 Mbits/sec   1.559 ms    0/ 2965 (0%)  2.776/ 0.741/54.682/ 5.976 ms  592 pps
[  3] 15.00-20.00 sec  4.19 MBytes  7.02 Mbits/sec   0.985 ms    5/ 2986 (0.17%)  2.049/ 0.749/29.787/ 3.003 ms  598 pps
[  3] 15.00-20.00 sec  5 datagrams received out-of-order
[  3] 20.00-25.00 sec  4.17 MBytes  7.00 Mbits/sec   0.653 ms    0/ 2975 (0%)  1.665/ 0.732/32.188/ 2.228 ms  596 pps
[  3] 25.00-30.00 sec  4.18 MBytes  7.01 Mbits/sec   0.671 ms    0/ 2980 (0%)  1.646/ 0.734/24.546/ 2.437 ms  596 pps
[  3] 30.00-35.00 sec  4.17 MBytes  7.00 Mbits/sec   0.299 ms    4/ 2976 (0.13%)  1.518/ 0.756/18.332/ 1.583 ms  595 pps
[  3] 30.00-35.00 sec  4 datagrams received out-of-order
[  3] 35.00-40.00 sec  4.17 MBytes  7.00 Mbits/sec   0.477 ms    0/ 2975 (0%)  1.981/ 0.442/24.098/ 2.282 ms  595 pps
[  3] 40.00-45.00 sec  4.17 MBytes  7.00 Mbits/sec   0.360 ms    0/ 2976 (0%)  2.115/ 0.763/24.863/ 2.377 ms  595 pps
[  3] 45.00-50.00 sec  4.17 MBytes  7.00 Mbits/sec   0.411 ms    0/ 2977 (0%)  2.017/ 0.739/20.651/ 2.250 ms  595 pps
[  3] 50.00-55.00 sec  4.17 MBytes  7.00 Mbits/sec   0.311 ms    0/ 2976 (0%)  2.090/ 0.761/18.948/ 2.140 ms  595 pps
[  3] 55.00-60.00 sec  4.17 MBytes  7.00 Mbits/sec   0.478 ms    0/ 2976 (0%)  2.460/ 0.759/27.732/ 3.233 ms  595 pps
[  3] 60.00-65.00 sec  4.17 MBytes  7.00 Mbits/sec   1.104 ms    5/ 2977 (0.17%)  1.773/ 0.790/22.932/ 1.737 ms  595 pps
[  3] 60.00-65.00 sec  5 datagrams received out-of-order
[  3] 65.00-70.00 sec  4.17 MBytes  7.00 Mbits/sec   0.444 ms    0/ 2975 (0%)  2.265/ 0.768/24.978/ 2.725 ms  595 pps
[  3] 70.00-75.00 sec  4.17 MBytes  7.00 Mbits/sec   0.178 ms    0/ 2977 (0%)  1.641/ 0.747/16.923/ 1.649 ms  595 pps
[  3] 75.00-80.00 sec  4.17 MBytes  7.00 Mbits/sec   0.618 ms    4/ 2977 (0.13%)  1.852/ 0.732/26.653/ 2.258 ms  595 pps
[  3] 75.00-80.00 sec  4 datagrams received out-of-order
[  3] 80.00-85.00 sec  4.17 MBytes  7.00 Mbits/sec   0.285 ms    0/ 2975 (0%)  1.595/ 0.510/16.550/ 1.563 ms  595 pps
[  3] 85.00-90.00 sec  4.17 MBytes  7.00 Mbits/sec   0.839 ms    0/ 2975 (0%)  1.734/ 0.740/14.989/ 1.800 ms  594 pps
[  3] 90.00-95.00 sec  4.17 MBytes  7.00 Mbits/sec   1.060 ms    3/ 2975 (0.1%)  1.558/ 0.730/16.489/ 1.423 ms  595 pps
[  3] 90.00-95.00 sec  3 datagrams received out-of-order
[  3] 95.00-100.00 sec  4.18 MBytes  7.01 Mbits/sec   0.244 ms    0/ 2979 (0%)  1.926/ 0.767/20.064/ 2.079 ms  597 pps
[  3] 100.00-105.00 sec  4.17 MBytes  6.99 Mbits/sec   0.818 ms    0/ 2974 (0%)  2.074/ 0.750/18.392/ 2.311 ms  594 pps
[  3] 105.00-110.00 sec  4.18 MBytes  7.01 Mbits/sec   0.317 ms    4/ 2979 (0.13%)  1.673/ 0.724/16.996/ 1.715 ms  596 pps
[  3] 105.00-110.00 sec  4 datagrams received out-of-order
[  3] 110.00-115.00 sec  4.17 MBytes  7.00 Mbits/sec   0.491 ms    0/ 2975 (0%)  1.367/ 0.709/10.387/ 0.912 ms  595 pps
[  3] 115.00-120.00 sec  4.17 MBytes  7.00 Mbits/sec   0.438 ms    0/ 2977 (0%)  1.574/ 0.737/26.455/ 2.256 ms  595 pps
[  3] 120.00-125.00 sec  4.17 MBytes  6.99 Mbits/sec   0.755 ms    5/ 2974 (0.17%)  1.518/ 0.738/19.619/ 1.561 ms  594 pps
[  3] 120.00-125.00 sec  5 datagrams received out-of-order
[  3] 125.00-130.00 sec  4.17 MBytes  7.00 Mbits/sec   0.751 ms    0/ 2976 (0%)  1.329/ 0.728/11.414/ 0.883 ms  596 pps
[  3] 130.00-135.00 sec  4.17 MBytes  7.00 Mbits/sec   0.660 ms    0/ 2978 (0%)  1.438/ 0.710/15.495/ 1.281 ms  596 pps
[  3] 135.00-140.00 sec  4.17 MBytes  7.00 Mbits/sec   0.382 ms    7/ 2977 (0.24%)  1.757/ 0.732/30.021/ 2.263 ms  595 pps
[  3] 135.00-140.00 sec  7 datagrams received out-of-order
[  3] 140.00-145.00 sec  4.17 MBytes  6.99 Mbits/sec   0.675 ms    0/ 2974 (0%)  1.616/ 0.722/19.712/ 1.781 ms  595 pps
[  3] 145.00-150.00 sec  4.17 MBytes  7.00 Mbits/sec   0.475 ms    0/ 2977 (0%)  1.809/ 0.735/23.648/ 2.305 ms  595 pps
[  3] 150.00-155.00 sec  4.17 MBytes  7.00 Mbits/sec   0.819 ms    8/ 2975 (0.27%)  1.553/ 0.743/33.310/ 1.853 ms  595 pps
[  3] 150.00-155.00 sec  8 datagrams received out-of-order
[  3] 155.00-160.00 sec  4.17 MBytes  7.00 Mbits/sec   0.736 ms    0/ 2978 (0%)  1.415/ 0.750/15.126/ 1.290 ms  596 pps
[  3] 160.00-165.00 sec  4.17 MBytes  6.99 Mbits/sec   1.239 ms    0/ 2974 (0%)  1.365/ 0.729/15.887/ 0.935 ms  594 pps
[  3] 165.00-170.00 sec  4.18 MBytes  7.01 Mbits/sec   0.434 ms    4/ 2979 (0.13%)  1.523/ 0.744/23.879/ 1.712 ms  597 pps
[  3] 165.00-170.00 sec  4 datagrams received out-of-order
[  3] 170.00-175.00 sec  4.17 MBytes  7.00 Mbits/sec   0.519 ms    0/ 2976 (0%)  1.460/ 0.737/22.979/ 1.505 ms  595 pps
[  3] 175.00-180.00 sec  4.17 MBytes  7.00 Mbits/sec   0.548 ms    0/ 2976 (0%)  1.498/ 0.738/11.896/ 1.043 ms  595 pps
[  3] 180.00-185.00 sec  4.17 MBytes  7.00 Mbits/sec   0.342 ms    5/ 2976 (0.17%)  1.363/ 0.683/27.146/ 1.524 ms  595 pps
[  3] 180.00-185.00 sec  5 datagrams received out-of-order
[  3] 185.00-190.00 sec  4.17 MBytes  7.00 Mbits/sec   0.191 ms    0/ 2976 (0%)  1.228/ 0.697/12.246/ 0.847 ms  595 pps
[  3] 190.00-195.00 sec  4.17 MBytes  7.00 Mbits/sec   0.363 ms    0/ 2976 (0%)  1.302/ 0.685/18.548/ 1.273 ms  595 pps
[  3] 195.00-200.00 sec  4.17 MBytes  7.00 Mbits/sec   0.263 ms    1/ 2977 (0.034%)  2.853/ 0.732/57.033/ 6.170 ms  595 pps
[  3] 195.00-200.00 sec  1 datagrams received out-of-order
[  3] 200.00-205.00 sec  4.17 MBytes  7.00 Mbits/sec   0.430 ms    0/ 2976 (0%)  1.470/ 0.731/16.577/ 1.273 ms  595 pps
[  3] 205.00-210.00 sec  4.17 MBytes  7.00 Mbits/sec   0.374 ms    0/ 2976 (0%)  1.735/ 0.745/25.132/ 2.394 ms  595 pps
[  3] 210.00-215.00 sec  4.17 MBytes  7.00 Mbits/sec   0.428 ms    0/ 2977 (0%)  1.742/ 0.743/21.308/ 2.145 ms  595 pps
[  3] 215.00-220.00 sec  4.17 MBytes  7.00 Mbits/sec   0.286 ms    0/ 2976 (0%)  1.374/ 0.728/18.122/ 1.145 ms  595 pps
[  3] 0.00-224.95 sec   188 MBytes  7.00 Mbits/sec   0.678 ms   61/133930 (0.046%)  1.753/ 0.442/57.033/ 2.418 ms  595 pps
[  3] 0.00-224.95 sec  61 datagrams received out-of-order
