Bandwidth      Lost      Total Datagrams       avglatntence       maxlatntence
5.10           33             2169                5.147    
5.00           0              2126                1.031    
4.97           0              2112                1.445    
5.03           6              2139                2.055    
5.00           0              2126                1.192    
5.00           0              2126                1.251    
5.00           5              2125                1.481    
5.00           0              2127                1.360    
4.97           0              2115                1.659    
5.03           3              2137                6.685    
5.00           0              2125                1.413    
4.96           0              2110                4.405    
5.04           4              2142                4.251    
5.00           0              2126                1.863    
5.00           0              2126                2.049    
5.00           2              2126                1.723    
5.00           0              2126                3.636    
5.00           0              2126                2.923    
5.00           3              2125                2.879    
5.00           0              2126                3.358    
5.00           0              2126                3.920    
4.99           4              2122                2.050    
5.01           0              2130                3.182    
5.00           0              2125                2.157    
5.00           7              2126                2.626    
5.00           0              2126                2.077    
5.00           0              2126                3.378    
5.00           1              2125                1.742    
5.00           0              2127                3.027    
5.00           0              2126                3.516    
5.00           7              2126                2.052    
5.00           0              2125                1.335    
5.00           0              2126                1.721    
5.00           4              2126                1.558    
5.00           0              2125                1.207    
5.00           0              2127                1.372    
5.00           2              2125                2.347    
5.00           0              2126                1.784    
5.00           0              2127                2.134    
5.00           1              2125                1.684    
5.00           0              2126                1.384    
5.00           0              2125                1.237    
5.00           2              2127                1.524    
5.00           0              2126                1.380    
5.00           84/9566        (0.088%)            0.354                        
5.023333  	5.010000  	4.990000  	4.996667  	5.013333  	5.000000  	5.000000  	5.000000  	5.000000  	5.000000  	5.000000  	5.000000  	5.000000  	5.000000  	5.000000  	
 sum=102.554000 count=45.000000  2.278978 