Bandwidth      Lost      Total Datagrams       avglatntence       maxlatntence
7.15           788            3828                25.466              77.378   
7.20           767            3827                23.533              39.006   
7.18           772            3826                24.045              74.754   
7.16           783            3827                27.609              500.580  
7.28           730            3826                23.828              41.754   
7.27           738            3827                23.780              42.912   
7.20           764            3825                24.852   
7.31           720            3828                23.547              36.613   
7.30           722            3825                23.646              46.176   
7.00           853            3830                35.115   
7.22           757            3825                23.603              34.913   
7.22           756            3826                23.621              36.983   
7.31           717            3827                23.873              55.827   
7.36           698            3826                23.620              34.992   
7.23           753            3826                23.835              39.256   
6.96           866            3827                33.829   
7.22           756            3827                23.823              38.859   
7.30           722            3826                23.776              38.776   
7.22           759            3827                24.717              125.919  
7.27           733            3823                23.667              38.927   
7.22           762            3830                23.769              43.443   
7.19           768            3827                23.910              73.083   
7.23           750            3826                23.532              33.007   
7.22           752            3822                23.848              44.007   
7.28           733            3830                24.528   
7.26           738            3825                23.704              46.079   
7.33           711            3829                23.986              48.901   
7.23           752            3827                23.670              90.802   
7.14           786            3823                23.709              40.069   
7.24           749            3829                23.772              39.734   
7.26           741            3827                24.387              69.299   
7.32           716            3828                23.648              39.032   
7.21           759            3825                23.824              41.320   
7.08           815            3827                29.303   
7.24           746            3826                23.766              41.690   
7.06           825            3827                24.545              53.936   
6.99           855            3826                26.013   
7.10           809            3827                24.025              43.776   
7.21           29739/14923      (20%)               0.527               16.076   
7.176667  	7.236667  	7.270000  	7.146667  	7.300000  	7.160000  	7.236667  	7.213333  	7.290000  	7.203333  	7.263333  	7.126667  	7.100000  	
 sum=942.251000 count=39.000000  24.160282