Bandwidth      Lost      Total Datagrams       avglatntence       maxlatntence
6.03           10             2562                1.289    
6.00           0              2550                0.446    
6.00           0              2552                0.470    
6.00           0              2551                0.467    
6.00           0              2551                0.446    
6.00           0              2551                0.527    
6.00           3              2551                0.418    
6.00           0              2550                0.631    
6.00           0              2552                0.485    
6.00           2              2551                0.537    
6.00           0              2551                0.429    
6.00           0              2551                0.590    
6.00           0              2551                0.576    
6.00           0              2551                0.468    
6.00           0              2551                0.440    
6.00           2              2551                0.430    
6.00           0              2551                0.405    
6.00           0              2551                0.464    
6.00           2              2551                0.446    
6.00           0              2551                0.422    
6.00           0              2551                0.471    
6.00           3              2551                0.515    
6.00           0              2551                0.464    
6.00           0              2551                0.492    
6.00           4              2551                0.501    
6.00           0              2551                0.467    
6.00           0              2551                0.428    
6.00           1              2551                0.485    
6.00           0              2551                0.388    
6.00           0              2551                0.554    
6.00           2              2551                0.761    
6.00           0              2551                0.448    
6.00           0              2551                0.520    
6.00           2              2551                0.884    
6.00           0              2551                0.911    
6.00           0              2551                0.846    
6.00           0              2552                1.120    
6.00           0              2550                0.854    
6.00           0              2552                0.881    
6.00           0              2550                0.962    
5.99           0              2548                0.532    
6.01           0              2554                0.511    
6.00           1              2551                0.466    
6.00           0              2552                0.625    
6.00           0              2551                0.491    
6.00           0              2550                1.015    
6.00           0              2552                0.763    
6.00           0              2551                0.808    
6.00           0              2551                0.473    
6.00           0              2550                0.426    
6.00           0              2552                0.458               11.869   
6.00           2              2551                0.393    
6.00           0              2551                0.477    
6.00           0              2551                0.476    
6.00           0              2551                0.429                        
6.00           0              2551                0.418                        
6.00           0              2551                0.423    
6.00           2              2551                0.699               23.470   
6.00           0              2550                0.429    
6.00           2/15306        (0.0013%)           1.39     
6.010000  	6.000000  	6.000000  	6.000000  	6.000000  	6.000000  	6.000000  	6.000000  	6.000000  	6.000000  	6.000000  	6.000000  	6.000000  	6.000000  	6.000000  	6.000000  	6.000000  	6.000000  	6.000000  	6.000000  	
 sum=35.040000 count=60.000000  0.584000 