Bandwidth      Lost      Total Datagrams       avglatntence       maxlatntence
8.94           44             3847                7.931    
9.00           0              3827                1.205    
9.00           0              3827                0.763    
9.00           0              3826                1.025    
9.00           0              3827                0.725    
9.00           0              3826                0.954    
9.00           0              3827                0.825    
9.00           0              3826                1.020    
9.00           0              3827                0.745    
9.00           4              3826                0.787    
9.00           0              3827                0.931    
8.99           2              3823                0.848    
9.01           7              3830                1.206    
9.00           0              3827                0.794    
9.00           0              3826                0.705    
9.00           0              3826                2.841    
9.00           0              3827                0.990    
9.00           0              3825                0.804    
9.00           2              3828                0.964    
9.00           0              3827                0.968    
9.00           0              3826                0.856    
9.00           3              3827                1.247    
8.99           3              3826                4.531    
9.00           0              3827                0.916    
9.00           0              3826                0.928    
9.00           0              3827                0.937    
9.00           0              3826                0.991    
9.00           5              3827                1.358    
9.00           0              3826                0.915    
9.00           0              3827                1.426    
9.00           1              3827                3.095    
9.00           0              3826                1.113    
9.00           0              3826                0.944    
9.00           11             3827                1.690    
9.00           0              3827                1.160    
9.00           0              3826                1.053    
9.00           5              3827                0.923    
9.00           0              3826                0.853    
9.00           0              3827                0.911    
9.00           25             3826                2.125    
9.00           0              3827                0.937    
9.00           0              3826                1.025    
9.00           3              3827                1.102    
9.00           0              3826                1.057    
9.00           0              3827                0.952    
9.00           6              3826                1.718    
9.00           0              3827                0.969    
9.00           0              3827                1.055    
9.00           0              3826                0.955    
9.00           0              3826                1.114    
9.00           0              3827                0.814    
8.99           2              3824                1.267    
9.01           0              3829                2.327    
9.00           0              3827                0.923    
9.00           1              3826                1.279    
8.99           5              3826                3.360    
9.00           0              3827                1.908    
9.00           1              3826                1.569    
9.00           2              3827                3.478    
9.00           55/22959       (0.024%)            0.072                        
8.980000  	9.000000  	9.000000  	8.996667  	9.003333  	9.000000  	9.000000  	8.996667  	9.000000  	9.000000  	9.000000  	9.000000  	9.000000  	9.000000  	9.000000  	9.000000  	9.000000  	9.000000  	8.996667  	9.000000  	
 sum=82.884000 count=60.000000  1.381400 