Bandwidth      Lost      Total Datagrams       avglatntence       maxlatntence
3.54           1070           2574                26.214   
3.50           1065           2552                23.380              39.949   
3.46           1078           2550                23.272              35.375   
3.48           1069           2548                23.377              38.448   
3.48           1077           2556                23.428              36.631   
3.47           1072           2549                23.257              35.156   
3.46           1075           2548                23.500              48.677   
3.45           1090           2555                26.846              84.347   
3.41           1100           2550                23.396              36.199   
3.43           1092           2552                23.511              42.758   
3.34           1130           2552                23.490              37.685   
3.51           1056           2550                23.342              42.371   
3.37           1123           2554                23.548              49.304   
3.27           1158           2547                23.352              38.781   
3.26           1164           2551                23.813              46.259   
3.31           1144           2551                23.642              48.800   
3.31           1148           2554                23.593              39.914   
3.35           1123           2547                23.361              36.287   
3.26           1164           2552                23.890              51.529   
3.40           1104           2551                23.580              41.288   
3.25           1169           2550                23.608              46.405   
3.46           1079           2552                23.417              37.918   
3.29           1151           2551                23.298              34.840   
3.35           1127           2553                23.322              38.541   
3.49           1063           2547                23.449              34.964   
3.27           1160           2550                23.407              36.241   
3.46           1082           2554                23.388              36.397   
3.40           1105           2552                23.495              37.796   
3.34           1129           2550                23.555              36.162   
3.41           1101           2552                23.391              37.359   
3.32           1140           2550                23.747              47.532   
3.37           1115           2549                23.530              38.987   
3.58           1033           2554                23.557              42.837   
3.31           1141           2550                23.515              42.595   
3.36           1124           2553                23.508              43.638   
3.36           1121           2549                23.277              33.883   
3.39           1110           2553                23.628              45.825   
3.43           1090           2548                24.314              62.967   
3.46           1080           2552                23.418              36.898   
3.25           1171           2551                23.663              46.116   
3.37           1123           2555                25.738   
3.53           1045           2547                24.709              42.493   
3.52           1049           2546                24.307              40.569   
3.45           1087           2555                25.546              66.943   
3.47           1087           2564                24.194   
5.99           0              2547                1.642    
6.00           0              2551                1.656    
6.01           0              2555                1.040    
6.00           0              2551                1.003    
6.00           0              2551                0.941    
6.00           0              2551                1.144    
6.00           2              2551                0.967    
6.00           0              2551                1.819    
6.00           0              2551                1.303    
6.00           0              2549                1.332    
6.00           0              2553                0.978    
6.00           0              2551                0.877    
5.99           0              2547                0.891    
6.01           0              2554                0.806    
4.05           49784/15306      (33%)               0.274               11.407   
3.500000  	3.476667  	3.440000  	3.426667  	3.300000  	3.323333  	3.303333  	3.366667  	3.406667  	3.383333  	3.423333  	3.343333  	3.426667  	3.383333  	3.480000  	6.000000  	6.000000  	6.000000  	6.000000  	5.350000  	
 sum=1087.446000 count=60.000000  18.124100