Bandwidth      Lost      Total Datagrams       avglatntence       maxlatntence
8.03           1              3413                0.816    
8.00           0              3401                0.502    
8.00           0              3400                0.444               13.489   
8.01           0              3404                2.329    
8.00           0              3401                0.475    
7.99           3              3401                1.279    
7.99           3              3401                2.769    
8.00           0              3402                0.580    
8.00           0              3401                0.554    
8.00           32             3402                3.283    
8.00           0              3401                0.461    
7.99           0              3399                0.544    
7.79           90             3404                16.597   
8.00           0              3400                0.490               10.029   
8.00           0              3402                0.490    
8.00           1              3402                0.626    
8.00           0              3401                0.473    
8.00           0              3401                0.579    
8.00           1              3402                3.415    
8.00           0              3401                0.575    
8.00           0              3402                0.518    
8.00           0              3401                1.218    
7.99           0              3396                0.483    
8.01           0              3407                0.605    
8.00           0              3401                0.656    
8.00           0              3401                0.453    
7.99           0              3396                0.598    
8.01           0              3407                0.728    
8.00           0              3401                0.547    
8.00           0              3402                0.705    
7.99           3              3401                2.639    
7.99           0              3397                0.546    
8.01           0              3406                0.556    
8.00           15             3401                1.298    
8.00           0              3402                0.500    
8.00           0              3401                0.584    
8.00           9              3401                3.190    
8.00           0              3402                0.624    
8.00           0              3401                0.978    
7.35           262            3386                23.194   
7.49           216            3402                23.149              40.682   
7.56           186            3401                23.103              49.005   
7.96           764/14285      (0.53%)             m        
8.010000  	8.000000  	7.996667  	7.996667  	7.930000  	8.000000  	8.000000  	8.000000  	7.996667  	8.003333  	7.996667  	8.000000  	8.000000  	7.466667  	
 sum=124.153000 count=42.000000  2.956024 