Bandwidth      Lost      Total Datagrams       avglatntence       maxlatntence
2.44           2391           3428                26.824              87.244   
2.21           2462           3400                24.010              42.659   
2.46           2368           3415                21.687   
8.00           2              3401                1.248    
8.00           0              3402                1.210    
7.99           0              3397                1.503    
8.01           5              3405                7.067    
8.00           0              3402                1.258    
7.88           0              3351                3.766    
8.11           22             3450                6.260    
8.00           0              3403                1.607    
8.00           0              3401                2.095    
8.00           2              3401                1.594    
8.00           0              3402                3.765    
8.00           0              3401                2.920    
8.00           9              3402                2.832    
8.00           0              3401                3.612    
8.00           0              3401                4.170    
8.00           14             3400                2.181    
8.00           0              3400                3.441    
8.01           0              3405                2.148    
8.00           5              3401                2.515    
8.00           0              3401                1.986    
8.00           0              3402                3.421    
8.00           5              3401                1.675    
8.00           0              3401                3.074    
8.00           0              3402                3.598    
8.00           11             3401                1.772    
8.00           0              3401                1.187    
8.00           0              3400                1.720    
8.00           4              3403                1.447    
8.00           0              3401                1.012    
8.00           0              3402                1.244    
8.00           1              3401                2.370    
8.00           0              3402                1.641    
8.00           0              3401                2.111    
8.00           12             3401                1.652    
8.00           0              3401                1.229    
8.00           0              3402                1.031    
8.00           6              3401                1.428    
8.00           0              3401                1.272    
8.00           0              3402                1.582    
8.00           2              3401                0.924    
8.00           0              3402                0.827    
8.00           0              3401                0.912    
8.00           6              3401                2.521    
8.00           0              3400                1.049    
8.00           0              3403                1.451    
8.00           0              3402                1.343    
8.00           0              3401                0.986    
7.67           7221/17347      (4.2%)              0.328                        
2.370000  	7.996667  	7.963333  	8.036667  	8.000000  	8.000000  	8.003333  	8.000000  	8.000000  	8.000000  	8.000000  	8.000000  	8.000000  	8.000000  	8.000000  	8.000000  	7.890000  	
 sum=174.506000 count=51.000000  3.421686 