Bandwidth      Lost      Total Datagrams       avglatntence       maxlatntence
9.03           9              3839                0.990    
9.00           0              3827                0.731    
9.00           0              3826                0.769    
9.00           2              3826                0.550    
9.00           0              3827                0.754    
9.00           2              3826                0.628    
9.00           1              3827                0.848    
9.00           1              3827                0.507    
9.00           0              3827                0.446    
9.00           0              3826                5.544    
9.00           0              3827                0.496               16.099   
8.98           9              3826                1.721    
9.00           0              3826                1.725    
9.00           0              3827                0.673    
9.00           0              3827                0.604    
9.00           10             3826                2.232    
9.00           0              3827                0.449    
9.00           0              3826                0.611    
8.85           65             3827                11.092   
9.00           0              3826                0.478    
9.00           0              3827                0.473    
9.00           1              3826                0.721    
9.00           0              3827                0.474    
9.00           0              3826                0.581    
9.00           4              3827                4.227    
9.00           0              3826                0.606    
9.00           0              3826                0.558    
8.99           4              3828                1.840    
9.00           0              3826                0.482    
9.00           0              3826                0.672    
9.00           0              3827                0.684    
9.00           0              3827                0.445    
9.00           0              3826                0.647    
9.00           1              3827                0.800    
9.00           0              3826                0.605    
9.00           0              3827                0.897    
9.00           11             3826                0.643    
9.00           0              3827                0.577    
9.00           0              3826                0.582    
9.00           5              3827                1.732    
9.00           0              3826                0.501    
9.00           0              3827                0.589    
8.97           12             3827                5.848    
9.00           0              3826                0.655    
9.00           90/17219       (0.052%)            6.60     
9.010000  	9.000000  	9.000000  	8.993333  	9.000000  	9.000000  	8.950000  	9.000000  	9.000000  	8.996667  	9.000000  	9.000000  	9.000000  	9.000000  	8.990000  	
 sum=64.287000 count=45.000000  1.428600 