Bandwidth      Lost      Total Datagrams       avglatntence       maxlatntence
2.58           1461           2558                26.012              70.682   
2.52           1481           2552                23.688              38.394   
2.51           1485           2551                24.443              70.245   
2.46           1511           2555                29.057              488.978  
2.43           1513           2548                24.184              39.926   
2.46           1506           2552                23.998              41.624   
2.51           1480           2549                28.328              305.253  
2.41           1528           2554                23.848              37.583   
2.42           1520           2549                23.932              45.293   
2.49           1492           2550                36.545   
2.50           1488           2552                23.837              34.649   
2.50           1489           2550                23.927              33.116   
2.41           1525           2551                24.081              57.219   
2.36           1551           2555                23.759              33.911   
2.49           1486           2546                24.126              39.186   
2.43           1522           2554                50.183              982.774  
2.49           1489           2549                24.084              39.057   
2.42           1527           2555                23.929              37.773   
2.51           1481           2547                25.005              83.921   
2.45           1511           2552                23.900              40.097   
2.50           1489           2553                24.031              44.127   
2.52           1478           2549                24.893              139.240  
2.48           1495           2551                23.765              34.636   
2.50           1489           2552                24.079              44.013   
2.44           1512           2549                24.351   
2.45           1512           2554                23.963              38.236   
2.39           1534           2549                24.275              48.929   
2.50           1491           2552                23.932              88.849   
2.58           1455           2550                23.917   
2.47           1500           2552                23.929              39.292   
2.46           1503           2551                25.183              65.213   
2.40           1528           2549                23.930              38.052   
2.51           1486           2552                24.074              37.893   
2.63           1432           2552                29.397   
2.47           1499           2550                23.912              41.383   
2.66           1421           2551                24.751              47.403   
2.74           1388           2551                26.403   
2.63           1433           2550                24.187              42.684   
2.67           1423           2557                24.247              50.407   
6.01           0              2557                0.906    
6.00           0              2551                0.829    
6.00           0              2551                0.951    
6.00           0              2551                1.764    
6.00           0              2551                0.867    
2.96           58114/11479      (51%)               0.353               23.466   
2.536667  	2.450000  	2.446667  	2.496667  	2.420000  	2.446667  	2.486667  	2.500000  	2.426667  	2.516667  	2.456667  	2.586667  	2.680000  	6.003333  	4.986667  	
 sum=1003.755000 count=45.000000  22.305667