Bandwidth      Lost      Total Datagrams       avglatntence       maxlatntence
7.07           6              3008                3.163    
7.00           0              2976                1.468    
6.97           0              2965                2.776    
7.02           5              2986                2.049    
7.00           0              2975                1.665    
7.01           0              2980                1.646    
7.00           4              2976                1.518    
7.00           0              2975                1.981    
7.00           0              2976                2.115    
7.00           0              2977                2.017    
7.00           0              2976                2.090    
7.00           0              2976                2.460    
7.00           5              2977                1.773    
7.00           0              2975                2.265    
7.00           0              2977                1.641    
7.00           4              2977                1.852    
7.00           0              2975                1.595    
7.00           0              2975                1.734    
7.00           3              2975                1.558    
7.01           0              2979                1.926    
6.99           0              2974                2.074    
7.01           4              2979                1.673    
7.00           0              2975                1.367    
7.00           0              2977                1.574    
6.99           5              2974                1.518    
7.00           0              2976                1.329    
7.00           0              2978                1.438    
7.00           7              2977                1.757    
6.99           0              2974                1.616    
7.00           0              2977                1.809    
7.00           8              2975                1.553    
7.00           0              2978                1.415    
6.99           0              2974                1.365    
7.01           4              2979                1.523    
7.00           0              2976                1.460    
7.00           0              2976                1.498    
7.00           5              2976                1.363    
7.00           0              2976                1.228    
7.00           0              2976                1.302    
7.00           1              2977                2.853    
7.00           0              2976                1.470    
7.00           0              2976                1.735    
7.00           0              2977                1.742    
7.00           0              2976                1.374    
7.00           61/13393       (0.046%)            0.442                        
7.013333  	7.010000  	7.000000  	7.000000  	7.000000  	7.000000  	7.000000  	7.003333  	6.996667  	6.996667  	6.996667  	7.003333  	7.000000  	7.000000  	7.000000  	
 sum=77.770000 count=45.000000  1.728222 