------------------------------------------------------------
Server listening on UDP port 5001 with pid 30470
Receiving 1470 byte datagrams
UDP buffer size:  208 KByte (default)
------------------------------------------------------------
[  3] local 10.0.0.8 port 5001 connected with 10.0.0.10 port 35207
[ ID] Interval       Transfer     Bandwidth        Jitter   Lost/Total  Latency avg/min/max/stdev PPS
[  3] 0.00-5.00 sec  2.43 MBytes  4.08 Mbits/sec   1.264 ms 1725/ 3458 (50%) 46.123/21.949/296.154/50.594 ms  346 pps
[  3] 0.00-5.00 sec  1 datagrams received out-of-order
[  3] 5.00-10.00 sec  2.82 MBytes  4.74 Mbits/sec   1.572 ms 1383/ 3397 (41%) 31.878/18.671/93.806/16.695 ms  402 pps
[  3] 5.00-10.00 sec  1 datagrams received out-of-order
[  3] 10.00-15.00 sec  3.04 MBytes  5.09 Mbits/sec   1.569 ms 1240/ 3405 (36%) 25.571/ 0.794/55.975/ 8.405 ms  434 pps
[  3] 15.00-20.00 sec  4.79 MBytes  8.03 Mbits/sec   0.373 ms    8/ 3416 (0.23%)  2.400/ 0.749/46.636/ 4.585 ms  683 pps
[  3] 15.00-20.00 sec  8 datagrams received out-of-order
[  3] 20.00-25.00 sec  4.77 MBytes  8.00 Mbits/sec   0.435 ms    0/ 3401 (0%)  1.631/ 0.666/18.196/ 1.981 ms  680 pps
[  3] 25.00-30.00 sec  4.75 MBytes  7.96 Mbits/sec   1.266 ms    0/ 3386 (0%)  2.609/ 0.668/45.724/ 5.663 ms  677 pps
[  3] 30.00-35.00 sec  4.79 MBytes  8.03 Mbits/sec   0.378 ms    1/ 3417 (0.029%) 15.418/ 0.789/166.534/31.506 ms  683 pps
[  3] 30.00-35.00 sec  5 datagrams received out-of-order
[  3] 35.00-40.00 sec  4.77 MBytes  8.00 Mbits/sec   0.355 ms    0/ 3401 (0%)  8.145/ 0.736/130.576/22.758 ms  680 pps
[  3] 40.00-45.00 sec  4.73 MBytes  7.94 Mbits/sec   1.745 ms    0/ 3376 (0%)  4.750/ 0.833/81.203/11.703 ms  675 pps
[  3] 45.00-50.00 sec  4.80 MBytes  8.06 Mbits/sec   0.234 ms   16/ 3427 (0.47%)  5.146/ 0.768/73.405/11.934 ms  685 pps
[  3] 45.00-50.00 sec  16 datagrams received out-of-order
[  3] 50.00-55.00 sec  4.77 MBytes  8.00 Mbits/sec   0.330 ms    0/ 3401 (0%)  4.535/ 0.685/78.500/11.778 ms  680 pps
[  3] 55.00-60.00 sec  4.77 MBytes  8.00 Mbits/sec   0.263 ms    0/ 3401 (0%)  2.323/ 0.732/39.587/ 4.289 ms  680 pps
[  3] 60.00-65.00 sec  4.74 MBytes  7.95 Mbits/sec   0.740 ms    5/ 3378 (0.15%)  8.111/ 0.742/75.896/14.162 ms  675 pps
[  3] 60.00-65.00 sec  5 datagrams received out-of-order
[  3] 65.00-70.00 sec  4.80 MBytes  8.06 Mbits/sec   0.492 ms    0/ 3425 (0%) 15.286/ 0.795/136.493/27.775 ms  685 pps
[  3] 70.00-75.00 sec  4.77 MBytes  8.00 Mbits/sec   0.766 ms    0/ 3402 (0%)  9.937/ 0.791/102.983/18.967 ms  680 pps
[  3] 75.00-80.00 sec  4.77 MBytes  8.00 Mbits/sec   0.483 ms    1/ 3400 (0.029%)  9.542/ 0.819/90.151/17.354 ms  680 pps
[  3] 75.00-80.00 sec  1 datagrams received out-of-order
[  3] 80.00-85.00 sec  4.46 MBytes  7.48 Mbits/sec   1.131 ms  140/ 3322 (4.2%) 100.482/ 0.776/419.228/110.397 ms  636 pps
[  3] 85.00-90.00 sec  4.88 MBytes  8.18 Mbits/sec   0.346 ms    3/ 3482 (0.086%) 55.227/ 0.834/177.982/43.772 ms  696 pps
[  3] 90.00-95.00 sec  4.77 MBytes  8.00 Mbits/sec   0.587 ms    8/ 3401 (0.24%)  9.082/ 0.775/102.051/21.859 ms  680 pps
[  3] 90.00-95.00 sec  8 datagrams received out-of-order
[  3] 95.00-100.00 sec  4.77 MBytes  8.00 Mbits/sec   0.414 ms    0/ 3402 (0%)  2.621/ 0.762/40.328/ 5.158 ms  680 pps
[  3] 100.00-105.00 sec  4.77 MBytes  8.00 Mbits/sec   0.194 ms    0/ 3401 (0%)  1.588/ 0.762/15.585/ 1.681 ms  680 pps
[  3] 105.00-110.00 sec  4.77 MBytes  8.00 Mbits/sec   0.205 ms   17/ 3401 (0.5%) 11.634/ 0.764/170.988/31.308 ms  680 pps
[  3] 105.00-110.00 sec  17 datagrams received out-of-order
[  3] 110.00-115.00 sec  4.75 MBytes  7.97 Mbits/sec   1.035 ms    1/ 3389 (0.03%) 25.044/ 0.770/192.813/48.506 ms  678 pps
[  3] 115.00-120.00 sec  4.76 MBytes  7.98 Mbits/sec   1.565 ms    0/ 3393 (0%) 17.333/ 0.716/125.897/26.087 ms  679 pps
[  3] 120.00-125.00 sec  4.70 MBytes  7.88 Mbits/sec   0.566 ms   73/ 3423 (2.1%) 49.004/ 0.762/321.765/88.096 ms  670 pps
[  3] 120.00-125.00 sec  1 datagrams received out-of-order
[  3] 125.00-130.00 sec  4.75 MBytes  7.97 Mbits/sec   0.468 ms   11/ 3401 (0.32%) 24.330/ 0.766/185.966/42.335 ms  678 pps
[  3] 130.00-135.00 sec  4.77 MBytes  7.99 Mbits/sec   0.564 ms    0/ 3399 (0%) 23.693/ 0.813/161.784/39.467 ms  680 pps
[  3] 135.00-140.00 sec  4.72 MBytes  7.92 Mbits/sec   0.436 ms   36/ 3403 (1.1%) 37.305/ 0.740/241.685/60.013 ms  673 pps
[  3] 135.00-140.00 sec  2 datagrams received out-of-order
[  3] 140.00-145.00 sec  4.77 MBytes  8.00 Mbits/sec   0.959 ms    0/ 3402 (0%) 28.807/ 0.809/185.096/42.870 ms  680 pps
[  3] 145.00-150.00 sec  4.74 MBytes  7.96 Mbits/sec   0.963 ms    6/ 3389 (0.18%) 31.885/ 0.788/203.473/55.019 ms  677 pps
[  3] 150.00-155.00 sec  4.78 MBytes  8.02 Mbits/sec   0.886 ms    7/ 3408 (0.21%) 13.011/ 0.775/96.780/19.437 ms  682 pps
[  3] 150.00-155.00 sec  7 datagrams received out-of-order
[  3] 155.00-160.00 sec  4.76 MBytes  7.99 Mbits/sec   1.030 ms    2/ 3399 (0.059%) 21.467/ 0.802/187.437/39.274 ms  679 pps
[  3] 160.00-165.00 sec  4.76 MBytes  7.99 Mbits/sec   1.085 ms    0/ 3397 (0%) 15.051/ 0.795/114.102/22.676 ms  679 pps
[  3] 165.00-170.00 sec  4.73 MBytes  7.94 Mbits/sec   0.605 ms   40/ 3414 (1.2%) 38.752/ 0.806/256.680/55.229 ms  675 pps
[  3] 165.00-170.00 sec  1 datagrams received out-of-order
[  3] 170.00-175.00 sec  4.75 MBytes  7.97 Mbits/sec   1.122 ms    1/ 3390 (0.029%) 18.698/ 0.779/163.149/38.328 ms  678 pps
[  3] 175.00-180.00 sec  4.78 MBytes  8.03 Mbits/sec   0.461 ms    0/ 3412 (0%)  2.454/ 0.762/44.147/ 5.114 ms  682 pps
[  3] 180.00-185.00 sec  4.77 MBytes  8.00 Mbits/sec   0.603 ms    1/ 3400 (0.029%)  5.947/ 0.763/93.372/16.098 ms  680 pps
[  3] 180.00-185.00 sec  1 datagrams received out-of-order
[  3] 185.00-190.00 sec  4.76 MBytes  7.99 Mbits/sec   0.749 ms    0/ 3398 (0%)  3.058/ 0.736/48.282/ 6.526 ms  680 pps
[  3] 190.00-195.00 sec  4.77 MBytes  8.01 Mbits/sec   0.453 ms    0/ 3406 (0%)  3.398/ 0.718/59.547/ 8.169 ms  681 pps
[  3] 195.00-200.00 sec  4.74 MBytes  7.95 Mbits/sec   0.437 ms   21/ 3401 (0.62%) 11.983/ 0.721/329.689/36.772 ms  676 pps
[  3] 195.00-200.00 sec  23 datagrams received out-of-order
[  3] 200.00-205.00 sec  4.77 MBytes  8.00 Mbits/sec   0.201 ms    0/ 3402 (0%)  1.996/ 0.762/28.176/ 3.133 ms  680 pps
[  3] 205.00-210.00 sec  4.77 MBytes  8.00 Mbits/sec   0.357 ms    0/ 3401 (0%)  4.227/ 0.709/71.696/10.550 ms  680 pps
[  3] 210.00-215.00 sec  4.77 MBytes  8.00 Mbits/sec   0.338 ms    9/ 3402 (0.26%)  2.138/ 0.671/55.087/ 4.219 ms  680 pps
[  3] 210.00-215.00 sec  9 datagrams received out-of-order
[  3] 215.00-220.00 sec  4.77 MBytes  8.00 Mbits/sec   0.168 ms    0/ 3401 (0%)  1.695/ 0.727/20.618/ 2.171 ms  680 pps
[  3] 220.00-225.00 sec  4.77 MBytes  8.00 Mbits/sec   0.251 ms    0/ 3402 (0%)  1.485/ 0.710/17.362/ 1.717 ms  680 pps
[  3] 225.00-230.00 sec  4.72 MBytes  7.92 Mbits/sec   0.993 ms   28/ 3397 (0.82%) 12.461/ 0.785/125.596/24.676 ms  674 pps
[  3] 225.00-230.00 sec  5 datagrams received out-of-order
[  3] 230.00-235.00 sec  4.77 MBytes  8.01 Mbits/sec   0.361 ms    0/ 3405 (0%)  2.731/ 0.744/40.276/ 4.853 ms  681 pps
[  3] 235.00-240.00 sec  4.77 MBytes  8.00 Mbits/sec   0.354 ms    0/ 3401 (0%)  2.812/ 0.759/41.108/ 5.066 ms  680 pps
[  3] 240.00-245.00 sec  4.77 MBytes  8.00 Mbits/sec   0.483 ms    5/ 3402 (0.15%)  3.272/ 0.822/46.347/ 6.596 ms  681 pps
[  3] 240.00-245.00 sec  5 datagrams received out-of-order
[  3] 245.00-250.00 sec  4.77 MBytes  8.00 Mbits/sec   0.304 ms    0/ 3402 (0%)  3.371/ 0.796/47.538/ 6.547 ms  680 pps
[  3] 0.00-254.90 sec   237 MBytes  7.79 Mbits/sec   0.446 ms 4711/173471 (2.7%) 14.738/ 0.666/419.228/36.954 ms  662 pps
[  3] 0.00-254.90 sec  116 datagrams received out-of-order
