------------------------------------------------------------
Server listening on UDP port 5001 with pid 30413
Receiving 1470 byte datagrams
UDP buffer size:  208 KByte (default)
------------------------------------------------------------
[  3] local 10.0.0.9 port 5001 connected with 10.0.0.10 port 44137
[ ID] Interval       Transfer     Bandwidth        Jitter   Lost/Total  Latency avg/min/max/stdev PPS
[  3] 0.00-5.00 sec  4.80 MBytes  8.05 Mbits/sec   0.223 ms    0/ 3421 (0%)  1.734/ 0.081/30.021/ 3.937 ms  684 pps
[  3] 5.00-10.00 sec  4.77 MBytes  8.00 Mbits/sec   0.327 ms    0/ 3402 (0%)  0.543/ 0.074/ 9.699/ 0.988 ms  681 pps
[  3] 10.00-15.00 sec  4.75 MBytes  7.98 Mbits/sec   1.490 ms    0/ 3391 (0%)  0.884/ 0.033/31.345/ 2.719 ms  678 pps
[  3] 15.00-20.00 sec  4.73 MBytes  7.94 Mbits/sec   0.233 ms   35/ 3412 (1%) 11.271/ 0.066/149.909/30.269 ms  675 pps
[  3] 20.00-25.00 sec  4.77 MBytes  8.00 Mbits/sec   0.231 ms    0/ 3401 (0%)  0.798/ 0.068/18.135/ 1.751 ms  680 pps
[  3] 25.00-30.00 sec  4.77 MBytes  8.00 Mbits/sec   0.239 ms    0/ 3402 (0%)  0.965/ 0.064/25.852/ 2.677 ms  680 pps
[  3] 30.00-35.00 sec  4.76 MBytes  7.99 Mbits/sec   0.239 ms    4/ 3401 (0.12%)  4.448/ 0.064/121.906/13.173 ms  680 pps
[  3] 30.00-35.00 sec  18 datagrams received out-of-order
[  3] 35.00-40.00 sec  4.73 MBytes  7.94 Mbits/sec   1.261 ms   14/ 3390 (0.41%)  4.204/ 0.063/80.781/12.599 ms  675 pps
[  3] 40.00-45.00 sec  4.77 MBytes  8.01 Mbits/sec   0.576 ms    7/ 3412 (0.21%) 10.546/ 0.067/102.398/22.113 ms  682 pps
[  3] 45.00-50.00 sec  4.77 MBytes  8.00 Mbits/sec   0.177 ms    4/ 3402 (0.12%)  1.045/ 0.067/27.481/ 2.362 ms  680 pps
[  3] 45.00-50.00 sec  4 datagrams received out-of-order
[  3] 50.00-55.00 sec  4.77 MBytes  8.00 Mbits/sec   0.364 ms    0/ 3401 (0%)  1.893/ 0.066/45.706/ 5.604 ms  680 pps
[  3] 55.00-60.00 sec  4.64 MBytes  7.78 Mbits/sec   0.829 ms   92/ 3400 (2.7%) 17.521/ 0.068/237.184/46.426 ms  662 pps
[  3] 60.00-65.00 sec  4.77 MBytes  8.00 Mbits/sec   0.598 ms    0/ 3401 (0%)  3.832/-0.001/46.183/ 7.505 ms  680 pps
[  3] 65.00-70.00 sec  4.77 MBytes  8.00 Mbits/sec   0.313 ms    0/ 3402 (0%)  1.118/ 0.049/32.244/ 3.475 ms  680 pps
[  3] 70.00-75.00 sec  4.77 MBytes  8.00 Mbits/sec   0.345 ms    0/ 3403 (0%)  0.914/ 0.066/23.515/ 2.163 ms  681 pps
[  3] 75.00-80.00 sec  4.77 MBytes  8.00 Mbits/sec   0.207 ms    0/ 3401 (0%)  2.044/ 0.065/40.053/ 5.516 ms  680 pps
[  3] 80.00-85.00 sec  4.77 MBytes  8.00 Mbits/sec   0.223 ms    0/ 3402 (0%)  2.573/ 0.063/50.082/ 7.217 ms  680 pps
[  3] 85.00-90.00 sec  4.77 MBytes  8.00 Mbits/sec   0.541 ms    0/ 3401 (0%)  0.871/ 0.063/16.073/ 1.922 ms  680 pps
[  3] 90.00-95.00 sec  4.54 MBytes  7.62 Mbits/sec   0.417 ms  163/ 3401 (4.8%) 20.425/ 0.062/327.840/57.267 ms  648 pps
[  3] 95.00-100.00 sec  4.77 MBytes  8.00 Mbits/sec   0.472 ms    0/ 3401 (0%)  1.211/ 0.067/29.632/ 3.148 ms  680 pps
[  3] 100.00-105.00 sec  4.77 MBytes  8.00 Mbits/sec   0.387 ms    0/ 3402 (0%)  1.400/ 0.061/31.340/ 3.614 ms  680 pps
[  3] 105.00-110.00 sec  4.77 MBytes  8.00 Mbits/sec   0.254 ms    2/ 3401 (0.059%)  1.390/ 0.066/37.382/ 4.208 ms  680 pps
[  3] 105.00-110.00 sec  2 datagrams received out-of-order
[  3] 110.00-115.00 sec  4.77 MBytes  8.00 Mbits/sec   0.308 ms    0/ 3402 (0%)  2.163/ 0.063/52.339/ 6.638 ms  680 pps
[  3] 115.00-120.00 sec  4.77 MBytes  8.00 Mbits/sec   0.399 ms    0/ 3401 (0%)  2.504/ 0.062/50.767/ 6.740 ms  680 pps
[  3] 120.00-125.00 sec  4.77 MBytes  8.00 Mbits/sec   0.463 ms    0/ 3400 (0%)  1.497/ 0.063/32.339/ 3.787 ms  680 pps
[  3] 125.00-130.00 sec  4.77 MBytes  8.00 Mbits/sec   0.235 ms    0/ 3402 (0%)  1.437/ 0.066/36.730/ 4.085 ms  680 pps
[  3] 130.00-135.00 sec  4.77 MBytes  8.00 Mbits/sec   0.223 ms    0/ 3402 (0%)  1.230/ 0.065/25.887/ 3.092 ms  680 pps
[  3] 135.00-140.00 sec  4.77 MBytes  8.00 Mbits/sec   0.167 ms    0/ 3402 (0%)  1.377/ 0.029/40.348/ 4.362 ms  680 pps
[  3] 140.00-145.00 sec  4.77 MBytes  8.00 Mbits/sec   0.271 ms    0/ 3401 (0%)  2.693/ 0.000/52.219/ 7.671 ms  680 pps
[  3] 145.00-150.00 sec  4.77 MBytes  8.00 Mbits/sec   0.315 ms    0/ 3401 (0%)  2.301/ 0.068/55.784/ 7.096 ms  680 pps
[  3] 150.00-155.00 sec  4.77 MBytes  8.00 Mbits/sec   1.181 ms    0/ 3401 (0%)  2.074/ 0.067/40.828/ 5.398 ms  681 pps
[  3] 155.00-160.00 sec  4.76 MBytes  7.98 Mbits/sec   0.748 ms    8/ 3402 (0.24%)  8.455/ 0.059/92.816/18.671 ms  679 pps
[  3] 160.00-165.00 sec  4.77 MBytes  8.00 Mbits/sec   0.226 ms    0/ 3402 (0%)  2.713/ 0.061/49.621/ 6.548 ms  680 pps
[  3] 165.00-170.00 sec  4.77 MBytes  8.00 Mbits/sec   0.348 ms    4/ 3400 (0.12%)  1.526/ 0.066/39.460/ 4.231 ms  680 pps
[  3] 165.00-170.00 sec  4 datagrams received out-of-order
[  3] 170.00-175.00 sec  4.77 MBytes  8.00 Mbits/sec   0.501 ms    0/ 3402 (0%)  0.954/ 0.067/16.380/ 2.015 ms  680 pps
[  3] 175.00-180.00 sec  4.77 MBytes  8.00 Mbits/sec   0.496 ms    0/ 3402 (0%)  0.957/ 0.064/18.093/ 2.123 ms  680 pps
[  3] 180.00-185.00 sec  4.66 MBytes  7.81 Mbits/sec   0.449 ms   78/ 3399 (2.3%) 18.801/ 0.070/182.915/37.669 ms  664 pps
[  3] 180.00-185.00 sec  9 datagrams received out-of-order
[  3] 185.00-190.00 sec  4.77 MBytes  8.00 Mbits/sec   0.498 ms    0/ 3402 (0%)  2.897/ 0.000/50.175/ 7.539 ms  680 pps
[  3] 190.00-195.00 sec  4.77 MBytes  8.00 Mbits/sec   0.555 ms    0/ 3403 (0%)  1.766/ 0.064/43.174/ 5.389 ms  681 pps
[  3] 195.00-200.00 sec  3.32 MBytes  5.57 Mbits/sec   0.845 ms 1016/ 3385 (30%) 38.648/ 0.086/245.293/38.803 ms  474 pps
[  3] 200.00-205.00 sec  2.99 MBytes  5.02 Mbits/sec   1.103 ms 1260/ 3395 (37%) 26.900/19.258/78.362/ 9.293 ms  427 pps
[  3] 0.00-209.99 sec   195 MBytes  7.77 Mbits/sec   0.687 ms 4031/142859 (2.8%)  4.999/-0.001/327.840/17.754 ms  661 pps
[  3] 0.00-209.99 sec  42 datagrams received out-of-order
