------------------------------------------------------------
Server listening on UDP port 5001 with pid 30463
Receiving 1470 byte datagrams
UDP buffer size:  208 KByte (default)
------------------------------------------------------------
[  3] local 10.0.0.7 port 5001 connected with 10.0.0.5 port 43768
[ ID] Interval       Transfer     Bandwidth        Jitter   Lost/Total  Latency avg/min/max/stdev PPS
[  3] 0.00-5.00 sec  3.04 MBytes  5.09 Mbits/sec   0.304 ms   10/ 2166 (0.46%) 11.635/ 0.453/221.536/31.386 ms  433 pps
[  3] 0.00-5.00 sec  10 datagrams received out-of-order
[  3] 5.00-10.00 sec  2.98 MBytes  5.00 Mbits/sec   0.356 ms    0/ 2126 (0%)  1.613/ 0.409/23.319/ 2.550 ms  425 pps
[  3] 10.00-15.00 sec  2.97 MBytes  4.98 Mbits/sec   1.791 ms    0/ 2116 (0%)  1.630/ 0.446/27.236/ 2.529 ms  423 pps
[  3] 15.00-20.00 sec  2.99 MBytes  5.02 Mbits/sec   0.664 ms   23/ 2135 (1.1%) 13.684/ 0.453/207.619/29.605 ms  427 pps
[  3] 15.00-20.00 sec  23 datagrams received out-of-order
[  3] 20.00-25.00 sec  2.98 MBytes  5.00 Mbits/sec   1.229 ms    0/ 2126 (0%)  5.404/ 0.464/51.088/ 9.185 ms  425 pps
[  3] 25.00-30.00 sec  2.98 MBytes  5.00 Mbits/sec   1.772 ms    0/ 2124 (0%)  2.856/ 0.332/26.802/ 4.029 ms  424 pps
[  3] 30.00-35.00 sec  2.98 MBytes  5.01 Mbits/sec   0.591 ms    4/ 2128 (0.19%)  1.848/ 0.427/43.760/ 3.508 ms  426 pps
[  3] 30.00-35.00 sec  4 datagrams received out-of-order
[  3] 35.00-40.00 sec  2.98 MBytes  5.00 Mbits/sec   0.415 ms    0/ 2126 (0%)  1.227/ 0.442/14.305/ 1.563 ms  425 pps
[  3] 40.00-45.00 sec  2.97 MBytes  4.98 Mbits/sec   1.556 ms    0/ 2119 (0%)  1.988/ 0.415/32.635/ 4.506 ms  424 pps
[  3] 45.00-50.00 sec  2.90 MBytes  4.86 Mbits/sec   0.463 ms   64/ 2132 (3%) 10.325/ 0.379/128.371/21.971 ms  414 pps
[  3] 45.00-50.00 sec  11 datagrams received out-of-order
[  3] 50.00-55.00 sec  2.93 MBytes  4.92 Mbits/sec   0.469 ms   34/ 2127 (1.6%)  5.744/ 0.328/127.965/18.302 ms  419 pps
[  3] 55.00-60.00 sec  2.97 MBytes  4.97 Mbits/sec   2.274 ms    0/ 2115 (0%)  3.452/ 0.425/60.359/ 8.105 ms  423 pps
[  3] 60.00-65.00 sec  3.00 MBytes  5.03 Mbits/sec   0.308 ms    5/ 2137 (0.23%)  4.079/ 0.288/67.564/ 9.889 ms  428 pps
[  3] 60.00-65.00 sec  5 datagrams received out-of-order
[  3] 65.00-70.00 sec  2.98 MBytes  5.00 Mbits/sec   0.571 ms    0/ 2125 (0%)  3.792/ 0.399/69.620/10.421 ms  425 pps
[  3] 70.00-75.00 sec  2.98 MBytes  5.00 Mbits/sec   0.273 ms    0/ 2126 (0%)  1.823/ 0.430/37.167/ 3.530 ms  425 pps
[  3] 75.00-80.00 sec  2.96 MBytes  4.97 Mbits/sec   1.499 ms    7/ 2113 (0.33%)  6.508/ 0.443/69.894/11.621 ms  422 pps
[  3] 75.00-80.00 sec  7 datagrams received out-of-order
[  3] 80.00-85.00 sec  2.93 MBytes  4.91 Mbits/sec   0.965 ms   52/ 2139 (2.4%) 11.382/ 0.451/125.339/20.431 ms  417 pps
[  3] 85.00-90.00 sec  2.95 MBytes  4.95 Mbits/sec   0.941 ms   18/ 2124 (0.85%)  8.488/ 0.446/101.660/17.317 ms  421 pps
[  3] 90.00-95.00 sec  2.98 MBytes  5.00 Mbits/sec   0.626 ms    1/ 2126 (0.047%)  8.064/ 0.430/77.486/15.030 ms  425 pps
[  3] 90.00-95.00 sec  1 datagrams received out-of-order
[  3] 95.00-100.00 sec  1.81 MBytes  3.04 Mbits/sec   2.057 ms  801/ 2095 (38%) 37.584/ 0.483/256.106/50.731 ms  257 pps
[  3] 100.00-105.00 sec  2.70 MBytes  4.53 Mbits/sec   0.708 ms  231/ 2158 (11%) 43.675/ 0.472/159.025/34.945 ms  388 pps
[  3] 105.00-110.00 sec  2.96 MBytes  4.97 Mbits/sec   1.055 ms   11/ 2125 (0.52%)  7.510/ 0.429/95.315/18.823 ms  423 pps
[  3] 105.00-110.00 sec  13 datagrams received out-of-order
[  3] 110.00-115.00 sec  2.98 MBytes  5.00 Mbits/sec   0.659 ms    0/ 2127 (0%)  2.023/ 0.414/36.161/ 4.115 ms  426 pps
[  3] 115.00-120.00 sec  2.98 MBytes  5.00 Mbits/sec   0.246 ms    0/ 2126 (0%)  1.216/ 0.427/15.273/ 1.431 ms  425 pps
[  3] 120.00-125.00 sec  2.89 MBytes  4.85 Mbits/sec   0.279 ms   66/ 2126 (3.1%)  7.251/ 0.424/126.874/21.522 ms  412 pps
[  3] 120.00-125.00 sec  13 datagrams received out-of-order
[  3] 125.00-130.00 sec  2.68 MBytes  4.50 Mbits/sec   1.028 ms  207/ 2122 (9.8%)  9.550/ 0.431/165.610/20.494 ms  383 pps
[  3] 130.00-135.00 sec  2.91 MBytes  4.89 Mbits/sec   1.765 ms   44/ 2121 (2.1%) 13.787/ 0.444/123.316/22.184 ms  415 pps
[  3] 135.00-140.00 sec  2.54 MBytes  4.26 Mbits/sec   0.853 ms  322/ 2134 (15%) 13.629/ 0.438/173.507/27.235 ms  363 pps
[  3] 135.00-140.00 sec  3 datagrams received out-of-order
[  3] 140.00-145.00 sec  2.80 MBytes  4.69 Mbits/sec   0.829 ms  131/ 2125 (6.2%) 15.118/ 0.471/155.233/27.875 ms  399 pps
[  3] 145.00-150.00 sec  2.77 MBytes  4.65 Mbits/sec   0.643 ms  149/ 2127 (7%) 14.871/ 0.424/146.642/28.337 ms  396 pps
[  3] 150.00-155.00 sec  2.70 MBytes  4.53 Mbits/sec   0.903 ms  199/ 2124 (9.4%) 18.344/ 0.417/186.469/30.931 ms  385 pps
[  3] 150.00-155.00 sec  1 datagrams received out-of-order
[  3] 155.00-160.00 sec  2.79 MBytes  4.67 Mbits/sec   1.026 ms  138/ 2125 (6.5%) 19.329/ 0.414/155.544/30.624 ms  397 pps
[  3] 160.00-165.00 sec  2.68 MBytes  4.50 Mbits/sec   1.493 ms  211/ 2123 (9.9%) 14.677/ 0.422/170.845/28.818 ms  382 pps
[  3] 165.00-170.00 sec  2.98 MBytes  5.00 Mbits/sec   0.916 ms    6/ 2131 (0.28%) 10.829/ 0.447/85.619/16.586 ms  425 pps
[  3] 165.00-170.00 sec  1 datagrams received out-of-order
[  3] 170.00-175.00 sec  2.87 MBytes  4.81 Mbits/sec   1.235 ms   78/ 2123 (3.7%) 13.448/ 0.429/136.601/25.072 ms  409 pps
[  3] 175.00-180.00 sec  2.94 MBytes  4.93 Mbits/sec   1.172 ms   29/ 2125 (1.4%) 12.146/ 0.349/110.662/19.436 ms  419 pps
[  3] 180.00-185.00 sec  2.75 MBytes  4.61 Mbits/sec   0.808 ms  170/ 2130 (8%) 25.133/ 0.458/180.608/34.182 ms  392 pps
[  3] 185.00-190.00 sec  2.77 MBytes  4.65 Mbits/sec   1.132 ms  147/ 2124 (6.9%)  9.898/ 0.436/137.483/24.810 ms  395 pps
[  3] 190.00-195.00 sec  2.98 MBytes  5.00 Mbits/sec   0.367 ms    0/ 2127 (0%)  1.911/ 0.443/30.734/ 3.890 ms  426 pps
[  3] 195.00-200.00 sec  2.98 MBytes  5.00 Mbits/sec   0.670 ms    1/ 2126 (0.047%)  4.206/ 0.428/65.527/10.715 ms  425 pps
[  3] 195.00-200.00 sec  1 datagrams received out-of-order
[  3] 200.00-205.00 sec  2.98 MBytes  5.00 Mbits/sec   0.389 ms    0/ 2126 (0%)  2.422/ 0.431/41.658/ 5.375 ms  425 pps
[  3] 205.00-210.00 sec  2.98 MBytes  5.00 Mbits/sec   0.628 ms    0/ 2126 (0%)  2.606/ 0.436/56.214/ 6.446 ms  425 pps
[  3] 210.00-215.00 sec  2.93 MBytes  4.92 Mbits/sec   0.691 ms   33/ 2125 (1.6%)  9.020/ 0.403/361.314/29.158 ms  419 pps
[  3] 210.00-215.00 sec  23 datagrams received out-of-order
[  3] 215.00-220.00 sec  2.98 MBytes  5.00 Mbits/sec   0.318 ms    0/ 2127 (0%)  1.505/ 0.428/23.457/ 2.316 ms  425 pps
[  3] 0.00-224.91 sec   130 MBytes  4.84 Mbits/sec   0.450 ms 3141/95665 (3.3%)  8.909/ 0.288/361.314/21.537 ms  411 pps
[  3] 0.00-224.91 sec  116 datagrams received out-of-order
