------------------------------------------------------------
Server listening on UDP port 5001 with pid 30401
Receiving 1470 byte datagrams
UDP buffer size:  208 KByte (default)
------------------------------------------------------------
[  3] local 10.0.0.5 port 5001 connected with 10.0.0.6 port 55109
[ ID] Interval       Transfer     Bandwidth        Jitter   Lost/Total  Latency avg/min/max/stdev PPS
[  3] 0.00-5.00 sec  5.40 MBytes  9.06 Mbits/sec   0.270 ms   16/ 3854 (0.42%)  4.029/-0.001/86.617/10.057 ms  771 pps
[  3] 0.00-5.00 sec  16 datagrams received out-of-order
[  3] 5.00-10.00 sec  5.36 MBytes  9.00 Mbits/sec   0.888 ms    0/ 3825 (0%)  0.821/ 0.069/14.114/ 1.585 ms  765 pps
[  3] 10.00-15.00 sec  5.36 MBytes  9.00 Mbits/sec   0.254 ms    2/ 3828 (0.052%)  1.928/ 0.026/40.275/ 5.042 ms  765 pps
[  3] 15.00-20.00 sec  5.36 MBytes  9.00 Mbits/sec   0.388 ms    5/ 3826 (0.13%)  1.029/-0.001/20.312/ 2.282 ms  765 pps
[  3] 15.00-20.00 sec  5 datagrams received out-of-order
[  3] 20.00-25.00 sec  5.37 MBytes  9.00 Mbits/sec   0.455 ms    0/ 3827 (0%)  1.064/ 0.067/16.796/ 2.086 ms  765 pps
[  3] 25.00-30.00 sec  5.36 MBytes  8.98 Mbits/sec   0.956 ms    0/ 3820 (0%)  0.897/ 0.078/21.523/ 1.642 ms  764 pps
[  3] 30.00-35.00 sec  5.37 MBytes  9.01 Mbits/sec   0.328 ms    1/ 3833 (0.026%)  3.597/ 0.041/40.718/ 7.271 ms  766 pps
[  3] 30.00-35.00 sec  5 datagrams received out-of-order
[  3] 35.00-40.00 sec  5.36 MBytes  9.00 Mbits/sec   0.294 ms    0/ 3826 (0%)  0.564/ 0.000/ 9.670/ 1.045 ms  765 pps
[  3] 40.00-45.00 sec  5.37 MBytes  9.00 Mbits/sec   0.671 ms    0/ 3827 (0%)  1.577/ 0.076/36.608/ 4.395 ms  765 pps
[  3] 45.00-50.00 sec  5.24 MBytes  8.79 Mbits/sec   0.254 ms   89/ 3826 (2.3%) 14.321/ 0.065/182.140/36.039 ms  748 pps
[  3] 45.00-50.00 sec  3 datagrams received out-of-order
[  3] 50.00-55.00 sec  5.37 MBytes  9.00 Mbits/sec   0.277 ms    0/ 3827 (0%)  1.067/ 0.058/22.080/ 2.318 ms  765 pps
[  3] 55.00-60.00 sec  5.36 MBytes  9.00 Mbits/sec   0.537 ms    0/ 3826 (0%)  1.352/ 0.064/27.911/ 3.589 ms  765 pps
[  3] 60.00-65.00 sec  5.36 MBytes  8.99 Mbits/sec   0.218 ms    4/ 3827 (0.1%)  5.039/ 0.064/49.811/ 9.624 ms  764 pps
[  3] 60.00-65.00 sec  7 datagrams received out-of-order
[  3] 65.00-70.00 sec  5.29 MBytes  8.87 Mbits/sec   1.144 ms   32/ 3802 (0.84%)  5.707/ 0.000/90.975/15.618 ms  754 pps
[  3] 70.00-75.00 sec  5.32 MBytes  8.93 Mbits/sec   0.318 ms   56/ 3851 (1.5%) 20.637/ 0.066/136.974/35.581 ms  759 pps
[  3] 75.00-80.00 sec  5.37 MBytes  9.00 Mbits/sec   0.272 ms    4/ 3827 (0.1%)  1.513/ 0.066/30.981/ 3.356 ms  765 pps
[  3] 75.00-80.00 sec  4 datagrams received out-of-order
[  3] 80.00-85.00 sec  5.35 MBytes  8.98 Mbits/sec   0.217 ms    8/ 3826 (0.21%)  3.243/ 0.063/55.483/ 8.237 ms  764 pps
[  3] 85.00-90.00 sec  5.13 MBytes  8.61 Mbits/sec   0.477 ms  166/ 3827 (4.3%) 18.569/ 0.062/265.185/48.168 ms  732 pps
[  3] 90.00-95.00 sec  5.35 MBytes  8.98 Mbits/sec   0.206 ms    9/ 3826 (0.24%)  9.086/ 0.064/69.022/13.877 ms  764 pps
[  3] 90.00-95.00 sec  1 datagrams received out-of-order
[  3] 95.00-100.00 sec  5.37 MBytes  9.00 Mbits/sec   0.219 ms    0/ 3827 (0%)  2.087/-0.001/37.811/ 5.331 ms  765 pps
[  3] 100.00-105.00 sec  5.36 MBytes  9.00 Mbits/sec   0.255 ms    2/ 3826 (0.052%)  1.418/ 0.066/29.288/ 3.336 ms  765 pps
[  3] 100.00-105.00 sec  2 datagrams received out-of-order
[  3] 105.00-110.00 sec  5.36 MBytes  8.99 Mbits/sec   0.258 ms    3/ 3826 (0.078%)  6.344/ 0.063/63.022/13.559 ms  765 pps
[  3] 105.00-110.00 sec  1 datagrams received out-of-order
[  3] 110.00-115.00 sec  5.35 MBytes  8.98 Mbits/sec   0.312 ms   11/ 3827 (0.29%)  6.857/ 0.064/73.143/14.745 ms  763 pps
[  3] 115.00-120.00 sec  5.35 MBytes  8.98 Mbits/sec   0.955 ms    0/ 3818 (0%)  0.994/ 0.063/18.583/ 2.136 ms  764 pps
[  3] 120.00-125.00 sec  5.03 MBytes  8.43 Mbits/sec   0.254 ms  249/ 3835 (6.5%) 23.135/ 0.064/378.362/61.817 ms  717 pps
[  3] 125.00-130.00 sec  5.37 MBytes  9.00 Mbits/sec   0.347 ms    0/ 3827 (0%)  3.104/ 0.063/44.974/ 7.167 ms  765 pps
[  3] 130.00-135.00 sec  5.36 MBytes  9.00 Mbits/sec   0.311 ms    0/ 3826 (0%)  3.164/ 0.063/43.483/ 6.762 ms  765 pps
[  3] 135.00-140.00 sec  5.37 MBytes  9.00 Mbits/sec   0.228 ms    7/ 3827 (0.18%)  2.267/ 0.065/38.383/ 5.731 ms  765 pps
[  3] 135.00-140.00 sec  7 datagrams received out-of-order
[  3] 140.00-145.00 sec  5.36 MBytes  8.99 Mbits/sec   0.293 ms    6/ 3827 (0.16%)  4.598/ 0.025/67.068/11.324 ms  764 pps
[  3] 145.00-150.00 sec  5.34 MBytes  8.96 Mbits/sec   0.508 ms   11/ 3819 (0.29%)  5.630/ 0.053/69.049/12.554 ms  762 pps
[  3] 150.00-155.00 sec  5.37 MBytes  9.00 Mbits/sec   0.174 ms    6/ 3834 (0.16%)  4.735/ 0.019/166.964/11.976 ms  765 pps
[  3] 150.00-155.00 sec  14 datagrams received out-of-order
[  3] 155.00-160.00 sec  5.36 MBytes  8.99 Mbits/sec   0.307 ms    0/ 3824 (0%)  2.944/ 0.058/42.828/ 6.628 ms  765 pps
[  3] 160.00-165.00 sec  5.37 MBytes  9.01 Mbits/sec   0.244 ms    0/ 3829 (0%)  2.053/ 0.063/31.144/ 4.470 ms  766 pps
[  3] 165.00-170.00 sec  5.36 MBytes  9.00 Mbits/sec   0.166 ms    1/ 3826 (0.026%)  2.720/ 0.065/42.281/ 6.825 ms  765 pps
[  3] 170.00-175.00 sec  5.35 MBytes  8.97 Mbits/sec   0.259 ms   14/ 3827 (0.37%)  5.443/-0.001/60.243/12.271 ms  762 pps
[  3] 175.00-180.00 sec  5.36 MBytes  8.99 Mbits/sec   0.372 ms    2/ 3826 (0.052%)  5.506/ 0.063/59.432/12.466 ms  765 pps
[  3] 180.00-185.00 sec  5.36 MBytes  8.99 Mbits/sec   0.474 ms    4/ 3827 (0.1%)  3.868/ 0.062/50.089/ 8.171 ms  764 pps
[  3] 180.00-185.00 sec  3 datagrams received out-of-order
[  3] 185.00-190.00 sec  5.29 MBytes  8.87 Mbits/sec   0.660 ms   55/ 3825 (1.4%) 15.688/ 0.071/142.471/31.946 ms  754 pps
[  3] 185.00-190.00 sec  1 datagrams received out-of-order
[  3] 190.00-195.00 sec  5.35 MBytes  8.98 Mbits/sec   0.227 ms   10/ 3828 (0.26%)  5.198/ 0.061/63.608/10.402 ms  763 pps
[  3] 195.00-200.00 sec  5.35 MBytes  8.97 Mbits/sec   0.300 ms   11/ 3826 (0.29%)  2.877/ 0.063/55.804/ 7.755 ms  763 pps
[  3] 195.00-200.00 sec  2 datagrams received out-of-order
[  3] 200.00-205.00 sec  5.36 MBytes  9.00 Mbits/sec   0.286 ms    0/ 3826 (0%)  1.347/ 0.066/20.790/ 3.132 ms  765 pps
[  3] 205.00-210.00 sec  5.37 MBytes  9.00 Mbits/sec   0.307 ms    0/ 3827 (0%)  1.508/ 0.061/22.242/ 3.060 ms  765 pps
[  3] 210.00-215.00 sec  5.16 MBytes  8.66 Mbits/sec   0.283 ms  142/ 3826 (3.7%) 31.016/ 0.067/205.888/43.288 ms  737 pps
[  3] 210.00-215.00 sec  33 datagrams received out-of-order
[  3] 215.00-220.00 sec  5.35 MBytes  8.98 Mbits/sec   0.246 ms   10/ 3827 (0.26%)  5.627/ 0.067/67.596/11.991 ms  763 pps
[  3] 0.00-224.97 sec   240 MBytes  8.95 Mbits/sec   0.260 ms  905/172195 (0.53%)  5.469/-0.001/378.362/18.725 ms  761 pps
[  3] 0.00-224.97 sec  104 datagrams received out-of-order
