Bandwidth      Lost      Total Datagrams       avglatntence       maxlatntence
7.05           15             2999                3.464    
7.00           0              2978                1.772    
6.97           0              2963                1.673    
7.03           3              2989                1.649    
7.00           0              2976                1.184    
7.00           0              2976                1.081    
7.00           6              2977                2.304    
7.00           0              2976                2.018    
7.00           0              2975                1.734    
7.00           4              2977                2.023    
6.89           45             2976                24.416   
7.00           0              2976                4.906    
7.00           4              2977                1.739    
7.00           0              2976                1.208    
7.00           0              2976                0.866    
7.00           5              2977                2.154    
6.99           0              2974                3.087    
6.99           0              2973                2.841    
7.01           2              2981                10.304   
7.00           0              2976                3.309    
7.00           0              2976                2.695    
6.99           2              2975                8.444    
7.00           0              2976                4.101    
6.99           0              2971                4.338    
7.02           8              2983                3.083    
7.00           0              2976                4.389    
7.00           0              2977                2.632    
6.99           6              2976                7.956    
7.00           0              2975                2.454    
7.00           0              2977                1.153    
7.00           6              2976                2.255    
7.00           0              2977                1.133    
7.00           0              2975                1.512    
7.00           2              2977                1.888    
7.00           0              2976                1.020    
7.00           0              2976                1.291    
7.00           4              2976                1.278    
7.00           0              2977                1.018    
7.00           0              2976                0.970    
7.00           5              2976                7.630    
7.00           0              2976                1.650    
7.00           0              2976                1.688    
7.00           0              2977                2.015    
7.00           0              2976                1.670    
7.00           53/13393       (0.04%)             0.291               10.337   
7.006667  	7.010000  	7.000000  	6.963333  	7.000000  	6.993333  	7.003333  	6.993333  	7.006667  	6.996667  	7.000000  	7.000000  	7.000000  	7.000000  	7.000000  	
 sum=142.286000 count=45.000000  3.161911 