Bandwidth      Lost      Total Datagrams       avglatntence       maxlatntence
8.05           0              3421                1.734    
8.00           0              3402                0.543    
7.98           0              3391                0.884    
7.94           35             3412                11.271   
8.00           0              3401                0.798    
8.00           0              3402                0.965    
7.99           4              3401                4.448    
7.94           14             3390                4.204    
8.01           7              3412                10.546   
8.00           4              3402                1.045    
8.00           0              3401                1.893    
7.78           92             3400                17.521   
8.00           0              3401                3.832               46.183   
8.00           0              3402                1.118    
8.00           0              3403                0.914    
8.00           0              3401                2.044    
8.00           0              3402                2.573    
8.00           0              3401                0.871    
7.62           163            3401                20.425   
8.00           0              3401                1.211    
8.00           0              3402                1.400    
8.00           2              3401                1.390    
8.00           0              3402                2.163    
8.00           0              3401                2.504    
8.00           0              3400                1.497    
8.00           0              3402                1.437    
8.00           0              3402                1.230    
8.00           0              3402                1.377    
8.00           0              3401                2.693    
8.00           0              3401                2.301    
8.00           0              3401                2.074    
7.98           8              3402                8.455    
8.00           0              3402                2.713    
8.00           4              3400                1.526    
8.00           0              3402                0.954    
8.00           0              3402                0.957    
7.81           78             3399                18.801   
8.00           0              3402                2.897    
8.00           0              3403                1.766    
5.57           1016           3385                38.648   
5.02           1260           3395                26.900              78.362   
7.77           4031/14285      (2.8%)              m        
8.010000  	7.980000  	7.980000  	7.926667  	8.000000  	8.000000  	7.873333  	8.000000  	8.000000  	8.000000  	7.993333  	8.000000  	7.936667  	6.120000  	
 sum=212.523000 count=42.000000  5.060071 