Bandwidth      Lost      Total Datagrams       avglatntence       maxlatntence
5.09           10             2166                11.635   
5.00           0              2126                1.613    
4.98           0              2116                1.630    
5.02           23             2135                13.684   
5.00           0              2126                5.404    
5.00           0              2124                2.856    
5.01           4              2128                1.848    
5.00           0              2126                1.227    
4.98           0              2119                1.988    
4.86           64             2132                10.325   
4.92           34             2127                5.744    
4.97           0              2115                3.452    
5.03           5              2137                4.079    
5.00           0              2125                3.792    
5.00           0              2126                1.823    
4.97           7              2113                6.508    
4.91           52             2139                11.382   
4.95           18             2124                8.488    
5.00           1              2126                8.064    
3.04           801            2095                37.584   
4.53           231            2158                43.675   
4.97           11             2125                7.510    
5.00           0              2127                2.023    
5.00           0              2126                1.216    
4.85           66             2126                7.251    
4.50           207            2122                9.550    
4.89           44             2121                13.787   
4.26           322            2134                13.629   
4.69           131            2125                15.118   
4.65           149            2127                14.871   
4.53           199            2124                18.344   
4.67           138            2125                19.329   
4.50           211            2123                14.677   
5.00           6              2131                10.829   
4.81           78             2123                13.448   
4.93           29             2125                12.146   
4.61           170            2130                25.133   
4.65           147            2124                9.898    
5.00           0              2127                1.911    
5.00           1              2126                4.206    
5.00           0              2126                2.422    
5.00           0              2126                2.606    
4.92           33             2125                9.020    
5.00           0              2127                1.505    
4.84           3141/9566      (3.3%)              0.288               21.537   
5.023333  	5.006667  	4.996667  	4.916667  	5.010000  	4.943333  	4.190000  	4.990000  	4.746667  	4.533333  	4.566667  	4.913333  	4.753333  	5.000000  	4.920000  	
 sum=417.518000 count=45.000000  9.278178 