Bandwidth      Lost      Total Datagrams       avglatntence       maxlatntence
2.73           1414           2574                43.491              478.385  
2.51           1488           2557                24.717              46.463   
2.65           1420           2547                25.135              58.216   
2.62           1437           2551                29.878              363.695  
2.65           1402           2528                32.503              129.991  
2.82           1376           2576                43.834              171.054  
2.50           1485           2549                34.231   
2.64           1429           2550                27.317              87.969   
2.62           1435           2551                51.089              346.909  
2.84           1345           2552                35.269              114.469  
2.64           1428           2550                25.891              68.076   
2.72           1396           2551                24.978              47.626   
2.61           1443           2552                30.135              155.934  
2.62           1434           2550                28.275              87.342   
2.69           1410           2552                24.735              47.462   
2.68           1413           2552                54.930   
2.58           1454           2550                26.204              72.144   
2.67           1416           2551                26.208              64.238   
2.70           1406           2554                25.937              73.986   
2.62           1434           2550                26.446              72.661   
2.69           1410           2552                28.302              97.377   
2.65           1422           2550                26.670   
2.61           1440           2548                26.033              66.074   
2.57           1466           2559                26.091              60.486   
2.63           1424           2544                26.129              75.338   
2.62           1440           2552                28.017              83.211   
2.68           1406           2547                29.438              93.291   
2.81           1358           2554                27.404              80.711   
2.59           1448           2550                41.667              191.873  
2.68           1412           2552                29.204              93.578   
2.59           1451           2552                26.988              89.268   
2.63           1432           2551                25.015              46.636   
2.67           1414           2550                25.104              47.633   
2.74           1386           2551                62.002              279.447  
2.80           1359           2551                28.443              92.918   
2.70           1407           2554                27.259              90.903   
2.92           1309           2550                48.039              251.389  
2.79           1359           2547                29.962              81.708   
2.95           1310           2565                26.700   
6.00           1              2551                1.105    
6.00           0              2551                0.893    
6.00           0              2551                1.056    
6.00           2              2551                2.338    
6.00           0              2551                1.559    
3.12           55118/11479      (48%)               0.399               31.320   
2.630000  	2.696667  	2.586667  	2.733333  	2.640000  	2.643333  	2.670000  	2.610000  	2.643333  	2.693333  	2.630000  	2.746667  	2.886667  	6.000000  	5.040000  	
 sum=1237.020000 count=45.000000  27.489333