Bandwidth      Lost      Total Datagrams       avglatntence       maxlatntence
9.06           16             3854                4.029               86.617   
9.00           0              3825                0.821    
9.00           2              3828                1.928    
9.00           5              3826                1.029               20.312   
9.00           0              3827                1.064    
8.98           0              3820                0.897    
9.01           1              3833                3.597    
9.00           0              3826                0.564    
9.00           0              3827                1.577    
8.79           89             3826                14.321   
9.00           0              3827                1.067    
9.00           0              3826                1.352    
8.99           4              3827                5.039    
8.87           32             3802                5.707    
8.93           56             3851                20.637   
9.00           4              3827                1.513    
8.98           8              3826                3.243    
8.61           166            3827                18.569   
8.98           9              3826                9.086    
9.00           0              3827                2.087               37.811   
9.00           2              3826                1.418    
8.99           3              3826                6.344    
8.98           11             3827                6.857    
8.98           0              3818                0.994    
8.43           249            3835                23.135   
9.00           0              3827                3.104    
9.00           0              3826                3.164    
9.00           7              3827                2.267    
8.99           6              3827                4.598    
8.96           11             3819                5.630    
9.00           6              3834                4.735    
8.99           0              3824                2.944    
9.01           0              3829                2.053    
9.00           1              3826                2.720    
8.97           14             3827                5.443               60.243   
8.99           2              3826                5.506    
8.99           4              3827                3.868    
8.87           55             3825                15.688   
8.98           10             3828                5.198    
8.97           11             3826                2.877    
9.00           0              3826                1.347    
9.00           0              3827                1.508    
8.66           142            3826                31.016   
8.98           10             3827                5.627    
8.95           905/17219      (0.53%)             m        
9.020000  	8.993333  	9.003333  	8.930000  	8.930000  	8.863333  	8.993333  	8.983333  	8.810000  	8.983333  	9.000000  	8.986667  	8.946667  	8.990000  	8.863333  	
 sum=246.168000 count=45.000000  5.470400 