Bandwidth      Lost      Total Datagrams       avglatntence       maxlatntence
4.08           1725           3458                46.123              296.154  
4.74           1383           3397                31.878              93.806   
5.09           1240           3405                25.571   
8.03           8              3416                2.400    
8.00           0              3401                1.631    
7.96           0              3386                2.609    
8.03           1              3417                15.418   
8.00           0              3401                8.145    
7.94           0              3376                4.750    
8.06           16             3427                5.146    
8.00           0              3401                4.535    
8.00           0              3401                2.323    
7.95           5              3378                8.111    
8.06           0              3425                15.286   
8.00           0              3402                9.937    
8.00           1              3400                9.542    
7.48           140            3322                100.482  
8.18           3              3482                55.227   
8.00           8              3401                9.082    
8.00           0              3402                2.621    
8.00           0              3401                1.588    
8.00           17             3401                11.634   
7.97           1              3389                25.044   
7.98           0              3393                17.333   
7.88           73             3423                49.004   
7.97           11             3401                24.330   
7.99           0              3399                23.693   
7.92           36             3403                37.305   
8.00           0              3402                28.807   
7.96           6              3389                31.885   
8.02           7              3408                13.011   
7.99           2              3399                21.467   
7.99           0              3397                15.051   
7.94           40             3414                38.752   
7.97           1              3390                18.698   
8.03           0              3412                2.454    
8.00           1              3400                5.947    
7.99           0              3398                3.058    
8.01           0              3406                3.398    
7.95           21             3401                11.983   
8.00           0              3402                1.996    
8.00           0              3401                4.227    
8.00           9              3402                2.138    
8.00           0              3401                1.695    
8.00           0              3402                1.485    
7.92           28             3397                12.461   
8.01           0              3405                2.731    
8.00           0              3401                2.812    
8.00           5              3402                3.272    
8.00           0              3402                3.371    
7.79           4711/17347      (2.7%)              0.666               36.954   
4.636667  	7.996667  	7.990000  	8.020000  	8.003333  	7.886667  	8.000000  	7.983333  	7.946667  	7.960000  	8.000000  	7.980000  	8.000000  	7.983333  	8.000000  	7.976667  	7.930000  	
 sum=782.113000 count=51.000000  15.335549